  Determining projects to restore...
  Restored c:\Users\Peter\Documents\GitHub\kalshi-trading-bot\TradingSimulator\TradingSimulator.csproj (in 346 ms).
  Restored c:\Users\Peter\Documents\GitHub\kalshi-trading-bot\BacklashInterfaces\BacklashInterfaces.csproj (in 345 ms).
  Restored c:\Users\Peter\Documents\GitHub\kalshi-trading-bot\BacklashBotTests\BacklashBotTests.csproj (in 350 ms).
  Restored c:\Users\Peter\Documents\GitHub\kalshi-trading-bot\BacklashBotLogging\BacklashBotLogging.csproj (in 345 ms).
  Restored C:\Users\Peter\Documents\GitHub\kalshi-trading-bot\BacklashPatterns\BacklashPatterns.csproj (in 345 ms).
  Restored C:\Users\Peter\Documents\GitHub\kalshi-trading-bot\BacklashBotData\BacklashBotData.csproj (in 345 ms).
  Restored c:\Users\Peter\Documents\GitHub\kalshi-trading-bot\BacklashCommon\BacklashCommon.csproj (in 345 ms).
  Restored c:\Users\Peter\Documents\GitHub\kalshi-trading-bot\TradingStrategies\TradingStrategies.csproj (in 345 ms).
  Restored c:\Users\Peter\Documents\GitHub\kalshi-trading-bot\KalshiBotAPI\KalshiBotAPI.csproj (in 345 ms).
  Restored c:\Users\Peter\Documents\GitHub\kalshi-trading-bot\BacklashBot\BacklashBot.csproj (in 345 ms).
  Restored c:\Users\Peter\Documents\GitHub\kalshi-trading-bot\BacklashOverseer\BacklashOverseer.csproj (in 367 ms).
  Restored c:\Users\Peter\Documents\GitHub\kalshi-trading-bot\TradingGUI\TradingGUI.csproj (in 356 ms).
  1 of 13 projects are up-to-date for restore.
  BacklashDTOs -> c:\Users\Peter\Documents\GitHub\kalshi-trading-bot\BacklashDTOs\bin\Debug\net8.0\BacklashDTOs.dll
c:\Users\Peter\Documents\GitHub\kalshi-trading-bot\BacklashInterfaces\Enums\StrategyEnums.cs(10,21): warning CS1591: Missing XML comment for publicly visible type or member 'StrategyEnums.MarketType' [c:\Users\Peter\Documents\GitHub\kalshi-trading-bot\BacklashInterfaces\BacklashInterfaces.csproj]
c:\Users\Peter\Documents\GitHub\kalshi-trading-bot\BacklashInterfaces\Enums\StrategyEnums.cs(82,21): warning CS1591: Missing XML comment for publicly visible type or member 'StrategyEnums.ActionType' [c:\Users\Peter\Documents\GitHub\kalshi-trading-bot\BacklashInterfaces\BacklashInterfaces.csproj]
c:\Users\Peter\Documents\GitHub\kalshi-trading-bot\BacklashInterfaces\Enums\StrategyEnums.cs(118,21): warning CS1591: Missing XML comment for publicly visible type or member 'StrategyEnums.ComparisonOperator' [c:\Users\Peter\Documents\GitHub\kalshi-trading-bot\BacklashInterfaces\BacklashInterfaces.csproj]
c:\Users\Peter\Documents\GitHub\kalshi-trading-bot\BacklashInterfaces\Enums\StrategyEnums.cs(150,21): warning CS1591: Missing XML comment for publicly visible type or member 'StrategyEnums.Conditions_PriceMovement' [c:\Users\Peter\Documents\GitHub\kalshi-trading-bot\BacklashInterfaces\BacklashInterfaces.csproj]
c:\Users\Peter\Documents\GitHub\kalshi-trading-bot\BacklashInterfaces\Enums\StrategyEnums.cs(170,21): warning CS1591: Missing XML comment for publicly visible type or member 'StrategyEnums.Conditions_Liquidity' [c:\Users\Peter\Documents\GitHub\kalshi-trading-bot\BacklashInterfaces\BacklashInterfaces.csproj]
c:\Users\Peter\Documents\GitHub\kalshi-trading-bot\BacklashInterfaces\Enums\StrategyEnums.cs(186,21): warning CS1591: Missing XML comment for publicly visible type or member 'StrategyEnums.Conditions_ClosingTime' [c:\Users\Peter\Documents\GitHub\kalshi-trading-bot\BacklashInterfaces\BacklashInterfaces.csproj]
c:\Users\Peter\Documents\GitHub\kalshi-trading-bot\BacklashInterfaces\Enums\StrategyEnums.cs(202,21): warning CS1591: Missing XML comment for publicly visible type or member 'StrategyEnums.Conditions_ActivityLevel' [c:\Users\Peter\Documents\GitHub\kalshi-trading-bot\BacklashInterfaces\BacklashInterfaces.csproj]
c:\Users\Peter\Documents\GitHub\kalshi-trading-bot\BacklashInterfaces\Enums\StrategyEnums.cs(218,21): warning CS1591: Missing XML comment for publicly visible type or member 'StrategyEnums.Conditions_UncertaintySignal' [c:\Users\Peter\Documents\GitHub\kalshi-trading-bot\BacklashInterfaces\BacklashInterfaces.csproj]
c:\Users\Peter\Documents\GitHub\kalshi-trading-bot\BacklashInterfaces\Enums\StrategyEnums.cs(231,21): warning CS1591: Missing XML comment for publicly visible type or member 'StrategyEnums.Conditions_MarketCategory' [c:\Users\Peter\Documents\GitHub\kalshi-trading-bot\BacklashInterfaces\BacklashInterfaces.csproj]
c:\Users\Peter\Documents\GitHub\kalshi-trading-bot\BacklashInterfaces\SmokehouseBot\Services\IOverseerClientService.cs(3,22): warning CS1591: Missing XML comment for publicly visible type or member 'IOverseerClientService' [c:\Users\Peter\Documents\GitHub\kalshi-trading-bot\BacklashInterfaces\BacklashInterfaces.csproj]
c:\Users\Peter\Documents\GitHub\kalshi-trading-bot\BacklashInterfaces\SmokehouseBot\Services\IOverseerClientService.cs(5,14): warning CS1591: Missing XML comment for publicly visible type or member 'IOverseerClientService.StartAsync()' [c:\Users\Peter\Documents\GitHub\kalshi-trading-bot\BacklashInterfaces\BacklashInterfaces.csproj]
c:\Users\Peter\Documents\GitHub\kalshi-trading-bot\BacklashInterfaces\SmokehouseBot\Services\IOverseerClientService.cs(6,14): warning CS1591: Missing XML comment for publicly visible type or member 'IOverseerClientService.StopAsync()' [c:\Users\Peter\Documents\GitHub\kalshi-trading-bot\BacklashInterfaces\BacklashInterfaces.csproj]
c:\Users\Peter\Documents\GitHub\kalshi-trading-bot\BacklashInterfaces\KalshiBotData\Data\IBacklashBotContext.cs(7,22): warning CS1591: Missing XML comment for publicly visible type or member 'IBacklashBotContext' [c:\Users\Peter\Documents\GitHub\kalshi-trading-bot\BacklashInterfaces\BacklashInterfaces.csproj]
c:\Users\Peter\Documents\GitHub\kalshi-trading-bot\BacklashInterfaces\KalshiBotData\Data\IBacklashBotContext.cs(10,26): warning CS1591: Missing XML comment for publicly visible type or member 'IBacklashBotContext.GetSeriesByTicker(string)' [c:\Users\Peter\Documents\GitHub\kalshi-trading-bot\BacklashInterfaces\BacklashInterfaces.csproj]
c:\Users\Peter\Documents\GitHub\kalshi-trading-bot\BacklashInterfaces\KalshiBotData\Data\IBacklashBotContext.cs(11,14): warning CS1591: Missing XML comment for publicly visible type or member 'IBacklashBotContext.AddOrUpdateSeries(SeriesDTO)' [c:\Users\Peter\Documents\GitHub\kalshi-trading-bot\BacklashInterfaces\BacklashInterfaces.csproj]
c:\Users\Peter\Documents\GitHub\kalshi-trading-bot\BacklashInterfaces\KalshiBotData\Data\IBacklashBotContext.cs(15,25): warning CS1591: Missing XML comment for publicly visible type or member 'IBacklashBotContext.GetEventByTicker(string)' [c:\Users\Peter\Documents\GitHub\kalshi-trading-bot\BacklashInterfaces\BacklashInterfaces.csproj]
c:\Users\Peter\Documents\GitHub\kalshi-trading-bot\BacklashInterfaces\KalshiBotData\Data\IBacklashBotContext.cs(16,14): warning CS1591: Missing XML comment for publicly visible type or member 'IBacklashBotContext.AddOrUpdateEvent(EventDTO)' [c:\Users\Peter\Documents\GitHub\kalshi-trading-bot\BacklashInterfaces\BacklashInterfaces.csproj]
c:\Users\Peter\Documents\GitHub\kalshi-trading-bot\BacklashInterfaces\KalshiBotData\Data\IBacklashBotContext.cs(17,14): warning CS1591: Missing XML comment for publicly visible type or member 'IBacklashBotContext.AddOrUpdateEvents(List<EventDTO>)' [c:\Users\Peter\Documents\GitHub\kalshi-trading-bot\BacklashInterfaces\BacklashInterfaces.csproj]
c:\Users\Peter\Documents\GitHub\kalshi-trading-bot\BacklashInterfaces\KalshiBotData\Data\IBacklashBotContext.cs(21,26): warning CS1591: Missing XML comment for publicly visible type or member 'IBacklashBotContext.GetMarketByTicker(string)' [c:\Users\Peter\Documents\GitHub\kalshi-trading-bot\BacklashInterfaces\BacklashInterfaces.csproj]
c:\Users\Peter\Documents\GitHub\kalshi-trading-bot\BacklashInterfaces\KalshiBotData\Data\IBacklashBotContext.cs(22,31): warning CS1591: Missing XML comment for publicly visible type or member 'IBacklashBotContext.GetLatestCandlestick(string, int?)' [c:\Users\Peter\Documents\GitHub\kalshi-trading-bot\BacklashInterfaces\BacklashInterfaces.csproj]
c:\Users\Peter\Documents\GitHub\kalshi-trading-bot\BacklashInterfaces\KalshiBotData\Data\IBacklashBotContext.cs(23,31): warning CS1591: Missing XML comment for publicly visible type or member 'IBacklashBotContext.GetMarketWatchByTicker(string)' [c:\Users\Peter\Documents\GitHub\kalshi-trading-bot\BacklashInterfaces\BacklashInterfaces.csproj]
c:\Users\Peter\Documents\GitHub\kalshi-trading-bot\BacklashInterfaces\KalshiBotData\Data\IBacklashBotContext.cs(24,31): warning CS1591: Missing XML comment for publicly visible type or member 'IBacklashBotContext.GetMarketsFiltered(HashSet<string>?, HashSet<string>?, HashSet<string>?, HashSet<string>?, bool?, double?, DateTime?, DateTime?)' [c:\Users\Peter\Documents\GitHub\kalshi-trading-bot\BacklashInterfaces\BacklashInterfaces.csproj]
c:\Users\Peter\Documents\GitHub\kalshi-trading-bot\BacklashInterfaces\KalshiBotData\Data\IBacklashBotContext.cs(28,39): warning CS1591: Missing XML comment for publicly visible type or member 'IBacklashBotContext.GetMarketWatchesFiltered(HashSet<string>?, HashSet<Guid>?, HashSet<Guid>?, bool?, double?, double?, DateTime?)' [c:\Users\Peter\Documents\GitHub\kalshi-trading-bot\BacklashInterfaces\BacklashInterfaces.csproj]
c:\Users\Peter\Documents\GitHub\kalshi-trading-bot\BacklashInterfaces\KalshiBotData\Data\IBacklashBotContext.cs(31,38): warning CS1591: Missing XML comment for publicly visible type or member 'IBacklashBotContext.GetSnapshotGroupsFiltered(List<string>?, int?)' [c:\Users\Peter\Documents\GitHub\kalshi-trading-bot\BacklashInterfaces\BacklashInterfaces.csproj]
c:\Users\Peter\Documents\GitHub\kalshi-trading-bot\BacklashInterfaces\KalshiBotData\Data\IBacklashBotContext.cs(32,33): warning CS1591: Missing XML comment for publicly visible type or member 'IBacklashBotContext.GetSnapshotsFiltered(string?, bool?, DateTime?, DateTime?, int?, int?)' [c:\Users\Peter\Documents\GitHub\kalshi-trading-bot\BacklashInterfaces\BacklashInterfaces.csproj]
c:\Users\Peter\Documents\GitHub\kalshi-trading-bot\BacklashInterfaces\KalshiBotData\Data\IBacklashBotContext.cs(34,36): warning CS1591: Missing XML comment for publicly visible type or member 'IBacklashBotContext.GetFinalizedMarketWatchesByBrainLock(Guid)' [c:\Users\Peter\Documents\GitHub\kalshi-trading-bot\BacklashInterfaces\BacklashInterfaces.csproj]
c:\Users\Peter\Documents\GitHub\kalshi-trading-bot\BacklashInterfaces\KalshiBotData\Data\IBacklashBotContext.cs(35,31): warning CS1591: Missing XML comment for publicly visible type or member 'IBacklashBotContext.GetMarketTickersWithSnapshots()' [c:\Users\Peter\Documents\GitHub\kalshi-trading-bot\BacklashInterfaces\BacklashInterfaces.csproj]
c:\Users\Peter\Documents\GitHub\kalshi-trading-bot\BacklashInterfaces\KalshiBotData\Data\IBacklashBotContext.cs(36,31): warning CS1591: Missing XML comment for publicly visible type or member 'IBacklashBotContext.GetMarketsWithSnapshots()' [c:\Users\Peter\Documents\GitHub\kalshi-trading-bot\BacklashInterfaces\BacklashInterfaces.csproj]
c:\Users\Peter\Documents\GitHub\kalshi-trading-bot\BacklashInterfaces\KalshiBotData\Data\IBacklashBotContext.cs(37,31): warning CS1591: Missing XML comment for publicly visible type or member 'IBacklashBotContext.GetInactiveMarketsWithNoSnapshots()' [c:\Users\Peter\Documents\GitHub\kalshi-trading-bot\BacklashInterfaces\BacklashInterfaces.csproj]
c:\Users\Peter\Documents\GitHub\kalshi-trading-bot\BacklashInterfaces\KalshiBotData\Data\IBacklashBotContext.cs(38,31): warning CS1591: Missing XML comment for publicly visible type or member 'IBacklashBotContext.GetInactiveMarketTickersWithoutSnapshots()' [c:\Users\Peter\Documents\GitHub\kalshi-trading-bot\BacklashInterfaces\BacklashInterfaces.csproj]
c:\Users\Peter\Documents\GitHub\kalshi-trading-bot\BacklashInterfaces\KalshiBotData\Data\IBacklashBotContext.cs(39,31): warning CS1591: Missing XML comment for publicly visible type or member 'IBacklashBotContext.GetProcessedMarkets()' [c:\Users\Peter\Documents\GitHub\kalshi-trading-bot\BacklashInterfaces\BacklashInterfaces.csproj]
c:\Users\Peter\Documents\GitHub\kalshi-trading-bot\BacklashInterfaces\KalshiBotData\Data\IBacklashBotContext.cs(40,14): warning CS1591: Missing XML comment for publicly visible type or member 'IBacklashBotContext.AddOrUpdateMarket(MarketDTO)' [c:\Users\Peter\Documents\GitHub\kalshi-trading-bot\BacklashInterfaces\BacklashInterfaces.csproj]
c:\Users\Peter\Documents\GitHub\kalshi-trading-bot\BacklashInterfaces\KalshiBotData\Data\IBacklashBotContext.cs(41,14): warning CS1591: Missing XML comment for publicly visible type or member 'IBacklashBotContext.DeleteMarket(string)' [c:\Users\Peter\Documents\GitHub\kalshi-trading-bot\BacklashInterfaces\BacklashInterfaces.csproj]
c:\Users\Peter\Documents\GitHub\kalshi-trading-bot\BacklashInterfaces\KalshiBotData\Data\IBacklashBotContext.cs(42,14): warning CS1591: Missing XML comment for publicly visible type or member 'IBacklashBotContext.AddOrUpdateMarkets(List<MarketDTO>)' [c:\Users\Peter\Documents\GitHub\kalshi-trading-bot\BacklashInterfaces\BacklashInterfaces.csproj]
c:\Users\Peter\Documents\GitHub\kalshi-trading-bot\BacklashInterfaces\KalshiBotData\Data\IBacklashBotContext.cs(43,31): warning CS1591: Missing XML comment for publicly visible type or member 'IBacklashBotContext.GetMarkets(HashSet<string>?, HashSet<string>?, HashSet<string>?, HashSet<string>?, bool?, double?, DateTime?, DateTime?)' [c:\Users\Peter\Documents\GitHub\kalshi-trading-bot\BacklashInterfaces\BacklashInterfaces.csproj]
c:\Users\Peter\Documents\GitHub\kalshi-trading-bot\BacklashInterfaces\KalshiBotData\Data\IBacklashBotContext.cs(46,14): warning CS1591: Missing XML comment for publicly visible type or member 'IBacklashBotContext.UpdateMarketLastCandlestick(string)' [c:\Users\Peter\Documents\GitHub\kalshi-trading-bot\BacklashInterfaces\BacklashInterfaces.csproj]
c:\Users\Peter\Documents\GitHub\kalshi-trading-bot\BacklashInterfaces\KalshiBotData\Data\IBacklashBotContext.cs(47,69): warning CS1591: Missing XML comment for publicly visible type or member 'IBacklashBotContext.GetMarketStatus(string)' [c:\Users\Peter\Documents\GitHub\kalshi-trading-bot\BacklashInterfaces\BacklashInterfaces.csproj]
c:\Users\Peter\Documents\GitHub\kalshi-trading-bot\BacklashInterfaces\KalshiBotData\Data\IBacklashBotContext.cs(51,31): warning CS1591: Missing XML comment for publicly visible type or member 'IBacklashBotContext.GetTickers(string?, DateTime?)' [c:\Users\Peter\Documents\GitHub\kalshi-trading-bot\BacklashInterfaces\BacklashInterfaces.csproj]
c:\Users\Peter\Documents\GitHub\kalshi-trading-bot\BacklashInterfaces\KalshiBotData\Data\IBacklashBotContext.cs(52,14): warning CS1591: Missing XML comment for publicly visible type or member 'IBacklashBotContext.AddOrUpdateTickers(List<TickerDTO>)' [c:\Users\Peter\Documents\GitHub\kalshi-trading-bot\BacklashInterfaces\BacklashInterfaces.csproj]
c:\Users\Peter\Documents\GitHub\kalshi-trading-bot\BacklashInterfaces\KalshiBotData\Data\IBacklashBotContext.cs(53,14): warning CS1591: Missing XML comment for publicly visible type or member 'IBacklashBotContext.AddOrUpdateTicker(TickerDTO)' [c:\Users\Peter\Documents\GitHub\kalshi-trading-bot\BacklashInterfaces\BacklashInterfaces.csproj]
c:\Users\Peter\Documents\GitHub\kalshi-trading-bot\BacklashInterfaces\KalshiBotData\Data\IBacklashBotContext.cs(57,36): warning CS1591: Missing XML comment for publicly visible type or member 'IBacklashBotContext.GetCandlesticks(string, int?)' [c:\Users\Peter\Documents\GitHub\kalshi-trading-bot\BacklashInterfaces\BacklashInterfaces.csproj]
c:\Users\Peter\Documents\GitHub\kalshi-trading-bot\BacklashInterfaces\KalshiBotData\Data\IBacklashBotContext.cs(58,31): warning CS1591: Missing XML comment for publicly visible type or member 'IBacklashBotContext.GetLastCandlestick(string, int?)' [c:\Users\Peter\Documents\GitHub\kalshi-trading-bot\BacklashInterfaces\BacklashInterfaces.csproj]
c:\Users\Peter\Documents\GitHub\kalshi-trading-bot\BacklashInterfaces\KalshiBotData\Data\IBacklashBotContext.cs(59,14): warning CS1591: Missing XML comment for publicly visible type or member 'IBacklashBotContext.AddOrUpdateCandlestick(CandlestickDTO)' [c:\Users\Peter\Documents\GitHub\kalshi-trading-bot\BacklashInterfaces\BacklashInterfaces.csproj]
c:\Users\Peter\Documents\GitHub\kalshi-trading-bot\BacklashInterfaces\KalshiBotData\Data\IBacklashBotContext.cs(60,37): warning CS1591: Missing XML comment for publicly visible type or member 'IBacklashBotContext.RetrieveCandlesticksAsync(CancellationToken, int, string, DateTime)' [c:\Users\Peter\Documents\GitHub\kalshi-trading-bot\BacklashInterfaces\BacklashInterfaces.csproj]
c:\Users\Peter\Documents\GitHub\kalshi-trading-bot\BacklashInterfaces\KalshiBotData\Data\IBacklashBotContext.cs(61,14): warning CS1591: Missing XML comment for publicly visible type or member 'IBacklashBotContext.ImportJsonCandlesticks()' [c:\Users\Peter\Documents\GitHub\kalshi-trading-bot\BacklashInterfaces\BacklashInterfaces.csproj]
c:\Users\Peter\Documents\GitHub\kalshi-trading-bot\BacklashInterfaces\KalshiBotData\Data\IBacklashBotContext.cs(65,31): warning CS1591: Missing XML comment for publicly visible type or member 'IBacklashBotContext.GetMarketWatch(string)' [c:\Users\Peter\Documents\GitHub\kalshi-trading-bot\BacklashInterfaces\BacklashInterfaces.csproj]
c:\Users\Peter\Documents\GitHub\kalshi-trading-bot\BacklashInterfaces\KalshiBotData\Data\IBacklashBotContext.cs(66,39): warning CS1591: Missing XML comment for publicly visible type or member 'IBacklashBotContext.GetMarketWatches(HashSet<string>?, HashSet<Guid>?, HashSet<Guid>?, bool?, double?, double?, DateTime?)' [c:\Users\Peter\Documents\GitHub\kalshi-trading-bot\BacklashInterfaces\BacklashInterfaces.csproj]
c:\Users\Peter\Documents\GitHub\kalshi-trading-bot\BacklashInterfaces\KalshiBotData\Data\IBacklashBotContext.cs(69,36): warning CS1591: Missing XML comment for publicly visible type or member 'IBacklashBotContext.GetFinalizedMarketWatches(Guid)' [c:\Users\Peter\Documents\GitHub\kalshi-trading-bot\BacklashInterfaces\BacklashInterfaces.csproj]
c:\Users\Peter\Documents\GitHub\kalshi-trading-bot\BacklashInterfaces\KalshiBotData\Data\IBacklashBotContext.cs(70,14): warning CS1591: Missing XML comment for publicly visible type or member 'IBacklashBotContext.AddOrUpdateMarketWatch(MarketWatchDTO)' [c:\Users\Peter\Documents\GitHub\kalshi-trading-bot\BacklashInterfaces\BacklashInterfaces.csproj]
c:\Users\Peter\Documents\GitHub\kalshi-trading-bot\BacklashInterfaces\KalshiBotData\Data\IBacklashBotContext.cs(71,14): warning CS1591: Missing XML comment for publicly visible type or member 'IBacklashBotContext.AddOrUpdateMarketWatches(List<MarketWatchDTO>)' [c:\Users\Peter\Documents\GitHub\kalshi-trading-bot\BacklashInterfaces\BacklashInterfaces.csproj]
c:\Users\Peter\Documents\GitHub\kalshi-trading-bot\BacklashInterfaces\KalshiBotData\Data\IBacklashBotContext.cs(72,14): warning CS1591: Missing XML comment for publicly visible type or member 'IBacklashBotContext.RemoveMarketWatches(List<MarketWatchDTO>)' [c:\Users\Peter\Documents\GitHub\kalshi-trading-bot\BacklashInterfaces\BacklashInterfaces.csproj]
c:\Users\Peter\Documents\GitHub\kalshi-trading-bot\BacklashInterfaces\KalshiBotData\Data\IBacklashBotContext.cs(73,14): warning CS1591: Missing XML comment for publicly visible type or member 'IBacklashBotContext.RemoveOrphanedBrainLocks()' [c:\Users\Peter\Documents\GitHub\kalshi-trading-bot\BacklashInterfaces\BacklashInterfaces.csproj]
c:\Users\Peter\Documents\GitHub\kalshi-trading-bot\BacklashInterfaces\KalshiBotData\Data\IBacklashBotContext.cs(74,14): warning CS1591: Missing XML comment for publicly visible type or member 'IBacklashBotContext.RemoveClosedWatches()' [c:\Users\Peter\Documents\GitHub\kalshi-trading-bot\BacklashInterfaces\BacklashInterfaces.csproj]
c:\Users\Peter\Documents\GitHub\kalshi-trading-bot\BacklashInterfaces\KalshiBotData\Data\IBacklashBotContext.cs(78,34): warning CS1591: Missing XML comment for publicly visible type or member 'IBacklashBotContext.GetMarketPosition(string)' [c:\Users\Peter\Documents\GitHub\kalshi-trading-bot\BacklashInterfaces\BacklashInterfaces.csproj]
c:\Users\Peter\Documents\GitHub\kalshi-trading-bot\BacklashInterfaces\KalshiBotData\Data\IBacklashBotContext.cs(79,39): warning CS1591: Missing XML comment for publicly visible type or member 'IBacklashBotContext.GetMarketPositions(HashSet<string>?, bool?, bool?)' [c:\Users\Peter\Documents\GitHub\kalshi-trading-bot\BacklashInterfaces\BacklashInterfaces.csproj]
c:\Users\Peter\Documents\GitHub\kalshi-trading-bot\BacklashInterfaces\KalshiBotData\Data\IBacklashBotContext.cs(81,14): warning CS1591: Missing XML comment for publicly visible type or member 'IBacklashBotContext.AddOrUpdateMarketPosition(MarketPositionDTO)' [c:\Users\Peter\Documents\GitHub\kalshi-trading-bot\BacklashInterfaces\BacklashInterfaces.csproj]
c:\Users\Peter\Documents\GitHub\kalshi-trading-bot\BacklashInterfaces\KalshiBotData\Data\IBacklashBotContext.cs(82,14): warning CS1591: Missing XML comment for publicly visible type or member 'IBacklashBotContext.RemoveMarketPosition(string)' [c:\Users\Peter\Documents\GitHub\kalshi-trading-bot\BacklashInterfaces\BacklashInterfaces.csproj]
c:\Users\Peter\Documents\GitHub\kalshi-trading-bot\BacklashInterfaces\KalshiBotData\Data\IBacklashBotContext.cs(86,30): warning CS1591: Missing XML comment for publicly visible type or member 'IBacklashBotContext.GetOrders(string?, string?)' [c:\Users\Peter\Documents\GitHub\kalshi-trading-bot\BacklashInterfaces\BacklashInterfaces.csproj]
c:\Users\Peter\Documents\GitHub\kalshi-trading-bot\BacklashInterfaces\KalshiBotData\Data\IBacklashBotContext.cs(87,14): warning CS1591: Missing XML comment for publicly visible type or member 'IBacklashBotContext.AddOrUpdateOrder(OrderDTO)' [c:\Users\Peter\Documents\GitHub\kalshi-trading-bot\BacklashInterfaces\BacklashInterfaces.csproj]
c:\Users\Peter\Documents\GitHub\kalshi-trading-bot\BacklashInterfaces\KalshiBotData\Data\IBacklashBotContext.cs(91,33): warning CS1591: Missing XML comment for publicly visible type or member 'IBacklashBotContext.GetSnapshots(string?, bool?, DateTime?, DateTime?, int?, int?)' [c:\Users\Peter\Documents\GitHub\kalshi-trading-bot\BacklashInterfaces\BacklashInterfaces.csproj]
c:\Users\Peter\Documents\GitHub\kalshi-trading-bot\BacklashInterfaces\KalshiBotData\Data\IBacklashBotContext.cs(93,14): warning CS1591: Missing XML comment for publicly visible type or member 'IBacklashBotContext.AddOrUpdateSnapshot(SnapshotDTO)' [c:\Users\Peter\Documents\GitHub\kalshi-trading-bot\BacklashInterfaces\BacklashInterfaces.csproj]
c:\Users\Peter\Documents\GitHub\kalshi-trading-bot\BacklashInterfaces\KalshiBotData\Data\IBacklashBotContext.cs(94,14): warning CS1591: Missing XML comment for publicly visible type or member 'IBacklashBotContext.AddOrUpdateSnapshots(List<SnapshotDTO>)' [c:\Users\Peter\Documents\GitHub\kalshi-trading-bot\BacklashInterfaces\BacklashInterfaces.csproj]
c:\Users\Peter\Documents\GitHub\kalshi-trading-bot\BacklashInterfaces\KalshiBotData\Data\IBacklashBotContext.cs(95,14): warning CS1591: Missing XML comment for publicly visible type or member 'IBacklashBotContext.AddSnapshots(List<SnapshotDTO>)' [c:\Users\Peter\Documents\GitHub\kalshi-trading-bot\BacklashInterfaces\BacklashInterfaces.csproj]
c:\Users\Peter\Documents\GitHub\kalshi-trading-bot\BacklashInterfaces\KalshiBotData\Data\IBacklashBotContext.cs(96,20): warning CS1591: Missing XML comment for publicly visible type or member 'IBacklashBotContext.GetSnapshotCount(string)' [c:\Users\Peter\Documents\GitHub\kalshi-trading-bot\BacklashInterfaces\BacklashInterfaces.csproj]
c:\Users\Peter\Documents\GitHub\kalshi-trading-bot\BacklashInterfaces\KalshiBotData\Data\IBacklashBotContext.cs(100,34): warning CS1591: Missing XML comment for publicly visible type or member 'IBacklashBotContext.GetSnapshotSchema(int)' [c:\Users\Peter\Documents\GitHub\kalshi-trading-bot\BacklashInterfaces\BacklashInterfaces.csproj]
c:\Users\Peter\Documents\GitHub\kalshi-trading-bot\BacklashInterfaces\KalshiBotData\Data\IBacklashBotContext.cs(101,39): warning CS1591: Missing XML comment for publicly visible type or member 'IBacklashBotContext.GetSnapshotSchemas()' [c:\Users\Peter\Documents\GitHub\kalshi-trading-bot\BacklashInterfaces\BacklashInterfaces.csproj]
c:\Users\Peter\Documents\GitHub\kalshi-trading-bot\BacklashInterfaces\KalshiBotData\Data\IBacklashBotContext.cs(102,33): warning CS1591: Missing XML comment for publicly visible type or member 'IBacklashBotContext.AddSnapshotSchema(SnapshotSchemaDTO)' [c:\Users\Peter\Documents\GitHub\kalshi-trading-bot\BacklashInterfaces\BacklashInterfaces.csproj]
c:\Users\Peter\Documents\GitHub\kalshi-trading-bot\BacklashInterfaces\KalshiBotData\Data\IBacklashBotContext.cs(106,33): warning CS1591: Missing XML comment for publicly visible type or member 'IBacklashBotContext.GetBrainInstanceByName(string?)' [c:\Users\Peter\Documents\GitHub\kalshi-trading-bot\BacklashInterfaces\BacklashInterfaces.csproj]
c:\Users\Peter\Documents\GitHub\kalshi-trading-bot\BacklashInterfaces\KalshiBotData\Data\IBacklashBotContext.cs(107,33): warning CS1591: Missing XML comment for publicly visible type or member 'IBacklashBotContext.GetBrainInstance(string?)' [c:\Users\Peter\Documents\GitHub\kalshi-trading-bot\BacklashInterfaces\BacklashInterfaces.csproj]
c:\Users\Peter\Documents\GitHub\kalshi-trading-bot\BacklashInterfaces\KalshiBotData\Data\IBacklashBotContext.cs(108,38): warning CS1591: Missing XML comment for publicly visible type or member 'IBacklashBotContext.GetBrainInstancesFiltered(string?, bool?)' [c:\Users\Peter\Documents\GitHub\kalshi-trading-bot\BacklashInterfaces\BacklashInterfaces.csproj]
c:\Users\Peter\Documents\GitHub\kalshi-trading-bot\BacklashInterfaces\KalshiBotData\Data\IBacklashBotContext.cs(109,38): warning CS1591: Missing XML comment for publicly visible type or member 'IBacklashBotContext.GetStaleBrains(Guid)' [c:\Users\Peter\Documents\GitHub\kalshi-trading-bot\BacklashInterfaces\BacklashInterfaces.csproj]
c:\Users\Peter\Documents\GitHub\kalshi-trading-bot\BacklashInterfaces\KalshiBotData\Data\IBacklashBotContext.cs(110,14): warning CS1591: Missing XML comment for publicly visible type or member 'IBacklashBotContext.AddOrUpdateBrainInstance(BrainInstanceDTO)' [c:\Users\Peter\Documents\GitHub\kalshi-trading-bot\BacklashInterfaces\BacklashInterfaces.csproj]
c:\Users\Peter\Documents\GitHub\kalshi-trading-bot\BacklashInterfaces\KalshiBotData\Data\IBacklashBotContext.cs(111,14): warning CS1591: Missing XML comment for publicly visible type or member 'IBacklashBotContext.SaveBrainPersistence(string, string)' [c:\Users\Peter\Documents\GitHub\kalshi-trading-bot\BacklashInterfaces\BacklashInterfaces.csproj]
c:\Users\Peter\Documents\GitHub\kalshi-trading-bot\BacklashInterfaces\KalshiBotData\Data\IBacklashBotContext.cs(112,23): warning CS1591: Missing XML comment for publicly visible type or member 'IBacklashBotContext.LoadBrainPersistence(string)' [c:\Users\Peter\Documents\GitHub\kalshi-trading-bot\BacklashInterfaces\BacklashInterfaces.csproj]
c:\Users\Peter\Documents\GitHub\kalshi-trading-bot\BacklashInterfaces\KalshiBotData\Data\IBacklashBotContext.cs(113,14): warning CS1591: Missing XML comment for publicly visible type or member 'IBacklashBotContext.DeleteBrainPersistence(string)' [c:\Users\Peter\Documents\GitHub\kalshi-trading-bot\BacklashInterfaces\BacklashInterfaces.csproj]
c:\Users\Peter\Documents\GitHub\kalshi-trading-bot\BacklashInterfaces\KalshiBotData\Data\IBacklashBotContext.cs(114,28): warning CS1591: Missing XML comment for publicly visible type or member 'IBacklashBotContext.GetAllBrainPersistenceNames()' [c:\Users\Peter\Documents\GitHub\kalshi-trading-bot\BacklashInterfaces\BacklashInterfaces.csproj]
c:\Users\Peter\Documents\GitHub\kalshi-trading-bot\BacklashInterfaces\KalshiBotData\Data\IBacklashBotContext.cs(118,38): warning CS1591: Missing XML comment for publicly visible type or member 'IBacklashBotContext.GetSnapshotGroups(List<string>?, int?)' [c:\Users\Peter\Documents\GitHub\kalshi-trading-bot\BacklashInterfaces\BacklashInterfaces.csproj]
c:\Users\Peter\Documents\GitHub\kalshi-trading-bot\BacklashInterfaces\KalshiBotData\Data\IBacklashBotContext.cs(119,31): warning CS1591: Missing XML comment for publicly visible type or member 'IBacklashBotContext.GetSnapshotGroupNames()' [c:\Users\Peter\Documents\GitHub\kalshi-trading-bot\BacklashInterfaces\BacklashInterfaces.csproj]
c:\Users\Peter\Documents\GitHub\kalshi-trading-bot\BacklashInterfaces\KalshiBotData\Data\IBacklashBotContext.cs(120,33): warning CS1591: Missing XML comment for publicly visible type or member 'IBacklashBotContext.GetUngroupedSnapshots(int)' [c:\Users\Peter\Documents\GitHub\kalshi-trading-bot\BacklashInterfaces\BacklashInterfaces.csproj]
c:\Users\Peter\Documents\GitHub\kalshi-trading-bot\BacklashInterfaces\KalshiBotData\Data\IBacklashBotContext.cs(121,14): warning CS1591: Missing XML comment for publicly visible type or member 'IBacklashBotContext.AddOrUpdateSnapshotGroups(List<SnapshotGroupDTO>)' [c:\Users\Peter\Documents\GitHub\kalshi-trading-bot\BacklashInterfaces\BacklashInterfaces.csproj]
c:\Users\Peter\Documents\GitHub\kalshi-trading-bot\BacklashInterfaces\KalshiBotData\Data\IBacklashBotContext.cs(122,14): warning CS1591: Missing XML comment for publicly visible type or member 'IBacklashBotContext.AddOrUpdateSnapshotGroup(SnapshotGroupDTO)' [c:\Users\Peter\Documents\GitHub\kalshi-trading-bot\BacklashInterfaces\BacklashInterfaces.csproj]
c:\Users\Peter\Documents\GitHub\kalshi-trading-bot\BacklashInterfaces\KalshiBotData\Data\IBacklashBotContext.cs(126,14): warning CS1591: Missing XML comment for publicly visible type or member 'IBacklashBotContext.AddLogEntry(LogEntryDTO)' [c:\Users\Peter\Documents\GitHub\kalshi-trading-bot\BacklashInterfaces\BacklashInterfaces.csproj]
c:\Users\Peter\Documents\GitHub\kalshi-trading-bot\BacklashInterfaces\KalshiBotData\Data\IBacklashBotContext.cs(127,14): warning CS1591: Missing XML comment for publicly visible type or member 'IBacklashBotContext.AddOverseerLogEntry(LogEntryDTO)' [c:\Users\Peter\Documents\GitHub\kalshi-trading-bot\BacklashInterfaces\BacklashInterfaces.csproj]
c:\Users\Peter\Documents\GitHub\kalshi-trading-bot\BacklashInterfaces\KalshiBotData\Data\IBacklashBotContext.cs(128,33): warning CS1591: Missing XML comment for publicly visible type or member 'IBacklashBotContext.GetLogEntries(string?, string?, DateTime?, DateTime?, int?)' [c:\Users\Peter\Documents\GitHub\kalshi-trading-bot\BacklashInterfaces\BacklashInterfaces.csproj]
c:\Users\Peter\Documents\GitHub\kalshi-trading-bot\BacklashInterfaces\KalshiBotData\Data\IBacklashBotContext.cs(130,33): warning CS1591: Missing XML comment for publicly visible type or member 'IBacklashBotContext.GetLogEntriesFiltered(string?, string?, DateTime?, DateTime?, int?)' [c:\Users\Peter\Documents\GitHub\kalshi-trading-bot\BacklashInterfaces\BacklashInterfaces.csproj]
c:\Users\Peter\Documents\GitHub\kalshi-trading-bot\BacklashInterfaces\KalshiBotData\Data\IBacklashBotContext.cs(135,29): warning CS1591: Missing XML comment for publicly visible type or member 'IBacklashBotContext.GetWeightSetByStrategyName(string)' [c:\Users\Peter\Documents\GitHub\kalshi-trading-bot\BacklashInterfaces\BacklashInterfaces.csproj]
c:\Users\Peter\Documents\GitHub\kalshi-trading-bot\BacklashInterfaces\KalshiBotData\Data\IBacklashBotContext.cs(136,34): warning CS1591: Missing XML comment for publicly visible type or member 'IBacklashBotContext.GetWeightSets(HashSet<string>?)' [c:\Users\Peter\Documents\GitHub\kalshi-trading-bot\BacklashInterfaces\BacklashInterfaces.csproj]
c:\Users\Peter\Documents\GitHub\kalshi-trading-bot\BacklashInterfaces\KalshiBotData\Data\IBacklashBotContext.cs(137,34): warning CS1591: Missing XML comment for publicly visible type or member 'IBacklashBotContext.GetWeightSetsByMarketTicker(string)' [c:\Users\Peter\Documents\GitHub\kalshi-trading-bot\BacklashInterfaces\BacklashInterfaces.csproj]
c:\Users\Peter\Documents\GitHub\kalshi-trading-bot\BacklashInterfaces\KalshiBotData\Data\IBacklashBotContext.cs(138,14): warning CS1591: Missing XML comment for publicly visible type or member 'IBacklashBotContext.AddOrUpdateWeightSet(WeightSetDTO)' [c:\Users\Peter\Documents\GitHub\kalshi-trading-bot\BacklashInterfaces\BacklashInterfaces.csproj]
c:\Users\Peter\Documents\GitHub\kalshi-trading-bot\BacklashInterfaces\KalshiBotData\Data\IBacklashBotContext.cs(139,14): warning CS1591: Missing XML comment for publicly visible type or member 'IBacklashBotContext.AddOrUpdateWeightSets(List<WeightSetDTO>)' [c:\Users\Peter\Documents\GitHub\kalshi-trading-bot\BacklashInterfaces\BacklashInterfaces.csproj]
c:\Users\Peter\Documents\GitHub\kalshi-trading-bot\BacklashInterfaces\KalshiBotData\Data\IBacklashBotContext.cs(140,14): warning CS1591: Missing XML comment for publicly visible type or member 'IBacklashBotContext.DeleteWeightSet(string)' [c:\Users\Peter\Documents\GitHub\kalshi-trading-bot\BacklashInterfaces\BacklashInterfaces.csproj]
c:\Users\Peter\Documents\GitHub\kalshi-trading-bot\BacklashInterfaces\KalshiBotData\Data\IBacklashBotContext.cs(144,14): warning CS1591: Missing XML comment for publicly visible type or member 'IBacklashBotContext.AddAnnouncements(List<AnnouncementDTO>)' [c:\Users\Peter\Documents\GitHub\kalshi-trading-bot\BacklashInterfaces\BacklashInterfaces.csproj]
c:\Users\Peter\Documents\GitHub\kalshi-trading-bot\BacklashInterfaces\KalshiBotData\Data\IBacklashBotContext.cs(148,14): warning CS1591: Missing XML comment for publicly visible type or member 'IBacklashBotContext.AddExchangeSchedule(ExchangeScheduleDTO)' [c:\Users\Peter\Documents\GitHub\kalshi-trading-bot\BacklashInterfaces\BacklashInterfaces.csproj]
c:\Users\Peter\Documents\GitHub\kalshi-trading-bot\BacklashInterfaces\KalshiBotData\Data\IBacklashBotContext.cs(152,45): warning CS1591: Missing XML comment for publicly visible type or member 'IBacklashBotContext.GetMarketLiquidityStates()' [c:\Users\Peter\Documents\GitHub\kalshi-trading-bot\BacklashInterfaces\BacklashInterfaces.csproj]
c:\Users\Peter\Documents\GitHub\kalshi-trading-bot\BacklashInterfaces\KalshiBotData\Data\IBacklashBotContext.cs(156,35): warning CS1591: Missing XML comment for publicly visible type or member 'IBacklashBotContext.GetSignalRClients(string?, string?, bool?)' [c:\Users\Peter\Documents\GitHub\kalshi-trading-bot\BacklashInterfaces\BacklashInterfaces.csproj]
c:\Users\Peter\Documents\GitHub\kalshi-trading-bot\BacklashInterfaces\KalshiBotData\Data\IBacklashBotContext.cs(157,30): warning CS1591: Missing XML comment for publicly visible type or member 'IBacklashBotContext.GetSignalRClientById(string)' [c:\Users\Peter\Documents\GitHub\kalshi-trading-bot\BacklashInterfaces\BacklashInterfaces.csproj]
c:\Users\Peter\Documents\GitHub\kalshi-trading-bot\BacklashInterfaces\KalshiBotData\Data\IBacklashBotContext.cs(158,30): warning CS1591: Missing XML comment for publicly visible type or member 'IBacklashBotContext.GetSignalRClient(string)' [c:\Users\Peter\Documents\GitHub\kalshi-trading-bot\BacklashInterfaces\BacklashInterfaces.csproj]
c:\Users\Peter\Documents\GitHub\kalshi-trading-bot\BacklashInterfaces\KalshiBotData\Data\IBacklashBotContext.cs(159,14): warning CS1591: Missing XML comment for publicly visible type or member 'IBacklashBotContext.AddOrUpdateSignalRClient(SignalRClient)' [c:\Users\Peter\Documents\GitHub\kalshi-trading-bot\BacklashInterfaces\BacklashInterfaces.csproj]
c:\Users\Peter\Documents\GitHub\kalshi-trading-bot\BacklashInterfaces\KalshiBotData\Data\IBacklashBotContext.cs(160,14): warning CS1591: Missing XML comment for publicly visible type or member 'IBacklashBotContext.UpdateSignalRClientConnection(string, string)' [c:\Users\Peter\Documents\GitHub\kalshi-trading-bot\BacklashInterfaces\BacklashInterfaces.csproj]
c:\Users\Peter\Documents\GitHub\kalshi-trading-bot\BacklashInterfaces\KalshiBotData\Data\IBacklashBotContext.cs(161,14): warning CS1591: Missing XML comment for publicly visible type or member 'IBacklashBotContext.UpdateSignalRClientLastSeen(string)' [c:\Users\Peter\Documents\GitHub\kalshi-trading-bot\BacklashInterfaces\BacklashInterfaces.csproj]
c:\Users\Peter\Documents\GitHub\kalshi-trading-bot\BacklashInterfaces\KalshiBotData\Data\IBacklashBotContext.cs(162,14): warning CS1591: Missing XML comment for publicly visible type or member 'IBacklashBotContext.DeactivateSignalRClient(string)' [c:\Users\Peter\Documents\GitHub\kalshi-trading-bot\BacklashInterfaces\BacklashInterfaces.csproj]
c:\Users\Peter\Documents\GitHub\kalshi-trading-bot\BacklashInterfaces\KalshiBotData\Data\IBacklashBotContext.cs(166,14): warning CS1591: Missing XML comment for publicly visible type or member 'IBacklashBotContext.AddOrUpdateOverseerInfo(OverseerInfo)' [c:\Users\Peter\Documents\GitHub\kalshi-trading-bot\BacklashInterfaces\BacklashInterfaces.csproj]
c:\Users\Peter\Documents\GitHub\kalshi-trading-bot\BacklashInterfaces\KalshiBotData\Data\IBacklashBotContext.cs(167,52): warning CS1591: Missing XML comment for publicly visible type or member 'IBacklashBotContext.GetActiveOverseerInfos()' [c:\Users\Peter\Documents\GitHub\kalshi-trading-bot\BacklashInterfaces\BacklashInterfaces.csproj]
c:\Users\Peter\Documents\GitHub\kalshi-trading-bot\BacklashInterfaces\KalshiBotData\Data\IBacklashBotContext.cs(168,47): warning CS1591: Missing XML comment for publicly visible type or member 'IBacklashBotContext.GetOverseerInfoByHostName(string)' [c:\Users\Peter\Documents\GitHub\kalshi-trading-bot\BacklashInterfaces\BacklashInterfaces.csproj]
c:\Users\Peter\Documents\GitHub\kalshi-trading-bot\BacklashInterfaces\KalshiBotData\Data\IBacklashBotContext.cs(172,117): warning CS1591: Missing XML comment for publicly visible type or member 'IBacklashBotContext.GetPerformanceMetrics()' [c:\Users\Peter\Documents\GitHub\kalshi-trading-bot\BacklashInterfaces\BacklashInterfaces.csproj]
c:\Users\Peter\Documents\GitHub\kalshi-trading-bot\BacklashInterfaces\KalshiBotData\Data\IBacklashBotContext.cs(173,14): warning CS1591: Missing XML comment for publicly visible type or member 'IBacklashBotContext.ResetPerformanceMetrics()' [c:\Users\Peter\Documents\GitHub\kalshi-trading-bot\BacklashInterfaces\BacklashInterfaces.csproj]
c:\Users\Peter\Documents\GitHub\kalshi-trading-bot\BacklashInterfaces\SmokehouseBot\KalshiAPI\IKalshiAPIService.cs(5,22): warning CS1591: Missing XML comment for publicly visible type or member 'IKalshiAPIService' [c:\Users\Peter\Documents\GitHub\kalshi-trading-bot\BacklashInterfaces\BacklashInterfaces.csproj]
c:\Users\Peter\Documents\GitHub\kalshi-trading-bot\BacklashInterfaces\SmokehouseBot\KalshiAPI\IKalshiAPIService.cs(7,52): warning CS1591: Missing XML comment for publicly visible type or member 'IKalshiAPIService.FetchMarketsAsync(string?, string?, string?, string?, string?, string[]?, bool)' [c:\Users\Peter\Documents\GitHub\kalshi-trading-bot\BacklashInterfaces\BacklashInterfaces.csproj]
c:\Users\Peter\Documents\GitHub\kalshi-trading-bot\BacklashInterfaces\SmokehouseBot\KalshiAPI\IKalshiAPIService.cs(11,31): warning CS1591: Missing XML comment for publicly visible type or member 'IKalshiAPIService.FetchSeriesAsync(string)' [c:\Users\Peter\Documents\GitHub\kalshi-trading-bot\BacklashInterfaces\BacklashInterfaces.csproj]
c:\Users\Peter\Documents\GitHub\kalshi-trading-bot\BacklashInterfaces\SmokehouseBot\KalshiAPI\IKalshiAPIService.cs(13,30): warning CS1591: Missing XML comment for publicly visible type or member 'IKalshiAPIService.FetchEventAsync(string, bool)' [c:\Users\Peter\Documents\GitHub\kalshi-trading-bot\BacklashInterfaces\BacklashInterfaces.csproj]
c:\Users\Peter\Documents\GitHub\kalshi-trading-bot\BacklashInterfaces\SmokehouseBot\KalshiAPI\IKalshiAPIService.cs(15,52): warning CS1591: Missing XML comment for publicly visible type or member 'IKalshiAPIService.FetchPositionsAsync(string?, int?, string?, string?)' [c:\Users\Peter\Documents\GitHub\kalshi-trading-bot\BacklashInterfaces\BacklashInterfaces.csproj]
c:\Users\Peter\Documents\GitHub\kalshi-trading-bot\BacklashInterfaces\SmokehouseBot\KalshiAPI\IKalshiAPIService.cs(18,52): warning CS1591: Missing XML comment for publicly visible type or member 'IKalshiAPIService.FetchCandlesticksAsync(string, string, string, long, long?, bool)' [c:\Users\Peter\Documents\GitHub\kalshi-trading-bot\BacklashInterfaces\BacklashInterfaces.csproj]
c:\Users\Peter\Documents\GitHub\kalshi-trading-bot\BacklashInterfaces\SmokehouseBot\KalshiAPI\IKalshiAPIService.cs(21,20): warning CS1591: Missing XML comment for publicly visible type or member 'IKalshiAPIService.GetBalanceAsync()' [c:\Users\Peter\Documents\GitHub\kalshi-trading-bot\BacklashInterfaces\BacklashInterfaces.csproj]
c:\Users\Peter\Documents\GitHub\kalshi-trading-bot\BacklashInterfaces\SmokehouseBot\KalshiAPI\IKalshiAPIService.cs(23,30): warning CS1591: Missing XML comment for publicly visible type or member 'IKalshiAPIService.GetExchangeStatusAsync()' [c:\Users\Peter\Documents\GitHub\kalshi-trading-bot\BacklashInterfaces\BacklashInterfaces.csproj]
c:\Users\Peter\Documents\GitHub\kalshi-trading-bot\BacklashInterfaces\SmokehouseBot\KalshiAPI\IKalshiAPIService.cs(25,40): warning CS1591: Missing XML comment for publicly visible type or member 'IKalshiAPIService.GetExchangeScheduleAsync()' [c:\Users\Peter\Documents\GitHub\kalshi-trading-bot\BacklashInterfaces\BacklashInterfaces.csproj]
c:\Users\Peter\Documents\GitHub\kalshi-trading-bot\BacklashInterfaces\SmokehouseBot\KalshiAPI\IKalshiAPIService.cs(27,52): warning CS1591: Missing XML comment for publicly visible type or member 'IKalshiAPIService.FetchOrdersAsync(string?, string?, long?, long?, string?, string?, int?)' [c:\Users\Peter\Documents\GitHub\kalshi-trading-bot\BacklashInterfaces\BacklashInterfaces.csproj]
c:\Users\Peter\Documents\GitHub\kalshi-trading-bot\BacklashInterfaces\SmokehouseBot\KalshiAPI\IKalshiAPIService.cs(31,52): warning CS1591: Missing XML comment for publicly visible type or member 'IKalshiAPIService.FetchAnnouncementsAsync()' [c:\Users\Peter\Documents\GitHub\kalshi-trading-bot\BacklashInterfaces\BacklashInterfaces.csproj]
c:\Users\Peter\Documents\GitHub\kalshi-trading-bot\BacklashInterfaces\SmokehouseBot\KalshiAPI\IKalshiAPIService.cs(33,52): warning CS1591: Missing XML comment for publicly visible type or member 'IKalshiAPIService.FetchExchangeScheduleAsync()' [c:\Users\Peter\Documents\GitHub\kalshi-trading-bot\BacklashInterfaces\BacklashInterfaces.csproj]
c:\Users\Peter\Documents\GitHub\kalshi-trading-bot\BacklashInterfaces\SmokehouseBot\Management\IBrainStatusService.cs(3,22): warning CS1591: Missing XML comment for publicly visible type or member 'IBrainStatusService' [c:\Users\Peter\Documents\GitHub\kalshi-trading-bot\BacklashInterfaces\BacklashInterfaces.csproj]
c:\Users\Peter\Documents\GitHub\kalshi-trading-bot\BacklashInterfaces\SmokehouseBot\Management\IBrainStatusService.cs(5,14): warning CS1591: Missing XML comment for publicly visible type or member 'IBrainStatusService.BrainLock' [c:\Users\Peter\Documents\GitHub\kalshi-trading-bot\BacklashInterfaces\BacklashInterfaces.csproj]
c:\Users\Peter\Documents\GitHub\kalshi-trading-bot\BacklashInterfaces\SmokehouseBot\Management\IBrainStatusService.cs(6,16): warning CS1591: Missing XML comment for publicly visible type or member 'IBrainStatusService.SessionIdentifier' [c:\Users\Peter\Documents\GitHub\kalshi-trading-bot\BacklashInterfaces\BacklashInterfaces.csproj]
c:\Users\Peter\Documents\GitHub\kalshi-trading-bot\BacklashInterfaces\SmokehouseBot\Management\IBrainStatusService.cs(7,14): warning CS1591: Missing XML comment for publicly visible type or member 'IBrainStatusService.EnsureInitializedAsync()' [c:\Users\Peter\Documents\GitHub\kalshi-trading-bot\BacklashInterfaces\BacklashInterfaces.csproj]
c:\Users\Peter\Documents\GitHub\kalshi-trading-bot\BacklashInterfaces\SmokehouseBot\Management\ICentralBrain.cs(5,22): warning CS1591: Missing XML comment for publicly visible type or member 'ICentralBrain' [c:\Users\Peter\Documents\GitHub\kalshi-trading-bot\BacklashInterfaces\BacklashInterfaces.csproj]
c:\Users\Peter\Documents\GitHub\kalshi-trading-bot\BacklashInterfaces\SmokehouseBot\Management\ICentralBrain.cs(7,14): warning CS1591: Missing XML comment for publicly visible type or member 'ICentralBrain.IsServicesStopped' [c:\Users\Peter\Documents\GitHub\kalshi-trading-bot\BacklashInterfaces\BacklashInterfaces.csproj]
c:\Users\Peter\Documents\GitHub\kalshi-trading-bot\BacklashInterfaces\SmokehouseBot\Management\ICentralBrain.cs(8,14): warning CS1591: Missing XML comment for publicly visible type or member 'ICentralBrain.IsStartingUp' [c:\Users\Peter\Documents\GitHub\kalshi-trading-bot\BacklashInterfaces\BacklashInterfaces.csproj]
c:\Users\Peter\Documents\GitHub\kalshi-trading-bot\BacklashInterfaces\SmokehouseBot\Management\ICentralBrain.cs(9,14): warning CS1591: Missing XML comment for publicly visible type or member 'ICentralBrain.IsShuttingDown' [c:\Users\Peter\Documents\GitHub\kalshi-trading-bot\BacklashInterfaces\BacklashInterfaces.csproj]
c:\Users\Peter\Documents\GitHub\kalshi-trading-bot\BacklashInterfaces\SmokehouseBot\Management\ICentralBrain.cs(11,14): warning CS1591: Missing XML comment for publicly visible type or member 'ICentralBrain.StartDashboard()' [c:\Users\Peter\Documents\GitHub\kalshi-trading-bot\BacklashInterfaces\BacklashInterfaces.csproj]
c:\Users\Peter\Documents\GitHub\kalshi-trading-bot\BacklashInterfaces\SmokehouseBot\Management\ICentralBrain.cs(12,14): warning CS1591: Missing XML comment for publicly visible type or member 'ICentralBrain.ShutdownDashboardAsync()' [c:\Users\Peter\Documents\GitHub\kalshi-trading-bot\BacklashInterfaces\BacklashInterfaces.csproj]
c:\Users\Peter\Documents\GitHub\kalshi-trading-bot\BacklashInterfaces\SmokehouseBot\Management\ICentralErrorHandler.cs(6,22): warning CS1591: Missing XML comment for publicly visible type or member 'ICentralErrorHandler' [c:\Users\Peter\Documents\GitHub\kalshi-trading-bot\BacklashInterfaces\BacklashInterfaces.csproj]
c:\Users\Peter\Documents\GitHub\kalshi-trading-bot\BacklashInterfaces\SmokehouseBot\Management\ICentralErrorHandler.cs(8,47): warning CS1591: Missing XML comment for publicly visible type or member 'ICentralErrorHandler.Warnings' [c:\Users\Peter\Documents\GitHub\kalshi-trading-bot\BacklashInterfaces\BacklashInterfaces.csproj]
c:\Users\Peter\Documents\GitHub\kalshi-trading-bot\BacklashInterfaces\SmokehouseBot\Management\ICentralErrorHandler.cs(9,47): warning CS1591: Missing XML comment for publicly visible type or member 'ICentralErrorHandler.Errors' [c:\Users\Peter\Documents\GitHub\kalshi-trading-bot\BacklashInterfaces\BacklashInterfaces.csproj]
c:\Users\Peter\Documents\GitHub\kalshi-trading-bot\BacklashInterfaces\SmokehouseBot\Management\ICentralErrorHandler.cs(10,21): warning CS1591: Missing XML comment for publicly visible type or member 'ICentralErrorHandler.CatastrophicErrorAlreadyDetected' [c:\Users\Peter\Documents\GitHub\kalshi-trading-bot\BacklashInterfaces\BacklashInterfaces.csproj]
c:\Users\Peter\Documents\GitHub\kalshi-trading-bot\BacklashInterfaces\SmokehouseBot\Management\ICentralErrorHandler.cs(11,18): warning CS1591: Missing XML comment for publicly visible type or member 'ICentralErrorHandler.LastSuccessfulSnapshot' [c:\Users\Peter\Documents\GitHub\kalshi-trading-bot\BacklashInterfaces\BacklashInterfaces.csproj]
c:\Users\Peter\Documents\GitHub\kalshi-trading-bot\BacklashInterfaces\SmokehouseBot\Management\ICentralErrorHandler.cs(12,18): warning CS1591: Missing XML comment for publicly visible type or member 'ICentralErrorHandler.LastErrorDate' [c:\Users\Peter\Documents\GitHub\kalshi-trading-bot\BacklashInterfaces\BacklashInterfaces.csproj]
c:\Users\Peter\Documents\GitHub\kalshi-trading-bot\BacklashInterfaces\SmokehouseBot\Management\ICentralErrorHandler.cs(13,20): warning CS1591: Missing XML comment for publicly visible type or member 'ICentralErrorHandler.HandleErrors()' [c:\Users\Peter\Documents\GitHub\kalshi-trading-bot\BacklashInterfaces\BacklashInterfaces.csproj]
c:\Users\Peter\Documents\GitHub\kalshi-trading-bot\BacklashInterfaces\SmokehouseBot\Management\ICentralErrorHandler.cs(14,20): warning CS1591: Missing XML comment for publicly visible type or member 'ICentralErrorHandler.CheckInternetConnection()' [c:\Users\Peter\Documents\GitHub\kalshi-trading-bot\BacklashInterfaces\BacklashInterfaces.csproj]
c:\Users\Peter\Documents\GitHub\kalshi-trading-bot\BacklashInterfaces\SmokehouseBot\Management\ICentralErrorHandler.cs(15,14): warning CS1591: Missing XML comment for publicly visible type or member 'ICentralErrorHandler.AddWarning(Exception, string, string?)' [c:\Users\Peter\Documents\GitHub\kalshi-trading-bot\BacklashInterfaces\BacklashInterfaces.csproj]
c:\Users\Peter\Documents\GitHub\kalshi-trading-bot\BacklashInterfaces\SmokehouseBot\Management\ICentralErrorHandler.cs(16,14): warning CS1591: Missing XML comment for publicly visible type or member 'ICentralErrorHandler.AddError(Exception, string, string?)' [c:\Users\Peter\Documents\GitHub\kalshi-trading-bot\BacklashInterfaces\BacklashInterfaces.csproj]
c:\Users\Peter\Documents\GitHub\kalshi-trading-bot\BacklashInterfaces\SmokehouseBot\Management\ICentralErrorHandler.cs(17,14): warning CS1591: Missing XML comment for publicly visible type or member 'ICentralErrorHandler.WarningCount' [c:\Users\Peter\Documents\GitHub\kalshi-trading-bot\BacklashInterfaces\BacklashInterfaces.csproj]
c:\Users\Peter\Documents\GitHub\kalshi-trading-bot\BacklashInterfaces\SmokehouseBot\Management\ICentralErrorHandler.cs(18,14): warning CS1591: Missing XML comment for publicly visible type or member 'ICentralErrorHandler.ErrorCount' [c:\Users\Peter\Documents\GitHub\kalshi-trading-bot\BacklashInterfaces\BacklashInterfaces.csproj]
c:\Users\Peter\Documents\GitHub\kalshi-trading-bot\BacklashInterfaces\SmokehouseBot\Management\ICentralPerformanceMonitor.cs(3,22): warning CS1591: Missing XML comment for publicly visible type or member 'ICentralPerformanceMonitor' [c:\Users\Peter\Documents\GitHub\kalshi-trading-bot\BacklashInterfaces\BacklashInterfaces.csproj]
c:\Users\Peter\Documents\GitHub\kalshi-trading-bot\BacklashInterfaces\SmokehouseBot\Management\ICentralPerformanceMonitor.cs(5,14): warning CS1591: Missing XML comment for publicly visible type or member 'ICentralPerformanceMonitor.RecordExecutionTime(string, long)' [c:\Users\Peter\Documents\GitHub\kalshi-trading-bot\BacklashInterfaces\BacklashInterfaces.csproj]
c:\Users\Peter\Documents\GitHub\kalshi-trading-bot\BacklashInterfaces\SmokehouseBot\Management\ICentralPerformanceMonitor.cs(6,14): warning CS1591: Missing XML comment for publicly visible type or member 'ICentralPerformanceMonitor.StartTimer()' [c:\Users\Peter\Documents\GitHub\kalshi-trading-bot\BacklashInterfaces\BacklashInterfaces.csproj]
c:\Users\Peter\Documents\GitHub\kalshi-trading-bot\BacklashInterfaces\SmokehouseBot\Management\ICentralPerformanceMonitor.cs(7,110): warning CS1591: Missing XML comment for publicly visible type or member 'ICentralPerformanceMonitor.GetQueueCountRollingAverages()' [c:\Users\Peter\Documents\GitHub\kalshi-trading-bot\BacklashInterfaces\BacklashInterfaces.csproj]
c:\Users\Peter\Documents\GitHub\kalshi-trading-bot\BacklashInterfaces\SmokehouseBot\Management\ICentralPerformanceMonitor.cs(8,16): warning CS1591: Missing XML comment for publicly visible type or member 'ICentralPerformanceMonitor.CalculateAverageWebsocketEventsReceived(string)' [c:\Users\Peter\Documents\GitHub\kalshi-trading-bot\BacklashInterfaces\BacklashInterfaces.csproj]
c:\Users\Peter\Documents\GitHub\kalshi-trading-bot\BacklashInterfaces\SmokehouseBot\Management\ICentralPerformanceMonitor.cs(9,16): warning CS1591: Missing XML comment for publicly visible type or member 'ICentralPerformanceMonitor.GetQueueHighCountPercentage()' [c:\Users\Peter\Documents\GitHub\kalshi-trading-bot\BacklashInterfaces\BacklashInterfaces.csproj]
c:\Users\Peter\Documents\GitHub\kalshi-trading-bot\BacklashInterfaces\SmokehouseBot\Management\ICentralPerformanceMonitor.cs(11,16): warning CS1591: Missing XML comment for publicly visible type or member 'ICentralPerformanceMonitor.LastRefreshCycleSeconds' [c:\Users\Peter\Documents\GitHub\kalshi-trading-bot\BacklashInterfaces\BacklashInterfaces.csproj]
c:\Users\Peter\Documents\GitHub\kalshi-trading-bot\BacklashInterfaces\SmokehouseBot\Management\ICentralPerformanceMonitor.cs(12,16): warning CS1591: Missing XML comment for publicly visible type or member 'ICentralPerformanceMonitor.LastRefreshCycleInterval' [c:\Users\Peter\Documents\GitHub\kalshi-trading-bot\BacklashInterfaces\BacklashInterfaces.csproj]
c:\Users\Peter\Documents\GitHub\kalshi-trading-bot\BacklashInterfaces\SmokehouseBot\Management\ICentralPerformanceMonitor.cs(13,13): warning CS1591: Missing XML comment for publicly visible type or member 'ICentralPerformanceMonitor.LastRefreshMarketCount' [c:\Users\Peter\Documents\GitHub\kalshi-trading-bot\BacklashInterfaces\BacklashInterfaces.csproj]
c:\Users\Peter\Documents\GitHub\kalshi-trading-bot\BacklashInterfaces\SmokehouseBot\Management\ICentralPerformanceMonitor.cs(14,16): warning CS1591: Missing XML comment for publicly visible type or member 'ICentralPerformanceMonitor.LastRefreshUsagePercentage' [c:\Users\Peter\Documents\GitHub\kalshi-trading-bot\BacklashInterfaces\BacklashInterfaces.csproj]
c:\Users\Peter\Documents\GitHub\kalshi-trading-bot\BacklashInterfaces\SmokehouseBot\Management\ICentralPerformanceMonitor.cs(15,14): warning CS1591: Missing XML comment for publicly visible type or member 'ICentralPerformanceMonitor.LastRefreshTimeAcceptable' [c:\Users\Peter\Documents\GitHub\kalshi-trading-bot\BacklashInterfaces\BacklashInterfaces.csproj]
c:\Users\Peter\Documents\GitHub\kalshi-trading-bot\BacklashInterfaces\SmokehouseBot\Management\ICentralPerformanceMonitor.cs(16,14): warning CS1591: Missing XML comment for publicly visible type or member 'ICentralPerformanceMonitor.IsStartingUp' [c:\Users\Peter\Documents\GitHub\kalshi-trading-bot\BacklashInterfaces\BacklashInterfaces.csproj]
c:\Users\Peter\Documents\GitHub\kalshi-trading-bot\BacklashInterfaces\SmokehouseBot\Management\ICentralPerformanceMonitor.cs(17,14): warning CS1591: Missing XML comment for publicly visible type or member 'ICentralPerformanceMonitor.IsShuttingDown' [c:\Users\Peter\Documents\GitHub\kalshi-trading-bot\BacklashInterfaces\BacklashInterfaces.csproj]
c:\Users\Peter\Documents\GitHub\kalshi-trading-bot\BacklashInterfaces\SmokehouseBot\Management\ICentralPerformanceMonitor.cs(18,19): warning CS1591: Missing XML comment for publicly visible type or member 'ICentralPerformanceMonitor.LastPerformanceSampleDate' [c:\Users\Peter\Documents\GitHub\kalshi-trading-bot\BacklashInterfaces\BacklashInterfaces.csproj]
c:\Users\Peter\Documents\GitHub\kalshi-trading-bot\BacklashInterfaces\SmokehouseBot\Management\ICentralPerformanceMonitor.cs(19,16): warning CS1591: Missing XML comment for publicly visible type or member 'ICentralPerformanceMonitor.BrainInstance' [c:\Users\Peter\Documents\GitHub\kalshi-trading-bot\BacklashInterfaces\BacklashInterfaces.csproj]
c:\Users\Peter\Documents\GitHub\kalshi-trading-bot\BacklashInterfaces\SmokehouseBot\Management\IInterestScoreService.cs(6,22): warning CS1591: Missing XML comment for publicly visible type or member 'IInterestScoreService' [c:\Users\Peter\Documents\GitHub\kalshi-trading-bot\BacklashInterfaces\BacklashInterfaces.csproj]
c:\Users\Peter\Documents\GitHub\kalshi-trading-bot\BacklashInterfaces\SmokehouseBot\Management\IInterestScoreService.cs(8,51): warning CS1591: Missing XML comment for publicly visible type or member 'IInterestScoreService.GetMarketInterestScores(IServiceScopeFactory, IEnumerable<string>, double, double, double, double, double, double)' [c:\Users\Peter\Documents\GitHub\kalshi-trading-bot\BacklashInterfaces\BacklashInterfaces.csproj]
c:\Users\Peter\Documents\GitHub\kalshi-trading-bot\BacklashInterfaces\SmokehouseBot\Management\IInterestScoreService.cs(20,9): warning CS1591: Missing XML comment for publicly visible type or member 'IInterestScoreService.CalculateMarketInterestScoreAsync(IBacklashBotContext, string, double, double, double, double, double, double, double)' [c:\Users\Peter\Documents\GitHub\kalshi-trading-bot\BacklashInterfaces\BacklashInterfaces.csproj]
c:\Users\Peter\Documents\GitHub\kalshi-trading-bot\BacklashInterfaces\SmokehouseBot\Management\IMarketAnalysisHelper.cs(3,22): warning CS1591: Missing XML comment for publicly visible type or member 'IMarketAnalysisHelper' [c:\Users\Peter\Documents\GitHub\kalshi-trading-bot\BacklashInterfaces\BacklashInterfaces.csproj]
c:\Users\Peter\Documents\GitHub\kalshi-trading-bot\BacklashInterfaces\SmokehouseBot\Management\IMarketAnalysisHelper.cs(5,14): warning CS1591: Missing XML comment for publicly visible type or member 'IMarketAnalysisHelper.GenerateSnapshotGroups()' [c:\Users\Peter\Documents\GitHub\kalshi-trading-bot\BacklashInterfaces\BacklashInterfaces.csproj]
c:\Users\Peter\Documents\GitHub\kalshi-trading-bot\BacklashInterfaces\SmokehouseBot\Management\IMarketManagerService.cs(6,22): warning CS1591: Missing XML comment for publicly visible type or member 'IMarketManagerService' [c:\Users\Peter\Documents\GitHub\kalshi-trading-bot\BacklashInterfaces\BacklashInterfaces.csproj]
c:\Users\Peter\Documents\GitHub\kalshi-trading-bot\BacklashInterfaces\SmokehouseBot\Management\IMarketManagerService.cs(8,14): warning CS1591: Missing XML comment for publicly visible type or member 'IMarketManagerService.ClearMarketsToReset()' [c:\Users\Peter\Documents\GitHub\kalshi-trading-bot\BacklashInterfaces\BacklashInterfaces.csproj]
c:\Users\Peter\Documents\GitHub\kalshi-trading-bot\BacklashInterfaces\SmokehouseBot\Management\IMarketManagerService.cs(9,14): warning CS1591: Missing XML comment for publicly visible type or member 'IMarketManagerService.HandleMarketResets()' [c:\Users\Peter\Documents\GitHub\kalshi-trading-bot\BacklashInterfaces\BacklashInterfaces.csproj]
c:\Users\Peter\Documents\GitHub\kalshi-trading-bot\BacklashInterfaces\SmokehouseBot\Management\IMarketManagerService.cs(10,14): warning CS1591: Missing XML comment for publicly visible type or member 'IMarketManagerService.TriggerMarketReset(string)' [c:\Users\Peter\Documents\GitHub\kalshi-trading-bot\BacklashInterfaces\BacklashInterfaces.csproj]
c:\Users\Peter\Documents\GitHub\kalshi-trading-bot\BacklashInterfaces\SmokehouseBot\Management\IMarketManagerService.cs(11,14): warning CS1591: Missing XML comment for publicly visible type or member 'IMarketManagerService.MonitorWatchList(BrainInstanceDTO, PerformanceMetrics)' [c:\Users\Peter\Documents\GitHub\kalshi-trading-bot\BacklashInterfaces\BacklashInterfaces.csproj]
c:\Users\Peter\Documents\GitHub\kalshi-trading-bot\BacklashInterfaces\SmokehouseBot\Management\IOvernightActivitiesHelper.cs(5,22): warning CS1591: Missing XML comment for publicly visible type or member 'IOvernightActivitiesHelper' [c:\Users\Peter\Documents\GitHub\kalshi-trading-bot\BacklashInterfaces\BacklashInterfaces.csproj]
c:\Users\Peter\Documents\GitHub\kalshi-trading-bot\BacklashInterfaces\SmokehouseBot\Management\IOvernightActivitiesHelper.cs(7,14): warning CS1591: Missing XML comment for publicly visible type or member 'IOvernightActivitiesHelper.RunOvernightTasks(IServiceScopeFactory, CancellationToken)' [c:\Users\Peter\Documents\GitHub\kalshi-trading-bot\BacklashInterfaces\BacklashInterfaces.csproj]
c:\Users\Peter\Documents\GitHub\kalshi-trading-bot\BacklashInterfaces\SmokehouseBot\Management\IOvernightActivitiesHelper.cs(8,14): warning CS1591: Missing XML comment for publicly visible type or member 'IOvernightActivitiesHelper.DeleteUnrecordedMarkets(IServiceScopeFactory, CancellationToken)' [c:\Users\Peter\Documents\GitHub\kalshi-trading-bot\BacklashInterfaces\BacklashInterfaces.csproj]
c:\Users\Peter\Documents\GitHub\kalshi-trading-bot\BacklashInterfaces\SmokehouseBot\Management\IOvernightActivitiesHelper.cs(9,14): warning CS1591: Missing XML comment for publicly visible type or member 'IOvernightActivitiesHelper.DeleteProcessedSnapshots(IServiceScopeFactory, CancellationToken)' [c:\Users\Peter\Documents\GitHub\kalshi-trading-bot\BacklashInterfaces\BacklashInterfaces.csproj]
c:\Users\Peter\Documents\GitHub\kalshi-trading-bot\BacklashInterfaces\SmokehouseBot\Services\IBroadcastService.cs(3,22): warning CS1591: Missing XML comment for publicly visible type or member 'IBroadcastService' [c:\Users\Peter\Documents\GitHub\kalshi-trading-bot\BacklashInterfaces\BacklashInterfaces.csproj]
c:\Users\Peter\Documents\GitHub\kalshi-trading-bot\BacklashInterfaces\SmokehouseBot\Services\IBroadcastService.cs(5,14): warning CS1591: Missing XML comment for publicly visible type or member 'IBroadcastService.StartServicesAsync()' [c:\Users\Peter\Documents\GitHub\kalshi-trading-bot\BacklashInterfaces\BacklashInterfaces.csproj]
c:\Users\Peter\Documents\GitHub\kalshi-trading-bot\BacklashInterfaces\SmokehouseBot\Services\IBroadcastService.cs(6,14): warning CS1591: Missing XML comment for publicly visible type or member 'IBroadcastService.StopServicesAsync()' [c:\Users\Peter\Documents\GitHub\kalshi-trading-bot\BacklashInterfaces\BacklashInterfaces.csproj]
c:\Users\Peter\Documents\GitHub\kalshi-trading-bot\BacklashInterfaces\SmokehouseBot\Services\ICandlestickService.cs(5,22): warning CS1591: Missing XML comment for publicly visible type or member 'ICandlestickService' [c:\Users\Peter\Documents\GitHub\kalshi-trading-bot\BacklashInterfaces\BacklashInterfaces.csproj]
c:\Users\Peter\Documents\GitHub\kalshi-trading-bot\BacklashInterfaces\SmokehouseBot\Services\ICandlestickService.cs(7,14): warning CS1591: Missing XML comment for publicly visible type or member 'ICandlestickService.UpdateCandlesticksAsync(string)' [c:\Users\Peter\Documents\GitHub\kalshi-trading-bot\BacklashInterfaces\BacklashInterfaces.csproj]
c:\Users\Peter\Documents\GitHub\kalshi-trading-bot\BacklashInterfaces\SmokehouseBot\Services\ICandlestickService.cs(8,14): warning CS1591: Missing XML comment for publicly visible type or member 'ICandlestickService.PopulateMarketDataAsync(string)' [c:\Users\Peter\Documents\GitHub\kalshi-trading-bot\BacklashInterfaces\BacklashInterfaces.csproj]
c:\Users\Peter\Documents\GitHub\kalshi-trading-bot\BacklashInterfaces\SmokehouseBot\Services\ICandlestickService.cs(9,31): warning CS1591: Missing XML comment for publicly visible type or member 'ICandlestickService.RetrieveHistoricalCandlesticksAsync(string, string)' [c:\Users\Peter\Documents\GitHub\kalshi-trading-bot\BacklashInterfaces\BacklashInterfaces.csproj]
c:\Users\Peter\Documents\GitHub\kalshi-trading-bot\BacklashInterfaces\SmokehouseBot\Services\IMarketDataInitializer.cs(4,22): warning CS1591: Missing XML comment for publicly visible type or member 'IMarketDataInitializer' [c:\Users\Peter\Documents\GitHub\kalshi-trading-bot\BacklashInterfaces\BacklashInterfaces.csproj]
c:\Users\Peter\Documents\GitHub\kalshi-trading-bot\BacklashInterfaces\SmokehouseBot\Services\IMarketDataInitializer.cs(6,14): warning CS1591: Missing XML comment for publicly visible type or member 'IMarketDataInitializer.SetupAsync()' [c:\Users\Peter\Documents\GitHub\kalshi-trading-bot\BacklashInterfaces\BacklashInterfaces.csproj]
c:\Users\Peter\Documents\GitHub\kalshi-trading-bot\BacklashInterfaces\SmokehouseBot\Services\IMarketDataService.cs(8,22): warning CS1591: Missing XML comment for publicly visible type or member 'IMarketDataService' [c:\Users\Peter\Documents\GitHub\kalshi-trading-bot\BacklashInterfaces\BacklashInterfaces.csproj]
c:\Users\Peter\Documents\GitHub\kalshi-trading-bot\BacklashInterfaces\SmokehouseBot\Services\IMarketDataService.cs(10,36): warning CS1591: Missing XML comment for publicly visible type or member 'IMarketDataService.MarketDataUpdated' [c:\Users\Peter\Documents\GitHub\kalshi-trading-bot\BacklashInterfaces\BacklashInterfaces.csproj]
c:\Users\Peter\Documents\GitHub\kalshi-trading-bot\BacklashInterfaces\SmokehouseBot\Services\IMarketDataService.cs(11,36): warning CS1591: Missing XML comment for publicly visible type or member 'IMarketDataService.PositionDataUpdated' [c:\Users\Peter\Documents\GitHub\kalshi-trading-bot\BacklashInterfaces\BacklashInterfaces.csproj]
c:\Users\Peter\Documents\GitHub\kalshi-trading-bot\BacklashInterfaces\SmokehouseBot\Services\IMarketDataService.cs(12,28): warning CS1591: Missing XML comment for publicly visible type or member 'IMarketDataService.WatchListChanged' [c:\Users\Peter\Documents\GitHub\kalshi-trading-bot\BacklashInterfaces\BacklashInterfaces.csproj]
c:\Users\Peter\Documents\GitHub\kalshi-trading-bot\BacklashInterfaces\SmokehouseBot\Services\IMarketDataService.cs(13,36): warning CS1591: Missing XML comment for publicly visible type or member 'IMarketDataService.TickerAdded' [c:\Users\Peter\Documents\GitHub\kalshi-trading-bot\BacklashInterfaces\BacklashInterfaces.csproj]
c:\Users\Peter\Documents\GitHub\kalshi-trading-bot\BacklashInterfaces\SmokehouseBot\Services\IMarketDataService.cs(14,36): warning CS1591: Missing XML comment for publicly visible type or member 'IMarketDataService.AccountBalanceUpdated' [c:\Users\Peter\Documents\GitHub\kalshi-trading-bot\BacklashInterfaces\BacklashInterfaces.csproj]
c:\Users\Peter\Documents\GitHub\kalshi-trading-bot\BacklashInterfaces\SmokehouseBot\Services\IMarketDataService.cs(16,22): warning CS1591: Missing XML comment for publicly visible type or member 'IMarketDataService.MarketsToRefresh' [c:\Users\Peter\Documents\GitHub\kalshi-trading-bot\BacklashInterfaces\BacklashInterfaces.csproj]
c:\Users\Peter\Documents\GitHub\kalshi-trading-bot\BacklashInterfaces\SmokehouseBot\Services\IMarketDataService.cs(17,14): warning CS1591: Missing XML comment for publicly visible type or member 'IMarketDataService.AddMarketToWatchList(string, double?)' [c:\Users\Peter\Documents\GitHub\kalshi-trading-bot\BacklashInterfaces\BacklashInterfaces.csproj]
c:\Users\Peter\Documents\GitHub\kalshi-trading-bot\BacklashInterfaces\SmokehouseBot\Services\IMarketDataService.cs(18,19): warning CS1591: Missing XML comment for publicly visible type or member 'IMarketDataService.GetLatestOrderbookTimestamp(string)' [c:\Users\Peter\Documents\GitHub\kalshi-trading-bot\BacklashInterfaces\BacklashInterfaces.csproj]
c:\Users\Peter\Documents\GitHub\kalshi-trading-bot\BacklashInterfaces\SmokehouseBot\Services\IMarketDataService.cs(19,14): warning CS1591: Missing XML comment for publicly visible type or member 'IMarketDataService.GetExchangeStatus()' [c:\Users\Peter\Documents\GitHub\kalshi-trading-bot\BacklashInterfaces\BacklashInterfaces.csproj]
c:\Users\Peter\Documents\GitHub\kalshi-trading-bot\BacklashInterfaces\SmokehouseBot\Services\IMarketDataService.cs(20,14): warning CS1591: Missing XML comment for publicly visible type or member 'IMarketDataService.GetTradingStatus()' [c:\Users\Peter\Documents\GitHub\kalshi-trading-bot\BacklashInterfaces\BacklashInterfaces.csproj]
c:\Users\Peter\Documents\GitHub\kalshi-trading-bot\BacklashInterfaces\SmokehouseBot\Services\IMarketDataService.cs(21,14): warning CS1591: Missing XML comment for publicly visible type or member 'IMarketDataService.UnwatchMarket(string)' [c:\Users\Peter\Documents\GitHub\kalshi-trading-bot\BacklashInterfaces\BacklashInterfaces.csproj]
c:\Users\Peter\Documents\GitHub\kalshi-trading-bot\BacklashInterfaces\SmokehouseBot\Services\IMarketDataService.cs(22,14): warning CS1591: Missing XML comment for publicly visible type or member 'IMarketDataService.UpdateMarketSubscriptionAsync(string, string[])' [c:\Users\Peter\Documents\GitHub\kalshi-trading-bot\BacklashInterfaces\BacklashInterfaces.csproj]
c:\Users\Peter\Documents\GitHub\kalshi-trading-bot\BacklashInterfaces\SmokehouseBot\Services\IMarketDataService.cs(23,14): warning CS1591: Missing XML comment for publicly visible type or member 'IMarketDataService.StopServicesAsync()' [c:\Users\Peter\Documents\GitHub\kalshi-trading-bot\BacklashInterfaces\BacklashInterfaces.csproj]
c:\Users\Peter\Documents\GitHub\kalshi-trading-bot\BacklashInterfaces\SmokehouseBot\Services\IMarketDataService.cs(24,14): warning CS1591: Missing XML comment for publicly visible type or member 'IMarketDataService.SyncMarketDataAsync(string)' [c:\Users\Peter\Documents\GitHub\kalshi-trading-bot\BacklashInterfaces\BacklashInterfaces.csproj]
c:\Users\Peter\Documents\GitHub\kalshi-trading-bot\BacklashInterfaces\SmokehouseBot\Services\IMarketDataService.cs(25,26): warning CS1591: Missing XML comment for publicly visible type or member 'IMarketDataService.EnsureMarketDataAsync(string)' [c:\Users\Peter\Documents\GitHub\kalshi-trading-bot\BacklashInterfaces\BacklashInterfaces.csproj]
c:\Users\Peter\Documents\GitHub\kalshi-trading-bot\BacklashInterfaces\SmokehouseBot\Services\IMarketDataService.cs(26,14): warning CS1591: Missing XML comment for publicly visible type or member 'IMarketDataService.UpdateWatchedMarketsAsync()' [c:\Users\Peter\Documents\GitHub\kalshi-trading-bot\BacklashInterfaces\BacklashInterfaces.csproj]
c:\Users\Peter\Documents\GitHub\kalshi-trading-bot\BacklashInterfaces\SmokehouseBot\Services\IMarketDataService.cs(27,28): warning CS1591: Missing XML comment for publicly visible type or member 'IMarketDataService.FetchWatchedMarketsAsync()' [c:\Users\Peter\Documents\GitHub\kalshi-trading-bot\BacklashInterfaces\BacklashInterfaces.csproj]
c:\Users\Peter\Documents\GitHub\kalshi-trading-bot\BacklashInterfaces\SmokehouseBot\Services\IMarketDataService.cs(28,29): warning CS1591: Missing XML comment for publicly visible type or member 'IMarketDataService.GetCurrentOrderBook(string)' [c:\Users\Peter\Documents\GitHub\kalshi-trading-bot\BacklashInterfaces\BacklashInterfaces.csproj]
c:\Users\Peter\Documents\GitHub\kalshi-trading-bot\BacklashInterfaces\SmokehouseBot\Services\IMarketDataService.cs(29,21): warning CS1591: Missing XML comment for publicly visible type or member 'IMarketDataService.GetMarketDetails(string)' [c:\Users\Peter\Documents\GitHub\kalshi-trading-bot\BacklashInterfaces\BacklashInterfaces.csproj]
c:\Users\Peter\Documents\GitHub\kalshi-trading-bot\BacklashInterfaces\SmokehouseBot\Services\IMarketDataService.cs(30,47): warning CS1591: Missing XML comment for publicly visible type or member 'IMarketDataService.GetMarketDetailsBatchAsync(IEnumerable<string>, CancellationToken)' [c:\Users\Peter\Documents\GitHub\kalshi-trading-bot\BacklashInterfaces\BacklashInterfaces.csproj]
c:\Users\Peter\Documents\GitHub\kalshi-trading-bot\BacklashInterfaces\SmokehouseBot\Services\IMarketDataService.cs(31,16): warning CS1591: Missing XML comment for publicly visible type or member 'IMarketDataService.GetAccountBalance()' [c:\Users\Peter\Documents\GitHub\kalshi-trading-bot\BacklashInterfaces\BacklashInterfaces.csproj]
c:\Users\Peter\Documents\GitHub\kalshi-trading-bot\BacklashInterfaces\SmokehouseBot\Services\IMarketDataService.cs(32,16): warning CS1591: Missing XML comment for publicly visible type or member 'IMarketDataService.GetPortfolioValue()' [c:\Users\Peter\Documents\GitHub\kalshi-trading-bot\BacklashInterfaces\BacklashInterfaces.csproj]
c:\Users\Peter\Documents\GitHub\kalshi-trading-bot\BacklashInterfaces\SmokehouseBot\Services\IMarketDataService.cs(33,18): warning CS1591: Missing XML comment for publicly visible type or member 'IMarketDataService.GetLatestWebSocketTimestamp()' [c:\Users\Peter\Documents\GitHub\kalshi-trading-bot\BacklashInterfaces\BacklashInterfaces.csproj]
c:\Users\Peter\Documents\GitHub\kalshi-trading-bot\BacklashInterfaces\SmokehouseBot\Services\IMarketDataService.cs(34,14): warning CS1591: Missing XML comment for publicly visible type or member 'IMarketDataService.UpdateAccountBalanceAsync()' [c:\Users\Peter\Documents\GitHub\kalshi-trading-bot\BacklashInterfaces\BacklashInterfaces.csproj]
c:\Users\Peter\Documents\GitHub\kalshi-trading-bot\BacklashInterfaces\SmokehouseBot\Services\IMarketDataService.cs(35,14): warning CS1591: Missing XML comment for publicly visible type or member 'IMarketDataService.ProcessTickerUpdate(string, Guid, int, int, int, int, int, int, int, long, DateTime, DateTime?)' [c:\Users\Peter\Documents\GitHub\kalshi-trading-bot\BacklashInterfaces\BacklashInterfaces.csproj]
c:\Users\Peter\Documents\GitHub\kalshi-trading-bot\BacklashInterfaces\SmokehouseBot\Services\IMarketDataService.cs(36,14): warning CS1591: Missing XML comment for publicly visible type or member 'IMarketDataService.NotifyMarketDataUpdated(string)' [c:\Users\Peter\Documents\GitHub\kalshi-trading-bot\BacklashInterfaces\BacklashInterfaces.csproj]
c:\Users\Peter\Documents\GitHub\kalshi-trading-bot\BacklashInterfaces\SmokehouseBot\Services\IMarketDataService.cs(37,14): warning CS1591: Missing XML comment for publicly visible type or member 'IMarketDataService.NotifyPositionDataUpdated(string)' [c:\Users\Peter\Documents\GitHub\kalshi-trading-bot\BacklashInterfaces\BacklashInterfaces.csproj]
c:\Users\Peter\Documents\GitHub\kalshi-trading-bot\BacklashInterfaces\SmokehouseBot\Services\IMarketDataService.cs(38,14): warning CS1591: Missing XML comment for publicly visible type or member 'IMarketDataService.NotifyTickerAdded(string)' [c:\Users\Peter\Documents\GitHub\kalshi-trading-bot\BacklashInterfaces\BacklashInterfaces.csproj]
c:\Users\Peter\Documents\GitHub\kalshi-trading-bot\BacklashInterfaces\SmokehouseBot\Services\IMarketDataService.cs(39,14): warning CS1591: Missing XML comment for publicly visible type or member 'IMarketDataService.NotifyAccountBalanceUpdated(string)' [c:\Users\Peter\Documents\GitHub\kalshi-trading-bot\BacklashInterfaces\BacklashInterfaces.csproj]
c:\Users\Peter\Documents\GitHub\kalshi-trading-bot\BacklashInterfaces\SmokehouseBot\Services\IMarketDataService.cs(40,31): warning CS1591: Missing XML comment for publicly visible type or member 'IMarketDataService.ForwardFillCandlesticks(List<CandlestickData>, string)' [c:\Users\Peter\Documents\GitHub\kalshi-trading-bot\BacklashInterfaces\BacklashInterfaces.csproj]
c:\Users\Peter\Documents\GitHub\kalshi-trading-bot\BacklashInterfaces\SmokehouseBot\Services\IMarketDataService.cs(41,14): warning CS1591: Missing XML comment for publicly visible type or member 'IMarketDataService.ConfigureWebSocketEventHandlers()' [c:\Users\Peter\Documents\GitHub\kalshi-trading-bot\BacklashInterfaces\BacklashInterfaces.csproj]
c:\Users\Peter\Documents\GitHub\kalshi-trading-bot\BacklashInterfaces\SmokehouseBot\Services\IMarketDataService.cs(42,14): warning CS1591: Missing XML comment for publicly visible type or member 'IMarketDataService.RetrieveAndUpdatePositionsAsync()' [c:\Users\Peter\Documents\GitHub\kalshi-trading-bot\BacklashInterfaces\BacklashInterfaces.csproj]
c:\Users\Peter\Documents\GitHub\kalshi-trading-bot\BacklashInterfaces\SmokehouseBot\Services\IMarketDataService.cs(43,14): warning CS1591: Missing XML comment for publicly visible type or member 'IMarketDataService.SubscribeToMarketChannelsAsync(string)' [c:\Users\Peter\Documents\GitHub\kalshi-trading-bot\BacklashInterfaces\BacklashInterfaces.csproj]
c:\Users\Peter\Documents\GitHub\kalshi-trading-bot\BacklashInterfaces\SmokehouseBot\Services\IMarketRefreshService.cs(3,22): warning CS1591: Missing XML comment for publicly visible type or member 'IMarketRefreshService' [c:\Users\Peter\Documents\GitHub\kalshi-trading-bot\BacklashInterfaces\BacklashInterfaces.csproj]
c:\Users\Peter\Documents\GitHub\kalshi-trading-bot\BacklashInterfaces\SmokehouseBot\Services\IMarketRefreshService.cs(5,14): warning CS1591: Missing XML comment for publicly visible type or member 'IMarketRefreshService.ExecuteServicesAsync(CancellationToken)' [c:\Users\Peter\Documents\GitHub\kalshi-trading-bot\BacklashInterfaces\BacklashInterfaces.csproj]
c:\Users\Peter\Documents\GitHub\kalshi-trading-bot\BacklashInterfaces\SmokehouseBot\Services\IMarketRefreshService.cs(6,14): warning CS1591: Missing XML comment for publicly visible type or member 'IMarketRefreshService.TriggerImmediateRefreshAsync(string)' [c:\Users\Peter\Documents\GitHub\kalshi-trading-bot\BacklashInterfaces\BacklashInterfaces.csproj]
c:\Users\Peter\Documents\GitHub\kalshi-trading-bot\BacklashInterfaces\SmokehouseBot\Services\IMarketRefreshService.cs(7,14): warning CS1591: Missing XML comment for publicly visible type or member 'IMarketRefreshService.IsRunning()' [c:\Users\Peter\Documents\GitHub\kalshi-trading-bot\BacklashInterfaces\BacklashInterfaces.csproj]
c:\Users\Peter\Documents\GitHub\kalshi-trading-bot\BacklashInterfaces\SmokehouseBot\Services\IMarketRefreshService.cs(8,14): warning CS1591: Missing XML comment for publicly visible type or member 'IMarketRefreshService.StopAsync(CancellationToken)' [c:\Users\Peter\Documents\GitHub\kalshi-trading-bot\BacklashInterfaces\BacklashInterfaces.csproj]
c:\Users\Peter\Documents\GitHub\kalshi-trading-bot\BacklashInterfaces\SmokehouseBot\Services\IMarketRefreshService.cs(10,18): warning CS1591: Missing XML comment for publicly visible type or member 'IMarketRefreshService.LastWorkDuration' [c:\Users\Peter\Documents\GitHub\kalshi-trading-bot\BacklashInterfaces\BacklashInterfaces.csproj]
c:\Users\Peter\Documents\GitHub\kalshi-trading-bot\BacklashInterfaces\SmokehouseBot\Services\IMarketRefreshService.cs(11,13): warning CS1591: Missing XML comment for publicly visible type or member 'IMarketRefreshService.LastWorkMarketCount' [c:\Users\Peter\Documents\GitHub\kalshi-trading-bot\BacklashInterfaces\BacklashInterfaces.csproj]
c:\Users\Peter\Documents\GitHub\kalshi-trading-bot\BacklashInterfaces\SmokehouseBot\Services\IMarketRefreshService.cs(12,14): warning CS1591: Missing XML comment for publicly visible type or member 'IMarketRefreshService.TotalRefreshOperations' [c:\Users\Peter\Documents\GitHub\kalshi-trading-bot\BacklashInterfaces\BacklashInterfaces.csproj]
c:\Users\Peter\Documents\GitHub\kalshi-trading-bot\BacklashInterfaces\SmokehouseBot\Services\IMarketRefreshService.cs(13,18): warning CS1591: Missing XML comment for publicly visible type or member 'IMarketRefreshService.AverageRefreshTimePerMarket' [c:\Users\Peter\Documents\GitHub\kalshi-trading-bot\BacklashInterfaces\BacklashInterfaces.csproj]
c:\Users\Peter\Documents\GitHub\kalshi-trading-bot\BacklashInterfaces\SmokehouseBot\Services\IMarketRefreshService.cs(14,13): warning CS1591: Missing XML comment for publicly visible type or member 'IMarketRefreshService.LastRefreshCount' [c:\Users\Peter\Documents\GitHub\kalshi-trading-bot\BacklashInterfaces\BacklashInterfaces.csproj]
c:\Users\Peter\Documents\GitHub\kalshi-trading-bot\BacklashInterfaces\SmokehouseBot\Services\IMarketRefreshService.cs(15,18): warning CS1591: Missing XML comment for publicly visible type or member 'IMarketRefreshService.LastCpuTime' [c:\Users\Peter\Documents\GitHub\kalshi-trading-bot\BacklashInterfaces\BacklashInterfaces.csproj]
c:\Users\Peter\Documents\GitHub\kalshi-trading-bot\BacklashInterfaces\SmokehouseBot\Services\IMarketRefreshService.cs(16,14): warning CS1591: Missing XML comment for publicly visible type or member 'IMarketRefreshService.LastMemoryUsage' [c:\Users\Peter\Documents\GitHub\kalshi-trading-bot\BacklashInterfaces\BacklashInterfaces.csproj]
c:\Users\Peter\Documents\GitHub\kalshi-trading-bot\BacklashInterfaces\SmokehouseBot\Services\IMarketRefreshService.cs(17,16): warning CS1591: Missing XML comment for publicly visible type or member 'IMarketRefreshService.RefreshThroughput' [c:\Users\Peter\Documents\GitHub\kalshi-trading-bot\BacklashInterfaces\BacklashInterfaces.csproj]
c:\Users\Peter\Documents\GitHub\kalshi-trading-bot\BacklashInterfaces\SmokehouseBot\Services\IOrderbookChangeTracker.cs(6,22): warning CS1591: Missing XML comment for publicly visible type or member 'IOrderbookChangeTracker' [c:\Users\Peter\Documents\GitHub\kalshi-trading-bot\BacklashInterfaces\BacklashInterfaces.csproj]
c:\Users\Peter\Documents\GitHub\kalshi-trading-bot\BacklashInterfaces\SmokehouseBot\Services\IOrderbookChangeTracker.cs(8,21): warning CS1591: Missing XML comment for publicly visible type or member 'IOrderbookChangeTracker.Market' [c:\Users\Peter\Documents\GitHub\kalshi-trading-bot\BacklashInterfaces\BacklashInterfaces.csproj]
c:\Users\Peter\Documents\GitHub\kalshi-trading-bot\BacklashInterfaces\SmokehouseBot\Services\IOrderbookChangeTracker.cs(9,14): warning CS1591: Missing XML comment for publicly visible type or member 'IOrderbookChangeTracker.IsMature' [c:\Users\Peter\Documents\GitHub\kalshi-trading-bot\BacklashInterfaces\BacklashInterfaces.csproj]
c:\Users\Peter\Documents\GitHub\kalshi-trading-bot\BacklashInterfaces\SmokehouseBot\Services\IOrderbookChangeTracker.cs(10,18): warning CS1591: Missing XML comment for publicly visible type or member 'IOrderbookChangeTracker.ChangeWindowDuration' [c:\Users\Peter\Documents\GitHub\kalshi-trading-bot\BacklashInterfaces\BacklashInterfaces.csproj]
c:\Users\Peter\Documents\GitHub\kalshi-trading-bot\BacklashInterfaces\SmokehouseBot\Services\IOrderbookChangeTracker.cs(11,18): warning CS1591: Missing XML comment for publicly visible type or member 'IOrderbookChangeTracker.TradeMatchingWindow' [c:\Users\Peter\Documents\GitHub\kalshi-trading-bot\BacklashInterfaces\BacklashInterfaces.csproj]
c:\Users\Peter\Documents\GitHub\kalshi-trading-bot\BacklashInterfaces\SmokehouseBot\Services\IOrderbookChangeTracker.cs(12,18): warning CS1591: Missing XML comment for publicly visible type or member 'IOrderbookChangeTracker.OrderbookCancelWindow' [c:\Users\Peter\Documents\GitHub\kalshi-trading-bot\BacklashInterfaces\BacklashInterfaces.csproj]
c:\Users\Peter\Documents\GitHub\kalshi-trading-bot\BacklashInterfaces\SmokehouseBot\Services\IOrderbookChangeTracker.cs(13,18): warning CS1591: Missing XML comment for publicly visible type or member 'IOrderbookChangeTracker.LastMarketOpenTime' [c:\Users\Peter\Documents\GitHub\kalshi-trading-bot\BacklashInterfaces\BacklashInterfaces.csproj]
c:\Users\Peter\Documents\GitHub\kalshi-trading-bot\BacklashInterfaces\SmokehouseBot\Services\IOrderbookChangeTracker.cs(14,14): warning CS1591: Missing XML comment for publicly visible type or member 'IOrderbookChangeTracker.UpdateMarketStatus(bool, bool)' [c:\Users\Peter\Documents\GitHub\kalshi-trading-bot\BacklashInterfaces\BacklashInterfaces.csproj]
c:\Users\Peter\Documents\GitHub\kalshi-trading-bot\BacklashInterfaces\SmokehouseBot\Services\IOrderbookChangeTracker.cs(15,14): warning CS1591: Missing XML comment for publicly visible type or member 'IOrderbookChangeTracker.Stop()' [c:\Users\Peter\Documents\GitHub\kalshi-trading-bot\BacklashInterfaces\BacklashInterfaces.csproj]
c:\Users\Peter\Documents\GitHub\kalshi-trading-bot\BacklashInterfaces\SmokehouseBot\Services\IOrderbookChangeTracker.cs(16,14): warning CS1591: Missing XML comment for publicly visible type or member 'IOrderbookChangeTracker.ProcessOrderbookSnapshot(List<OrderbookData>, List<OrderbookData>)' [c:\Users\Peter\Documents\GitHub\kalshi-trading-bot\BacklashInterfaces\BacklashInterfaces.csproj]
c:\Users\Peter\Documents\GitHub\kalshi-trading-bot\BacklashInterfaces\SmokehouseBot\Services\IOrderbookChangeTracker.cs(17,14): warning CS1591: Missing XML comment for publicly visible type or member 'IOrderbookChangeTracker.RecordOrderbookChange(string, int, int)' [c:\Users\Peter\Documents\GitHub\kalshi-trading-bot\BacklashInterfaces\BacklashInterfaces.csproj]
c:\Users\Peter\Documents\GitHub\kalshi-trading-bot\BacklashInterfaces\SmokehouseBot\Services\IOrderbookChangeTracker.cs(18,14): warning CS1591: Missing XML comment for publicly visible type or member 'IOrderbookChangeTracker.RecordTrade(string, int, int, int, DateTime)' [c:\Users\Peter\Documents\GitHub\kalshi-trading-bot\BacklashInterfaces\BacklashInterfaces.csproj]
c:\Users\Peter\Documents\GitHub\kalshi-trading-bot\BacklashInterfaces\SmokehouseBot\Services\IOrderbookChangeTracker.cs(19,37): warning CS1591: Missing XML comment for publicly visible type or member 'IOrderbookChangeTracker.GetBottomNoVelocityPerMinute(List<OrderbookData>, List<OrderbookChange>, int)' [c:\Users\Peter\Documents\GitHub\kalshi-trading-bot\BacklashInterfaces\BacklashInterfaces.csproj]
c:\Users\Peter\Documents\GitHub\kalshi-trading-bot\BacklashInterfaces\SmokehouseBot\Services\IOrderbookChangeTracker.cs(20,37): warning CS1591: Missing XML comment for publicly visible type or member 'IOrderbookChangeTracker.GetBottomYesVelocityPerMinute(List<OrderbookData>, List<OrderbookChange>, int)' [c:\Users\Peter\Documents\GitHub\kalshi-trading-bot\BacklashInterfaces\BacklashInterfaces.csproj]
c:\Users\Peter\Documents\GitHub\kalshi-trading-bot\BacklashInterfaces\SmokehouseBot\Services\IOrderbookChangeTracker.cs(21,37): warning CS1591: Missing XML comment for publicly visible type or member 'IOrderbookChangeTracker.GetTopNoVelocityPerMinute(List<OrderbookData>, List<OrderbookChange>, int)' [c:\Users\Peter\Documents\GitHub\kalshi-trading-bot\BacklashInterfaces\BacklashInterfaces.csproj]
c:\Users\Peter\Documents\GitHub\kalshi-trading-bot\BacklashInterfaces\SmokehouseBot\Services\IOrderbookChangeTracker.cs(22,37): warning CS1591: Missing XML comment for publicly visible type or member 'IOrderbookChangeTracker.GetTopYesVelocityPerMinute(List<OrderbookData>, List<OrderbookChange>, int)' [c:\Users\Peter\Documents\GitHub\kalshi-trading-bot\BacklashInterfaces\BacklashInterfaces.csproj]
c:\Users\Peter\Documents\GitHub\kalshi-trading-bot\BacklashInterfaces\SmokehouseBot\Services\IOrderbookChangeTracker.cs(23,36): warning CS1591: Missing XML comment for publicly visible type or member 'IOrderbookChangeTracker.GetYesNetOrderVolumePerMinute(List<OrderbookChange>)' [c:\Users\Peter\Documents\GitHub\kalshi-trading-bot\BacklashInterfaces\BacklashInterfaces.csproj]
c:\Users\Peter\Documents\GitHub\kalshi-trading-bot\BacklashInterfaces\SmokehouseBot\Services\IOrderbookChangeTracker.cs(24,36): warning CS1591: Missing XML comment for publicly visible type or member 'IOrderbookChangeTracker.GetNoNetOrderVolumePerMinute(List<OrderbookChange>)' [c:\Users\Peter\Documents\GitHub\kalshi-trading-bot\BacklashInterfaces\BacklashInterfaces.csproj]
c:\Users\Peter\Documents\GitHub\kalshi-trading-bot\BacklashInterfaces\SmokehouseBot\Services\IOrderbookChangeTracker.cs(25,38): warning CS1591: Missing XML comment for publicly visible type or member 'IOrderbookChangeTracker.GetTradeRatePerMinute_MakerYes(List<OrderbookChange>)' [c:\Users\Peter\Documents\GitHub\kalshi-trading-bot\BacklashInterfaces\BacklashInterfaces.csproj]
c:\Users\Peter\Documents\GitHub\kalshi-trading-bot\BacklashInterfaces\SmokehouseBot\Services\IOrderbookChangeTracker.cs(26,38): warning CS1591: Missing XML comment for publicly visible type or member 'IOrderbookChangeTracker.GetTradeRatePerMinute_MakerNo(List<OrderbookChange>)' [c:\Users\Peter\Documents\GitHub\kalshi-trading-bot\BacklashInterfaces\BacklashInterfaces.csproj]
c:\Users\Peter\Documents\GitHub\kalshi-trading-bot\BacklashInterfaces\SmokehouseBot\Services\IOrderbookChangeTracker.cs(27,16): warning CS1591: Missing XML comment for publicly visible type or member 'IOrderbookChangeTracker.GetAverageTradeSize_MakerYes(List<OrderbookChange>)' [c:\Users\Peter\Documents\GitHub\kalshi-trading-bot\BacklashInterfaces\BacklashInterfaces.csproj]
c:\Users\Peter\Documents\GitHub\kalshi-trading-bot\BacklashInterfaces\SmokehouseBot\Services\IOrderbookChangeTracker.cs(28,16): warning CS1591: Missing XML comment for publicly visible type or member 'IOrderbookChangeTracker.GetAverageTradeSize_MakerNo(List<OrderbookChange>)' [c:\Users\Peter\Documents\GitHub\kalshi-trading-bot\BacklashInterfaces\BacklashInterfaces.csproj]
c:\Users\Peter\Documents\GitHub\kalshi-trading-bot\BacklashInterfaces\SmokehouseBot\Services\IOrderbookChangeTracker.cs(29,13): warning CS1591: Missing XML comment for publicly visible type or member 'IOrderbookChangeTracker.GetTradeCount_MakerYes()' [c:\Users\Peter\Documents\GitHub\kalshi-trading-bot\BacklashInterfaces\BacklashInterfaces.csproj]
c:\Users\Peter\Documents\GitHub\kalshi-trading-bot\BacklashInterfaces\SmokehouseBot\Services\IOrderbookChangeTracker.cs(30,13): warning CS1591: Missing XML comment for publicly visible type or member 'IOrderbookChangeTracker.GetTradeCount_MakerNo()' [c:\Users\Peter\Documents\GitHub\kalshi-trading-bot\BacklashInterfaces\BacklashInterfaces.csproj]
c:\Users\Peter\Documents\GitHub\kalshi-trading-bot\BacklashInterfaces\SmokehouseBot\Services\IOrderbookChangeTracker.cs(31,13): warning CS1591: Missing XML comment for publicly visible type or member 'IOrderbookChangeTracker.GetTopLevels(List<OrderbookData>, int)' [c:\Users\Peter\Documents\GitHub\kalshi-trading-bot\BacklashInterfaces\BacklashInterfaces.csproj]
c:\Users\Peter\Documents\GitHub\kalshi-trading-bot\BacklashInterfaces\SmokehouseBot\Services\IOrderbookChangeTracker.cs(32,13): warning CS1591: Missing XML comment for publicly visible type or member 'IOrderbookChangeTracker.GetBottomLevels(List<OrderbookData>, int)' [c:\Users\Peter\Documents\GitHub\kalshi-trading-bot\BacklashInterfaces\BacklashInterfaces.csproj]
c:\Users\Peter\Documents\GitHub\kalshi-trading-bot\BacklashInterfaces\SmokehouseBot\Services\IOrderbookChangeTracker.cs(33,14): warning CS1591: Missing XML comment for publicly visible type or member 'IOrderbookChangeTracker.RecalculateAllMetrics()' [c:\Users\Peter\Documents\GitHub\kalshi-trading-bot\BacklashInterfaces\BacklashInterfaces.csproj]
c:\Users\Peter\Documents\GitHub\kalshi-trading-bot\BacklashInterfaces\SmokehouseBot\Services\IOrderbookChangeTracker.cs(34,14): warning CS1591: Missing XML comment for publicly visible type or member 'IOrderbookChangeTracker.Shutdown()' [c:\Users\Peter\Documents\GitHub\kalshi-trading-bot\BacklashInterfaces\BacklashInterfaces.csproj]
c:\Users\Peter\Documents\GitHub\kalshi-trading-bot\BacklashInterfaces\SmokehouseBot\Services\IOrderBookService.cs(5,22): warning CS1591: Missing XML comment for publicly visible type or member 'IOrderBookService' [c:\Users\Peter\Documents\GitHub\kalshi-trading-bot\BacklashInterfaces\BacklashInterfaces.csproj]
c:\Users\Peter\Documents\GitHub\kalshi-trading-bot\BacklashInterfaces\SmokehouseBot\Services\IOrderBookService.cs(7,36): warning CS1591: Missing XML comment for publicly visible type or member 'IOrderBookService.OrderBookUpdated' [c:\Users\Peter\Documents\GitHub\kalshi-trading-bot\BacklashInterfaces\BacklashInterfaces.csproj]
c:\Users\Peter\Documents\GitHub\kalshi-trading-bot\BacklashInterfaces\SmokehouseBot\Services\IOrderBookService.cs(8,14): warning CS1591: Missing XML comment for publicly visible type or member 'IOrderBookService.ConfigureWebSocketEventHandlers()' [c:\Users\Peter\Documents\GitHub\kalshi-trading-bot\BacklashInterfaces\BacklashInterfaces.csproj]
c:\Users\Peter\Documents\GitHub\kalshi-trading-bot\BacklashInterfaces\SmokehouseBot\Services\IOrderBookService.cs(9,29): warning CS1591: Missing XML comment for publicly visible type or member 'IOrderBookService.GetCurrentOrderBook(string)' [c:\Users\Peter\Documents\GitHub\kalshi-trading-bot\BacklashInterfaces\BacklashInterfaces.csproj]
c:\Users\Peter\Documents\GitHub\kalshi-trading-bot\BacklashInterfaces\SmokehouseBot\Services\IOrderBookService.cs(10,14): warning CS1591: Missing XML comment for publicly visible type or member 'IOrderBookService.SyncOrderBookAsync(string)' [c:\Users\Peter\Documents\GitHub\kalshi-trading-bot\BacklashInterfaces\BacklashInterfaces.csproj]
c:\Users\Peter\Documents\GitHub\kalshi-trading-bot\BacklashInterfaces\SmokehouseBot\Services\IOrderBookService.cs(11,14): warning CS1591: Missing XML comment for publicly visible type or member 'IOrderBookService.ClearQueueForMarketAsync(string)' [c:\Users\Peter\Documents\GitHub\kalshi-trading-bot\BacklashInterfaces\BacklashInterfaces.csproj]
c:\Users\Peter\Documents\GitHub\kalshi-trading-bot\BacklashInterfaces\SmokehouseBot\Services\IOrderBookService.cs(12,14): warning CS1591: Missing XML comment for publicly visible type or member 'IOrderBookService.StartServicesAsync()' [c:\Users\Peter\Documents\GitHub\kalshi-trading-bot\BacklashInterfaces\BacklashInterfaces.csproj]
c:\Users\Peter\Documents\GitHub\kalshi-trading-bot\BacklashInterfaces\SmokehouseBot\Services\IOrderBookService.cs(14,14): warning CS1591: Missing XML comment for publicly visible type or member 'IOrderBookService.IsEventQueueUnderLimit(int)' [c:\Users\Peter\Documents\GitHub\kalshi-trading-bot\BacklashInterfaces\BacklashInterfaces.csproj]
c:\Users\Peter\Documents\GitHub\kalshi-trading-bot\BacklashInterfaces\SmokehouseBot\Services\IOrderBookService.cs(16,14): warning CS1591: Missing XML comment for publicly visible type or member 'IOrderBookService.StopServicesAsync()' [c:\Users\Peter\Documents\GitHub\kalshi-trading-bot\BacklashInterfaces\BacklashInterfaces.csproj]
c:\Users\Peter\Documents\GitHub\kalshi-trading-bot\BacklashInterfaces\SmokehouseBot\Services\IOrderBookService.cs(18,81): warning CS1591: Missing XML comment for publicly visible type or member 'IOrderBookService.GetQueueCounts()' [c:\Users\Peter\Documents\GitHub\kalshi-trading-bot\BacklashInterfaces\BacklashInterfaces.csproj]
c:\Users\Peter\Documents\GitHub\kalshi-trading-bot\BacklashInterfaces\SmokehouseBot\Services\IScopeManagerService.cs(5,22): warning CS1591: Missing XML comment for publicly visible type or member 'IScopeManagerService' [c:\Users\Peter\Documents\GitHub\kalshi-trading-bot\BacklashInterfaces\BacklashInterfaces.csproj]
c:\Users\Peter\Documents\GitHub\kalshi-trading-bot\BacklashInterfaces\SmokehouseBot\Services\IScopeManagerService.cs(7,14): warning CS1591: Missing XML comment for publicly visible type or member 'IScopeManagerService.InitializeScope()' [c:\Users\Peter\Documents\GitHub\kalshi-trading-bot\BacklashInterfaces\BacklashInterfaces.csproj]
c:\Users\Peter\Documents\GitHub\kalshi-trading-bot\BacklashInterfaces\SmokehouseBot\Services\IScopeManagerService.cs(8,14): warning CS1591: Missing XML comment for publicly visible type or member 'IScopeManagerService.ResetAll()' [c:\Users\Peter\Documents\GitHub\kalshi-trading-bot\BacklashInterfaces\BacklashInterfaces.csproj]
c:\Users\Peter\Documents\GitHub\kalshi-trading-bot\BacklashInterfaces\SmokehouseBot\Services\IScopeManagerService.cs(9,23): warning CS1591: Missing XML comment for publicly visible type or member 'IScopeManagerService.Scope' [c:\Users\Peter\Documents\GitHub\kalshi-trading-bot\BacklashInterfaces\BacklashInterfaces.csproj]
c:\Users\Peter\Documents\GitHub\kalshi-trading-bot\BacklashInterfaces\SmokehouseBot\Services\IScopeManagerService.cs(10,23): warning CS1591: Missing XML comment for publicly visible type or member 'IScopeManagerService.CreateScope()' [c:\Users\Peter\Documents\GitHub\kalshi-trading-bot\BacklashInterfaces\BacklashInterfaces.csproj]
c:\Users\Peter\Documents\GitHub\kalshi-trading-bot\BacklashInterfaces\SmokehouseBot\Services\IServiceFactory.cs(9,22): warning CS1591: Missing XML comment for publicly visible type or member 'IServiceFactory' [c:\Users\Peter\Documents\GitHub\kalshi-trading-bot\BacklashInterfaces\BacklashInterfaces.csproj]
c:\Users\Peter\Documents\GitHub\kalshi-trading-bot\BacklashInterfaces\SmokehouseBot\Services\IServiceFactory.cs(11,33): warning CS1591: Missing XML comment for publicly visible type or member 'IServiceFactory.GetKalshiWebSocketClient()' [c:\Users\Peter\Documents\GitHub\kalshi-trading-bot\BacklashInterfaces\BacklashInterfaces.csproj]
c:\Users\Peter\Documents\GitHub\kalshi-trading-bot\BacklashInterfaces\SmokehouseBot\Services\IServiceFactory.cs(12,32): warning CS1591: Missing XML comment for publicly visible type or member 'IServiceFactory.GetInterestScoreService()' [c:\Users\Peter\Documents\GitHub\kalshi-trading-bot\BacklashInterfaces\BacklashInterfaces.csproj]
c:\Users\Peter\Documents\GitHub\kalshi-trading-bot\BacklashInterfaces\SmokehouseBot\Services\IServiceFactory.cs(13,26): warning CS1591: Missing XML comment for publicly visible type or member 'IServiceFactory.GetSqlDataService()' [c:\Users\Peter\Documents\GitHub\kalshi-trading-bot\BacklashInterfaces\BacklashInterfaces.csproj]
c:\Users\Peter\Documents\GitHub\kalshi-trading-bot\BacklashInterfaces\SmokehouseBot\Services\IServiceFactory.cs(14,34): warning CS1591: Missing XML comment for publicly visible type or member 'IServiceFactory.GetTradingSnapshotService()' [c:\Users\Peter\Documents\GitHub\kalshi-trading-bot\BacklashInterfaces\BacklashInterfaces.csproj]
c:\Users\Peter\Documents\GitHub\kalshi-trading-bot\BacklashInterfaces\SmokehouseBot\Services\IServiceFactory.cs(15,29): warning CS1591: Missing XML comment for publicly visible type or member 'IServiceFactory.GetMarketDataService()' [c:\Users\Peter\Documents\GitHub\kalshi-trading-bot\BacklashInterfaces\BacklashInterfaces.csproj]
c:\Users\Peter\Documents\GitHub\kalshi-trading-bot\BacklashInterfaces\SmokehouseBot\Services\IServiceFactory.cs(16,29): warning CS1591: Missing XML comment for publicly visible type or member 'IServiceFactory.GetTradingCalculator()' [c:\Users\Peter\Documents\GitHub\kalshi-trading-bot\BacklashInterfaces\BacklashInterfaces.csproj]
c:\Users\Peter\Documents\GitHub\kalshi-trading-bot\BacklashInterfaces\SmokehouseBot\Services\IServiceFactory.cs(17,28): warning CS1591: Missing XML comment for publicly visible type or member 'IServiceFactory.GetOrderBookService()' [c:\Users\Peter\Documents\GitHub\kalshi-trading-bot\BacklashInterfaces\BacklashInterfaces.csproj]
c:\Users\Peter\Documents\GitHub\kalshi-trading-bot\BacklashInterfaces\SmokehouseBot\Services\IServiceFactory.cs(18,37): warning CS1591: Missing XML comment for publicly visible type or member 'IServiceFactory.GetPerformanceMonitor()' [c:\Users\Peter\Documents\GitHub\kalshi-trading-bot\BacklashInterfaces\BacklashInterfaces.csproj]
c:\Users\Peter\Documents\GitHub\kalshi-trading-bot\BacklashInterfaces\SmokehouseBot\Services\IServiceFactory.cs(19,21): warning CS1591: Missing XML comment for publicly visible type or member 'IServiceFactory.GetDataCache()' [c:\Users\Peter\Documents\GitHub\kalshi-trading-bot\BacklashInterfaces\BacklashInterfaces.csproj]
c:\Users\Peter\Documents\GitHub\kalshi-trading-bot\BacklashInterfaces\SmokehouseBot\Services\IServiceFactory.cs(20,33): warning CS1591: Missing XML comment for publicly visible type or member 'IServiceFactory.GetMarketDataInitializer()' [c:\Users\Peter\Documents\GitHub\kalshi-trading-bot\BacklashInterfaces\BacklashInterfaces.csproj]
c:\Users\Peter\Documents\GitHub\kalshi-trading-bot\BacklashInterfaces\SmokehouseBot\Services\IServiceFactory.cs(21,30): warning CS1591: Missing XML comment for publicly visible type or member 'IServiceFactory.GetCandlestickService()' [c:\Users\Peter\Documents\GitHub\kalshi-trading-bot\BacklashInterfaces\BacklashInterfaces.csproj]
c:\Users\Peter\Documents\GitHub\kalshi-trading-bot\BacklashInterfaces\SmokehouseBot\Services\IServiceFactory.cs(22,28): warning CS1591: Missing XML comment for publicly visible type or member 'IServiceFactory.GetBroadcastService()' [c:\Users\Peter\Documents\GitHub\kalshi-trading-bot\BacklashInterfaces\BacklashInterfaces.csproj]
c:\Users\Peter\Documents\GitHub\kalshi-trading-bot\BacklashInterfaces\SmokehouseBot\Services\IServiceFactory.cs(23,32): warning CS1591: Missing XML comment for publicly visible type or member 'IServiceFactory.GetMarketRefreshService()' [c:\Users\Peter\Documents\GitHub\kalshi-trading-bot\BacklashInterfaces\BacklashInterfaces.csproj]
c:\Users\Peter\Documents\GitHub\kalshi-trading-bot\BacklashInterfaces\SmokehouseBot\Services\IServiceFactory.cs(24,35): warning CS1591: Missing XML comment for publicly visible type or member 'IServiceFactory.GetWebSocketHostedService()' [c:\Users\Peter\Documents\GitHub\kalshi-trading-bot\BacklashInterfaces\BacklashInterfaces.csproj]
c:\Users\Peter\Documents\GitHub\kalshi-trading-bot\BacklashInterfaces\SmokehouseBot\Services\IServiceFactory.cs(25,31): warning CS1591: Missing XML comment for publicly visible type or member 'IServiceFactory.GetBacklashErrorHandler()' [c:\Users\Peter\Documents\GitHub\kalshi-trading-bot\BacklashInterfaces\BacklashInterfaces.csproj]
c:\Users\Peter\Documents\GitHub\kalshi-trading-bot\BacklashInterfaces\SmokehouseBot\Services\IServiceFactory.cs(26,33): warning CS1591: Missing XML comment for publicly visible type or member 'IServiceFactory.GetOverseerClientService()' [c:\Users\Peter\Documents\GitHub\kalshi-trading-bot\BacklashInterfaces\BacklashInterfaces.csproj]
c:\Users\Peter\Documents\GitHub\kalshi-trading-bot\BacklashInterfaces\SmokehouseBot\Services\IServiceFactory.cs(27,30): warning CS1591: Missing XML comment for publicly visible type or member 'IServiceFactory.GetScopeManager()' [c:\Users\Peter\Documents\GitHub\kalshi-trading-bot\BacklashInterfaces\BacklashInterfaces.csproj]
c:\Users\Peter\Documents\GitHub\kalshi-trading-bot\BacklashInterfaces\SmokehouseBot\Services\IServiceFactory.cs(28,14): warning CS1591: Missing XML comment for publicly visible type or member 'IServiceFactory.ResetAll()' [c:\Users\Peter\Documents\GitHub\kalshi-trading-bot\BacklashInterfaces\BacklashInterfaces.csproj]
c:\Users\Peter\Documents\GitHub\kalshi-trading-bot\BacklashInterfaces\SmokehouseBot\Services\IServiceFactory.cs(29,14): warning CS1591: Missing XML comment for publicly visible type or member 'IServiceFactory.InitializeServices(Guid)' [c:\Users\Peter\Documents\GitHub\kalshi-trading-bot\BacklashInterfaces\BacklashInterfaces.csproj]
c:\Users\Peter\Documents\GitHub\kalshi-trading-bot\BacklashInterfaces\SmokehouseBot\Services\ISqlDataService.cs(5,22): warning CS1591: Missing XML comment for publicly visible type or member 'ISqlDataService' [c:\Users\Peter\Documents\GitHub\kalshi-trading-bot\BacklashInterfaces\BacklashInterfaces.csproj]
c:\Users\Peter\Documents\GitHub\kalshi-trading-bot\BacklashInterfaces\SmokehouseBot\Services\ISqlDataService.cs(7,14): warning CS1591: Missing XML comment for publicly visible type or member 'ISqlDataService.StoreOrderBookAsync(JsonElement, string)' [c:\Users\Peter\Documents\GitHub\kalshi-trading-bot\BacklashInterfaces\BacklashInterfaces.csproj]
c:\Users\Peter\Documents\GitHub\kalshi-trading-bot\BacklashInterfaces\SmokehouseBot\Services\ISqlDataService.cs(8,14): warning CS1591: Missing XML comment for publicly visible type or member 'ISqlDataService.StoreTickerAsync(JsonElement)' [c:\Users\Peter\Documents\GitHub\kalshi-trading-bot\BacklashInterfaces\BacklashInterfaces.csproj]
c:\Users\Peter\Documents\GitHub\kalshi-trading-bot\BacklashInterfaces\SmokehouseBot\Services\ISqlDataService.cs(9,14): warning CS1591: Missing XML comment for publicly visible type or member 'ISqlDataService.StoreTradeAsync(JsonElement)' [c:\Users\Peter\Documents\GitHub\kalshi-trading-bot\BacklashInterfaces\BacklashInterfaces.csproj]
c:\Users\Peter\Documents\GitHub\kalshi-trading-bot\BacklashInterfaces\SmokehouseBot\Services\ISqlDataService.cs(10,14): warning CS1591: Missing XML comment for publicly visible type or member 'ISqlDataService.StoreFillAsync(JsonElement)' [c:\Users\Peter\Documents\GitHub\kalshi-trading-bot\BacklashInterfaces\BacklashInterfaces.csproj]
c:\Users\Peter\Documents\GitHub\kalshi-trading-bot\BacklashInterfaces\SmokehouseBot\Services\ISqlDataService.cs(11,14): warning CS1591: Missing XML comment for publicly visible type or member 'ISqlDataService.StoreEventLifecycleAsync(JsonElement)' [c:\Users\Peter\Documents\GitHub\kalshi-trading-bot\BacklashInterfaces\BacklashInterfaces.csproj]
c:\Users\Peter\Documents\GitHub\kalshi-trading-bot\BacklashInterfaces\SmokehouseBot\Services\ISqlDataService.cs(12,14): warning CS1591: Missing XML comment for publicly visible type or member 'ISqlDataService.StoreMarketLifecycleAsync(JsonElement)' [c:\Users\Peter\Documents\GitHub\kalshi-trading-bot\BacklashInterfaces\BacklashInterfaces.csproj]
c:\Users\Peter\Documents\GitHub\kalshi-trading-bot\BacklashInterfaces\SmokehouseBot\Services\ISqlDataService.cs(13,14): warning CS1591: Missing XML comment for publicly visible type or member 'ISqlDataService.ExecuteSnapshotImportJobAsync(CancellationToken)' [c:\Users\Peter\Documents\GitHub\kalshi-trading-bot\BacklashInterfaces\BacklashInterfaces.csproj]
c:\Users\Peter\Documents\GitHub\kalshi-trading-bot\BacklashInterfaces\SmokehouseBot\Services\ITradingSnapshotService.cs(6,22): warning CS1591: Missing XML comment for publicly visible type or member 'ITradingSnapshotService' [c:\Users\Peter\Documents\GitHub\kalshi-trading-bot\BacklashInterfaces\BacklashInterfaces.csproj]
c:\Users\Peter\Documents\GitHub\kalshi-trading-bot\BacklashInterfaces\SmokehouseBot\Services\ITradingSnapshotService.cs(8,28): warning CS1591: Missing XML comment for publicly visible type or member 'ITradingSnapshotService.SaveSnapshotAsync(string, CacheSnapshot)' [c:\Users\Peter\Documents\GitHub\kalshi-trading-bot\BacklashInterfaces\BacklashInterfaces.csproj]
c:\Users\Peter\Documents\GitHub\kalshi-trading-bot\BacklashInterfaces\SmokehouseBot\Services\ITradingSnapshotService.cs(9,56): warning CS1591: Missing XML comment for publicly visible type or member 'ITradingSnapshotService.LoadManySnapshots(List<SnapshotDTO>, bool)' [c:\Users\Peter\Documents\GitHub\kalshi-trading-bot\BacklashInterfaces\BacklashInterfaces.csproj]
c:\Users\Peter\Documents\GitHub\kalshi-trading-bot\BacklashInterfaces\SmokehouseBot\Services\ITradingSnapshotService.cs(10,14): warning CS1591: Missing XML comment for publicly visible type or member 'ITradingSnapshotService.ValidateMarketSnapshot(MarketSnapshot)' [c:\Users\Peter\Documents\GitHub\kalshi-trading-bot\BacklashInterfaces\BacklashInterfaces.csproj]
c:\Users\Peter\Documents\GitHub\kalshi-trading-bot\BacklashInterfaces\SmokehouseBot\Services\ITradingSnapshotService.cs(11,14): warning CS1591: Missing XML comment for publicly visible type or member 'ITradingSnapshotService.ResetSnapshotTracking()' [c:\Users\Peter\Documents\GitHub\kalshi-trading-bot\BacklashInterfaces\BacklashInterfaces.csproj]
c:\Users\Peter\Documents\GitHub\kalshi-trading-bot\BacklashInterfaces\SmokehouseBot\Services\ITradingSnapshotService.cs(12,20): warning CS1591: Missing XML comment for publicly visible type or member 'ITradingSnapshotService.ValidateSnapshotSchema()' [c:\Users\Peter\Documents\GitHub\kalshi-trading-bot\BacklashInterfaces\BacklashInterfaces.csproj]
c:\Users\Peter\Documents\GitHub\kalshi-trading-bot\BacklashInterfaces\SmokehouseBot\Services\ITradingSnapshotService.cs(13,16): warning CS1591: Missing XML comment for publicly visible type or member 'ITradingSnapshotService.SanitizeSnapshotJson(int, string)' [c:\Users\Peter\Documents\GitHub\kalshi-trading-bot\BacklashInterfaces\BacklashInterfaces.csproj]
c:\Users\Peter\Documents\GitHub\kalshi-trading-bot\BacklashInterfaces\SmokehouseBot\Services\ITradingSnapshotService.cs(14,26): warning CS1591: Missing XML comment for publicly visible type or member 'ITradingSnapshotService.NextExpectedSnapshotTimestamp' [c:\Users\Peter\Documents\GitHub\kalshi-trading-bot\BacklashInterfaces\BacklashInterfaces.csproj]
c:\Users\Peter\Documents\GitHub\kalshi-trading-bot\BacklashInterfaces\SmokehouseBot\Services\IWebSocketMonitorService.cs(3,22): warning CS1591: Missing XML comment for publicly visible type or member 'IWebSocketMonitorService' [c:\Users\Peter\Documents\GitHub\kalshi-trading-bot\BacklashInterfaces\BacklashInterfaces.csproj]
c:\Users\Peter\Documents\GitHub\kalshi-trading-bot\BacklashInterfaces\SmokehouseBot\Services\IWebSocketMonitorService.cs(5,14): warning CS1591: Missing XML comment for publicly visible type or member 'IWebSocketMonitorService.StartServices(CancellationToken)' [c:\Users\Peter\Documents\GitHub\kalshi-trading-bot\BacklashInterfaces\BacklashInterfaces.csproj]
c:\Users\Peter\Documents\GitHub\kalshi-trading-bot\BacklashInterfaces\SmokehouseBot\Services\IWebSocketMonitorService.cs(6,14): warning CS1591: Missing XML comment for publicly visible type or member 'IWebSocketMonitorService.ShutdownAsync(CancellationToken)' [c:\Users\Peter\Documents\GitHub\kalshi-trading-bot\BacklashInterfaces\BacklashInterfaces.csproj]
c:\Users\Peter\Documents\GitHub\kalshi-trading-bot\BacklashInterfaces\SmokehouseBot\Services\IWebSocketMonitorService.cs(7,14): warning CS1591: Missing XML comment for publicly visible type or member 'IWebSocketMonitorService.TriggerConnectionCheckAsync()' [c:\Users\Peter\Documents\GitHub\kalshi-trading-bot\BacklashInterfaces\BacklashInterfaces.csproj]
c:\Users\Peter\Documents\GitHub\kalshi-trading-bot\BacklashInterfaces\SmokehouseBot\Services\IWebSocketMonitorService.cs(8,14): warning CS1591: Missing XML comment for publicly visible type or member 'IWebSocketMonitorService.IsConnected()' [c:\Users\Peter\Documents\GitHub\kalshi-trading-bot\BacklashInterfaces\BacklashInterfaces.csproj]
c:\Users\Peter\Documents\GitHub\kalshi-trading-bot\BacklashInterfaces\SmokehouseBot\State\IBotReadyStatus.cs(3,22): warning CS1591: Missing XML comment for publicly visible type or member 'IBotReadyStatus' [c:\Users\Peter\Documents\GitHub\kalshi-trading-bot\BacklashInterfaces\BacklashInterfaces.csproj]
c:\Users\Peter\Documents\GitHub\kalshi-trading-bot\BacklashInterfaces\SmokehouseBot\State\IBotReadyStatus.cs(5,36): warning CS1591: Missing XML comment for publicly visible type or member 'IBotReadyStatus.InitializationCompleted' [c:\Users\Peter\Documents\GitHub\kalshi-trading-bot\BacklashInterfaces\BacklashInterfaces.csproj]
c:\Users\Peter\Documents\GitHub\kalshi-trading-bot\BacklashInterfaces\SmokehouseBot\State\IBotReadyStatus.cs(6,36): warning CS1591: Missing XML comment for publicly visible type or member 'IBotReadyStatus.BrowserReady' [c:\Users\Peter\Documents\GitHub\kalshi-trading-bot\BacklashInterfaces\BacklashInterfaces.csproj]
c:\Users\Peter\Documents\GitHub\kalshi-trading-bot\BacklashInterfaces\SmokehouseBot\State\IBotReadyStatus.cs(7,14): warning CS1591: Missing XML comment for publicly visible type or member 'IBotReadyStatus.ResetAll()' [c:\Users\Peter\Documents\GitHub\kalshi-trading-bot\BacklashInterfaces\BacklashInterfaces.csproj]
c:\Users\Peter\Documents\GitHub\kalshi-trading-bot\BacklashInterfaces\SmokehouseBot\State\IDataCache.cs(6,22): warning CS1591: Missing XML comment for publicly visible type or member 'IDataCache' [c:\Users\Peter\Documents\GitHub\kalshi-trading-bot\BacklashInterfaces\BacklashInterfaces.csproj]
c:\Users\Peter\Documents\GitHub\kalshi-trading-bot\BacklashInterfaces\SmokehouseBot\State\IDataCache.cs(8,51): warning CS1591: Missing XML comment for publicly visible type or member 'IDataCache.Markets' [c:\Users\Peter\Documents\GitHub\kalshi-trading-bot\BacklashInterfaces\BacklashInterfaces.csproj]
c:\Users\Peter\Documents\GitHub\kalshi-trading-bot\BacklashInterfaces\SmokehouseBot\State\IDataCache.cs(10,25): warning CS1591: Missing XML comment for publicly visible type or member 'IDataCache.WatchedMarkets' [c:\Users\Peter\Documents\GitHub\kalshi-trading-bot\BacklashInterfaces\BacklashInterfaces.csproj]
c:\Users\Peter\Documents\GitHub\kalshi-trading-bot\BacklashInterfaces\SmokehouseBot\State\IDataCache.cs(11,16): warning CS1591: Missing XML comment for publicly visible type or member 'IDataCache.AccountBalance' [c:\Users\Peter\Documents\GitHub\kalshi-trading-bot\BacklashInterfaces\BacklashInterfaces.csproj]
c:\Users\Peter\Documents\GitHub\kalshi-trading-bot\BacklashInterfaces\SmokehouseBot\State\IDataCache.cs(12,18): warning CS1591: Missing XML comment for publicly visible type or member 'IDataCache.LastWebSocketTimestamp' [c:\Users\Peter\Documents\GitHub\kalshi-trading-bot\BacklashInterfaces\BacklashInterfaces.csproj]
c:\Users\Peter\Documents\GitHub\kalshi-trading-bot\BacklashInterfaces\SmokehouseBot\State\IDataCache.cs(13,14): warning CS1591: Missing XML comment for publicly visible type or member 'IDataCache.ExchangeStatus' [c:\Users\Peter\Documents\GitHub\kalshi-trading-bot\BacklashInterfaces\BacklashInterfaces.csproj]
c:\Users\Peter\Documents\GitHub\kalshi-trading-bot\BacklashInterfaces\SmokehouseBot\State\IDataCache.cs(14,14): warning CS1591: Missing XML comment for publicly visible type or member 'IDataCache.TradingStatus' [c:\Users\Peter\Documents\GitHub\kalshi-trading-bot\BacklashInterfaces\BacklashInterfaces.csproj]
c:\Users\Peter\Documents\GitHub\kalshi-trading-bot\BacklashInterfaces\SmokehouseBot\State\IDataCache.cs(15,16): warning CS1591: Missing XML comment for publicly visible type or member 'IDataCache.SoftwareVersion' [c:\Users\Peter\Documents\GitHub\kalshi-trading-bot\BacklashInterfaces\BacklashInterfaces.csproj]
c:\Users\Peter\Documents\GitHub\kalshi-trading-bot\BacklashInterfaces\SmokehouseBot\State\IDataCache.cs(16,52): warning CS1591: Missing XML comment for publicly visible type or member 'IDataCache.ExchangeStatusChanged' [c:\Users\Peter\Documents\GitHub\kalshi-trading-bot\BacklashInterfaces\BacklashInterfaces.csproj]
c:\Users\Peter\Documents\GitHub\kalshi-trading-bot\BacklashInterfaces\SmokehouseBot\State\IDataCache.cs(17,16): warning CS1591: Missing XML comment for publicly visible type or member 'IDataCache.PortfolioValue' [c:\Users\Peter\Documents\GitHub\kalshi-trading-bot\BacklashInterfaces\BacklashInterfaces.csproj]
c:\Users\Peter\Documents\GitHub\kalshi-trading-bot\BacklashInterfaces\SmokehouseBot\State\IDataCache.cs(18,25): warning CS1591: Missing XML comment for publicly visible type or member 'IDataCache.RecentlyRemovedMarkets' [c:\Users\Peter\Documents\GitHub\kalshi-trading-bot\BacklashInterfaces\BacklashInterfaces.csproj]
c:\Users\Peter\Documents\GitHub\kalshi-trading-bot\BacklashInterfaces\SmokehouseBot\State\IMarketData.cs(10,22): warning CS1591: Missing XML comment for publicly visible type or member 'IMarketData' [c:\Users\Peter\Documents\GitHub\kalshi-trading-bot\BacklashInterfaces\BacklashInterfaces.csproj]
c:\Users\Peter\Documents\GitHub\kalshi-trading-bot\BacklashInterfaces\SmokehouseBot\State\IMarketData.cs(12,18): warning CS1591: Missing XML comment for publicly visible type or member 'IMarketData.LastSuccessfulSync' [c:\Users\Peter\Documents\GitHub\kalshi-trading-bot\BacklashInterfaces\BacklashInterfaces.csproj]
c:\Users\Peter\Documents\GitHub\kalshi-trading-bot\BacklashInterfaces\SmokehouseBot\State\IMarketData.cs(13,16): warning CS1591: Missing XML comment for publicly visible type or member 'IMarketData.MarketTicker' [c:\Users\Peter\Documents\GitHub\kalshi-trading-bot\BacklashInterfaces\BacklashInterfaces.csproj]
c:\Users\Peter\Documents\GitHub\kalshi-trading-bot\BacklashInterfaces\SmokehouseBot\State\IMarketData.cs(14,16): warning CS1591: Missing XML comment for publicly visible type or member 'IMarketData.MarketType' [c:\Users\Peter\Documents\GitHub\kalshi-trading-bot\BacklashInterfaces\BacklashInterfaces.csproj]
c:\Users\Peter\Documents\GitHub\kalshi-trading-bot\BacklashInterfaces\SmokehouseBot\State\IMarketData.cs(15,19): warning CS1591: Missing XML comment for publicly visible type or member 'IMarketData.MarketInfo' [c:\Users\Peter\Documents\GitHub\kalshi-trading-bot\BacklashInterfaces\BacklashInterfaces.csproj]
c:\Users\Peter\Documents\GitHub\kalshi-trading-bot\BacklashInterfaces\SmokehouseBot\State\IMarketData.cs(16,51): warning CS1591: Missing XML comment for publicly visible type or member 'IMarketData.Candlesticks' [c:\Users\Peter\Documents\GitHub\kalshi-trading-bot\BacklashInterfaces\BacklashInterfaces.csproj]
c:\Users\Peter\Documents\GitHub\kalshi-trading-bot\BacklashInterfaces\SmokehouseBot\State\IMarketData.cs(17,34): warning CS1591: Missing XML comment for publicly visible type or member 'IMarketData.Tickers' [c:\Users\Peter\Documents\GitHub\kalshi-trading-bot\BacklashInterfaces\BacklashInterfaces.csproj]
c:\Users\Peter\Documents\GitHub\kalshi-trading-bot\BacklashInterfaces\SmokehouseBot\State\IMarketData.cs(18,29): warning CS1591: Missing XML comment for publicly visible type or member 'IMarketData.OrderbookData' [c:\Users\Peter\Documents\GitHub\kalshi-trading-bot\BacklashInterfaces\BacklashInterfaces.csproj]
c:\Users\Peter\Documents\GitHub\kalshi-trading-bot\BacklashInterfaces\SmokehouseBot\State\IMarketData.cs(19,18): warning CS1591: Missing XML comment for publicly visible type or member 'IMarketData.LastWebSocketMessageReceived' [c:\Users\Peter\Documents\GitHub\kalshi-trading-bot\BacklashInterfaces\BacklashInterfaces.csproj]
c:\Users\Peter\Documents\GitHub\kalshi-trading-bot\BacklashInterfaces\SmokehouseBot\State\IMarketData.cs(20,18): warning CS1591: Missing XML comment for publicly visible type or member 'IMarketData.LastOrderbookEventTimestamp' [c:\Users\Peter\Documents\GitHub\kalshi-trading-bot\BacklashInterfaces\BacklashInterfaces.csproj]
c:\Users\Peter\Documents\GitHub\kalshi-trading-bot\BacklashInterfaces\SmokehouseBot\State\IMarketData.cs(21,18): warning CS1591: Missing XML comment for publicly visible type or member 'IMarketData.LastSnapshotTaken' [c:\Users\Peter\Documents\GitHub\kalshi-trading-bot\BacklashInterfaces\BacklashInterfaces.csproj]
c:\Users\Peter\Documents\GitHub\kalshi-trading-bot\BacklashInterfaces\SmokehouseBot\State\IMarketData.cs(22,16): warning CS1591: Missing XML comment for publicly visible type or member 'IMarketData.CurrentPriceSource' [c:\Users\Peter\Documents\GitHub\kalshi-trading-bot\BacklashInterfaces\BacklashInterfaces.csproj]
c:\Users\Peter\Documents\GitHub\kalshi-trading-bot\BacklashInterfaces\SmokehouseBot\State\IMarketData.cs(23,43): warning CS1591: Missing XML comment for publicly visible type or member 'IMarketData.TickerPriceYes' [c:\Users\Peter\Documents\GitHub\kalshi-trading-bot\BacklashInterfaces\BacklashInterfaces.csproj]
c:\Users\Peter\Documents\GitHub\kalshi-trading-bot\BacklashInterfaces\SmokehouseBot\State\IMarketData.cs(24,43): warning CS1591: Missing XML comment for publicly visible type or member 'IMarketData.TickerPriceNo' [c:\Users\Peter\Documents\GitHub\kalshi-trading-bot\BacklashInterfaces\BacklashInterfaces.csproj]
c:\Users\Peter\Documents\GitHub\kalshi-trading-bot\BacklashInterfaces\SmokehouseBot\State\IMarketData.cs(25,34): warning CS1591: Missing XML comment for publicly visible type or member 'IMarketData.AllTimeHighYes_Bid' [c:\Users\Peter\Documents\GitHub\kalshi-trading-bot\BacklashInterfaces\BacklashInterfaces.csproj]
c:\Users\Peter\Documents\GitHub\kalshi-trading-bot\BacklashInterfaces\SmokehouseBot\State\IMarketData.cs(26,34): warning CS1591: Missing XML comment for publicly visible type or member 'IMarketData.AllTimeHighNo_Bid' [c:\Users\Peter\Documents\GitHub\kalshi-trading-bot\BacklashInterfaces\BacklashInterfaces.csproj]
c:\Users\Peter\Documents\GitHub\kalshi-trading-bot\BacklashInterfaces\SmokehouseBot\State\IMarketData.cs(27,34): warning CS1591: Missing XML comment for publicly visible type or member 'IMarketData.AllTimeLowYes_Bid' [c:\Users\Peter\Documents\GitHub\kalshi-trading-bot\BacklashInterfaces\BacklashInterfaces.csproj]
c:\Users\Peter\Documents\GitHub\kalshi-trading-bot\BacklashInterfaces\SmokehouseBot\State\IMarketData.cs(28,34): warning CS1591: Missing XML comment for publicly visible type or member 'IMarketData.AllTimeLowNo_Bid' [c:\Users\Peter\Documents\GitHub\kalshi-trading-bot\BacklashInterfaces\BacklashInterfaces.csproj]
c:\Users\Peter\Documents\GitHub\kalshi-trading-bot\BacklashInterfaces\SmokehouseBot\State\IMarketData.cs(29,34): warning CS1591: Missing XML comment for publicly visible type or member 'IMarketData.RecentHighYes_Bid' [c:\Users\Peter\Documents\GitHub\kalshi-trading-bot\BacklashInterfaces\BacklashInterfaces.csproj]
c:\Users\Peter\Documents\GitHub\kalshi-trading-bot\BacklashInterfaces\SmokehouseBot\State\IMarketData.cs(30,34): warning CS1591: Missing XML comment for publicly visible type or member 'IMarketData.RecentHighNo_Bid' [c:\Users\Peter\Documents\GitHub\kalshi-trading-bot\BacklashInterfaces\BacklashInterfaces.csproj]
c:\Users\Peter\Documents\GitHub\kalshi-trading-bot\BacklashInterfaces\SmokehouseBot\State\IMarketData.cs(31,34): warning CS1591: Missing XML comment for publicly visible type or member 'IMarketData.RecentLowYes_Bid' [c:\Users\Peter\Documents\GitHub\kalshi-trading-bot\BacklashInterfaces\BacklashInterfaces.csproj]
c:\Users\Peter\Documents\GitHub\kalshi-trading-bot\BacklashInterfaces\SmokehouseBot\State\IMarketData.cs(32,34): warning CS1591: Missing XML comment for publicly visible type or member 'IMarketData.RecentLowNo_Bid' [c:\Users\Peter\Documents\GitHub\kalshi-trading-bot\BacklashInterfaces\BacklashInterfaces.csproj]
c:\Users\Peter\Documents\GitHub\kalshi-trading-bot\BacklashInterfaces\SmokehouseBot\State\IMarketData.cs(33,16): warning CS1591: Missing XML comment for publicly visible type or member 'IMarketData.GoodBadPriceYes' [c:\Users\Peter\Documents\GitHub\kalshi-trading-bot\BacklashInterfaces\BacklashInterfaces.csproj]
c:\Users\Peter\Documents\GitHub\kalshi-trading-bot\BacklashInterfaces\SmokehouseBot\State\IMarketData.cs(34,16): warning CS1591: Missing XML comment for publicly visible type or member 'IMarketData.GoodBadPriceNo' [c:\Users\Peter\Documents\GitHub\kalshi-trading-bot\BacklashInterfaces\BacklashInterfaces.csproj]
c:\Users\Peter\Documents\GitHub\kalshi-trading-bot\BacklashInterfaces\SmokehouseBot\State\IMarketData.cs(35,16): warning CS1591: Missing XML comment for publicly visible type or member 'IMarketData.MarketBehaviorYes' [c:\Users\Peter\Documents\GitHub\kalshi-trading-bot\BacklashInterfaces\BacklashInterfaces.csproj]
c:\Users\Peter\Documents\GitHub\kalshi-trading-bot\BacklashInterfaces\SmokehouseBot\State\IMarketData.cs(36,16): warning CS1591: Missing XML comment for publicly visible type or member 'IMarketData.MarketBehaviorNo' [c:\Users\Peter\Documents\GitHub\kalshi-trading-bot\BacklashInterfaces\BacklashInterfaces.csproj]
c:\Users\Peter\Documents\GitHub\kalshi-trading-bot\BacklashInterfaces\SmokehouseBot\State\IMarketData.cs(37,33): warning CS1591: Missing XML comment for publicly visible type or member 'IMarketData.Positions' [c:\Users\Peter\Documents\GitHub\kalshi-trading-bot\BacklashInterfaces\BacklashInterfaces.csproj]
c:\Users\Peter\Documents\GitHub\kalshi-trading-bot\BacklashInterfaces\SmokehouseBot\State\IMarketData.cs(38,13): warning CS1591: Missing XML comment for publicly visible type or member 'IMarketData.PositionSize' [c:\Users\Peter\Documents\GitHub\kalshi-trading-bot\BacklashInterfaces\BacklashInterfaces.csproj]
c:\Users\Peter\Documents\GitHub\kalshi-trading-bot\BacklashInterfaces\SmokehouseBot\State\IMarketData.cs(39,16): warning CS1591: Missing XML comment for publicly visible type or member 'IMarketData.PositionSide' [c:\Users\Peter\Documents\GitHub\kalshi-trading-bot\BacklashInterfaces\BacklashInterfaces.csproj]
c:\Users\Peter\Documents\GitHub\kalshi-trading-bot\BacklashInterfaces\SmokehouseBot\State\IMarketData.cs(40,16): warning CS1591: Missing XML comment for publicly visible type or member 'IMarketData.MarketExposure' [c:\Users\Peter\Documents\GitHub\kalshi-trading-bot\BacklashInterfaces\BacklashInterfaces.csproj]
c:\Users\Peter\Documents\GitHub\kalshi-trading-bot\BacklashInterfaces\SmokehouseBot\State\IMarketData.cs(41,16): warning CS1591: Missing XML comment for publicly visible type or member 'IMarketData.BuyinPrice' [c:\Users\Peter\Documents\GitHub\kalshi-trading-bot\BacklashInterfaces\BacklashInterfaces.csproj]
c:\Users\Peter\Documents\GitHub\kalshi-trading-bot\BacklashInterfaces\SmokehouseBot\State\IMarketData.cs(42,16): warning CS1591: Missing XML comment for publicly visible type or member 'IMarketData.PositionUpside' [c:\Users\Peter\Documents\GitHub\kalshi-trading-bot\BacklashInterfaces\BacklashInterfaces.csproj]
c:\Users\Peter\Documents\GitHub\kalshi-trading-bot\BacklashInterfaces\SmokehouseBot\State\IMarketData.cs(43,16): warning CS1591: Missing XML comment for publicly visible type or member 'IMarketData.PositionDownside' [c:\Users\Peter\Documents\GitHub\kalshi-trading-bot\BacklashInterfaces\BacklashInterfaces.csproj]
c:\Users\Peter\Documents\GitHub\kalshi-trading-bot\BacklashInterfaces\SmokehouseBot\State\IMarketData.cs(44,16): warning CS1591: Missing XML comment for publicly visible type or member 'IMarketData.PositionROIAmt' [c:\Users\Peter\Documents\GitHub\kalshi-trading-bot\BacklashInterfaces\BacklashInterfaces.csproj]
c:\Users\Peter\Documents\GitHub\kalshi-trading-bot\BacklashInterfaces\SmokehouseBot\State\IMarketData.cs(45,14): warning CS1591: Missing XML comment for publicly visible type or member 'IMarketData.TotalPositionTraded' [c:\Users\Peter\Documents\GitHub\kalshi-trading-bot\BacklashInterfaces\BacklashInterfaces.csproj]
c:\Users\Peter\Documents\GitHub\kalshi-trading-bot\BacklashInterfaces\SmokehouseBot\State\IMarketData.cs(46,16): warning CS1591: Missing XML comment for publicly visible type or member 'IMarketData.RealizedPnl' [c:\Users\Peter\Documents\GitHub\kalshi-trading-bot\BacklashInterfaces\BacklashInterfaces.csproj]
c:\Users\Peter\Documents\GitHub\kalshi-trading-bot\BacklashInterfaces\SmokehouseBot\State\IMarketData.cs(47,16): warning CS1591: Missing XML comment for publicly visible type or member 'IMarketData.FeesPaid' [c:\Users\Peter\Documents\GitHub\kalshi-trading-bot\BacklashInterfaces\BacklashInterfaces.csproj]
c:\Users\Peter\Documents\GitHub\kalshi-trading-bot\BacklashInterfaces\SmokehouseBot\State\IMarketData.cs(48,24): warning CS1591: Missing XML comment for publicly visible type or member 'IMarketData.RestingOrders' [c:\Users\Peter\Documents\GitHub\kalshi-trading-bot\BacklashInterfaces\BacklashInterfaces.csproj]
c:\Users\Peter\Documents\GitHub\kalshi-trading-bot\BacklashInterfaces\SmokehouseBot\State\IMarketData.cs(49,16): warning CS1591: Missing XML comment for publicly visible type or member 'IMarketData.PositionROI' [c:\Users\Peter\Documents\GitHub\kalshi-trading-bot\BacklashInterfaces\BacklashInterfaces.csproj]
c:\Users\Peter\Documents\GitHub\kalshi-trading-bot\BacklashInterfaces\SmokehouseBot\State\IMarketData.cs(50,16): warning CS1591: Missing XML comment for publicly visible type or member 'IMarketData.ExpectedFees' [c:\Users\Peter\Documents\GitHub\kalshi-trading-bot\BacklashInterfaces\BacklashInterfaces.csproj]
c:\Users\Peter\Documents\GitHub\kalshi-trading-bot\BacklashInterfaces\SmokehouseBot\State\IMarketData.cs(51,16): warning CS1591: Missing XML comment for publicly visible type or member 'IMarketData.TolerancePercentage' [c:\Users\Peter\Documents\GitHub\kalshi-trading-bot\BacklashInterfaces\BacklashInterfaces.csproj]
c:\Users\Peter\Documents\GitHub\kalshi-trading-bot\BacklashInterfaces\SmokehouseBot\State\IMarketData.cs(52,33): warning CS1591: Missing XML comment for publicly visible type or member 'IMarketData.ChangeTracker' [c:\Users\Peter\Documents\GitHub\kalshi-trading-bot\BacklashInterfaces\BacklashInterfaces.csproj]
c:\Users\Peter\Documents\GitHub\kalshi-trading-bot\BacklashInterfaces\SmokehouseBot\State\IMarketData.cs(53,14): warning CS1591: Missing XML comment for publicly visible type or member 'IMarketData.ChangeMetricsMature' [c:\Users\Peter\Documents\GitHub\kalshi-trading-bot\BacklashInterfaces\BacklashInterfaces.csproj]
c:\Users\Peter\Documents\GitHub\kalshi-trading-bot\BacklashInterfaces\SmokehouseBot\State\IMarketData.cs(54,16): warning CS1591: Missing XML comment for publicly visible type or member 'IMarketData.MarketCategory' [c:\Users\Peter\Documents\GitHub\kalshi-trading-bot\BacklashInterfaces\BacklashInterfaces.csproj]
c:\Users\Peter\Documents\GitHub\kalshi-trading-bot\BacklashInterfaces\SmokehouseBot\State\IMarketData.cs(55,16): warning CS1591: Missing XML comment for publicly visible type or member 'IMarketData.MarketStatus' [c:\Users\Peter\Documents\GitHub\kalshi-trading-bot\BacklashInterfaces\BacklashInterfaces.csproj]
c:\Users\Peter\Documents\GitHub\kalshi-trading-bot\BacklashInterfaces\SmokehouseBot\State\IMarketData.cs(56,16): warning CS1591: Missing XML comment for publicly visible type or member 'IMarketData.AverageTradeSize_Yes' [c:\Users\Peter\Documents\GitHub\kalshi-trading-bot\BacklashInterfaces\BacklashInterfaces.csproj]
c:\Users\Peter\Documents\GitHub\kalshi-trading-bot\BacklashInterfaces\SmokehouseBot\State\IMarketData.cs(57,16): warning CS1591: Missing XML comment for publicly visible type or member 'IMarketData.AverageTradeSize_No' [c:\Users\Peter\Documents\GitHub\kalshi-trading-bot\BacklashInterfaces\BacklashInterfaces.csproj]
c:\Users\Peter\Documents\GitHub\kalshi-trading-bot\BacklashInterfaces\SmokehouseBot\State\IMarketData.cs(58,13): warning CS1591: Missing XML comment for publicly visible type or member 'IMarketData.TradeCount_Yes' [c:\Users\Peter\Documents\GitHub\kalshi-trading-bot\BacklashInterfaces\BacklashInterfaces.csproj]
c:\Users\Peter\Documents\GitHub\kalshi-trading-bot\BacklashInterfaces\SmokehouseBot\State\IMarketData.cs(59,13): warning CS1591: Missing XML comment for publicly visible type or member 'IMarketData.TradeCount_No' [c:\Users\Peter\Documents\GitHub\kalshi-trading-bot\BacklashInterfaces\BacklashInterfaces.csproj]
c:\Users\Peter\Documents\GitHub\kalshi-trading-bot\BacklashInterfaces\SmokehouseBot\State\IMarketData.cs(60,13): warning CS1591: Missing XML comment for publicly visible type or member 'IMarketData.NonTradeRelatedOrderCount_Yes' [c:\Users\Peter\Documents\GitHub\kalshi-trading-bot\BacklashInterfaces\BacklashInterfaces.csproj]
c:\Users\Peter\Documents\GitHub\kalshi-trading-bot\BacklashInterfaces\SmokehouseBot\State\IMarketData.cs(61,13): warning CS1591: Missing XML comment for publicly visible type or member 'IMarketData.NonTradeRelatedOrderCount_No' [c:\Users\Peter\Documents\GitHub\kalshi-trading-bot\BacklashInterfaces\BacklashInterfaces.csproj]
c:\Users\Peter\Documents\GitHub\kalshi-trading-bot\BacklashInterfaces\SmokehouseBot\State\IMarketData.cs(62,13): warning CS1591: Missing XML comment for publicly visible type or member 'IMarketData.LevelCount_Top_Yes_Bid' [c:\Users\Peter\Documents\GitHub\kalshi-trading-bot\BacklashInterfaces\BacklashInterfaces.csproj]
c:\Users\Peter\Documents\GitHub\kalshi-trading-bot\BacklashInterfaces\SmokehouseBot\State\IMarketData.cs(63,13): warning CS1591: Missing XML comment for publicly visible type or member 'IMarketData.LevelCount_Top_No_Bid' [c:\Users\Peter\Documents\GitHub\kalshi-trading-bot\BacklashInterfaces\BacklashInterfaces.csproj]
c:\Users\Peter\Documents\GitHub\kalshi-trading-bot\BacklashInterfaces\SmokehouseBot\State\IMarketData.cs(64,13): warning CS1591: Missing XML comment for publicly visible type or member 'IMarketData.LevelCount_Bottom_Yes_Bid' [c:\Users\Peter\Documents\GitHub\kalshi-trading-bot\BacklashInterfaces\BacklashInterfaces.csproj]
c:\Users\Peter\Documents\GitHub\kalshi-trading-bot\BacklashInterfaces\SmokehouseBot\State\IMarketData.cs(65,13): warning CS1591: Missing XML comment for publicly visible type or member 'IMarketData.LevelCount_Bottom_No_Bid' [c:\Users\Peter\Documents\GitHub\kalshi-trading-bot\BacklashInterfaces\BacklashInterfaces.csproj]
c:\Users\Peter\Documents\GitHub\kalshi-trading-bot\BacklashInterfaces\SmokehouseBot\State\IMarketData.cs(66,16): warning CS1591: Missing XML comment for publicly visible type or member 'IMarketData.VelocityPerMinute_Top_Yes_Bid' [c:\Users\Peter\Documents\GitHub\kalshi-trading-bot\BacklashInterfaces\BacklashInterfaces.csproj]
c:\Users\Peter\Documents\GitHub\kalshi-trading-bot\BacklashInterfaces\SmokehouseBot\State\IMarketData.cs(67,16): warning CS1591: Missing XML comment for publicly visible type or member 'IMarketData.VelocityPerMinute_Top_No_Bid' [c:\Users\Peter\Documents\GitHub\kalshi-trading-bot\BacklashInterfaces\BacklashInterfaces.csproj]
c:\Users\Peter\Documents\GitHub\kalshi-trading-bot\BacklashInterfaces\SmokehouseBot\State\IMarketData.cs(68,16): warning CS1591: Missing XML comment for publicly visible type or member 'IMarketData.VelocityPerMinute_Bottom_Yes_Bid' [c:\Users\Peter\Documents\GitHub\kalshi-trading-bot\BacklashInterfaces\BacklashInterfaces.csproj]
c:\Users\Peter\Documents\GitHub\kalshi-trading-bot\BacklashInterfaces\SmokehouseBot\State\IMarketData.cs(69,16): warning CS1591: Missing XML comment for publicly visible type or member 'IMarketData.VelocityPerMinute_Bottom_No_Bid' [c:\Users\Peter\Documents\GitHub\kalshi-trading-bot\BacklashInterfaces\BacklashInterfaces.csproj]
c:\Users\Peter\Documents\GitHub\kalshi-trading-bot\BacklashInterfaces\SmokehouseBot\State\IMarketData.cs(70,16): warning CS1591: Missing XML comment for publicly visible type or member 'IMarketData.TradeVolumePerMinute_Yes' [c:\Users\Peter\Documents\GitHub\kalshi-trading-bot\BacklashInterfaces\BacklashInterfaces.csproj]
c:\Users\Peter\Documents\GitHub\kalshi-trading-bot\BacklashInterfaces\SmokehouseBot\State\IMarketData.cs(71,16): warning CS1591: Missing XML comment for publicly visible type or member 'IMarketData.TradeVolumePerMinute_No' [c:\Users\Peter\Documents\GitHub\kalshi-trading-bot\BacklashInterfaces\BacklashInterfaces.csproj]
c:\Users\Peter\Documents\GitHub\kalshi-trading-bot\BacklashInterfaces\SmokehouseBot\State\IMarketData.cs(72,16): warning CS1591: Missing XML comment for publicly visible type or member 'IMarketData.TradeRatePerMinute_Yes' [c:\Users\Peter\Documents\GitHub\kalshi-trading-bot\BacklashInterfaces\BacklashInterfaces.csproj]
c:\Users\Peter\Documents\GitHub\kalshi-trading-bot\BacklashInterfaces\SmokehouseBot\State\IMarketData.cs(73,16): warning CS1591: Missing XML comment for publicly visible type or member 'IMarketData.TradeRatePerMinute_No' [c:\Users\Peter\Documents\GitHub\kalshi-trading-bot\BacklashInterfaces\BacklashInterfaces.csproj]
c:\Users\Peter\Documents\GitHub\kalshi-trading-bot\BacklashInterfaces\SmokehouseBot\State\IMarketData.cs(74,16): warning CS1591: Missing XML comment for publicly visible type or member 'IMarketData.OrderVolumePerMinute_YesBid' [c:\Users\Peter\Documents\GitHub\kalshi-trading-bot\BacklashInterfaces\BacklashInterfaces.csproj]
c:\Users\Peter\Documents\GitHub\kalshi-trading-bot\BacklashInterfaces\SmokehouseBot\State\IMarketData.cs(75,16): warning CS1591: Missing XML comment for publicly visible type or member 'IMarketData.OrderVolumePerMinute_NoBid' [c:\Users\Peter\Documents\GitHub\kalshi-trading-bot\BacklashInterfaces\BacklashInterfaces.csproj]
c:\Users\Peter\Documents\GitHub\kalshi-trading-bot\BacklashInterfaces\SmokehouseBot\State\IMarketData.cs(76,13): warning CS1591: Missing XML comment for publicly visible type or member 'IMarketData.BestYesBid' [c:\Users\Peter\Documents\GitHub\kalshi-trading-bot\BacklashInterfaces\BacklashInterfaces.csproj]
c:\Users\Peter\Documents\GitHub\kalshi-trading-bot\BacklashInterfaces\SmokehouseBot\State\IMarketData.cs(77,13): warning CS1591: Missing XML comment for publicly visible type or member 'IMarketData.BestNoBid' [c:\Users\Peter\Documents\GitHub\kalshi-trading-bot\BacklashInterfaces\BacklashInterfaces.csproj]
c:\Users\Peter\Documents\GitHub\kalshi-trading-bot\BacklashInterfaces\SmokehouseBot\State\IMarketData.cs(78,13): warning CS1591: Missing XML comment for publicly visible type or member 'IMarketData.BestYesAsk' [c:\Users\Peter\Documents\GitHub\kalshi-trading-bot\BacklashInterfaces\BacklashInterfaces.csproj]
c:\Users\Peter\Documents\GitHub\kalshi-trading-bot\BacklashInterfaces\SmokehouseBot\State\IMarketData.cs(79,13): warning CS1591: Missing XML comment for publicly visible type or member 'IMarketData.BestNoAsk' [c:\Users\Peter\Documents\GitHub\kalshi-trading-bot\BacklashInterfaces\BacklashInterfaces.csproj]
c:\Users\Peter\Documents\GitHub\kalshi-trading-bot\BacklashInterfaces\SmokehouseBot\State\IMarketData.cs(80,13): warning CS1591: Missing XML comment for publicly visible type or member 'IMarketData.YesSpread' [c:\Users\Peter\Documents\GitHub\kalshi-trading-bot\BacklashInterfaces\BacklashInterfaces.csproj]
c:\Users\Peter\Documents\GitHub\kalshi-trading-bot\BacklashInterfaces\SmokehouseBot\State\IMarketData.cs(81,13): warning CS1591: Missing XML comment for publicly visible type or member 'IMarketData.NoSpread' [c:\Users\Peter\Documents\GitHub\kalshi-trading-bot\BacklashInterfaces\BacklashInterfaces.csproj]
c:\Users\Peter\Documents\GitHub\kalshi-trading-bot\BacklashInterfaces\SmokehouseBot\State\IMarketData.cs(82,13): warning CS1591: Missing XML comment for publicly visible type or member 'IMarketData.DepthAtBestYesBid' [c:\Users\Peter\Documents\GitHub\kalshi-trading-bot\BacklashInterfaces\BacklashInterfaces.csproj]
c:\Users\Peter\Documents\GitHub\kalshi-trading-bot\BacklashInterfaces\SmokehouseBot\State\IMarketData.cs(83,13): warning CS1591: Missing XML comment for publicly visible type or member 'IMarketData.DepthAtBestNoBid' [c:\Users\Peter\Documents\GitHub\kalshi-trading-bot\BacklashInterfaces\BacklashInterfaces.csproj]
c:\Users\Peter\Documents\GitHub\kalshi-trading-bot\BacklashInterfaces\SmokehouseBot\State\IMarketData.cs(84,13): warning CS1591: Missing XML comment for publicly visible type or member 'IMarketData.TopTenPercentLevelDepth_Yes' [c:\Users\Peter\Documents\GitHub\kalshi-trading-bot\BacklashInterfaces\BacklashInterfaces.csproj]
c:\Users\Peter\Documents\GitHub\kalshi-trading-bot\BacklashInterfaces\SmokehouseBot\State\IMarketData.cs(85,13): warning CS1591: Missing XML comment for publicly visible type or member 'IMarketData.TopTenPercentLevelDepth_No' [c:\Users\Peter\Documents\GitHub\kalshi-trading-bot\BacklashInterfaces\BacklashInterfaces.csproj]
c:\Users\Peter\Documents\GitHub\kalshi-trading-bot\BacklashInterfaces\SmokehouseBot\State\IMarketData.cs(86,13): warning CS1591: Missing XML comment for publicly visible type or member 'IMarketData.BidRange_Yes' [c:\Users\Peter\Documents\GitHub\kalshi-trading-bot\BacklashInterfaces\BacklashInterfaces.csproj]
c:\Users\Peter\Documents\GitHub\kalshi-trading-bot\BacklashInterfaces\SmokehouseBot\State\IMarketData.cs(87,13): warning CS1591: Missing XML comment for publicly visible type or member 'IMarketData.BidRange_No' [c:\Users\Peter\Documents\GitHub\kalshi-trading-bot\BacklashInterfaces\BacklashInterfaces.csproj]
c:\Users\Peter\Documents\GitHub\kalshi-trading-bot\BacklashInterfaces\SmokehouseBot\State\IMarketData.cs(88,13): warning CS1591: Missing XML comment for publicly visible type or member 'IMarketData.TotalBidContracts_Yes' [c:\Users\Peter\Documents\GitHub\kalshi-trading-bot\BacklashInterfaces\BacklashInterfaces.csproj]
c:\Users\Peter\Documents\GitHub\kalshi-trading-bot\BacklashInterfaces\SmokehouseBot\State\IMarketData.cs(89,13): warning CS1591: Missing XML comment for publicly visible type or member 'IMarketData.TotalBidContracts_No' [c:\Users\Peter\Documents\GitHub\kalshi-trading-bot\BacklashInterfaces\BacklashInterfaces.csproj]
c:\Users\Peter\Documents\GitHub\kalshi-trading-bot\BacklashInterfaces\SmokehouseBot\State\IMarketData.cs(90,13): warning CS1591: Missing XML comment for publicly visible type or member 'IMarketData.BidCountImbalance' [c:\Users\Peter\Documents\GitHub\kalshi-trading-bot\BacklashInterfaces\BacklashInterfaces.csproj]
c:\Users\Peter\Documents\GitHub\kalshi-trading-bot\BacklashInterfaces\SmokehouseBot\State\IMarketData.cs(91,16): warning CS1591: Missing XML comment for publicly visible type or member 'IMarketData.TotalBidVolume_Yes' [c:\Users\Peter\Documents\GitHub\kalshi-trading-bot\BacklashInterfaces\BacklashInterfaces.csproj]
c:\Users\Peter\Documents\GitHub\kalshi-trading-bot\BacklashInterfaces\SmokehouseBot\State\IMarketData.cs(92,16): warning CS1591: Missing XML comment for publicly visible type or member 'IMarketData.TotalBidVolume_No' [c:\Users\Peter\Documents\GitHub\kalshi-trading-bot\BacklashInterfaces\BacklashInterfaces.csproj]
c:\Users\Peter\Documents\GitHub\kalshi-trading-bot\BacklashInterfaces\SmokehouseBot\State\IMarketData.cs(93,16): warning CS1591: Missing XML comment for publicly visible type or member 'IMarketData.BidVolumeImbalance' [c:\Users\Peter\Documents\GitHub\kalshi-trading-bot\BacklashInterfaces\BacklashInterfaces.csproj]
c:\Users\Peter\Documents\GitHub\kalshi-trading-bot\BacklashInterfaces\SmokehouseBot\State\IMarketData.cs(94,16): warning CS1591: Missing XML comment for publicly visible type or member 'IMarketData.HighestVolume_Day' [c:\Users\Peter\Documents\GitHub\kalshi-trading-bot\BacklashInterfaces\BacklashInterfaces.csproj]
c:\Users\Peter\Documents\GitHub\kalshi-trading-bot\BacklashInterfaces\SmokehouseBot\State\IMarketData.cs(95,16): warning CS1591: Missing XML comment for publicly visible type or member 'IMarketData.HighestVolume_Hour' [c:\Users\Peter\Documents\GitHub\kalshi-trading-bot\BacklashInterfaces\BacklashInterfaces.csproj]
c:\Users\Peter\Documents\GitHub\kalshi-trading-bot\BacklashInterfaces\SmokehouseBot\State\IMarketData.cs(96,16): warning CS1591: Missing XML comment for publicly visible type or member 'IMarketData.HighestVolume_Minute' [c:\Users\Peter\Documents\GitHub\kalshi-trading-bot\BacklashInterfaces\BacklashInterfaces.csproj]
c:\Users\Peter\Documents\GitHub\kalshi-trading-bot\BacklashInterfaces\SmokehouseBot\State\IMarketData.cs(97,16): warning CS1591: Missing XML comment for publicly visible type or member 'IMarketData.RecentVolume_LastHour' [c:\Users\Peter\Documents\GitHub\kalshi-trading-bot\BacklashInterfaces\BacklashInterfaces.csproj]
c:\Users\Peter\Documents\GitHub\kalshi-trading-bot\BacklashInterfaces\SmokehouseBot\State\IMarketData.cs(98,16): warning CS1591: Missing XML comment for publicly visible type or member 'IMarketData.RecentVolume_LastThreeHours' [c:\Users\Peter\Documents\GitHub\kalshi-trading-bot\BacklashInterfaces\BacklashInterfaces.csproj]
c:\Users\Peter\Documents\GitHub\kalshi-trading-bot\BacklashInterfaces\SmokehouseBot\State\IMarketData.cs(99,16): warning CS1591: Missing XML comment for publicly visible type or member 'IMarketData.RecentVolume_LastMonth' [c:\Users\Peter\Documents\GitHub\kalshi-trading-bot\BacklashInterfaces\BacklashInterfaces.csproj]
c:\Users\Peter\Documents\GitHub\kalshi-trading-bot\BacklashInterfaces\SmokehouseBot\State\IMarketData.cs(100,13): warning CS1591: Missing XML comment for publicly visible type or member 'IMarketData.DepthAtTop4YesBids' [c:\Users\Peter\Documents\GitHub\kalshi-trading-bot\BacklashInterfaces\BacklashInterfaces.csproj]
c:\Users\Peter\Documents\GitHub\kalshi-trading-bot\BacklashInterfaces\SmokehouseBot\State\IMarketData.cs(101,13): warning CS1591: Missing XML comment for publicly visible type or member 'IMarketData.DepthAtTop4NoBids' [c:\Users\Peter\Documents\GitHub\kalshi-trading-bot\BacklashInterfaces\BacklashInterfaces.csproj]
c:\Users\Peter\Documents\GitHub\kalshi-trading-bot\BacklashInterfaces\SmokehouseBot\State\IMarketData.cs(102,16): warning CS1591: Missing XML comment for publicly visible type or member 'IMarketData.YesBidCenterOfMass' [c:\Users\Peter\Documents\GitHub\kalshi-trading-bot\BacklashInterfaces\BacklashInterfaces.csproj]
c:\Users\Peter\Documents\GitHub\kalshi-trading-bot\BacklashInterfaces\SmokehouseBot\State\IMarketData.cs(103,16): warning CS1591: Missing XML comment for publicly visible type or member 'IMarketData.NoBidCenterOfMass' [c:\Users\Peter\Documents\GitHub\kalshi-trading-bot\BacklashInterfaces\BacklashInterfaces.csproj]
c:\Users\Peter\Documents\GitHub\kalshi-trading-bot\BacklashInterfaces\SmokehouseBot\State\IMarketData.cs(104,17): warning CS1591: Missing XML comment for publicly visible type or member 'IMarketData.RSI_Short' [c:\Users\Peter\Documents\GitHub\kalshi-trading-bot\BacklashInterfaces\BacklashInterfaces.csproj]
c:\Users\Peter\Documents\GitHub\kalshi-trading-bot\BacklashInterfaces\SmokehouseBot\State\IMarketData.cs(105,17): warning CS1591: Missing XML comment for publicly visible type or member 'IMarketData.RSI_Medium' [c:\Users\Peter\Documents\GitHub\kalshi-trading-bot\BacklashInterfaces\BacklashInterfaces.csproj]
c:\Users\Peter\Documents\GitHub\kalshi-trading-bot\BacklashInterfaces\SmokehouseBot\State\IMarketData.cs(106,17): warning CS1591: Missing XML comment for publicly visible type or member 'IMarketData.RSI_Long' [c:\Users\Peter\Documents\GitHub\kalshi-trading-bot\BacklashInterfaces\BacklashInterfaces.csproj]
c:\Users\Peter\Documents\GitHub\kalshi-trading-bot\BacklashInterfaces\SmokehouseBot\State\IMarketData.cs(107,59): warning CS1591: Missing XML comment for publicly visible type or member 'IMarketData.MACD_Medium' [c:\Users\Peter\Documents\GitHub\kalshi-trading-bot\BacklashInterfaces\BacklashInterfaces.csproj]
c:\Users\Peter\Documents\GitHub\kalshi-trading-bot\BacklashInterfaces\SmokehouseBot\State\IMarketData.cs(108,59): warning CS1591: Missing XML comment for publicly visible type or member 'IMarketData.MACD_Long' [c:\Users\Peter\Documents\GitHub\kalshi-trading-bot\BacklashInterfaces\BacklashInterfaces.csproj]
c:\Users\Peter\Documents\GitHub\kalshi-trading-bot\BacklashInterfaces\SmokehouseBot\State\IMarketData.cs(109,17): warning CS1591: Missing XML comment for publicly visible type or member 'IMarketData.EMA_Medium' [c:\Users\Peter\Documents\GitHub\kalshi-trading-bot\BacklashInterfaces\BacklashInterfaces.csproj]
c:\Users\Peter\Documents\GitHub\kalshi-trading-bot\BacklashInterfaces\SmokehouseBot\State\IMarketData.cs(110,17): warning CS1591: Missing XML comment for publicly visible type or member 'IMarketData.EMA_Long' [c:\Users\Peter\Documents\GitHub\kalshi-trading-bot\BacklashInterfaces\BacklashInterfaces.csproj]
c:\Users\Peter\Documents\GitHub\kalshi-trading-bot\BacklashInterfaces\SmokehouseBot\State\IMarketData.cs(111,56): warning CS1591: Missing XML comment for publicly visible type or member 'IMarketData.BollingerBands_Medium' [c:\Users\Peter\Documents\GitHub\kalshi-trading-bot\BacklashInterfaces\BacklashInterfaces.csproj]
c:\Users\Peter\Documents\GitHub\kalshi-trading-bot\BacklashInterfaces\SmokehouseBot\State\IMarketData.cs(112,56): warning CS1591: Missing XML comment for publicly visible type or member 'IMarketData.BollingerBands_Long' [c:\Users\Peter\Documents\GitHub\kalshi-trading-bot\BacklashInterfaces\BacklashInterfaces.csproj]
c:\Users\Peter\Documents\GitHub\kalshi-trading-bot\BacklashInterfaces\SmokehouseBot\State\IMarketData.cs(113,17): warning CS1591: Missing XML comment for publicly visible type or member 'IMarketData.ATR_Medium' [c:\Users\Peter\Documents\GitHub\kalshi-trading-bot\BacklashInterfaces\BacklashInterfaces.csproj]
c:\Users\Peter\Documents\GitHub\kalshi-trading-bot\BacklashInterfaces\SmokehouseBot\State\IMarketData.cs(114,17): warning CS1591: Missing XML comment for publicly visible type or member 'IMarketData.ATR_Long' [c:\Users\Peter\Documents\GitHub\kalshi-trading-bot\BacklashInterfaces\BacklashInterfaces.csproj]
c:\Users\Peter\Documents\GitHub\kalshi-trading-bot\BacklashInterfaces\SmokehouseBot\State\IMarketData.cs(115,17): warning CS1591: Missing XML comment for publicly visible type or member 'IMarketData.VWAP_Short' [c:\Users\Peter\Documents\GitHub\kalshi-trading-bot\BacklashInterfaces\BacklashInterfaces.csproj]
c:\Users\Peter\Documents\GitHub\kalshi-trading-bot\BacklashInterfaces\SmokehouseBot\State\IMarketData.cs(116,17): warning CS1591: Missing XML comment for publicly visible type or member 'IMarketData.VWAP_Medium' [c:\Users\Peter\Documents\GitHub\kalshi-trading-bot\BacklashInterfaces\BacklashInterfaces.csproj]
c:\Users\Peter\Documents\GitHub\kalshi-trading-bot\BacklashInterfaces\SmokehouseBot\State\IMarketData.cs(117,32): warning CS1591: Missing XML comment for publicly visible type or member 'IMarketData.StochasticOscillator_Short' [c:\Users\Peter\Documents\GitHub\kalshi-trading-bot\BacklashInterfaces\BacklashInterfaces.csproj]
c:\Users\Peter\Documents\GitHub\kalshi-trading-bot\BacklashInterfaces\SmokehouseBot\State\IMarketData.cs(118,32): warning CS1591: Missing XML comment for publicly visible type or member 'IMarketData.StochasticOscillator_Medium' [c:\Users\Peter\Documents\GitHub\kalshi-trading-bot\BacklashInterfaces\BacklashInterfaces.csproj]
c:\Users\Peter\Documents\GitHub\kalshi-trading-bot\BacklashInterfaces\SmokehouseBot\State\IMarketData.cs(119,32): warning CS1591: Missing XML comment for publicly visible type or member 'IMarketData.StochasticOscillator_Long' [c:\Users\Peter\Documents\GitHub\kalshi-trading-bot\BacklashInterfaces\BacklashInterfaces.csproj]
c:\Users\Peter\Documents\GitHub\kalshi-trading-bot\BacklashInterfaces\SmokehouseBot\State\IMarketData.cs(120,14): warning CS1591: Missing XML comment for publicly visible type or member 'IMarketData.OBV_Medium' [c:\Users\Peter\Documents\GitHub\kalshi-trading-bot\BacklashInterfaces\BacklashInterfaces.csproj]
c:\Users\Peter\Documents\GitHub\kalshi-trading-bot\BacklashInterfaces\SmokehouseBot\State\IMarketData.cs(121,14): warning CS1591: Missing XML comment for publicly visible type or member 'IMarketData.OBV_Long' [c:\Users\Peter\Documents\GitHub\kalshi-trading-bot\BacklashInterfaces\BacklashInterfaces.csproj]
c:\Users\Peter\Documents\GitHub\kalshi-trading-bot\BacklashInterfaces\SmokehouseBot\State\IMarketData.cs(122,14): warning CS1591: Missing XML comment for publicly visible type or member 'IMarketData.ReceivedFirstSnapshot' [c:\Users\Peter\Documents\GitHub\kalshi-trading-bot\BacklashInterfaces\BacklashInterfaces.csproj]
c:\Users\Peter\Documents\GitHub\kalshi-trading-bot\BacklashInterfaces\SmokehouseBot\State\IMarketData.cs(123,19): warning CS1591: Missing XML comment for publicly visible type or member 'IMarketData.HoldTime' [c:\Users\Peter\Documents\GitHub\kalshi-trading-bot\BacklashInterfaces\BacklashInterfaces.csproj]
c:\Users\Peter\Documents\GitHub\kalshi-trading-bot\BacklashInterfaces\SmokehouseBot\State\IMarketData.cs(124,19): warning CS1591: Missing XML comment for publicly visible type or member 'IMarketData.MarketAge' [c:\Users\Peter\Documents\GitHub\kalshi-trading-bot\BacklashInterfaces\BacklashInterfaces.csproj]
c:\Users\Peter\Documents\GitHub\kalshi-trading-bot\BacklashInterfaces\SmokehouseBot\State\IMarketData.cs(125,19): warning CS1591: Missing XML comment for publicly visible type or member 'IMarketData.TimeLeft' [c:\Users\Peter\Documents\GitHub\kalshi-trading-bot\BacklashInterfaces\BacklashInterfaces.csproj]
c:\Users\Peter\Documents\GitHub\kalshi-trading-bot\BacklashInterfaces\SmokehouseBot\State\IMarketData.cs(126,14): warning CS1591: Missing XML comment for publicly visible type or member 'IMarketData.CanCloseEarly' [c:\Users\Peter\Documents\GitHub\kalshi-trading-bot\BacklashInterfaces\BacklashInterfaces.csproj]
c:\Users\Peter\Documents\GitHub\kalshi-trading-bot\BacklashInterfaces\SmokehouseBot\State\IMarketData.cs(127,38): warning CS1591: Missing XML comment for publicly visible type or member 'IMarketData.AllSupportResistanceLevels' [c:\Users\Peter\Documents\GitHub\kalshi-trading-bot\BacklashInterfaces\BacklashInterfaces.csproj]
c:\Users\Peter\Documents\GitHub\kalshi-trading-bot\BacklashInterfaces\SmokehouseBot\State\IMarketData.cs(128,29): warning CS1591: Missing XML comment for publicly visible type or member 'IMarketData.GetBids(string)' [c:\Users\Peter\Documents\GitHub\kalshi-trading-bot\BacklashInterfaces\BacklashInterfaces.csproj]
c:\Users\Peter\Documents\GitHub\kalshi-trading-bot\BacklashInterfaces\SmokehouseBot\State\IMarketData.cs(129,14): warning CS1591: Missing XML comment for publicly visible type or member 'IMarketData.UpdateCurrentPrice(int, int, DateTime, string)' [c:\Users\Peter\Documents\GitHub\kalshi-trading-bot\BacklashInterfaces\BacklashInterfaces.csproj]
c:\Users\Peter\Documents\GitHub\kalshi-trading-bot\BacklashInterfaces\SmokehouseBot\State\IMarketData.cs(130,14): warning CS1591: Missing XML comment for publicly visible type or member 'IMarketData.RefreshAllMetadata()' [c:\Users\Peter\Documents\GitHub\kalshi-trading-bot\BacklashInterfaces\BacklashInterfaces.csproj]
c:\Users\Peter\Documents\GitHub\kalshi-trading-bot\BacklashInterfaces\SmokehouseBot\State\IMarketData.cs(131,14): warning CS1591: Missing XML comment for publicly visible type or member 'IMarketData.RefreshCandlestickMetadata()' [c:\Users\Peter\Documents\GitHub\kalshi-trading-bot\BacklashInterfaces\BacklashInterfaces.csproj]
c:\Users\Peter\Documents\GitHub\kalshi-trading-bot\BacklashInterfaces\SmokehouseBot\State\IMarketData.cs(132,14): warning CS1591: Missing XML comment for publicly visible type or member 'IMarketData.RefreshTickerMetadata()' [c:\Users\Peter\Documents\GitHub\kalshi-trading-bot\BacklashInterfaces\BacklashInterfaces.csproj]
c:\Users\Peter\Documents\GitHub\kalshi-trading-bot\BacklashInterfaces\SmokehouseBot\State\IMarketData.cs(133,14): warning CS1591: Missing XML comment for publicly visible type or member 'IMarketData.RefreshPositionMetadata()' [c:\Users\Peter\Documents\GitHub\kalshi-trading-bot\BacklashInterfaces\BacklashInterfaces.csproj]
c:\Users\Peter\Documents\GitHub\kalshi-trading-bot\BacklashInterfaces\SmokehouseBot\State\IMarketData.cs(134,14): warning CS1591: Missing XML comment for publicly visible type or member 'IMarketData.RecalculateOrderbookChangeMetrics()' [c:\Users\Peter\Documents\GitHub\kalshi-trading-bot\BacklashInterfaces\BacklashInterfaces.csproj]
c:\Users\Peter\Documents\GitHub\kalshi-trading-bot\BacklashInterfaces\SmokehouseBot\State\IMarketData.cs(135,39): warning CS1591: Missing XML comment for publicly visible type or member 'IMarketData.BuildPseudoCandlesticks(string, int)' [c:\Users\Peter\Documents\GitHub\kalshi-trading-bot\BacklashInterfaces\BacklashInterfaces.csproj]
c:\Users\Peter\Documents\GitHub\kalshi-trading-bot\BacklashInterfaces\SmokehouseBot\State\IMarketData.cs(136,38): warning CS1591: Missing XML comment for publicly visible type or member 'IMarketData.GetFilteredSupportResistanceLevels()' [c:\Users\Peter\Documents\GitHub\kalshi-trading-bot\BacklashInterfaces\BacklashInterfaces.csproj]
c:\Users\Peter\Documents\GitHub\kalshi-trading-bot\BacklashInterfaces\SmokehouseBot\State\IMarketData.cs(137,14): warning CS1591: Missing XML comment for publicly visible type or member 'IMarketData.UpdateTradingMetrics()' [c:\Users\Peter\Documents\GitHub\kalshi-trading-bot\BacklashInterfaces\BacklashInterfaces.csproj]
c:\Users\Peter\Documents\GitHub\kalshi-trading-bot\BacklashInterfaces\SmokehouseBot\State\IMarketData.cs(139,16): warning CS1591: Missing XML comment for publicly visible type or member 'IMarketData.YesBidSlopePerMinute_Short' [c:\Users\Peter\Documents\GitHub\kalshi-trading-bot\BacklashInterfaces\BacklashInterfaces.csproj]
c:\Users\Peter\Documents\GitHub\kalshi-trading-bot\BacklashInterfaces\SmokehouseBot\State\IMarketData.cs(140,16): warning CS1591: Missing XML comment for publicly visible type or member 'IMarketData.NoBidSlopePerMinute_Short' [c:\Users\Peter\Documents\GitHub\kalshi-trading-bot\BacklashInterfaces\BacklashInterfaces.csproj]
c:\Users\Peter\Documents\GitHub\kalshi-trading-bot\BacklashInterfaces\SmokehouseBot\State\IMarketData.cs(141,16): warning CS1591: Missing XML comment for publicly visible type or member 'IMarketData.YesBidSlopePerMinute_Medium' [c:\Users\Peter\Documents\GitHub\kalshi-trading-bot\BacklashInterfaces\BacklashInterfaces.csproj]
c:\Users\Peter\Documents\GitHub\kalshi-trading-bot\BacklashInterfaces\SmokehouseBot\State\IMarketData.cs(142,16): warning CS1591: Missing XML comment for publicly visible type or member 'IMarketData.NoBidSlopePerMinute_Medium' [c:\Users\Peter\Documents\GitHub\kalshi-trading-bot\BacklashInterfaces\BacklashInterfaces.csproj]
c:\Users\Peter\Documents\GitHub\kalshi-trading-bot\BacklashInterfaces\SmokehouseBot\State\IMarketData.cs(144,24): warning CS1591: Missing XML comment for publicly visible type or member 'IMarketData.PSAR' [c:\Users\Peter\Documents\GitHub\kalshi-trading-bot\BacklashInterfaces\BacklashInterfaces.csproj]
c:\Users\Peter\Documents\GitHub\kalshi-trading-bot\BacklashInterfaces\SmokehouseBot\State\IMarketData.cs(145,24): warning CS1591: Missing XML comment for publicly visible type or member 'IMarketData.ADX' [c:\Users\Peter\Documents\GitHub\kalshi-trading-bot\BacklashInterfaces\BacklashInterfaces.csproj]
c:\Users\Peter\Documents\GitHub\kalshi-trading-bot\BacklashInterfaces\SmokehouseBot\State\IMarketData.cs(146,24): warning CS1591: Missing XML comment for publicly visible type or member 'IMarketData.PlusDI' [c:\Users\Peter\Documents\GitHub\kalshi-trading-bot\BacklashInterfaces\BacklashInterfaces.csproj]
c:\Users\Peter\Documents\GitHub\kalshi-trading-bot\BacklashInterfaces\SmokehouseBot\State\IMarketData.cs(147,24): warning CS1591: Missing XML comment for publicly visible type or member 'IMarketData.MinusDI' [c:\Users\Peter\Documents\GitHub\kalshi-trading-bot\BacklashInterfaces\BacklashInterfaces.csproj]
c:\Users\Peter\Documents\GitHub\kalshi-trading-bot\BacklashInterfaces\SmokehouseBot\State\IMarketData.cs(148,16): warning CS1591: Missing XML comment for publicly visible type or member 'IMarketData.CurrentTradeRatePerMinute_Yes' [c:\Users\Peter\Documents\GitHub\kalshi-trading-bot\BacklashInterfaces\BacklashInterfaces.csproj]
c:\Users\Peter\Documents\GitHub\kalshi-trading-bot\BacklashInterfaces\SmokehouseBot\State\IMarketData.cs(149,16): warning CS1591: Missing XML comment for publicly visible type or member 'IMarketData.CurrentTradeRatePerMinute_No' [c:\Users\Peter\Documents\GitHub\kalshi-trading-bot\BacklashInterfaces\BacklashInterfaces.csproj]
c:\Users\Peter\Documents\GitHub\kalshi-trading-bot\BacklashInterfaces\SmokehouseBot\State\IMarketData.cs(150,16): warning CS1591: Missing XML comment for publicly visible type or member 'IMarketData.CurrentTradeVolumePerMinute_No' [c:\Users\Peter\Documents\GitHub\kalshi-trading-bot\BacklashInterfaces\BacklashInterfaces.csproj]
c:\Users\Peter\Documents\GitHub\kalshi-trading-bot\BacklashInterfaces\SmokehouseBot\State\IMarketData.cs(151,16): warning CS1591: Missing XML comment for publicly visible type or member 'IMarketData.CurrentTradeVolumePerMinute_Yes' [c:\Users\Peter\Documents\GitHub\kalshi-trading-bot\BacklashInterfaces\BacklashInterfaces.csproj]
c:\Users\Peter\Documents\GitHub\kalshi-trading-bot\BacklashInterfaces\SmokehouseBot\State\IMarketData.cs(152,16): warning CS1591: Missing XML comment for publicly visible type or member 'IMarketData.CurrentTradeCount_Yes' [c:\Users\Peter\Documents\GitHub\kalshi-trading-bot\BacklashInterfaces\BacklashInterfaces.csproj]
c:\Users\Peter\Documents\GitHub\kalshi-trading-bot\BacklashInterfaces\SmokehouseBot\State\IMarketData.cs(153,16): warning CS1591: Missing XML comment for publicly visible type or member 'IMarketData.CurrentTradeCount_No' [c:\Users\Peter\Documents\GitHub\kalshi-trading-bot\BacklashInterfaces\BacklashInterfaces.csproj]
c:\Users\Peter\Documents\GitHub\kalshi-trading-bot\BacklashInterfaces\SmokehouseBot\State\IMarketData.cs(154,16): warning CS1591: Missing XML comment for publicly visible type or member 'IMarketData.CurrentOrderVolumePerMinute_YesBid' [c:\Users\Peter\Documents\GitHub\kalshi-trading-bot\BacklashInterfaces\BacklashInterfaces.csproj]
c:\Users\Peter\Documents\GitHub\kalshi-trading-bot\BacklashInterfaces\SmokehouseBot\State\IMarketData.cs(155,16): warning CS1591: Missing XML comment for publicly visible type or member 'IMarketData.CurrentOrderVolumePerMinute_NoBid' [c:\Users\Peter\Documents\GitHub\kalshi-trading-bot\BacklashInterfaces\BacklashInterfaces.csproj]
c:\Users\Peter\Documents\GitHub\kalshi-trading-bot\BacklashInterfaces\SmokehouseBot\State\IMarketData.cs(156,16): warning CS1591: Missing XML comment for publicly visible type or member 'IMarketData.CurrentNonTradeRelatedOrderCount_Yes' [c:\Users\Peter\Documents\GitHub\kalshi-trading-bot\BacklashInterfaces\BacklashInterfaces.csproj]
c:\Users\Peter\Documents\GitHub\kalshi-trading-bot\BacklashInterfaces\SmokehouseBot\State\IMarketData.cs(157,16): warning CS1591: Missing XML comment for publicly visible type or member 'IMarketData.CurrentNonTradeRelatedOrderCount_No' [c:\Users\Peter\Documents\GitHub\kalshi-trading-bot\BacklashInterfaces\BacklashInterfaces.csproj]
c:\Users\Peter\Documents\GitHub\kalshi-trading-bot\BacklashInterfaces\SmokehouseBot\State\IMarketData.cs(158,16): warning CS1591: Missing XML comment for publicly visible type or member 'IMarketData.CurrentAverageTradeSize_Yes' [c:\Users\Peter\Documents\GitHub\kalshi-trading-bot\BacklashInterfaces\BacklashInterfaces.csproj]
c:\Users\Peter\Documents\GitHub\kalshi-trading-bot\BacklashInterfaces\SmokehouseBot\State\IMarketData.cs(159,16): warning CS1591: Missing XML comment for publicly visible type or member 'IMarketData.CurrentAverageTradeSize_No' [c:\Users\Peter\Documents\GitHub\kalshi-trading-bot\BacklashInterfaces\BacklashInterfaces.csproj]
c:\Users\Peter\Documents\GitHub\kalshi-trading-bot\BacklashInterfaces\SmokehouseBot\State\IMarketData.cs(160,33): warning CS1591: Missing XML comment for publicly visible type or member 'IMarketData.RecentCandlesticks' [c:\Users\Peter\Documents\GitHub\kalshi-trading-bot\BacklashInterfaces\BacklashInterfaces.csproj]
c:\Users\Peter\Documents\GitHub\kalshi-trading-bot\BacklashInterfaces\SmokehouseBot\State\IStatusTrackerService.cs(3,22): warning CS1591: Missing XML comment for publicly visible type or member 'IStatusTrackerService' [c:\Users\Peter\Documents\GitHub\kalshi-trading-bot\BacklashInterfaces\BacklashInterfaces.csproj]
c:\Users\Peter\Documents\GitHub\kalshi-trading-bot\BacklashInterfaces\SmokehouseBot\State\IStatusTrackerService.cs(5,27): warning CS1591: Missing XML comment for publicly visible type or member 'IStatusTrackerService.GetCancellationToken()' [c:\Users\Peter\Documents\GitHub\kalshi-trading-bot\BacklashInterfaces\BacklashInterfaces.csproj]
c:\Users\Peter\Documents\GitHub\kalshi-trading-bot\BacklashInterfaces\SmokehouseBot\State\IStatusTrackerService.cs(6,14): warning CS1591: Missing XML comment for publicly visible type or member 'IStatusTrackerService.CancelAll()' [c:\Users\Peter\Documents\GitHub\kalshi-trading-bot\BacklashInterfaces\BacklashInterfaces.csproj]
c:\Users\Peter\Documents\GitHub\kalshi-trading-bot\BacklashInterfaces\SmokehouseBot\State\IStatusTrackerService.cs(7,14): warning CS1591: Missing XML comment for publicly visible type or member 'IStatusTrackerService.ResetAll()' [c:\Users\Peter\Documents\GitHub\kalshi-trading-bot\BacklashInterfaces\BacklashInterfaces.csproj]
c:\Users\Peter\Documents\GitHub\kalshi-trading-bot\BacklashInterfaces\SmokehouseBot\KalshiAPI\IKalshiWebSocketClient.cs(7,22): warning CS1591: Missing XML comment for publicly visible type or member 'IKalshiWebSocketClient' [c:\Users\Peter\Documents\GitHub\kalshi-trading-bot\BacklashInterfaces\BacklashInterfaces.csproj]
c:\Users\Peter\Documents\GitHub\kalshi-trading-bot\BacklashInterfaces\SmokehouseBot\KalshiAPI\IKalshiWebSocketClient.cs(9,48): warning CS1591: Missing XML comment for publicly visible type or member 'IKalshiWebSocketClient.OrderBookReceived' [c:\Users\Peter\Documents\GitHub\kalshi-trading-bot\BacklashInterfaces\BacklashInterfaces.csproj]
c:\Users\Peter\Documents\GitHub\kalshi-trading-bot\BacklashInterfaces\SmokehouseBot\KalshiAPI\IKalshiWebSocketClient.cs(10,45): warning CS1591: Missing XML comment for publicly visible type or member 'IKalshiWebSocketClient.TickerReceived' [c:\Users\Peter\Documents\GitHub\kalshi-trading-bot\BacklashInterfaces\BacklashInterfaces.csproj]
c:\Users\Peter\Documents\GitHub\kalshi-trading-bot\BacklashInterfaces\SmokehouseBot\KalshiAPI\IKalshiWebSocketClient.cs(11,44): warning CS1591: Missing XML comment for publicly visible type or member 'IKalshiWebSocketClient.TradeReceived' [c:\Users\Peter\Documents\GitHub\kalshi-trading-bot\BacklashInterfaces\BacklashInterfaces.csproj]
c:\Users\Peter\Documents\GitHub\kalshi-trading-bot\BacklashInterfaces\SmokehouseBot\KalshiAPI\IKalshiWebSocketClient.cs(12,43): warning CS1591: Missing XML comment for publicly visible type or member 'IKalshiWebSocketClient.FillReceived' [c:\Users\Peter\Documents\GitHub\kalshi-trading-bot\BacklashInterfaces\BacklashInterfaces.csproj]
c:\Users\Peter\Documents\GitHub\kalshi-trading-bot\BacklashInterfaces\SmokehouseBot\KalshiAPI\IKalshiWebSocketClient.cs(13,54): warning CS1591: Missing XML comment for publicly visible type or member 'IKalshiWebSocketClient.MarketLifecycleReceived' [c:\Users\Peter\Documents\GitHub\kalshi-trading-bot\BacklashInterfaces\BacklashInterfaces.csproj]
c:\Users\Peter\Documents\GitHub\kalshi-trading-bot\BacklashInterfaces\SmokehouseBot\KalshiAPI\IKalshiWebSocketClient.cs(14,53): warning CS1591: Missing XML comment for publicly visible type or member 'IKalshiWebSocketClient.EventLifecycleReceived' [c:\Users\Peter\Documents\GitHub\kalshi-trading-bot\BacklashInterfaces\BacklashInterfaces.csproj]
c:\Users\Peter\Documents\GitHub\kalshi-trading-bot\BacklashInterfaces\SmokehouseBot\KalshiAPI\IKalshiWebSocketClient.cs(15,38): warning CS1591: Missing XML comment for publicly visible type or member 'IKalshiWebSocketClient.MessageReceived' [c:\Users\Peter\Documents\GitHub\kalshi-trading-bot\BacklashInterfaces\BacklashInterfaces.csproj]
c:\Users\Peter\Documents\GitHub\kalshi-trading-bot\BacklashInterfaces\SmokehouseBot\KalshiAPI\IKalshiWebSocketClient.cs(17,14): warning CS1591: Missing XML comment for publicly visible type or member 'IKalshiWebSocketClient.IsTradingActive' [c:\Users\Peter\Documents\GitHub\kalshi-trading-bot\BacklashInterfaces\BacklashInterfaces.csproj]
c:\Users\Peter\Documents\GitHub\kalshi-trading-bot\BacklashInterfaces\SmokehouseBot\KalshiAPI\IKalshiWebSocketClient.cs(18,44): warning CS1591: Missing XML comment for publicly visible type or member 'IKalshiWebSocketClient.EventCounts' [c:\Users\Peter\Documents\GitHub\kalshi-trading-bot\BacklashInterfaces\BacklashInterfaces.csproj]
c:\Users\Peter\Documents\GitHub\kalshi-trading-bot\BacklashInterfaces\SmokehouseBot\KalshiAPI\IKalshiWebSocketClient.cs(19,13): warning CS1591: Missing XML comment for publicly visible type or member 'IKalshiWebSocketClient.ConnectSemaphoreCount' [c:\Users\Peter\Documents\GitHub\kalshi-trading-bot\BacklashInterfaces\BacklashInterfaces.csproj]
c:\Users\Peter\Documents\GitHub\kalshi-trading-bot\BacklashInterfaces\SmokehouseBot\KalshiAPI\IKalshiWebSocketClient.cs(20,13): warning CS1591: Missing XML comment for publicly visible type or member 'IKalshiWebSocketClient.SubscriptionUpdateSemaphoreCount' [c:\Users\Peter\Documents\GitHub\kalshi-trading-bot\BacklashInterfaces\BacklashInterfaces.csproj]
c:\Users\Peter\Documents\GitHub\kalshi-trading-bot\BacklashInterfaces\SmokehouseBot\KalshiAPI\IKalshiWebSocketClient.cs(21,13): warning CS1591: Missing XML comment for publicly visible type or member 'IKalshiWebSocketClient.ChannelSubscriptionSemaphoreCount' [c:\Users\Peter\Documents\GitHub\kalshi-trading-bot\BacklashInterfaces\BacklashInterfaces.csproj]
c:\Users\Peter\Documents\GitHub\kalshi-trading-bot\BacklashInterfaces\SmokehouseBot\KalshiAPI\IKalshiWebSocketClient.cs(22,13): warning CS1591: Missing XML comment for publicly visible type or member 'IKalshiWebSocketClient.QueuedSubscriptionUpdatesCount' [c:\Users\Peter\Documents\GitHub\kalshi-trading-bot\BacklashInterfaces\BacklashInterfaces.csproj]
c:\Users\Peter\Documents\GitHub\kalshi-trading-bot\BacklashInterfaces\SmokehouseBot\KalshiAPI\IKalshiWebSocketClient.cs(23,13): warning CS1591: Missing XML comment for publicly visible type or member 'IKalshiWebSocketClient.OrderBookMessageQueueCount' [c:\Users\Peter\Documents\GitHub\kalshi-trading-bot\BacklashInterfaces\BacklashInterfaces.csproj]
c:\Users\Peter\Documents\GitHub\kalshi-trading-bot\BacklashInterfaces\SmokehouseBot\KalshiAPI\IKalshiWebSocketClient.cs(24,13): warning CS1591: Missing XML comment for publicly visible type or member 'IKalshiWebSocketClient.PendingConfirmsCount' [c:\Users\Peter\Documents\GitHub\kalshi-trading-bot\BacklashInterfaces\BacklashInterfaces.csproj]
c:\Users\Peter\Documents\GitHub\kalshi-trading-bot\BacklashInterfaces\SmokehouseBot\KalshiAPI\IKalshiWebSocketClient.cs(25,25): warning CS1591: Missing XML comment for publicly visible type or member 'IKalshiWebSocketClient.WatchedMarkets' [c:\Users\Peter\Documents\GitHub\kalshi-trading-bot\BacklashInterfaces\BacklashInterfaces.csproj]
c:\Users\Peter\Documents\GitHub\kalshi-trading-bot\BacklashInterfaces\SmokehouseBot\KalshiAPI\IKalshiWebSocketClient.cs(27,14): warning CS1591: Missing XML comment for publicly visible type or member 'IKalshiWebSocketClient.ConnectAsync(int)' [c:\Users\Peter\Documents\GitHub\kalshi-trading-bot\BacklashInterfaces\BacklashInterfaces.csproj]
c:\Users\Peter\Documents\GitHub\kalshi-trading-bot\BacklashInterfaces\SmokehouseBot\KalshiAPI\IKalshiWebSocketClient.cs(28,14): warning CS1591: Missing XML comment for publicly visible type or member 'IKalshiWebSocketClient.SubscribeToWatchedMarketsAsync()' [c:\Users\Peter\Documents\GitHub\kalshi-trading-bot\BacklashInterfaces\BacklashInterfaces.csproj]
c:\Users\Peter\Documents\GitHub\kalshi-trading-bot\BacklashInterfaces\SmokehouseBot\KalshiAPI\IKalshiWebSocketClient.cs(29,14): warning CS1591: Missing XML comment for publicly visible type or member 'IKalshiWebSocketClient.SubscribeToChannelAsync(string, string[])' [c:\Users\Peter\Documents\GitHub\kalshi-trading-bot\BacklashInterfaces\BacklashInterfaces.csproj]
c:\Users\Peter\Documents\GitHub\kalshi-trading-bot\BacklashInterfaces\SmokehouseBot\KalshiAPI\IKalshiWebSocketClient.cs(30,14): warning CS1591: Missing XML comment for publicly visible type or member 'IKalshiWebSocketClient.UnsubscribeFromChannelAsync(string)' [c:\Users\Peter\Documents\GitHub\kalshi-trading-bot\BacklashInterfaces\BacklashInterfaces.csproj]
c:\Users\Peter\Documents\GitHub\kalshi-trading-bot\BacklashInterfaces\SmokehouseBot\KalshiAPI\IKalshiWebSocketClient.cs(31,14): warning CS1591: Missing XML comment for publicly visible type or member 'IKalshiWebSocketClient.UnsubscribeFromAllAsync()' [c:\Users\Peter\Documents\GitHub\kalshi-trading-bot\BacklashInterfaces\BacklashInterfaces.csproj]
c:\Users\Peter\Documents\GitHub\kalshi-trading-bot\BacklashInterfaces\SmokehouseBot\KalshiAPI\IKalshiWebSocketClient.cs(32,14): warning CS1591: Missing XML comment for publicly visible type or member 'IKalshiWebSocketClient.UpdateSubscriptionAsync(string, string[], string)' [c:\Users\Peter\Documents\GitHub\kalshi-trading-bot\BacklashInterfaces\BacklashInterfaces.csproj]
c:\Users\Peter\Documents\GitHub\kalshi-trading-bot\BacklashInterfaces\SmokehouseBot\KalshiAPI\IKalshiWebSocketClient.cs(33,14): warning CS1591: Missing XML comment for publicly visible type or member 'IKalshiWebSocketClient.ResetConnectionAsync()' [c:\Users\Peter\Documents\GitHub\kalshi-trading-bot\BacklashInterfaces\BacklashInterfaces.csproj]
c:\Users\Peter\Documents\GitHub\kalshi-trading-bot\BacklashInterfaces\SmokehouseBot\KalshiAPI\IKalshiWebSocketClient.cs(34,14): warning CS1591: Missing XML comment for publicly visible type or member 'IKalshiWebSocketClient.ShutdownAsync()' [c:\Users\Peter\Documents\GitHub\kalshi-trading-bot\BacklashInterfaces\BacklashInterfaces.csproj]
c:\Users\Peter\Documents\GitHub\kalshi-trading-bot\BacklashInterfaces\SmokehouseBot\KalshiAPI\IKalshiWebSocketClient.cs(35,14): warning CS1591: Missing XML comment for publicly visible type or member 'IKalshiWebSocketClient.WaitForEmptyOrderBookQueueAsync(string, TimeSpan)' [c:\Users\Peter\Documents\GitHub\kalshi-trading-bot\BacklashInterfaces\BacklashInterfaces.csproj]
c:\Users\Peter\Documents\GitHub\kalshi-trading-bot\BacklashInterfaces\SmokehouseBot\KalshiAPI\IKalshiWebSocketClient.cs(36,14): warning CS1591: Missing XML comment for publicly visible type or member 'IKalshiWebSocketClient.IsConnected()' [c:\Users\Peter\Documents\GitHub\kalshi-trading-bot\BacklashInterfaces\BacklashInterfaces.csproj]
c:\Users\Peter\Documents\GitHub\kalshi-trading-bot\BacklashInterfaces\SmokehouseBot\KalshiAPI\IKalshiWebSocketClient.cs(37,14): warning CS1591: Missing XML comment for publicly visible type or member 'IKalshiWebSocketClient.IsSubscribed(string, string)' [c:\Users\Peter\Documents\GitHub\kalshi-trading-bot\BacklashInterfaces\BacklashInterfaces.csproj]
c:\Users\Peter\Documents\GitHub\kalshi-trading-bot\BacklashInterfaces\SmokehouseBot\KalshiAPI\IKalshiWebSocketClient.cs(38,14): warning CS1591: Missing XML comment for publicly visible type or member 'IKalshiWebSocketClient.CanSubscribeToMarket(string, string)' [c:\Users\Peter\Documents\GitHub\kalshi-trading-bot\BacklashInterfaces\BacklashInterfaces.csproj]
c:\Users\Peter\Documents\GitHub\kalshi-trading-bot\BacklashInterfaces\SmokehouseBot\KalshiAPI\IKalshiWebSocketClient.cs(39,14): warning CS1591: Missing XML comment for publicly visible type or member 'IKalshiWebSocketClient.SetSubscriptionState(string, string, SubscriptionState)' [c:\Users\Peter\Documents\GitHub\kalshi-trading-bot\BacklashInterfaces\BacklashInterfaces.csproj]
c:\Users\Peter\Documents\GitHub\kalshi-trading-bot\BacklashInterfaces\SmokehouseBot\KalshiAPI\IKalshiWebSocketClient.cs(40,14): warning CS1591: Missing XML comment for publicly visible type or member 'IKalshiWebSocketClient.ClearOrderBookQueue(string)' [c:\Users\Peter\Documents\GitHub\kalshi-trading-bot\BacklashInterfaces\BacklashInterfaces.csproj]
c:\Users\Peter\Documents\GitHub\kalshi-trading-bot\BacklashInterfaces\SmokehouseBot\KalshiAPI\IKalshiWebSocketClient.cs(41,14): warning CS1591: Missing XML comment for publicly visible type or member 'IKalshiWebSocketClient.DisableReconnect()' [c:\Users\Peter\Documents\GitHub\kalshi-trading-bot\BacklashInterfaces\BacklashInterfaces.csproj]
c:\Users\Peter\Documents\GitHub\kalshi-trading-bot\BacklashInterfaces\SmokehouseBot\KalshiAPI\IKalshiWebSocketClient.cs(42,14): warning CS1591: Missing XML comment for publicly visible type or member 'IKalshiWebSocketClient.EnableReconnect()' [c:\Users\Peter\Documents\GitHub\kalshi-trading-bot\BacklashInterfaces\BacklashInterfaces.csproj]
c:\Users\Peter\Documents\GitHub\kalshi-trading-bot\BacklashInterfaces\SmokehouseBot\KalshiAPI\IKalshiWebSocketClient.cs(43,13): warning CS1591: Missing XML comment for publicly visible type or member 'IKalshiWebSocketClient.GenerateNextMessageId()' [c:\Users\Peter\Documents\GitHub\kalshi-trading-bot\BacklashInterfaces\BacklashInterfaces.csproj]
c:\Users\Peter\Documents\GitHub\kalshi-trading-bot\BacklashInterfaces\SmokehouseBot\KalshiAPI\IKalshiWebSocketClient.cs(44,14): warning CS1591: Missing XML comment for publicly visible type or member 'IKalshiWebSocketClient.ResetEventCounts()' [c:\Users\Peter\Documents\GitHub\kalshi-trading-bot\BacklashInterfaces\BacklashInterfaces.csproj]
c:\Users\Peter\Documents\GitHub\kalshi-trading-bot\BacklashInterfaces\SmokehouseBot\KalshiAPI\IKalshiWebSocketClient.cs(45,16): warning CS1591: Missing XML comment for publicly visible type or member 'IKalshiWebSocketClient.GetChannelName(string)' [c:\Users\Peter\Documents\GitHub\kalshi-trading-bot\BacklashInterfaces\BacklashInterfaces.csproj]
c:\Users\Peter\Documents\GitHub\kalshi-trading-bot\BacklashInterfaces\SmokehouseBot\KalshiAPI\IKalshiWebSocketClient.cs(46,14): warning CS1591: Missing XML comment for publicly visible type or member 'IKalshiWebSocketClient.SendMessageAsync(string)' [c:\Users\Peter\Documents\GitHub\kalshi-trading-bot\BacklashInterfaces\BacklashInterfaces.csproj]
c:\Users\Peter\Documents\GitHub\kalshi-trading-bot\BacklashInterfaces\SmokehouseBot\KalshiAPI\IKalshiWebSocketClient.cs(47,14): warning CS1591: Missing XML comment for publicly visible type or member 'IKalshiWebSocketClient.ResubscribeAsync(bool)' [c:\Users\Peter\Documents\GitHub\kalshi-trading-bot\BacklashInterfaces\BacklashInterfaces.csproj]
c:\Users\Peter\Documents\GitHub\kalshi-trading-bot\BacklashInterfaces\SmokehouseBot\KalshiAPI\IKalshiWebSocketClient.cs(49,66): warning CS1591: Missing XML comment for publicly visible type or member 'IKalshiWebSocketClient.GetEventCountsByMarket(string)' [c:\Users\Peter\Documents\GitHub\kalshi-trading-bot\BacklashInterfaces\BacklashInterfaces.csproj]
c:\Users\Peter\Documents\GitHub\kalshi-trading-bot\BacklashInterfaces\TradingStrategies\Classification\ISnapshotPeriodHelper.cs(5,22): warning CS1591: Missing XML comment for publicly visible type or member 'ISnapshotPeriodHelper' [c:\Users\Peter\Documents\GitHub\kalshi-trading-bot\BacklashInterfaces\BacklashInterfaces.csproj]
c:\Users\Peter\Documents\GitHub\kalshi-trading-bot\BacklashInterfaces\TradingStrategies\Classification\ISnapshotPeriodHelper.cs(7,38): warning CS1591: Missing XML comment for publicly visible type or member 'ISnapshotPeriodHelper.SplitIntoValidGroups(List<SnapshotDTO>, string, IProgress<double>?)' [c:\Users\Peter\Documents\GitHub\kalshi-trading-bot\BacklashInterfaces\BacklashInterfaces.csproj]
c:\Users\Peter\Documents\GitHub\kalshi-trading-bot\BacklashInterfaces\TradingStrategies\Classification\ISnapshotPeriodHelper.cs(8,33): warning CS1591: Missing XML comment for publicly visible type or member 'ISnapshotPeriodHelper.LoadSnapshotGroup(string)' [c:\Users\Peter\Documents\GitHub\kalshi-trading-bot\BacklashInterfaces\BacklashInterfaces.csproj]
c:\Users\Peter\Documents\GitHub\kalshi-trading-bot\BacklashInterfaces\TradingStrategies\Helpers\ITradingCalculator.cs(5,22): warning CS1591: Missing XML comment for publicly visible type or member 'ITradingCalculator' [c:\Users\Peter\Documents\GitHub\kalshi-trading-bot\BacklashInterfaces\BacklashInterfaces.csproj]
c:\Users\Peter\Documents\GitHub\kalshi-trading-bot\BacklashInterfaces\TradingStrategies\Helpers\ITradingCalculator.cs(7,17): warning CS1591: Missing XML comment for publicly visible type or member 'ITradingCalculator.CalculateRSI(List<PseudoCandlestick>, int)' [c:\Users\Peter\Documents\GitHub\kalshi-trading-bot\BacklashInterfaces\BacklashInterfaces.csproj]
c:\Users\Peter\Documents\GitHub\kalshi-trading-bot\BacklashInterfaces\TradingStrategies\Helpers\ITradingCalculator.cs(8,59): warning CS1591: Missing XML comment for publicly visible type or member 'ITradingCalculator.CalculateMACD(List<PseudoCandlestick>, int, int, int)' [c:\Users\Peter\Documents\GitHub\kalshi-trading-bot\BacklashInterfaces\BacklashInterfaces.csproj]
c:\Users\Peter\Documents\GitHub\kalshi-trading-bot\BacklashInterfaces\TradingStrategies\Helpers\ITradingCalculator.cs(9,56): warning CS1591: Missing XML comment for publicly visible type or member 'ITradingCalculator.CalculateBollingerBands(List<PseudoCandlestick>, int, double)' [c:\Users\Peter\Documents\GitHub\kalshi-trading-bot\BacklashInterfaces\BacklashInterfaces.csproj]
c:\Users\Peter\Documents\GitHub\kalshi-trading-bot\BacklashInterfaces\TradingStrategies\Helpers\ITradingCalculator.cs(10,32): warning CS1591: Missing XML comment for publicly visible type or member 'ITradingCalculator.CalculateStochastic(List<PseudoCandlestick>, int, int)' [c:\Users\Peter\Documents\GitHub\kalshi-trading-bot\BacklashInterfaces\BacklashInterfaces.csproj]
c:\Users\Peter\Documents\GitHub\kalshi-trading-bot\BacklashInterfaces\TradingStrategies\Helpers\ITradingCalculator.cs(11,17): warning CS1591: Missing XML comment for publicly visible type or member 'ITradingCalculator.CalculateATR(List<PseudoCandlestick>, int)' [c:\Users\Peter\Documents\GitHub\kalshi-trading-bot\BacklashInterfaces\BacklashInterfaces.csproj]
c:\Users\Peter\Documents\GitHub\kalshi-trading-bot\BacklashInterfaces\TradingStrategies\Helpers\ITradingCalculator.cs(12,18): warning CS1591: Missing XML comment for publicly visible type or member 'ITradingCalculator.CalculateVWAP(List<PseudoCandlestick>, int)' [c:\Users\Peter\Documents\GitHub\kalshi-trading-bot\BacklashInterfaces\BacklashInterfaces.csproj]
c:\Users\Peter\Documents\GitHub\kalshi-trading-bot\BacklashInterfaces\TradingStrategies\Helpers\ITradingCalculator.cs(13,17): warning CS1591: Missing XML comment for publicly visible type or member 'ITradingCalculator.CalculateOBV(List<PseudoCandlestick>)' [c:\Users\Peter\Documents\GitHub\kalshi-trading-bot\BacklashInterfaces\BacklashInterfaces.csproj]
c:\Users\Peter\Documents\GitHub\kalshi-trading-bot\BacklashInterfaces\TradingStrategies\Helpers\ITradingCalculator.cs(14,38): warning CS1591: Missing XML comment for publicly visible type or member 'ITradingCalculator.CalculateHistoricalSupportResistance(string, List<CandlestickData>, double, int, double, int)' [c:\Users\Peter\Documents\GitHub\kalshi-trading-bot\BacklashInterfaces\BacklashInterfaces.csproj]
c:\Users\Peter\Documents\GitHub\kalshi-trading-bot\BacklashInterfaces\TradingStrategies\Helpers\ITradingCalculator.cs(22,56): warning CS1591: Missing XML comment for publicly visible type or member 'ITradingCalculator.CalculateADX(List<PseudoCandlestick>)' [c:\Users\Peter\Documents\GitHub\kalshi-trading-bot\BacklashInterfaces\BacklashInterfaces.csproj]
c:\Users\Peter\Documents\GitHub\kalshi-trading-bot\BacklashInterfaces\TradingStrategies\Helpers\ITradingCalculator.cs(23,17): warning CS1591: Missing XML comment for publicly visible type or member 'ITradingCalculator.CalculatePSAR(List<PseudoCandlestick>)' [c:\Users\Peter\Documents\GitHub\kalshi-trading-bot\BacklashInterfaces\BacklashInterfaces.csproj]
  BacklashInterfaces -> c:\Users\Peter\Documents\GitHub\kalshi-trading-bot\BacklashInterfaces\bin\Debug\net8.0\BacklashInterfaces.dll
c:\Users\Peter\Documents\GitHub\kalshi-trading-bot\BacklashPatterns\PatternDefinitions\BeltHoldPattern_old.cs(17,1): warning CS1570: XML comment has badly formed XML -- 'Expected an end tag for element 'summary'.' [c:\Users\Peter\Documents\GitHub\kalshi-trading-bot\BacklashPatterns\BacklashPatterns.csproj]
c:\Users\Peter\Documents\GitHub\kalshi-trading-bot\BacklashPatterns\PatternDefinitions\BeltHoldPattern_old.cs(20,9): warning CS1570: XML comment has badly formed XML -- 'End tag was not expected at this location.' [c:\Users\Peter\Documents\GitHub\kalshi-trading-bot\BacklashPatterns\BacklashPatterns.csproj]
c:\Users\Peter\Documents\GitHub\kalshi-trading-bot\BacklashPatterns\PatternDefinitions\SpinningTopPattern.cs(14,1): warning CS1570: XML comment has badly formed XML -- 'Expected an end tag for element 'summary'.' [c:\Users\Peter\Documents\GitHub\kalshi-trading-bot\BacklashPatterns\BacklashPatterns.csproj]
c:\Users\Peter\Documents\GitHub\kalshi-trading-bot\BacklashPatterns\PatternDefinitions\BreakawayPattern_old.cs(87,34): error CS0246: The type or namespace name 'BreakawayPattern' could not be found (are you missing a using directive or an assembly reference?) [c:\Users\Peter\Documents\GitHub\kalshi-trading-bot\BacklashPatterns\BacklashPatterns.csproj]
c:\Users\Peter\Documents\GitHub\kalshi-trading-bot\BacklashBotData\Models\BrainInstance.cs(15,23): warning CS8618: Non-nullable property 'BrainInstanceName' must contain a non-null value when exiting constructor. Consider adding the 'required' modifier or declaring the property as nullable. [c:\Users\Peter\Documents\GitHub\kalshi-trading-bot\BacklashBotData\BacklashBotData.csproj]
c:\Users\Peter\Documents\GitHub\kalshi-trading-bot\BacklashBotData\Models\MaintenanceWindow.cs(54,33): warning CS8618: Non-nullable property 'ExchangeSchedule' must contain a non-null value when exiting constructor. Consider adding the 'required' modifier or declaring the property as nullable. [c:\Users\Peter\Documents\GitHub\kalshi-trading-bot\BacklashBotData\BacklashBotData.csproj]
c:\Users\Peter\Documents\GitHub\kalshi-trading-bot\BacklashBotData\Models\WeightSet.cs(22,23): warning CS8618: Non-nullable property 'StrategyName' must contain a non-null value when exiting constructor. Consider adding the 'required' modifier or declaring the property as nullable. [c:\Users\Peter\Documents\GitHub\kalshi-trading-bot\BacklashBotData\BacklashBotData.csproj]
c:\Users\Peter\Documents\GitHub\kalshi-trading-bot\BacklashBotData\Models\WeightSet.cs(28,23): warning CS8618: Non-nullable property 'Weights' must contain a non-null value when exiting constructor. Consider adding the 'required' modifier or declaring the property as nullable. [c:\Users\Peter\Documents\GitHub\kalshi-trading-bot\BacklashBotData\BacklashBotData.csproj]
c:\Users\Peter\Documents\GitHub\kalshi-trading-bot\BacklashBotData\Models\Fill.cs(27,23): warning CS8618: Non-nullable property 'market_ticker' must contain a non-null value when exiting constructor. Consider adding the 'required' modifier or declaring the property as nullable. [c:\Users\Peter\Documents\GitHub\kalshi-trading-bot\BacklashBotData\BacklashBotData.csproj]
c:\Users\Peter\Documents\GitHub\kalshi-trading-bot\BacklashBotData\Models\Fill.cs(39,23): warning CS8618: Non-nullable property 'side' must contain a non-null value when exiting constructor. Consider adding the 'required' modifier or declaring the property as nullable. [c:\Users\Peter\Documents\GitHub\kalshi-trading-bot\BacklashBotData\BacklashBotData.csproj]
c:\Users\Peter\Documents\GitHub\kalshi-trading-bot\BacklashBotData\Models\Fill.cs(63,23): warning CS8618: Non-nullable property 'action' must contain a non-null value when exiting constructor. Consider adding the 'required' modifier or declaring the property as nullable. [c:\Users\Peter\Documents\GitHub\kalshi-trading-bot\BacklashBotData\BacklashBotData.csproj]
c:\Users\Peter\Documents\GitHub\kalshi-trading-bot\BacklashBotData\Models\Fill.cs(87,23): warning CS8618: Non-nullable property 'Market' must contain a non-null value when exiting constructor. Consider adding the 'required' modifier or declaring the property as nullable. [c:\Users\Peter\Documents\GitHub\kalshi-trading-bot\BacklashBotData\BacklashBotData.csproj]
c:\Users\Peter\Documents\GitHub\kalshi-trading-bot\BacklashBotData\Models\Trade.cs(22,23): warning CS8618: Non-nullable property 'market_ticker' must contain a non-null value when exiting constructor. Consider adding the 'required' modifier or declaring the property as nullable. [c:\Users\Peter\Documents\GitHub\kalshi-trading-bot\BacklashBotData\BacklashBotData.csproj]
c:\Users\Peter\Documents\GitHub\kalshi-trading-bot\BacklashBotData\Models\Trade.cs(46,23): warning CS8618: Non-nullable property 'taker_side' must contain a non-null value when exiting constructor. Consider adding the 'required' modifier or declaring the property as nullable. [c:\Users\Peter\Documents\GitHub\kalshi-trading-bot\BacklashBotData\BacklashBotData.csproj]
c:\Users\Peter\Documents\GitHub\kalshi-trading-bot\BacklashBotData\Models\Trade.cs(70,23): warning CS8618: Non-nullable property 'Market' must contain a non-null value when exiting constructor. Consider adding the 'required' modifier or declaring the property as nullable. [c:\Users\Peter\Documents\GitHub\kalshi-trading-bot\BacklashBotData\BacklashBotData.csproj]
c:\Users\Peter\Documents\GitHub\kalshi-trading-bot\BacklashBotData\Models\Candlestick.cs(129,16): warning CS8618: Non-nullable property 'market_ticker' must contain a non-null value when exiting constructor. Consider adding the 'required' modifier or declaring the property as nullable. [c:\Users\Peter\Documents\GitHub\kalshi-trading-bot\BacklashBotData\BacklashBotData.csproj]
c:\Users\Peter\Documents\GitHub\kalshi-trading-bot\BacklashBotData\Models\Candlestick.cs(129,16): warning CS8618: Non-nullable property 'Market' must contain a non-null value when exiting constructor. Consider adding the 'required' modifier or declaring the property as nullable. [c:\Users\Peter\Documents\GitHub\kalshi-trading-bot\BacklashBotData\BacklashBotData.csproj]
c:\Users\Peter\Documents\GitHub\kalshi-trading-bot\BacklashBotData\Models\SeriesSettlementSource.cs(16,23): warning CS8618: Non-nullable property 'series_ticker' must contain a non-null value when exiting constructor. Consider adding the 'required' modifier or declaring the property as nullable. [c:\Users\Peter\Documents\GitHub\kalshi-trading-bot\BacklashBotData\BacklashBotData.csproj]
c:\Users\Peter\Documents\GitHub\kalshi-trading-bot\BacklashBotData\Models\SeriesSettlementSource.cs(22,23): warning CS8618: Non-nullable property 'name' must contain a non-null value when exiting constructor. Consider adding the 'required' modifier or declaring the property as nullable. [c:\Users\Peter\Documents\GitHub\kalshi-trading-bot\BacklashBotData\BacklashBotData.csproj]
c:\Users\Peter\Documents\GitHub\kalshi-trading-bot\BacklashBotData\Models\SeriesSettlementSource.cs(28,23): warning CS8618: Non-nullable property 'url' must contain a non-null value when exiting constructor. Consider adding the 'required' modifier or declaring the property as nullable. [c:\Users\Peter\Documents\GitHub\kalshi-trading-bot\BacklashBotData\BacklashBotData.csproj]
c:\Users\Peter\Documents\GitHub\kalshi-trading-bot\BacklashBotData\Models\SeriesSettlementSource.cs(34,23): warning CS8618: Non-nullable property 'Series' must contain a non-null value when exiting constructor. Consider adding the 'required' modifier or declaring the property as nullable. [c:\Users\Peter\Documents\GitHub\kalshi-trading-bot\BacklashBotData\BacklashBotData.csproj]
c:\Users\Peter\Documents\GitHub\kalshi-trading-bot\BacklashBotData\Models\Ticker.cs(21,23): warning CS8618: Non-nullable property 'market_ticker' must contain a non-null value when exiting constructor. Consider adding the 'required' modifier or declaring the property as nullable. [c:\Users\Peter\Documents\GitHub\kalshi-trading-bot\BacklashBotData\BacklashBotData.csproj]
c:\Users\Peter\Documents\GitHub\kalshi-trading-bot\BacklashBotData\Models\Ticker.cs(87,23): warning CS8618: Non-nullable property 'Market' must contain a non-null value when exiting constructor. Consider adding the 'required' modifier or declaring the property as nullable. [c:\Users\Peter\Documents\GitHub\kalshi-trading-bot\BacklashBotData\BacklashBotData.csproj]
c:\Users\Peter\Documents\GitHub\kalshi-trading-bot\BacklashBotData\Models\SeriesTag.cs(16,23): warning CS8618: Non-nullable property 'series_ticker' must contain a non-null value when exiting constructor. Consider adding the 'required' modifier or declaring the property as nullable. [c:\Users\Peter\Documents\GitHub\kalshi-trading-bot\BacklashBotData\BacklashBotData.csproj]
c:\Users\Peter\Documents\GitHub\kalshi-trading-bot\BacklashBotData\Models\SeriesTag.cs(22,23): warning CS8618: Non-nullable property 'tag' must contain a non-null value when exiting constructor. Consider adding the 'required' modifier or declaring the property as nullable. [c:\Users\Peter\Documents\GitHub\kalshi-trading-bot\BacklashBotData\BacklashBotData.csproj]
c:\Users\Peter\Documents\GitHub\kalshi-trading-bot\BacklashBotData\Models\SeriesTag.cs(28,23): warning CS8618: Non-nullable property 'Series' must contain a non-null value when exiting constructor. Consider adding the 'required' modifier or declaring the property as nullable. [c:\Users\Peter\Documents\GitHub\kalshi-trading-bot\BacklashBotData\BacklashBotData.csproj]
c:\Users\Peter\Documents\GitHub\kalshi-trading-bot\BacklashBotData\Models\Candlestick.cs(131,16): warning CS8618: Non-nullable property 'Market' must contain a non-null value when exiting constructor. Consider adding the 'required' modifier or declaring the property as nullable. [c:\Users\Peter\Documents\GitHub\kalshi-trading-bot\BacklashBotData\BacklashBotData.csproj]
c:\Users\Peter\Documents\GitHub\kalshi-trading-bot\BacklashBotData\Models\StratData.cs(21,23): warning CS8618: Non-nullable property 'StratName' must contain a non-null value when exiting constructor. Consider adding the 'required' modifier or declaring the property as nullable. [c:\Users\Peter\Documents\GitHub\kalshi-trading-bot\BacklashBotData\BacklashBotData.csproj]
c:\Users\Peter\Documents\GitHub\kalshi-trading-bot\BacklashBotData\Models\StratData.cs(33,23): warning CS8618: Non-nullable property 'RawJSON' must contain a non-null value when exiting constructor. Consider adding the 'required' modifier or declaring the property as nullable. [c:\Users\Peter\Documents\GitHub\kalshi-trading-bot\BacklashBotData\BacklashBotData.csproj]
c:\Users\Peter\Documents\GitHub\kalshi-trading-bot\BacklashBotData\Models\Order.cs(15,23): warning CS8618: Non-nullable property 'OrderId' must contain a non-null value when exiting constructor. Consider adding the 'required' modifier or declaring the property as nullable. [c:\Users\Peter\Documents\GitHub\kalshi-trading-bot\BacklashBotData\BacklashBotData.csproj]
c:\Users\Peter\Documents\GitHub\kalshi-trading-bot\BacklashBotData\Models\Order.cs(21,23): warning CS8618: Non-nullable property 'Ticker' must contain a non-null value when exiting constructor. Consider adding the 'required' modifier or declaring the property as nullable. [c:\Users\Peter\Documents\GitHub\kalshi-trading-bot\BacklashBotData\BacklashBotData.csproj]
c:\Users\Peter\Documents\GitHub\kalshi-trading-bot\BacklashBotData\Models\Order.cs(33,23): warning CS8618: Non-nullable property 'Action' must contain a non-null value when exiting constructor. Consider adding the 'required' modifier or declaring the property as nullable. [c:\Users\Peter\Documents\GitHub\kalshi-trading-bot\BacklashBotData\BacklashBotData.csproj]
c:\Users\Peter\Documents\GitHub\kalshi-trading-bot\BacklashBotData\Models\Order.cs(39,23): warning CS8618: Non-nullable property 'Side' must contain a non-null value when exiting constructor. Consider adding the 'required' modifier or declaring the property as nullable. [c:\Users\Peter\Documents\GitHub\kalshi-trading-bot\BacklashBotData\BacklashBotData.csproj]
c:\Users\Peter\Documents\GitHub\kalshi-trading-bot\BacklashBotData\Models\Order.cs(45,23): warning CS8618: Non-nullable property 'Type' must contain a non-null value when exiting constructor. Consider adding the 'required' modifier or declaring the property as nullable. [c:\Users\Peter\Documents\GitHub\kalshi-trading-bot\BacklashBotData\BacklashBotData.csproj]
c:\Users\Peter\Documents\GitHub\kalshi-trading-bot\BacklashBotData\Models\Order.cs(51,23): warning CS8618: Non-nullable property 'Status' must contain a non-null value when exiting constructor. Consider adding the 'required' modifier or declaring the property as nullable. [c:\Users\Peter\Documents\GitHub\kalshi-trading-bot\BacklashBotData\BacklashBotData.csproj]
c:\Users\Peter\Documents\GitHub\kalshi-trading-bot\BacklashBotData\Models\Order.cs(87,23): warning CS8618: Non-nullable property 'ClientOrderId' must contain a non-null value when exiting constructor. Consider adding the 'required' modifier or declaring the property as nullable. [c:\Users\Peter\Documents\GitHub\kalshi-trading-bot\BacklashBotData\BacklashBotData.csproj]
c:\Users\Peter\Documents\GitHub\kalshi-trading-bot\BacklashBotData\Models\SignalRClient.cs(18,23): warning CS8618: Non-nullable property 'ClientId' must contain a non-null value when exiting constructor. Consider adding the 'required' modifier or declaring the property as nullable. [c:\Users\Peter\Documents\GitHub\kalshi-trading-bot\BacklashBotData\BacklashBotData.csproj]
c:\Users\Peter\Documents\GitHub\kalshi-trading-bot\BacklashBotData\Models\SignalRClient.cs(24,23): warning CS8618: Non-nullable property 'ClientName' must contain a non-null value when exiting constructor. Consider adding the 'required' modifier or declaring the property as nullable. [c:\Users\Peter\Documents\GitHub\kalshi-trading-bot\BacklashBotData\BacklashBotData.csproj]
c:\Users\Peter\Documents\GitHub\kalshi-trading-bot\BacklashBotData\Models\SignalRClient.cs(30,23): warning CS8618: Non-nullable property 'IPAddress' must contain a non-null value when exiting constructor. Consider adding the 'required' modifier or declaring the property as nullable. [c:\Users\Peter\Documents\GitHub\kalshi-trading-bot\BacklashBotData\BacklashBotData.csproj]
c:\Users\Peter\Documents\GitHub\kalshi-trading-bot\BacklashBotData\Models\SignalRClient.cs(36,23): warning CS8618: Non-nullable property 'AuthToken' must contain a non-null value when exiting constructor. Consider adding the 'required' modifier or declaring the property as nullable. [c:\Users\Peter\Documents\GitHub\kalshi-trading-bot\BacklashBotData\BacklashBotData.csproj]
c:\Users\Peter\Documents\GitHub\kalshi-trading-bot\BacklashBotData\Models\SignalRClient.cs(42,23): warning CS8618: Non-nullable property 'ClientType' must contain a non-null value when exiting constructor. Consider adding the 'required' modifier or declaring the property as nullable. [c:\Users\Peter\Documents\GitHub\kalshi-trading-bot\BacklashBotData\BacklashBotData.csproj]
c:\Users\Peter\Documents\GitHub\kalshi-trading-bot\BacklashBotData\Models\SnapshotSchema.cs(23,23): warning CS8618: Non-nullable property 'SchemaDefinition' must contain a non-null value when exiting constructor. Consider adding the 'required' modifier or declaring the property as nullable. [c:\Users\Peter\Documents\GitHub\kalshi-trading-bot\BacklashBotData\BacklashBotData.csproj]
c:\Users\Peter\Documents\GitHub\kalshi-trading-bot\BacklashBotData\Models\StandardHoursSession.cs(29,23): warning CS8618: Non-nullable property 'DayOfWeek' must contain a non-null value when exiting constructor. Consider adding the 'required' modifier or declaring the property as nullable. [c:\Users\Peter\Documents\GitHub\kalshi-trading-bot\BacklashBotData\BacklashBotData.csproj]
c:\Users\Peter\Documents\GitHub\kalshi-trading-bot\BacklashBotData\Models\StandardHoursSession.cs(59,30): warning CS8618: Non-nullable property 'StandardHours' must contain a non-null value when exiting constructor. Consider adding the 'required' modifier or declaring the property as nullable. [c:\Users\Peter\Documents\GitHub\kalshi-trading-bot\BacklashBotData\BacklashBotData.csproj]
c:\Users\Peter\Documents\GitHub\kalshi-trading-bot\BacklashBotData\Models\SnapshotGroup.cs(54,23): warning CS8618: Non-nullable property 'MarketTicker' must contain a non-null value when exiting constructor. Consider adding the 'required' modifier or declaring the property as nullable. [c:\Users\Peter\Documents\GitHub\kalshi-trading-bot\BacklashBotData\BacklashBotData.csproj]
c:\Users\Peter\Documents\GitHub\kalshi-trading-bot\BacklashBotData\Models\SnapshotGroup.cs(67,23): warning CS8618: Non-nullable property 'JsonPath' must contain a non-null value when exiting constructor. Consider adding the 'required' modifier or declaring the property as nullable. [c:\Users\Peter\Documents\GitHub\kalshi-trading-bot\BacklashBotData\BacklashBotData.csproj]
c:\Users\Peter\Documents\GitHub\kalshi-trading-bot\BacklashBotData\Models\SnapshotGroup.cs(71,23): warning CS8618: Non-nullable property 'Market' must contain a non-null value when exiting constructor. Consider adding the 'required' modifier or declaring the property as nullable. [c:\Users\Peter\Documents\GitHub\kalshi-trading-bot\BacklashBotData\BacklashBotData.csproj]
c:\Users\Peter\Documents\GitHub\kalshi-trading-bot\BacklashBotData\Models\Snapshot.cs(19,23): warning CS8618: Non-nullable property 'MarketTicker' must contain a non-null value when exiting constructor. Consider adding the 'required' modifier or declaring the property as nullable. [c:\Users\Peter\Documents\GitHub\kalshi-trading-bot\BacklashBotData\BacklashBotData.csproj]
c:\Users\Peter\Documents\GitHub\kalshi-trading-bot\BacklashBotData\Models\Snapshot.cs(123,23): warning CS8618: Non-nullable property 'RawJSON' must contain a non-null value when exiting constructor. Consider adding the 'required' modifier or declaring the property as nullable. [c:\Users\Peter\Documents\GitHub\kalshi-trading-bot\BacklashBotData\BacklashBotData.csproj]
c:\Users\Peter\Documents\GitHub\kalshi-trading-bot\BacklashBotData\Models\Snapshot.cs(135,23): warning CS8618: Non-nullable property 'Market' must contain a non-null value when exiting constructor. Consider adding the 'required' modifier or declaring the property as nullable. [c:\Users\Peter\Documents\GitHub\kalshi-trading-bot\BacklashBotData\BacklashBotData.csproj]
c:\Users\Peter\Documents\GitHub\kalshi-trading-bot\BacklashBotData\Models\Snapshot.cs(141,27): warning CS8618: Non-nullable property 'MarketType' must contain a non-null value when exiting constructor. Consider adding the 'required' modifier or declaring the property as nullable. [c:\Users\Peter\Documents\GitHub\kalshi-trading-bot\BacklashBotData\BacklashBotData.csproj]
c:\Users\Peter\Documents\GitHub\kalshi-trading-bot\BacklashBotData\Models\StandardHours.cs(53,33): warning CS8618: Non-nullable property 'ExchangeSchedule' must contain a non-null value when exiting constructor. Consider adding the 'required' modifier or declaring the property as nullable. [c:\Users\Peter\Documents\GitHub\kalshi-trading-bot\BacklashBotData\BacklashBotData.csproj]
c:\Users\Peter\Documents\GitHub\kalshi-trading-bot\BacklashBotData\Extensions\AnnouncementExtensions.cs(76,27): warning CS8601: Possible null reference assignment. [c:\Users\Peter\Documents\GitHub\kalshi-trading-bot\BacklashBotData\BacklashBotData.csproj]
c:\Users\Peter\Documents\GitHub\kalshi-trading-bot\BacklashBotData\Extensions\AnnouncementExtensions.cs(77,26): warning CS8601: Possible null reference assignment. [c:\Users\Peter\Documents\GitHub\kalshi-trading-bot\BacklashBotData\BacklashBotData.csproj]
c:\Users\Peter\Documents\GitHub\kalshi-trading-bot\BacklashBotData\Extensions\AnnouncementExtensions.cs(78,24): warning CS8601: Possible null reference assignment. [c:\Users\Peter\Documents\GitHub\kalshi-trading-bot\BacklashBotData\BacklashBotData.csproj]
c:\Users\Peter\Documents\GitHub\kalshi-trading-bot\BacklashBotData\Extensions\BrainInstanceExtensions.cs(78,37): warning CS8601: Possible null reference assignment. [c:\Users\Peter\Documents\GitHub\kalshi-trading-bot\BacklashBotData\BacklashBotData.csproj]
c:\Users\Peter\Documents\GitHub\kalshi-trading-bot\BacklashBotData\Extensions\EventExtensions.cs(81,32): warning CS8601: Possible null reference assignment. [c:\Users\Peter\Documents\GitHub\kalshi-trading-bot\BacklashBotData\BacklashBotData.csproj]
c:\Users\Peter\Documents\GitHub\kalshi-trading-bot\BacklashBotData\Extensions\EventExtensions.cs(82,33): warning CS8601: Possible null reference assignment. [c:\Users\Peter\Documents\GitHub\kalshi-trading-bot\BacklashBotData\BacklashBotData.csproj]
c:\Users\Peter\Documents\GitHub\kalshi-trading-bot\BacklashBotData\Extensions\EventExtensions.cs(83,25): warning CS8601: Possible null reference assignment. [c:\Users\Peter\Documents\GitHub\kalshi-trading-bot\BacklashBotData\BacklashBotData.csproj]
c:\Users\Peter\Documents\GitHub\kalshi-trading-bot\BacklashBotData\Extensions\EventExtensions.cs(85,42): warning CS8601: Possible null reference assignment. [c:\Users\Peter\Documents\GitHub\kalshi-trading-bot\BacklashBotData\BacklashBotData.csproj]
c:\Users\Peter\Documents\GitHub\kalshi-trading-bot\BacklashBotData\Extensions\EventExtensions.cs(87,28): warning CS8601: Possible null reference assignment. [c:\Users\Peter\Documents\GitHub\kalshi-trading-bot\BacklashBotData\BacklashBotData.csproj]
c:\Users\Peter\Documents\GitHub\kalshi-trading-bot\BacklashBotData\Extensions\CandlestickExtensions.cs(92,33): warning CS8601: Possible null reference assignment. [c:\Users\Peter\Documents\GitHub\kalshi-trading-bot\BacklashBotData\BacklashBotData.csproj]
c:\Users\Peter\Documents\GitHub\kalshi-trading-bot\BacklashBotData\Extensions\LogEntryExtensions.cs(78,25): warning CS8601: Possible null reference assignment. [c:\Users\Peter\Documents\GitHub\kalshi-trading-bot\BacklashBotData\BacklashBotData.csproj]
c:\Users\Peter\Documents\GitHub\kalshi-trading-bot\BacklashBotData\Extensions\LogEntryExtensions.cs(79,27): warning CS8601: Possible null reference assignment. [c:\Users\Peter\Documents\GitHub\kalshi-trading-bot\BacklashBotData\BacklashBotData.csproj]
c:\Users\Peter\Documents\GitHub\kalshi-trading-bot\BacklashBotData\Extensions\LogEntryExtensions.cs(80,29): warning CS8601: Possible null reference assignment. [c:\Users\Peter\Documents\GitHub\kalshi-trading-bot\BacklashBotData\BacklashBotData.csproj]
c:\Users\Peter\Documents\GitHub\kalshi-trading-bot\BacklashBotData\Extensions\LogEntryExtensions.cs(81,31): warning CS8601: Possible null reference assignment. [c:\Users\Peter\Documents\GitHub\kalshi-trading-bot\BacklashBotData\BacklashBotData.csproj]
c:\Users\Peter\Documents\GitHub\kalshi-trading-bot\BacklashBotData\Extensions\LogEntryExtensions.cs(82,33): warning CS8601: Possible null reference assignment. [c:\Users\Peter\Documents\GitHub\kalshi-trading-bot\BacklashBotData\BacklashBotData.csproj]
c:\Users\Peter\Documents\GitHub\kalshi-trading-bot\BacklashBotData\Extensions\LogEntryExtensions.cs(83,37): warning CS8601: Possible null reference assignment. [c:\Users\Peter\Documents\GitHub\kalshi-trading-bot\BacklashBotData\BacklashBotData.csproj]
c:\Users\Peter\Documents\GitHub\kalshi-trading-bot\BacklashBotData\Extensions\LogEntryExtensions.cs(84,26): warning CS8601: Possible null reference assignment. [c:\Users\Peter\Documents\GitHub\kalshi-trading-bot\BacklashBotData\BacklashBotData.csproj]
c:\Users\Peter\Documents\GitHub\kalshi-trading-bot\BacklashBotData\Extensions\AnnouncementExtensions.cs(114,41): warning CS8601: Possible null reference assignment. [c:\Users\Peter\Documents\GitHub\kalshi-trading-bot\BacklashBotData\BacklashBotData.csproj]
c:\Users\Peter\Documents\GitHub\kalshi-trading-bot\BacklashBotData\Extensions\AnnouncementExtensions.cs(115,40): warning CS8601: Possible null reference assignment. [c:\Users\Peter\Documents\GitHub\kalshi-trading-bot\BacklashBotData\BacklashBotData.csproj]
c:\Users\Peter\Documents\GitHub\kalshi-trading-bot\BacklashBotData\Extensions\AnnouncementExtensions.cs(116,38): warning CS8601: Possible null reference assignment. [c:\Users\Peter\Documents\GitHub\kalshi-trading-bot\BacklashBotData\BacklashBotData.csproj]
c:\Users\Peter\Documents\GitHub\kalshi-trading-bot\BacklashBotData\Extensions\EventExtensions.cs(122,40): warning CS8601: Possible null reference assignment. [c:\Users\Peter\Documents\GitHub\kalshi-trading-bot\BacklashBotData\BacklashBotData.csproj]
c:\Users\Peter\Documents\GitHub\kalshi-trading-bot\BacklashBotData\Extensions\EventExtensions.cs(123,32): warning CS8601: Possible null reference assignment. [c:\Users\Peter\Documents\GitHub\kalshi-trading-bot\BacklashBotData\BacklashBotData.csproj]
c:\Users\Peter\Documents\GitHub\kalshi-trading-bot\BacklashBotData\Extensions\EventExtensions.cs(125,49): warning CS8601: Possible null reference assignment. [c:\Users\Peter\Documents\GitHub\kalshi-trading-bot\BacklashBotData\BacklashBotData.csproj]
c:\Users\Peter\Documents\GitHub\kalshi-trading-bot\BacklashBotData\Extensions\EventExtensions.cs(127,35): warning CS8601: Possible null reference assignment. [c:\Users\Peter\Documents\GitHub\kalshi-trading-bot\BacklashBotData\BacklashBotData.csproj]
c:\Users\Peter\Documents\GitHub\kalshi-trading-bot\BacklashBotData\Extensions\MarketWatchExtensions.cs(73,33): warning CS8601: Possible null reference assignment. [c:\Users\Peter\Documents\GitHub\kalshi-trading-bot\BacklashBotData\BacklashBotData.csproj]
c:\Users\Peter\Documents\GitHub\kalshi-trading-bot\BacklashBotData\Extensions\LogEntryExtensions.cs(117,30): warning CS8601: Possible null reference assignment. [c:\Users\Peter\Documents\GitHub\kalshi-trading-bot\BacklashBotData\BacklashBotData.csproj]
c:\Users\Peter\Documents\GitHub\kalshi-trading-bot\BacklashBotData\Extensions\LogEntryExtensions.cs(118,32): warning CS8601: Possible null reference assignment. [c:\Users\Peter\Documents\GitHub\kalshi-trading-bot\BacklashBotData\BacklashBotData.csproj]
c:\Users\Peter\Documents\GitHub\kalshi-trading-bot\BacklashBotData\Extensions\LogEntryExtensions.cs(119,34): warning CS8601: Possible null reference assignment. [c:\Users\Peter\Documents\GitHub\kalshi-trading-bot\BacklashBotData\BacklashBotData.csproj]
c:\Users\Peter\Documents\GitHub\kalshi-trading-bot\BacklashBotData\Extensions\LogEntryExtensions.cs(120,36): warning CS8601: Possible null reference assignment. [c:\Users\Peter\Documents\GitHub\kalshi-trading-bot\BacklashBotData\BacklashBotData.csproj]
c:\Users\Peter\Documents\GitHub\kalshi-trading-bot\BacklashBotData\Extensions\LogEntryExtensions.cs(121,38): warning CS8601: Possible null reference assignment. [c:\Users\Peter\Documents\GitHub\kalshi-trading-bot\BacklashBotData\BacklashBotData.csproj]
c:\Users\Peter\Documents\GitHub\kalshi-trading-bot\BacklashBotData\Extensions\LogEntryExtensions.cs(122,42): warning CS8601: Possible null reference assignment. [c:\Users\Peter\Documents\GitHub\kalshi-trading-bot\BacklashBotData\BacklashBotData.csproj]
c:\Users\Peter\Documents\GitHub\kalshi-trading-bot\BacklashBotData\Extensions\LogEntryExtensions.cs(123,31): warning CS8601: Possible null reference assignment. [c:\Users\Peter\Documents\GitHub\kalshi-trading-bot\BacklashBotData\BacklashBotData.csproj]
c:\Users\Peter\Documents\GitHub\kalshi-trading-bot\BacklashBotData\Extensions\LogEntryExtensions.cs(149,25): warning CS8601: Possible null reference assignment. [c:\Users\Peter\Documents\GitHub\kalshi-trading-bot\BacklashBotData\BacklashBotData.csproj]
c:\Users\Peter\Documents\GitHub\kalshi-trading-bot\BacklashBotData\Extensions\LogEntryExtensions.cs(150,27): warning CS8601: Possible null reference assignment. [c:\Users\Peter\Documents\GitHub\kalshi-trading-bot\BacklashBotData\BacklashBotData.csproj]
c:\Users\Peter\Documents\GitHub\kalshi-trading-bot\BacklashBotData\Extensions\LogEntryExtensions.cs(151,29): warning CS8601: Possible null reference assignment. [c:\Users\Peter\Documents\GitHub\kalshi-trading-bot\BacklashBotData\BacklashBotData.csproj]
c:\Users\Peter\Documents\GitHub\kalshi-trading-bot\BacklashBotData\Extensions\LogEntryExtensions.cs(152,31): warning CS8601: Possible null reference assignment. [c:\Users\Peter\Documents\GitHub\kalshi-trading-bot\BacklashBotData\BacklashBotData.csproj]
c:\Users\Peter\Documents\GitHub\kalshi-trading-bot\BacklashBotData\Extensions\LogEntryExtensions.cs(153,33): warning CS8601: Possible null reference assignment. [c:\Users\Peter\Documents\GitHub\kalshi-trading-bot\BacklashBotData\BacklashBotData.csproj]
c:\Users\Peter\Documents\GitHub\kalshi-trading-bot\BacklashBotData\Extensions\LogEntryExtensions.cs(154,37): warning CS8601: Possible null reference assignment. [c:\Users\Peter\Documents\GitHub\kalshi-trading-bot\BacklashBotData\BacklashBotData.csproj]
c:\Users\Peter\Documents\GitHub\kalshi-trading-bot\BacklashBotData\Extensions\LogEntryExtensions.cs(155,26): warning CS8601: Possible null reference assignment. [c:\Users\Peter\Documents\GitHub\kalshi-trading-bot\BacklashBotData\BacklashBotData.csproj]
c:\Users\Peter\Documents\GitHub\kalshi-trading-bot\BacklashBotData\Extensions\MarketExtensions.cs(114,33): warning CS8601: Possible null reference assignment. [c:\Users\Peter\Documents\GitHub\kalshi-trading-bot\BacklashBotData\BacklashBotData.csproj]
c:\Users\Peter\Documents\GitHub\kalshi-trading-bot\BacklashBotData\Extensions\MarketExtensions.cs(115,32): warning CS8601: Possible null reference assignment. [c:\Users\Peter\Documents\GitHub\kalshi-trading-bot\BacklashBotData\BacklashBotData.csproj]
c:\Users\Peter\Documents\GitHub\kalshi-trading-bot\BacklashBotData\Extensions\MarketExtensions.cs(116,31): warning CS8601: Possible null reference assignment. [c:\Users\Peter\Documents\GitHub\kalshi-trading-bot\BacklashBotData\BacklashBotData.csproj]
c:\Users\Peter\Documents\GitHub\kalshi-trading-bot\BacklashBotData\Extensions\MarketExtensions.cs(117,25): warning CS8601: Possible null reference assignment. [c:\Users\Peter\Documents\GitHub\kalshi-trading-bot\BacklashBotData\BacklashBotData.csproj]
c:\Users\Peter\Documents\GitHub\kalshi-trading-bot\BacklashBotData\Extensions\MarketExtensions.cs(119,33): warning CS8601: Possible null reference assignment. [c:\Users\Peter\Documents\GitHub\kalshi-trading-bot\BacklashBotData\BacklashBotData.csproj]
c:\Users\Peter\Documents\GitHub\kalshi-trading-bot\BacklashBotData\Extensions\MarketExtensions.cs(120,32): warning CS8601: Possible null reference assignment. [c:\Users\Peter\Documents\GitHub\kalshi-trading-bot\BacklashBotData\BacklashBotData.csproj]
c:\Users\Peter\Documents\GitHub\kalshi-trading-bot\BacklashBotData\Extensions\MarketExtensions.cs(127,26): warning CS8601: Possible null reference assignment. [c:\Users\Peter\Documents\GitHub\kalshi-trading-bot\BacklashBotData\BacklashBotData.csproj]
c:\Users\Peter\Documents\GitHub\kalshi-trading-bot\BacklashBotData\Extensions\MarketExtensions.cs(128,40): warning CS8601: Possible null reference assignment. [c:\Users\Peter\Documents\GitHub\kalshi-trading-bot\BacklashBotData\BacklashBotData.csproj]
c:\Users\Peter\Documents\GitHub\kalshi-trading-bot\BacklashBotData\Extensions\MarketExtensions.cs(143,26): warning CS8601: Possible null reference assignment. [c:\Users\Peter\Documents\GitHub\kalshi-trading-bot\BacklashBotData\BacklashBotData.csproj]
c:\Users\Peter\Documents\GitHub\kalshi-trading-bot\BacklashBotData\Extensions\MarketExtensions.cs(145,36): warning CS8601: Possible null reference assignment. [c:\Users\Peter\Documents\GitHub\kalshi-trading-bot\BacklashBotData\BacklashBotData.csproj]
c:\Users\Peter\Documents\GitHub\kalshi-trading-bot\BacklashBotData\Extensions\MarketExtensions.cs(146,28): warning CS8601: Possible null reference assignment. [c:\Users\Peter\Documents\GitHub\kalshi-trading-bot\BacklashBotData\BacklashBotData.csproj]
c:\Users\Peter\Documents\GitHub\kalshi-trading-bot\BacklashBotData\Extensions\MarketExtensions.cs(148,31): warning CS8601: Possible null reference assignment. [c:\Users\Peter\Documents\GitHub\kalshi-trading-bot\BacklashBotData\BacklashBotData.csproj]
c:\Users\Peter\Documents\GitHub\kalshi-trading-bot\BacklashBotData\Extensions\MarketExtensions.cs(150,33): warning CS8601: Possible null reference assignment. [c:\Users\Peter\Documents\GitHub\kalshi-trading-bot\BacklashBotData\BacklashBotData.csproj]
c:\Users\Peter\Documents\GitHub\kalshi-trading-bot\BacklashBotData\Extensions\OrderExtensions.cs(96,27): warning CS8601: Possible null reference assignment. [c:\Users\Peter\Documents\GitHub\kalshi-trading-bot\BacklashBotData\BacklashBotData.csproj]
c:\Users\Peter\Documents\GitHub\kalshi-trading-bot\BacklashBotData\Extensions\OrderExtensions.cs(97,26): warning CS8601: Possible null reference assignment. [c:\Users\Peter\Documents\GitHub\kalshi-trading-bot\BacklashBotData\BacklashBotData.csproj]
c:\Users\Peter\Documents\GitHub\kalshi-trading-bot\BacklashBotData\Extensions\OrderExtensions.cs(99,26): warning CS8601: Possible null reference assignment. [c:\Users\Peter\Documents\GitHub\kalshi-trading-bot\BacklashBotData\BacklashBotData.csproj]
c:\Users\Peter\Documents\GitHub\kalshi-trading-bot\BacklashBotData\Extensions\OrderExtensions.cs(100,24): warning CS8601: Possible null reference assignment. [c:\Users\Peter\Documents\GitHub\kalshi-trading-bot\BacklashBotData\BacklashBotData.csproj]
c:\Users\Peter\Documents\GitHub\kalshi-trading-bot\BacklashBotData\Extensions\OrderExtensions.cs(101,24): warning CS8601: Possible null reference assignment. [c:\Users\Peter\Documents\GitHub\kalshi-trading-bot\BacklashBotData\BacklashBotData.csproj]
c:\Users\Peter\Documents\GitHub\kalshi-trading-bot\BacklashBotData\Extensions\OrderExtensions.cs(102,26): warning CS8601: Possible null reference assignment. [c:\Users\Peter\Documents\GitHub\kalshi-trading-bot\BacklashBotData\BacklashBotData.csproj]
c:\Users\Peter\Documents\GitHub\kalshi-trading-bot\BacklashBotData\Extensions\OrderExtensions.cs(108,33): warning CS8601: Possible null reference assignment. [c:\Users\Peter\Documents\GitHub\kalshi-trading-bot\BacklashBotData\BacklashBotData.csproj]
c:\Users\Peter\Documents\GitHub\kalshi-trading-bot\BacklashBotData\Extensions\OrderExtensions.cs(157,28): warning CS8601: Possible null reference assignment. [c:\Users\Peter\Documents\GitHub\kalshi-trading-bot\BacklashBotData\BacklashBotData.csproj]
c:\Users\Peter\Documents\GitHub\kalshi-trading-bot\BacklashBotData\Extensions\OrderExtensions.cs(158,26): warning CS8601: Possible null reference assignment. [c:\Users\Peter\Documents\GitHub\kalshi-trading-bot\BacklashBotData\BacklashBotData.csproj]
c:\Users\Peter\Documents\GitHub\kalshi-trading-bot\BacklashBotData\Extensions\OrderExtensions.cs(159,26): warning CS8601: Possible null reference assignment. [c:\Users\Peter\Documents\GitHub\kalshi-trading-bot\BacklashBotData\BacklashBotData.csproj]
c:\Users\Peter\Documents\GitHub\kalshi-trading-bot\BacklashBotData\Extensions\OrderExtensions.cs(160,28): warning CS8601: Possible null reference assignment. [c:\Users\Peter\Documents\GitHub\kalshi-trading-bot\BacklashBotData\BacklashBotData.csproj]
c:\Users\Peter\Documents\GitHub\kalshi-trading-bot\BacklashBotData\Extensions\OrderExtensions.cs(165,35): warning CS8601: Possible null reference assignment. [c:\Users\Peter\Documents\GitHub\kalshi-trading-bot\BacklashBotData\BacklashBotData.csproj]
c:\Users\Peter\Documents\GitHub\kalshi-trading-bot\BacklashBotData\Extensions\MarketExtensions.cs(188,35): warning CS8601: Possible null reference assignment. [c:\Users\Peter\Documents\GitHub\kalshi-trading-bot\BacklashBotData\BacklashBotData.csproj]
c:\Users\Peter\Documents\GitHub\kalshi-trading-bot\BacklashBotData\Extensions\MarketExtensions.cs(189,34): warning CS8601: Possible null reference assignment. [c:\Users\Peter\Documents\GitHub\kalshi-trading-bot\BacklashBotData\BacklashBotData.csproj]
c:\Users\Peter\Documents\GitHub\kalshi-trading-bot\BacklashBotData\Extensions\MarketExtensions.cs(190,28): warning CS8601: Possible null reference assignment. [c:\Users\Peter\Documents\GitHub\kalshi-trading-bot\BacklashBotData\BacklashBotData.csproj]
c:\Users\Peter\Documents\GitHub\kalshi-trading-bot\BacklashBotData\Extensions\MarketExtensions.cs(192,36): warning CS8601: Possible null reference assignment. [c:\Users\Peter\Documents\GitHub\kalshi-trading-bot\BacklashBotData\BacklashBotData.csproj]
c:\Users\Peter\Documents\GitHub\kalshi-trading-bot\BacklashBotData\Extensions\MarketExtensions.cs(193,35): warning CS8601: Possible null reference assignment. [c:\Users\Peter\Documents\GitHub\kalshi-trading-bot\BacklashBotData\BacklashBotData.csproj]
c:\Users\Peter\Documents\GitHub\kalshi-trading-bot\BacklashBotData\Extensions\MarketExtensions.cs(200,29): warning CS8601: Possible null reference assignment. [c:\Users\Peter\Documents\GitHub\kalshi-trading-bot\BacklashBotData\BacklashBotData.csproj]
c:\Users\Peter\Documents\GitHub\kalshi-trading-bot\BacklashBotData\Extensions\MarketExtensions.cs(201,43): warning CS8601: Possible null reference assignment. [c:\Users\Peter\Documents\GitHub\kalshi-trading-bot\BacklashBotData\BacklashBotData.csproj]
c:\Users\Peter\Documents\GitHub\kalshi-trading-bot\BacklashBotData\Extensions\MarketExtensions.cs(216,29): warning CS8601: Possible null reference assignment. [c:\Users\Peter\Documents\GitHub\kalshi-trading-bot\BacklashBotData\BacklashBotData.csproj]
c:\Users\Peter\Documents\GitHub\kalshi-trading-bot\BacklashBotData\Extensions\MarketExtensions.cs(218,39): warning CS8601: Possible null reference assignment. [c:\Users\Peter\Documents\GitHub\kalshi-trading-bot\BacklashBotData\BacklashBotData.csproj]
c:\Users\Peter\Documents\GitHub\kalshi-trading-bot\BacklashBotData\Extensions\MarketExtensions.cs(221,34): warning CS8601: Possible null reference assignment. [c:\Users\Peter\Documents\GitHub\kalshi-trading-bot\BacklashBotData\BacklashBotData.csproj]
c:\Users\Peter\Documents\GitHub\kalshi-trading-bot\BacklashBotData\Extensions\MarketExtensions.cs(223,36): warning CS8601: Possible null reference assignment. [c:\Users\Peter\Documents\GitHub\kalshi-trading-bot\BacklashBotData\BacklashBotData.csproj]
c:\Users\Peter\Documents\GitHub\kalshi-trading-bot\BacklashBotData\Extensions\SeriesExtensions.cs(86,33): warning CS8601: Possible null reference assignment. [c:\Users\Peter\Documents\GitHub\kalshi-trading-bot\BacklashBotData\BacklashBotData.csproj]
c:\Users\Peter\Documents\GitHub\kalshi-trading-bot\BacklashBotData\Extensions\SeriesExtensions.cs(87,29): warning CS8601: Possible null reference assignment. [c:\Users\Peter\Documents\GitHub\kalshi-trading-bot\BacklashBotData\BacklashBotData.csproj]
c:\Users\Peter\Documents\GitHub\kalshi-trading-bot\BacklashBotData\Extensions\SeriesExtensions.cs(88,25): warning CS8601: Possible null reference assignment. [c:\Users\Peter\Documents\GitHub\kalshi-trading-bot\BacklashBotData\BacklashBotData.csproj]
c:\Users\Peter\Documents\GitHub\kalshi-trading-bot\BacklashBotData\Extensions\SeriesExtensions.cs(89,28): warning CS8601: Possible null reference assignment. [c:\Users\Peter\Documents\GitHub\kalshi-trading-bot\BacklashBotData\BacklashBotData.csproj]
c:\Users\Peter\Documents\GitHub\kalshi-trading-bot\BacklashBotData\Extensions\SeriesExtensions.cs(90,32): warning CS8601: Possible null reference assignment. [c:\Users\Peter\Documents\GitHub\kalshi-trading-bot\BacklashBotData\BacklashBotData.csproj]
c:\Users\Peter\Documents\GitHub\kalshi-trading-bot\BacklashBotData\Extensions\WeightSetExtensions.cs(72,32): warning CS8601: Possible null reference assignment. [c:\Users\Peter\Documents\GitHub\kalshi-trading-bot\BacklashBotData\BacklashBotData.csproj]
c:\Users\Peter\Documents\GitHub\kalshi-trading-bot\BacklashBotData\Extensions\WeightSetExtensions.cs(73,27): warning CS8601: Possible null reference assignment. [c:\Users\Peter\Documents\GitHub\kalshi-trading-bot\BacklashBotData\BacklashBotData.csproj]
c:\Users\Peter\Documents\GitHub\kalshi-trading-bot\BacklashBotData\Extensions\SeriesExtensions.cs(126,32): warning CS8601: Possible null reference assignment. [c:\Users\Peter\Documents\GitHub\kalshi-trading-bot\BacklashBotData\BacklashBotData.csproj]
c:\Users\Peter\Documents\GitHub\kalshi-trading-bot\BacklashBotData\Extensions\SeriesExtensions.cs(127,28): warning CS8601: Possible null reference assignment. [c:\Users\Peter\Documents\GitHub\kalshi-trading-bot\BacklashBotData\BacklashBotData.csproj]
c:\Users\Peter\Documents\GitHub\kalshi-trading-bot\BacklashBotData\Extensions\SeriesExtensions.cs(128,31): warning CS8601: Possible null reference assignment. [c:\Users\Peter\Documents\GitHub\kalshi-trading-bot\BacklashBotData\BacklashBotData.csproj]
c:\Users\Peter\Documents\GitHub\kalshi-trading-bot\BacklashBotData\Extensions\SeriesExtensions.cs(129,35): warning CS8601: Possible null reference assignment. [c:\Users\Peter\Documents\GitHub\kalshi-trading-bot\BacklashBotData\BacklashBotData.csproj]
c:\Users\Peter\Documents\GitHub\kalshi-trading-bot\BacklashBotData\Extensions\WeightSetExtensions.cs(100,38): warning CS8601: Possible null reference assignment. [c:\Users\Peter\Documents\GitHub\kalshi-trading-bot\BacklashBotData\BacklashBotData.csproj]
c:\Users\Peter\Documents\GitHub\kalshi-trading-bot\BacklashBotData\Extensions\WeightSetExtensions.cs(101,33): warning CS8601: Possible null reference assignment. [c:\Users\Peter\Documents\GitHub\kalshi-trading-bot\BacklashBotData\BacklashBotData.csproj]
c:\Users\Peter\Documents\GitHub\kalshi-trading-bot\BacklashBotData\Extensions\TickerExtensions.cs(80,33): warning CS8601: Possible null reference assignment. [c:\Users\Peter\Documents\GitHub\kalshi-trading-bot\BacklashBotData\BacklashBotData.csproj]
c:\Users\Peter\Documents\GitHub\kalshi-trading-bot\BacklashBotData\Extensions\SeriesSettlementSourceExtensions.cs(70,33): warning CS8601: Possible null reference assignment. [c:\Users\Peter\Documents\GitHub\kalshi-trading-bot\BacklashBotData\BacklashBotData.csproj]
c:\Users\Peter\Documents\GitHub\kalshi-trading-bot\BacklashBotData\Extensions\SeriesSettlementSourceExtensions.cs(71,24): warning CS8601: Possible null reference assignment. [c:\Users\Peter\Documents\GitHub\kalshi-trading-bot\BacklashBotData\BacklashBotData.csproj]
c:\Users\Peter\Documents\GitHub\kalshi-trading-bot\BacklashBotData\Extensions\SeriesSettlementSourceExtensions.cs(72,23): warning CS8601: Possible null reference assignment. [c:\Users\Peter\Documents\GitHub\kalshi-trading-bot\BacklashBotData\BacklashBotData.csproj]
c:\Users\Peter\Documents\GitHub\kalshi-trading-bot\BacklashBotData\Extensions\SeriesTagExtensions.cs(69,33): warning CS8601: Possible null reference assignment. [c:\Users\Peter\Documents\GitHub\kalshi-trading-bot\BacklashBotData\BacklashBotData.csproj]
c:\Users\Peter\Documents\GitHub\kalshi-trading-bot\BacklashBotData\Extensions\SeriesTagExtensions.cs(70,23): warning CS8601: Possible null reference assignment. [c:\Users\Peter\Documents\GitHub\kalshi-trading-bot\BacklashBotData\BacklashBotData.csproj]
c:\Users\Peter\Documents\GitHub\kalshi-trading-bot\BacklashBotData\Extensions\SnapshotGroupExtensions.cs(79,32): warning CS8601: Possible null reference assignment. [c:\Users\Peter\Documents\GitHub\kalshi-trading-bot\BacklashBotData\BacklashBotData.csproj]
c:\Users\Peter\Documents\GitHub\kalshi-trading-bot\BacklashBotData\Extensions\SnapshotGroupExtensions.cs(88,28): warning CS8601: Possible null reference assignment. [c:\Users\Peter\Documents\GitHub\kalshi-trading-bot\BacklashBotData\BacklashBotData.csproj]
c:\Users\Peter\Documents\GitHub\kalshi-trading-bot\BacklashBotData\Extensions\SnapshotGroupExtensions.cs(129,38): warning CS8601: Possible null reference assignment. [c:\Users\Peter\Documents\GitHub\kalshi-trading-bot\BacklashBotData\BacklashBotData.csproj]
c:\Users\Peter\Documents\GitHub\kalshi-trading-bot\BacklashBotData\Extensions\SnapshotSchemaExtensions.cs(69,36): warning CS8601: Possible null reference assignment. [c:\Users\Peter\Documents\GitHub\kalshi-trading-bot\BacklashBotData\BacklashBotData.csproj]
c:\Users\Peter\Documents\GitHub\kalshi-trading-bot\BacklashBotData\Extensions\StandardHoursSessionExtensions.cs(76,29): warning CS8601: Possible null reference assignment. [c:\Users\Peter\Documents\GitHub\kalshi-trading-bot\BacklashBotData\BacklashBotData.csproj]
c:\Users\Peter\Documents\GitHub\kalshi-trading-bot\BacklashBotData\Extensions\StandardHoursSessionExtensions.cs(113,51): warning CS8601: Possible null reference assignment. [c:\Users\Peter\Documents\GitHub\kalshi-trading-bot\BacklashBotData\BacklashBotData.csproj]
c:\Users\Peter\Documents\GitHub\kalshi-trading-bot\BacklashBotData\Models\Candlestick.cs(108,20): warning CS1591: Missing XML comment for publicly visible type or member 'Candlestick.minute' [c:\Users\Peter\Documents\GitHub\kalshi-trading-bot\BacklashBotData\BacklashBotData.csproj]
c:\Users\Peter\Documents\GitHub\kalshi-trading-bot\BacklashBotData\Models\Candlestick.cs(112,21): warning CS1591: Missing XML comment for publicly visible type or member 'Candlestick.price_close' [c:\Users\Peter\Documents\GitHub\kalshi-trading-bot\BacklashBotData\BacklashBotData.csproj]
c:\Users\Peter\Documents\GitHub\kalshi-trading-bot\BacklashBotData\Models\Candlestick.cs(113,21): warning CS1591: Missing XML comment for publicly visible type or member 'Candlestick.price_high' [c:\Users\Peter\Documents\GitHub\kalshi-trading-bot\BacklashBotData\BacklashBotData.csproj]
c:\Users\Peter\Documents\GitHub\kalshi-trading-bot\BacklashBotData\Models\Candlestick.cs(114,21): warning CS1591: Missing XML comment for publicly visible type or member 'Candlestick.price_low' [c:\Users\Peter\Documents\GitHub\kalshi-trading-bot\BacklashBotData\BacklashBotData.csproj]
c:\Users\Peter\Documents\GitHub\kalshi-trading-bot\BacklashBotData\Models\Candlestick.cs(115,21): warning CS1591: Missing XML comment for publicly visible type or member 'Candlestick.price_mean' [c:\Users\Peter\Documents\GitHub\kalshi-trading-bot\BacklashBotData\BacklashBotData.csproj]
c:\Users\Peter\Documents\GitHub\kalshi-trading-bot\BacklashBotData\Models\Candlestick.cs(116,21): warning CS1591: Missing XML comment for publicly visible type or member 'Candlestick.price_open' [c:\Users\Peter\Documents\GitHub\kalshi-trading-bot\BacklashBotData\BacklashBotData.csproj]
c:\Users\Peter\Documents\GitHub\kalshi-trading-bot\BacklashBotData\Models\Candlestick.cs(117,21): warning CS1591: Missing XML comment for publicly visible type or member 'Candlestick.price_previous' [c:\Users\Peter\Documents\GitHub\kalshi-trading-bot\BacklashBotData\BacklashBotData.csproj]
c:\Users\Peter\Documents\GitHub\kalshi-trading-bot\BacklashBotData\Models\Candlestick.cs(118,20): warning CS1591: Missing XML comment for publicly visible type or member 'Candlestick.volume' [c:\Users\Peter\Documents\GitHub\kalshi-trading-bot\BacklashBotData\BacklashBotData.csproj]
c:\Users\Peter\Documents\GitHub\kalshi-trading-bot\BacklashBotData\Models\Candlestick.cs(119,20): warning CS1591: Missing XML comment for publicly visible type or member 'Candlestick.yes_ask_close' [c:\Users\Peter\Documents\GitHub\kalshi-trading-bot\BacklashBotData\BacklashBotData.csproj]
c:\Users\Peter\Documents\GitHub\kalshi-trading-bot\BacklashBotData\Models\Candlestick.cs(120,20): warning CS1591: Missing XML comment for publicly visible type or member 'Candlestick.yes_ask_high' [c:\Users\Peter\Documents\GitHub\kalshi-trading-bot\BacklashBotData\BacklashBotData.csproj]
c:\Users\Peter\Documents\GitHub\kalshi-trading-bot\BacklashBotData\Models\Candlestick.cs(121,20): warning CS1591: Missing XML comment for publicly visible type or member 'Candlestick.yes_ask_low' [c:\Users\Peter\Documents\GitHub\kalshi-trading-bot\BacklashBotData\BacklashBotData.csproj]
c:\Users\Peter\Documents\GitHub\kalshi-trading-bot\BacklashBotData\Models\Candlestick.cs(122,20): warning CS1591: Missing XML comment for publicly visible type or member 'Candlestick.yes_ask_open' [c:\Users\Peter\Documents\GitHub\kalshi-trading-bot\BacklashBotData\BacklashBotData.csproj]
c:\Users\Peter\Documents\GitHub\kalshi-trading-bot\BacklashBotData\Models\Candlestick.cs(123,20): warning CS1591: Missing XML comment for publicly visible type or member 'Candlestick.yes_bid_close' [c:\Users\Peter\Documents\GitHub\kalshi-trading-bot\BacklashBotData\BacklashBotData.csproj]
c:\Users\Peter\Documents\GitHub\kalshi-trading-bot\BacklashBotData\Models\Candlestick.cs(124,20): warning CS1591: Missing XML comment for publicly visible type or member 'Candlestick.yes_bid_high' [c:\Users\Peter\Documents\GitHub\kalshi-trading-bot\BacklashBotData\BacklashBotData.csproj]
c:\Users\Peter\Documents\GitHub\kalshi-trading-bot\BacklashBotData\Models\Candlestick.cs(125,20): warning CS1591: Missing XML comment for publicly visible type or member 'Candlestick.yes_bid_low' [c:\Users\Peter\Documents\GitHub\kalshi-trading-bot\BacklashBotData\BacklashBotData.csproj]
c:\Users\Peter\Documents\GitHub\kalshi-trading-bot\BacklashBotData\Models\Candlestick.cs(126,20): warning CS1591: Missing XML comment for publicly visible type or member 'Candlestick.yes_bid_open' [c:\Users\Peter\Documents\GitHub\kalshi-trading-bot\BacklashBotData\BacklashBotData.csproj]
c:\Users\Peter\Documents\GitHub\kalshi-trading-bot\BacklashBotData\Models\Candlestick.cs(127,23): warning CS1591: Missing XML comment for publicly visible type or member 'Candlestick.Market' [c:\Users\Peter\Documents\GitHub\kalshi-trading-bot\BacklashBotData\BacklashBotData.csproj]
c:\Users\Peter\Documents\GitHub\kalshi-trading-bot\BacklashBotData\Models\Candlestick.cs(129,16): warning CS1591: Missing XML comment for publicly visible type or member 'Candlestick.Candlestick()' [c:\Users\Peter\Documents\GitHub\kalshi-trading-bot\BacklashBotData\BacklashBotData.csproj]
c:\Users\Peter\Documents\GitHub\kalshi-trading-bot\BacklashBotData\Models\Candlestick.cs(131,16): warning CS1591: Missing XML comment for publicly visible type or member 'Candlestick.Candlestick(string, int, long, int, int, int, int, int, int, int?, int?, int?, int?, int?, int?, int, int, int, int, int, int, int, int, int)' [c:\Users\Peter\Documents\GitHub\kalshi-trading-bot\BacklashBotData\BacklashBotData.csproj]
c:\Users\Peter\Documents\GitHub\kalshi-trading-bot\BacklashBotData\Models\Event.cs(54,24): warning CS1591: Missing XML comment for publicly visible type or member 'Event.sub_title' [c:\Users\Peter\Documents\GitHub\kalshi-trading-bot\BacklashBotData\BacklashBotData.csproj]
c:\Users\Peter\Documents\GitHub\kalshi-trading-bot\BacklashBotData\Models\Event.cs(55,32): warning CS1591: Missing XML comment for publicly visible type or member 'Event.collateral_return_type' [c:\Users\Peter\Documents\GitHub\kalshi-trading-bot\BacklashBotData\BacklashBotData.csproj]
c:\Users\Peter\Documents\GitHub\kalshi-trading-bot\BacklashBotData\Models\Event.cs(56,21): warning CS1591: Missing XML comment for publicly visible type or member 'Event.mutually_exclusive' [c:\Users\Peter\Documents\GitHub\kalshi-trading-bot\BacklashBotData\BacklashBotData.csproj]
c:\Users\Peter\Documents\GitHub\kalshi-trading-bot\BacklashBotData\Models\Event.cs(57,32): warning CS1591: Missing XML comment for publicly visible type or member 'Event.category' [c:\Users\Peter\Documents\GitHub\kalshi-trading-bot\BacklashBotData\BacklashBotData.csproj]
c:\Users\Peter\Documents\GitHub\kalshi-trading-bot\BacklashBotData\Models\Event.cs(58,25): warning CS1591: Missing XML comment for publicly visible type or member 'Event.CreatedDate' [c:\Users\Peter\Documents\GitHub\kalshi-trading-bot\BacklashBotData\BacklashBotData.csproj]
c:\Users\Peter\Documents\GitHub\kalshi-trading-bot\BacklashBotData\Models\Event.cs(59,25): warning CS1591: Missing XML comment for publicly visible type or member 'Event.LastModifiedDate' [c:\Users\Peter\Documents\GitHub\kalshi-trading-bot\BacklashBotData\BacklashBotData.csproj]
c:\Users\Peter\Documents\GitHub\kalshi-trading-bot\BacklashBotData\Models\Event.cs(60,30): warning CS1591: Missing XML comment for publicly visible type or member 'Event.Markets' [c:\Users\Peter\Documents\GitHub\kalshi-trading-bot\BacklashBotData\BacklashBotData.csproj]
c:\Users\Peter\Documents\GitHub\kalshi-trading-bot\BacklashBotData\Models\Event.cs(61,24): warning CS1591: Missing XML comment for publicly visible type or member 'Event.Series' [c:\Users\Peter\Documents\GitHub\kalshi-trading-bot\BacklashBotData\BacklashBotData.csproj]
c:\Users\Peter\Documents\GitHub\kalshi-trading-bot\BacklashBotData\Models\Market.cs(155,32): warning CS1591: Missing XML comment for publicly visible type or member 'Market.response_price_units' [c:\Users\Peter\Documents\GitHub\kalshi-trading-bot\BacklashBotData\BacklashBotData.csproj]
c:\Users\Peter\Documents\GitHub\kalshi-trading-bot\BacklashBotData\Models\Market.cs(159,20): warning CS1591: Missing XML comment for publicly visible type or member 'Market.tick_size' [c:\Users\Peter\Documents\GitHub\kalshi-trading-bot\BacklashBotData\BacklashBotData.csproj]
c:\Users\Peter\Documents\GitHub\kalshi-trading-bot\BacklashBotData\Models\Market.cs(160,20): warning CS1591: Missing XML comment for publicly visible type or member 'Market.yes_bid' [c:\Users\Peter\Documents\GitHub\kalshi-trading-bot\BacklashBotData\BacklashBotData.csproj]
c:\Users\Peter\Documents\GitHub\kalshi-trading-bot\BacklashBotData\Models\Market.cs(161,20): warning CS1591: Missing XML comment for publicly visible type or member 'Market.yes_ask' [c:\Users\Peter\Documents\GitHub\kalshi-trading-bot\BacklashBotData\BacklashBotData.csproj]
c:\Users\Peter\Documents\GitHub\kalshi-trading-bot\BacklashBotData\Models\Market.cs(162,20): warning CS1591: Missing XML comment for publicly visible type or member 'Market.no_bid' [c:\Users\Peter\Documents\GitHub\kalshi-trading-bot\BacklashBotData\BacklashBotData.csproj]
c:\Users\Peter\Documents\GitHub\kalshi-trading-bot\BacklashBotData\Models\Market.cs(163,20): warning CS1591: Missing XML comment for publicly visible type or member 'Market.no_ask' [c:\Users\Peter\Documents\GitHub\kalshi-trading-bot\BacklashBotData\BacklashBotData.csproj]
c:\Users\Peter\Documents\GitHub\kalshi-trading-bot\BacklashBotData\Models\Market.cs(164,20): warning CS1591: Missing XML comment for publicly visible type or member 'Market.last_price' [c:\Users\Peter\Documents\GitHub\kalshi-trading-bot\BacklashBotData\BacklashBotData.csproj]
c:\Users\Peter\Documents\GitHub\kalshi-trading-bot\BacklashBotData\Models\Market.cs(165,20): warning CS1591: Missing XML comment for publicly visible type or member 'Market.previous_yes_bid' [c:\Users\Peter\Documents\GitHub\kalshi-trading-bot\BacklashBotData\BacklashBotData.csproj]
c:\Users\Peter\Documents\GitHub\kalshi-trading-bot\BacklashBotData\Models\Market.cs(166,20): warning CS1591: Missing XML comment for publicly visible type or member 'Market.previous_yes_ask' [c:\Users\Peter\Documents\GitHub\kalshi-trading-bot\BacklashBotData\BacklashBotData.csproj]
c:\Users\Peter\Documents\GitHub\kalshi-trading-bot\BacklashBotData\Models\Market.cs(167,20): warning CS1591: Missing XML comment for publicly visible type or member 'Market.previous_price' [c:\Users\Peter\Documents\GitHub\kalshi-trading-bot\BacklashBotData\BacklashBotData.csproj]
c:\Users\Peter\Documents\GitHub\kalshi-trading-bot\BacklashBotData\Models\Market.cs(168,21): warning CS1591: Missing XML comment for publicly visible type or member 'Market.volume' [c:\Users\Peter\Documents\GitHub\kalshi-trading-bot\BacklashBotData\BacklashBotData.csproj]
c:\Users\Peter\Documents\GitHub\kalshi-trading-bot\BacklashBotData\Models\Market.cs(169,20): warning CS1591: Missing XML comment for publicly visible type or member 'Market.volume_24h' [c:\Users\Peter\Documents\GitHub\kalshi-trading-bot\BacklashBotData\BacklashBotData.csproj]
c:\Users\Peter\Documents\GitHub\kalshi-trading-bot\BacklashBotData\Models\Market.cs(170,21): warning CS1591: Missing XML comment for publicly visible type or member 'Market.liquidity' [c:\Users\Peter\Documents\GitHub\kalshi-trading-bot\BacklashBotData\BacklashBotData.csproj]
c:\Users\Peter\Documents\GitHub\kalshi-trading-bot\BacklashBotData\Models\Market.cs(171,20): warning CS1591: Missing XML comment for publicly visible type or member 'Market.open_interest' [c:\Users\Peter\Documents\GitHub\kalshi-trading-bot\BacklashBotData\BacklashBotData.csproj]
c:\Users\Peter\Documents\GitHub\kalshi-trading-bot\BacklashBotData\Models\Market.cs(172,32): warning CS1591: Missing XML comment for publicly visible type or member 'Market.result' [c:\Users\Peter\Documents\GitHub\kalshi-trading-bot\BacklashBotData\BacklashBotData.csproj]
c:\Users\Peter\Documents\GitHub\kalshi-trading-bot\BacklashBotData\Models\Market.cs(173,21): warning CS1591: Missing XML comment for publicly visible type or member 'Market.can_close_early' [c:\Users\Peter\Documents\GitHub\kalshi-trading-bot\BacklashBotData\BacklashBotData.csproj]
c:\Users\Peter\Documents\GitHub\kalshi-trading-bot\BacklashBotData\Models\Market.cs(174,32): warning CS1591: Missing XML comment for publicly visible type or member 'Market.expiration_value' [c:\Users\Peter\Documents\GitHub\kalshi-trading-bot\BacklashBotData\BacklashBotData.csproj]
c:\Users\Peter\Documents\GitHub\kalshi-trading-bot\BacklashBotData\Models\Market.cs(175,32): warning CS1591: Missing XML comment for publicly visible type or member 'Market.category' [c:\Users\Peter\Documents\GitHub\kalshi-trading-bot\BacklashBotData\BacklashBotData.csproj]
c:\Users\Peter\Documents\GitHub\kalshi-trading-bot\BacklashBotData\Models\Market.cs(176,20): warning CS1591: Missing XML comment for publicly visible type or member 'Market.risk_limit_cents' [c:\Users\Peter\Documents\GitHub\kalshi-trading-bot\BacklashBotData\BacklashBotData.csproj]
c:\Users\Peter\Documents\GitHub\kalshi-trading-bot\BacklashBotData\Models\Market.cs(177,32): warning CS1591: Missing XML comment for publicly visible type or member 'Market.strike_type' [c:\Users\Peter\Documents\GitHub\kalshi-trading-bot\BacklashBotData\BacklashBotData.csproj]
c:\Users\Peter\Documents\GitHub\kalshi-trading-bot\BacklashBotData\Models\Market.cs(178,24): warning CS1591: Missing XML comment for publicly visible type or member 'Market.floor_strike' [c:\Users\Peter\Documents\GitHub\kalshi-trading-bot\BacklashBotData\BacklashBotData.csproj]
c:\Users\Peter\Documents\GitHub\kalshi-trading-bot\BacklashBotData\Models\Market.cs(179,32): warning CS1591: Missing XML comment for publicly visible type or member 'Market.rules_primary' [c:\Users\Peter\Documents\GitHub\kalshi-trading-bot\BacklashBotData\BacklashBotData.csproj]
c:\Users\Peter\Documents\GitHub\kalshi-trading-bot\BacklashBotData\Models\Market.cs(180,24): warning CS1591: Missing XML comment for publicly visible type or member 'Market.rules_secondary' [c:\Users\Peter\Documents\GitHub\kalshi-trading-bot\BacklashBotData\BacklashBotData.csproj]
c:\Users\Peter\Documents\GitHub\kalshi-trading-bot\BacklashBotData\Models\Market.cs(181,25): warning CS1591: Missing XML comment for publicly visible type or member 'Market.CreatedDate' [c:\Users\Peter\Documents\GitHub\kalshi-trading-bot\BacklashBotData\BacklashBotData.csproj]
c:\Users\Peter\Documents\GitHub\kalshi-trading-bot\BacklashBotData\Models\Market.cs(182,26): warning CS1591: Missing XML comment for publicly visible type or member 'Market.LastModifiedDate' [c:\Users\Peter\Documents\GitHub\kalshi-trading-bot\BacklashBotData\BacklashBotData.csproj]
c:\Users\Peter\Documents\GitHub\kalshi-trading-bot\BacklashBotData\Models\Market.cs(183,26): warning CS1591: Missing XML comment for publicly visible type or member 'Market.LastCandlestickUTC' [c:\Users\Peter\Documents\GitHub\kalshi-trading-bot\BacklashBotData\BacklashBotData.csproj]
c:\Users\Peter\Documents\GitHub\kalshi-trading-bot\BacklashBotData\Models\Market.cs(184,26): warning CS1591: Missing XML comment for publicly visible type or member 'Market.APILastFetchedDate' [c:\Users\Peter\Documents\GitHub\kalshi-trading-bot\BacklashBotData\BacklashBotData.csproj]
c:\Users\Peter\Documents\GitHub\kalshi-trading-bot\BacklashBotData\Models\Market.cs(186,23): warning CS1591: Missing XML comment for publicly visible type or member 'Market.Event' [c:\Users\Peter\Documents\GitHub\kalshi-trading-bot\BacklashBotData\BacklashBotData.csproj]
c:\Users\Peter\Documents\GitHub\kalshi-trading-bot\BacklashBotData\Models\Market.cs(187,29): warning CS1591: Missing XML comment for publicly visible type or member 'Market.MarketWatch' [c:\Users\Peter\Documents\GitHub\kalshi-trading-bot\BacklashBotData\BacklashBotData.csproj]
c:\Users\Peter\Documents\GitHub\kalshi-trading-bot\BacklashBotData\Models\Series.cs(54,32): warning CS1591: Missing XML comment for publicly visible type or member 'Series.category' [c:\Users\Peter\Documents\GitHub\kalshi-trading-bot\BacklashBotData\BacklashBotData.csproj]
c:\Users\Peter\Documents\GitHub\kalshi-trading-bot\BacklashBotData\Models\Series.cs(55,32): warning CS1591: Missing XML comment for publicly visible type or member 'Series.contract_url' [c:\Users\Peter\Documents\GitHub\kalshi-trading-bot\BacklashBotData\BacklashBotData.csproj]
c:\Users\Peter\Documents\GitHub\kalshi-trading-bot\BacklashBotData\Models\Series.cs(56,25): warning CS1591: Missing XML comment for publicly visible type or member 'Series.CreatedDate' [c:\Users\Peter\Documents\GitHub\kalshi-trading-bot\BacklashBotData\BacklashBotData.csproj]
c:\Users\Peter\Documents\GitHub\kalshi-trading-bot\BacklashBotData\Models\Series.cs(57,26): warning CS1591: Missing XML comment for publicly visible type or member 'Series.LastModifiedDate' [c:\Users\Peter\Documents\GitHub\kalshi-trading-bot\BacklashBotData\BacklashBotData.csproj]
c:\Users\Peter\Documents\GitHub\kalshi-trading-bot\BacklashBotData\Models\Series.cs(58,48): warning CS1591: Missing XML comment for publicly visible type or member 'Series.Tags' [c:\Users\Peter\Documents\GitHub\kalshi-trading-bot\BacklashBotData\BacklashBotData.csproj]
c:\Users\Peter\Documents\GitHub\kalshi-trading-bot\BacklashBotData\Models\Series.cs(59,61): warning CS1591: Missing XML comment for publicly visible type or member 'Series.SettlementSources' [c:\Users\Peter\Documents\GitHub\kalshi-trading-bot\BacklashBotData\BacklashBotData.csproj]
c:\Users\Peter\Documents\GitHub\kalshi-trading-bot\BacklashBotData\Models\Series.cs(61,29): warning CS1591: Missing XML comment for publicly visible type or member 'Series.Events' [c:\Users\Peter\Documents\GitHub\kalshi-trading-bot\BacklashBotData\BacklashBotData.csproj]
c:\Users\Peter\Documents\GitHub\kalshi-trading-bot\BacklashBotData\Models\SnapshotGroup.cs(58,25): warning CS1591: Missing XML comment for publicly visible type or member 'SnapshotGroup.EndTime' [c:\Users\Peter\Documents\GitHub\kalshi-trading-bot\BacklashBotData\BacklashBotData.csproj]
c:\Users\Peter\Documents\GitHub\kalshi-trading-bot\BacklashBotData\Models\SnapshotGroup.cs(62,20): warning CS1591: Missing XML comment for publicly visible type or member 'SnapshotGroup.NoStart' [c:\Users\Peter\Documents\GitHub\kalshi-trading-bot\BacklashBotData\BacklashBotData.csproj]
c:\Users\Peter\Documents\GitHub\kalshi-trading-bot\BacklashBotData\Models\SnapshotGroup.cs(63,20): warning CS1591: Missing XML comment for publicly visible type or member 'SnapshotGroup.YesEnd' [c:\Users\Peter\Documents\GitHub\kalshi-trading-bot\BacklashBotData\BacklashBotData.csproj]
c:\Users\Peter\Documents\GitHub\kalshi-trading-bot\BacklashBotData\Models\SnapshotGroup.cs(64,20): warning CS1591: Missing XML comment for publicly visible type or member 'SnapshotGroup.NoEnd' [c:\Users\Peter\Documents\GitHub\kalshi-trading-bot\BacklashBotData\BacklashBotData.csproj]
c:\Users\Peter\Documents\GitHub\kalshi-trading-bot\BacklashBotData\Models\SnapshotGroup.cs(65,23): warning CS1591: Missing XML comment for publicly visible type or member 'SnapshotGroup.AverageLiquidity' [c:\Users\Peter\Documents\GitHub\kalshi-trading-bot\BacklashBotData\BacklashBotData.csproj]
c:\Users\Peter\Documents\GitHub\kalshi-trading-bot\BacklashBotData\Models\SnapshotGroup.cs(66,20): warning CS1591: Missing XML comment for publicly visible type or member 'SnapshotGroup.SnapshotSchema' [c:\Users\Peter\Documents\GitHub\kalshi-trading-bot\BacklashBotData\BacklashBotData.csproj]
c:\Users\Peter\Documents\GitHub\kalshi-trading-bot\BacklashBotData\Models\SnapshotGroup.cs(67,23): warning CS1591: Missing XML comment for publicly visible type or member 'SnapshotGroup.JsonPath' [c:\Users\Peter\Documents\GitHub\kalshi-trading-bot\BacklashBotData\BacklashBotData.csproj]
c:\Users\Peter\Documents\GitHub\kalshi-trading-bot\BacklashBotData\Models\SnapshotGroup.cs(68,25): warning CS1591: Missing XML comment for publicly visible type or member 'SnapshotGroup.ProcessedDttm' [c:\Users\Peter\Documents\GitHub\kalshi-trading-bot\BacklashBotData\BacklashBotData.csproj]
c:\Users\Peter\Documents\GitHub\kalshi-trading-bot\BacklashBotData\Models\SnapshotGroup.cs(71,23): warning CS1591: Missing XML comment for publicly visible type or member 'SnapshotGroup.Market' [c:\Users\Peter\Documents\GitHub\kalshi-trading-bot\BacklashBotData\BacklashBotData.csproj]
c:\Users\Peter\Documents\GitHub\kalshi-trading-bot\BacklashBotData\Models\Candlestick.cs(34,1): warning CS1587: XML comment is not placed on a valid language element [c:\Users\Peter\Documents\GitHub\kalshi-trading-bot\BacklashBotData\BacklashBotData.csproj]
c:\Users\Peter\Documents\GitHub\kalshi-trading-bot\BacklashBotData\Models\Event.cs(34,1): warning CS1587: XML comment is not placed on a valid language element [c:\Users\Peter\Documents\GitHub\kalshi-trading-bot\BacklashBotData\BacklashBotData.csproj]
c:\Users\Peter\Documents\GitHub\kalshi-trading-bot\BacklashBotData\Models\Series.cs(34,1): warning CS1587: XML comment is not placed on a valid language element [c:\Users\Peter\Documents\GitHub\kalshi-trading-bot\BacklashBotData\BacklashBotData.csproj]
c:\Users\Peter\Documents\GitHub\kalshi-trading-bot\BacklashBotData\Models\SnapshotGroup.cs(34,1): warning CS1587: XML comment is not placed on a valid language element [c:\Users\Peter\Documents\GitHub\kalshi-trading-bot\BacklashBotData\BacklashBotData.csproj]
  BacklashBotData -> C:\Users\Peter\Documents\GitHub\kalshi-trading-bot\BacklashBotData\bin\Debug\net8.0\BacklashBotData.dll
c:\Users\Peter\Documents\GitHub\kalshi-trading-bot\KalshiBotAPI\Websockets\WebSocketConnectionManager.cs(50,47): error CS0246: The type or namespace name 'IWebSocketConnectionManager' could not be found (are you missing a using directive or an assembly reference?) [c:\Users\Peter\Documents\GitHub\kalshi-trading-bot\KalshiBotAPI\KalshiBotAPI.csproj]
c:\Users\Peter\Documents\GitHub\kalshi-trading-bot\KalshiBotAPI\Websockets\SubscriptionManager.cs(22,26): error CS0246: The type or namespace name 'IWebSocketConnectionManager' could not be found (are you missing a using directive or an assembly reference?) [c:\Users\Peter\Documents\GitHub\kalshi-trading-bot\KalshiBotAPI\KalshiBotAPI.csproj]
c:\Users\Peter\Documents\GitHub\kalshi-trading-bot\KalshiBotAPI\Websockets\MessageProcessor.cs(32,26): error CS0246: The type or namespace name 'IWebSocketConnectionManager' could not be found (are you missing a using directive or an assembly reference?) [c:\Users\Peter\Documents\GitHub\kalshi-trading-bot\KalshiBotAPI\KalshiBotAPI.csproj]
c:\Users\Peter\Documents\GitHub\kalshi-trading-bot\KalshiBotAPI\Websockets\SubscriptionManager.cs(84,13): error CS0246: The type or namespace name 'IWebSocketConnectionManager' could not be found (are you missing a using directive or an assembly reference?) [c:\Users\Peter\Documents\GitHub\kalshi-trading-bot\KalshiBotAPI\KalshiBotAPI.csproj]
c:\Users\Peter\Documents\GitHub\kalshi-trading-bot\KalshiBotAPI\Websockets\MessageProcessor.cs(175,13): error CS0246: The type or namespace name 'IWebSocketConnectionManager' could not be found (are you missing a using directive or an assembly reference?) [c:\Users\Peter\Documents\GitHub\kalshi-trading-bot\KalshiBotAPI\KalshiBotAPI.csproj]
  BacklashBotLogging -> c:\Users\Peter\Documents\GitHub\kalshi-trading-bot\BacklashBotLogging\bin\Debug\net8.0\BacklashBotLogging.dll

Build FAILED.

c:\Users\Peter\Documents\GitHub\kalshi-trading-bot\BacklashInterfaces\Enums\StrategyEnums.cs(10,21): warning CS1591: Missing XML comment for publicly visible type or member 'StrategyEnums.MarketType' [c:\Users\Peter\Documents\GitHub\kalshi-trading-bot\BacklashInterfaces\BacklashInterfaces.csproj]
c:\Users\Peter\Documents\GitHub\kalshi-trading-bot\BacklashInterfaces\Enums\StrategyEnums.cs(82,21): warning CS1591: Missing XML comment for publicly visible type or member 'StrategyEnums.ActionType' [c:\Users\Peter\Documents\GitHub\kalshi-trading-bot\BacklashInterfaces\BacklashInterfaces.csproj]
c:\Users\Peter\Documents\GitHub\kalshi-trading-bot\BacklashInterfaces\Enums\StrategyEnums.cs(118,21): warning CS1591: Missing XML comment for publicly visible type or member 'StrategyEnums.ComparisonOperator' [c:\Users\Peter\Documents\GitHub\kalshi-trading-bot\BacklashInterfaces\BacklashInterfaces.csproj]
c:\Users\Peter\Documents\GitHub\kalshi-trading-bot\BacklashInterfaces\Enums\StrategyEnums.cs(150,21): warning CS1591: Missing XML comment for publicly visible type or member 'StrategyEnums.Conditions_PriceMovement' [c:\Users\Peter\Documents\GitHub\kalshi-trading-bot\BacklashInterfaces\BacklashInterfaces.csproj]
c:\Users\Peter\Documents\GitHub\kalshi-trading-bot\BacklashInterfaces\Enums\StrategyEnums.cs(170,21): warning CS1591: Missing XML comment for publicly visible type or member 'StrategyEnums.Conditions_Liquidity' [c:\Users\Peter\Documents\GitHub\kalshi-trading-bot\BacklashInterfaces\BacklashInterfaces.csproj]
c:\Users\Peter\Documents\GitHub\kalshi-trading-bot\BacklashInterfaces\Enums\StrategyEnums.cs(186,21): warning CS1591: Missing XML comment for publicly visible type or member 'StrategyEnums.Conditions_ClosingTime' [c:\Users\Peter\Documents\GitHub\kalshi-trading-bot\BacklashInterfaces\BacklashInterfaces.csproj]
c:\Users\Peter\Documents\GitHub\kalshi-trading-bot\BacklashInterfaces\Enums\StrategyEnums.cs(202,21): warning CS1591: Missing XML comment for publicly visible type or member 'StrategyEnums.Conditions_ActivityLevel' [c:\Users\Peter\Documents\GitHub\kalshi-trading-bot\BacklashInterfaces\BacklashInterfaces.csproj]
c:\Users\Peter\Documents\GitHub\kalshi-trading-bot\BacklashInterfaces\Enums\StrategyEnums.cs(218,21): warning CS1591: Missing XML comment for publicly visible type or member 'StrategyEnums.Conditions_UncertaintySignal' [c:\Users\Peter\Documents\GitHub\kalshi-trading-bot\BacklashInterfaces\BacklashInterfaces.csproj]
c:\Users\Peter\Documents\GitHub\kalshi-trading-bot\BacklashInterfaces\Enums\StrategyEnums.cs(231,21): warning CS1591: Missing XML comment for publicly visible type or member 'StrategyEnums.Conditions_MarketCategory' [c:\Users\Peter\Documents\GitHub\kalshi-trading-bot\BacklashInterfaces\BacklashInterfaces.csproj]
c:\Users\Peter\Documents\GitHub\kalshi-trading-bot\BacklashInterfaces\SmokehouseBot\Services\IOverseerClientService.cs(3,22): warning CS1591: Missing XML comment for publicly visible type or member 'IOverseerClientService' [c:\Users\Peter\Documents\GitHub\kalshi-trading-bot\BacklashInterfaces\BacklashInterfaces.csproj]
c:\Users\Peter\Documents\GitHub\kalshi-trading-bot\BacklashInterfaces\SmokehouseBot\Services\IOverseerClientService.cs(5,14): warning CS1591: Missing XML comment for publicly visible type or member 'IOverseerClientService.StartAsync()' [c:\Users\Peter\Documents\GitHub\kalshi-trading-bot\BacklashInterfaces\BacklashInterfaces.csproj]
c:\Users\Peter\Documents\GitHub\kalshi-trading-bot\BacklashInterfaces\SmokehouseBot\Services\IOverseerClientService.cs(6,14): warning CS1591: Missing XML comment for publicly visible type or member 'IOverseerClientService.StopAsync()' [c:\Users\Peter\Documents\GitHub\kalshi-trading-bot\BacklashInterfaces\BacklashInterfaces.csproj]
c:\Users\Peter\Documents\GitHub\kalshi-trading-bot\BacklashInterfaces\KalshiBotData\Data\IBacklashBotContext.cs(7,22): warning CS1591: Missing XML comment for publicly visible type or member 'IBacklashBotContext' [c:\Users\Peter\Documents\GitHub\kalshi-trading-bot\BacklashInterfaces\BacklashInterfaces.csproj]
c:\Users\Peter\Documents\GitHub\kalshi-trading-bot\BacklashInterfaces\KalshiBotData\Data\IBacklashBotContext.cs(10,26): warning CS1591: Missing XML comment for publicly visible type or member 'IBacklashBotContext.GetSeriesByTicker(string)' [c:\Users\Peter\Documents\GitHub\kalshi-trading-bot\BacklashInterfaces\BacklashInterfaces.csproj]
c:\Users\Peter\Documents\GitHub\kalshi-trading-bot\BacklashInterfaces\KalshiBotData\Data\IBacklashBotContext.cs(11,14): warning CS1591: Missing XML comment for publicly visible type or member 'IBacklashBotContext.AddOrUpdateSeries(SeriesDTO)' [c:\Users\Peter\Documents\GitHub\kalshi-trading-bot\BacklashInterfaces\BacklashInterfaces.csproj]
c:\Users\Peter\Documents\GitHub\kalshi-trading-bot\BacklashInterfaces\KalshiBotData\Data\IBacklashBotContext.cs(15,25): warning CS1591: Missing XML comment for publicly visible type or member 'IBacklashBotContext.GetEventByTicker(string)' [c:\Users\Peter\Documents\GitHub\kalshi-trading-bot\BacklashInterfaces\BacklashInterfaces.csproj]
c:\Users\Peter\Documents\GitHub\kalshi-trading-bot\BacklashInterfaces\KalshiBotData\Data\IBacklashBotContext.cs(16,14): warning CS1591: Missing XML comment for publicly visible type or member 'IBacklashBotContext.AddOrUpdateEvent(EventDTO)' [c:\Users\Peter\Documents\GitHub\kalshi-trading-bot\BacklashInterfaces\BacklashInterfaces.csproj]
c:\Users\Peter\Documents\GitHub\kalshi-trading-bot\BacklashInterfaces\KalshiBotData\Data\IBacklashBotContext.cs(17,14): warning CS1591: Missing XML comment for publicly visible type or member 'IBacklashBotContext.AddOrUpdateEvents(List<EventDTO>)' [c:\Users\Peter\Documents\GitHub\kalshi-trading-bot\BacklashInterfaces\BacklashInterfaces.csproj]
c:\Users\Peter\Documents\GitHub\kalshi-trading-bot\BacklashInterfaces\KalshiBotData\Data\IBacklashBotContext.cs(21,26): warning CS1591: Missing XML comment for publicly visible type or member 'IBacklashBotContext.GetMarketByTicker(string)' [c:\Users\Peter\Documents\GitHub\kalshi-trading-bot\BacklashInterfaces\BacklashInterfaces.csproj]
c:\Users\Peter\Documents\GitHub\kalshi-trading-bot\BacklashInterfaces\KalshiBotData\Data\IBacklashBotContext.cs(22,31): warning CS1591: Missing XML comment for publicly visible type or member 'IBacklashBotContext.GetLatestCandlestick(string, int?)' [c:\Users\Peter\Documents\GitHub\kalshi-trading-bot\BacklashInterfaces\BacklashInterfaces.csproj]
c:\Users\Peter\Documents\GitHub\kalshi-trading-bot\BacklashInterfaces\KalshiBotData\Data\IBacklashBotContext.cs(23,31): warning CS1591: Missing XML comment for publicly visible type or member 'IBacklashBotContext.GetMarketWatchByTicker(string)' [c:\Users\Peter\Documents\GitHub\kalshi-trading-bot\BacklashInterfaces\BacklashInterfaces.csproj]
c:\Users\Peter\Documents\GitHub\kalshi-trading-bot\BacklashInterfaces\KalshiBotData\Data\IBacklashBotContext.cs(24,31): warning CS1591: Missing XML comment for publicly visible type or member 'IBacklashBotContext.GetMarketsFiltered(HashSet<string>?, HashSet<string>?, HashSet<string>?, HashSet<string>?, bool?, double?, DateTime?, DateTime?)' [c:\Users\Peter\Documents\GitHub\kalshi-trading-bot\BacklashInterfaces\BacklashInterfaces.csproj]
c:\Users\Peter\Documents\GitHub\kalshi-trading-bot\BacklashInterfaces\KalshiBotData\Data\IBacklashBotContext.cs(28,39): warning CS1591: Missing XML comment for publicly visible type or member 'IBacklashBotContext.GetMarketWatchesFiltered(HashSet<string>?, HashSet<Guid>?, HashSet<Guid>?, bool?, double?, double?, DateTime?)' [c:\Users\Peter\Documents\GitHub\kalshi-trading-bot\BacklashInterfaces\BacklashInterfaces.csproj]
c:\Users\Peter\Documents\GitHub\kalshi-trading-bot\BacklashInterfaces\KalshiBotData\Data\IBacklashBotContext.cs(31,38): warning CS1591: Missing XML comment for publicly visible type or member 'IBacklashBotContext.GetSnapshotGroupsFiltered(List<string>?, int?)' [c:\Users\Peter\Documents\GitHub\kalshi-trading-bot\BacklashInterfaces\BacklashInterfaces.csproj]
c:\Users\Peter\Documents\GitHub\kalshi-trading-bot\BacklashInterfaces\KalshiBotData\Data\IBacklashBotContext.cs(32,33): warning CS1591: Missing XML comment for publicly visible type or member 'IBacklashBotContext.GetSnapshotsFiltered(string?, bool?, DateTime?, DateTime?, int?, int?)' [c:\Users\Peter\Documents\GitHub\kalshi-trading-bot\BacklashInterfaces\BacklashInterfaces.csproj]
c:\Users\Peter\Documents\GitHub\kalshi-trading-bot\BacklashInterfaces\KalshiBotData\Data\IBacklashBotContext.cs(34,36): warning CS1591: Missing XML comment for publicly visible type or member 'IBacklashBotContext.GetFinalizedMarketWatchesByBrainLock(Guid)' [c:\Users\Peter\Documents\GitHub\kalshi-trading-bot\BacklashInterfaces\BacklashInterfaces.csproj]
c:\Users\Peter\Documents\GitHub\kalshi-trading-bot\BacklashInterfaces\KalshiBotData\Data\IBacklashBotContext.cs(35,31): warning CS1591: Missing XML comment for publicly visible type or member 'IBacklashBotContext.GetMarketTickersWithSnapshots()' [c:\Users\Peter\Documents\GitHub\kalshi-trading-bot\BacklashInterfaces\BacklashInterfaces.csproj]
c:\Users\Peter\Documents\GitHub\kalshi-trading-bot\BacklashInterfaces\KalshiBotData\Data\IBacklashBotContext.cs(36,31): warning CS1591: Missing XML comment for publicly visible type or member 'IBacklashBotContext.GetMarketsWithSnapshots()' [c:\Users\Peter\Documents\GitHub\kalshi-trading-bot\BacklashInterfaces\BacklashInterfaces.csproj]
c:\Users\Peter\Documents\GitHub\kalshi-trading-bot\BacklashInterfaces\KalshiBotData\Data\IBacklashBotContext.cs(37,31): warning CS1591: Missing XML comment for publicly visible type or member 'IBacklashBotContext.GetInactiveMarketsWithNoSnapshots()' [c:\Users\Peter\Documents\GitHub\kalshi-trading-bot\BacklashInterfaces\BacklashInterfaces.csproj]
c:\Users\Peter\Documents\GitHub\kalshi-trading-bot\BacklashInterfaces\KalshiBotData\Data\IBacklashBotContext.cs(38,31): warning CS1591: Missing XML comment for publicly visible type or member 'IBacklashBotContext.GetInactiveMarketTickersWithoutSnapshots()' [c:\Users\Peter\Documents\GitHub\kalshi-trading-bot\BacklashInterfaces\BacklashInterfaces.csproj]
c:\Users\Peter\Documents\GitHub\kalshi-trading-bot\BacklashInterfaces\KalshiBotData\Data\IBacklashBotContext.cs(39,31): warning CS1591: Missing XML comment for publicly visible type or member 'IBacklashBotContext.GetProcessedMarkets()' [c:\Users\Peter\Documents\GitHub\kalshi-trading-bot\BacklashInterfaces\BacklashInterfaces.csproj]
c:\Users\Peter\Documents\GitHub\kalshi-trading-bot\BacklashInterfaces\KalshiBotData\Data\IBacklashBotContext.cs(40,14): warning CS1591: Missing XML comment for publicly visible type or member 'IBacklashBotContext.AddOrUpdateMarket(MarketDTO)' [c:\Users\Peter\Documents\GitHub\kalshi-trading-bot\BacklashInterfaces\BacklashInterfaces.csproj]
c:\Users\Peter\Documents\GitHub\kalshi-trading-bot\BacklashInterfaces\KalshiBotData\Data\IBacklashBotContext.cs(41,14): warning CS1591: Missing XML comment for publicly visible type or member 'IBacklashBotContext.DeleteMarket(string)' [c:\Users\Peter\Documents\GitHub\kalshi-trading-bot\BacklashInterfaces\BacklashInterfaces.csproj]
c:\Users\Peter\Documents\GitHub\kalshi-trading-bot\BacklashInterfaces\KalshiBotData\Data\IBacklashBotContext.cs(42,14): warning CS1591: Missing XML comment for publicly visible type or member 'IBacklashBotContext.AddOrUpdateMarkets(List<MarketDTO>)' [c:\Users\Peter\Documents\GitHub\kalshi-trading-bot\BacklashInterfaces\BacklashInterfaces.csproj]
c:\Users\Peter\Documents\GitHub\kalshi-trading-bot\BacklashInterfaces\KalshiBotData\Data\IBacklashBotContext.cs(43,31): warning CS1591: Missing XML comment for publicly visible type or member 'IBacklashBotContext.GetMarkets(HashSet<string>?, HashSet<string>?, HashSet<string>?, HashSet<string>?, bool?, double?, DateTime?, DateTime?)' [c:\Users\Peter\Documents\GitHub\kalshi-trading-bot\BacklashInterfaces\BacklashInterfaces.csproj]
c:\Users\Peter\Documents\GitHub\kalshi-trading-bot\BacklashInterfaces\KalshiBotData\Data\IBacklashBotContext.cs(46,14): warning CS1591: Missing XML comment for publicly visible type or member 'IBacklashBotContext.UpdateMarketLastCandlestick(string)' [c:\Users\Peter\Documents\GitHub\kalshi-trading-bot\BacklashInterfaces\BacklashInterfaces.csproj]
c:\Users\Peter\Documents\GitHub\kalshi-trading-bot\BacklashInterfaces\KalshiBotData\Data\IBacklashBotContext.cs(47,69): warning CS1591: Missing XML comment for publicly visible type or member 'IBacklashBotContext.GetMarketStatus(string)' [c:\Users\Peter\Documents\GitHub\kalshi-trading-bot\BacklashInterfaces\BacklashInterfaces.csproj]
c:\Users\Peter\Documents\GitHub\kalshi-trading-bot\BacklashInterfaces\KalshiBotData\Data\IBacklashBotContext.cs(51,31): warning CS1591: Missing XML comment for publicly visible type or member 'IBacklashBotContext.GetTickers(string?, DateTime?)' [c:\Users\Peter\Documents\GitHub\kalshi-trading-bot\BacklashInterfaces\BacklashInterfaces.csproj]
c:\Users\Peter\Documents\GitHub\kalshi-trading-bot\BacklashInterfaces\KalshiBotData\Data\IBacklashBotContext.cs(52,14): warning CS1591: Missing XML comment for publicly visible type or member 'IBacklashBotContext.AddOrUpdateTickers(List<TickerDTO>)' [c:\Users\Peter\Documents\GitHub\kalshi-trading-bot\BacklashInterfaces\BacklashInterfaces.csproj]
c:\Users\Peter\Documents\GitHub\kalshi-trading-bot\BacklashInterfaces\KalshiBotData\Data\IBacklashBotContext.cs(53,14): warning CS1591: Missing XML comment for publicly visible type or member 'IBacklashBotContext.AddOrUpdateTicker(TickerDTO)' [c:\Users\Peter\Documents\GitHub\kalshi-trading-bot\BacklashInterfaces\BacklashInterfaces.csproj]
c:\Users\Peter\Documents\GitHub\kalshi-trading-bot\BacklashInterfaces\KalshiBotData\Data\IBacklashBotContext.cs(57,36): warning CS1591: Missing XML comment for publicly visible type or member 'IBacklashBotContext.GetCandlesticks(string, int?)' [c:\Users\Peter\Documents\GitHub\kalshi-trading-bot\BacklashInterfaces\BacklashInterfaces.csproj]
c:\Users\Peter\Documents\GitHub\kalshi-trading-bot\BacklashInterfaces\KalshiBotData\Data\IBacklashBotContext.cs(58,31): warning CS1591: Missing XML comment for publicly visible type or member 'IBacklashBotContext.GetLastCandlestick(string, int?)' [c:\Users\Peter\Documents\GitHub\kalshi-trading-bot\BacklashInterfaces\BacklashInterfaces.csproj]
c:\Users\Peter\Documents\GitHub\kalshi-trading-bot\BacklashInterfaces\KalshiBotData\Data\IBacklashBotContext.cs(59,14): warning CS1591: Missing XML comment for publicly visible type or member 'IBacklashBotContext.AddOrUpdateCandlestick(CandlestickDTO)' [c:\Users\Peter\Documents\GitHub\kalshi-trading-bot\BacklashInterfaces\BacklashInterfaces.csproj]
c:\Users\Peter\Documents\GitHub\kalshi-trading-bot\BacklashInterfaces\KalshiBotData\Data\IBacklashBotContext.cs(60,37): warning CS1591: Missing XML comment for publicly visible type or member 'IBacklashBotContext.RetrieveCandlesticksAsync(CancellationToken, int, string, DateTime)' [c:\Users\Peter\Documents\GitHub\kalshi-trading-bot\BacklashInterfaces\BacklashInterfaces.csproj]
c:\Users\Peter\Documents\GitHub\kalshi-trading-bot\BacklashInterfaces\KalshiBotData\Data\IBacklashBotContext.cs(61,14): warning CS1591: Missing XML comment for publicly visible type or member 'IBacklashBotContext.ImportJsonCandlesticks()' [c:\Users\Peter\Documents\GitHub\kalshi-trading-bot\BacklashInterfaces\BacklashInterfaces.csproj]
c:\Users\Peter\Documents\GitHub\kalshi-trading-bot\BacklashInterfaces\KalshiBotData\Data\IBacklashBotContext.cs(65,31): warning CS1591: Missing XML comment for publicly visible type or member 'IBacklashBotContext.GetMarketWatch(string)' [c:\Users\Peter\Documents\GitHub\kalshi-trading-bot\BacklashInterfaces\BacklashInterfaces.csproj]
c:\Users\Peter\Documents\GitHub\kalshi-trading-bot\BacklashInterfaces\KalshiBotData\Data\IBacklashBotContext.cs(66,39): warning CS1591: Missing XML comment for publicly visible type or member 'IBacklashBotContext.GetMarketWatches(HashSet<string>?, HashSet<Guid>?, HashSet<Guid>?, bool?, double?, double?, DateTime?)' [c:\Users\Peter\Documents\GitHub\kalshi-trading-bot\BacklashInterfaces\BacklashInterfaces.csproj]
c:\Users\Peter\Documents\GitHub\kalshi-trading-bot\BacklashInterfaces\KalshiBotData\Data\IBacklashBotContext.cs(69,36): warning CS1591: Missing XML comment for publicly visible type or member 'IBacklashBotContext.GetFinalizedMarketWatches(Guid)' [c:\Users\Peter\Documents\GitHub\kalshi-trading-bot\BacklashInterfaces\BacklashInterfaces.csproj]
c:\Users\Peter\Documents\GitHub\kalshi-trading-bot\BacklashInterfaces\KalshiBotData\Data\IBacklashBotContext.cs(70,14): warning CS1591: Missing XML comment for publicly visible type or member 'IBacklashBotContext.AddOrUpdateMarketWatch(MarketWatchDTO)' [c:\Users\Peter\Documents\GitHub\kalshi-trading-bot\BacklashInterfaces\BacklashInterfaces.csproj]
c:\Users\Peter\Documents\GitHub\kalshi-trading-bot\BacklashInterfaces\KalshiBotData\Data\IBacklashBotContext.cs(71,14): warning CS1591: Missing XML comment for publicly visible type or member 'IBacklashBotContext.AddOrUpdateMarketWatches(List<MarketWatchDTO>)' [c:\Users\Peter\Documents\GitHub\kalshi-trading-bot\BacklashInterfaces\BacklashInterfaces.csproj]
c:\Users\Peter\Documents\GitHub\kalshi-trading-bot\BacklashInterfaces\KalshiBotData\Data\IBacklashBotContext.cs(72,14): warning CS1591: Missing XML comment for publicly visible type or member 'IBacklashBotContext.RemoveMarketWatches(List<MarketWatchDTO>)' [c:\Users\Peter\Documents\GitHub\kalshi-trading-bot\BacklashInterfaces\BacklashInterfaces.csproj]
c:\Users\Peter\Documents\GitHub\kalshi-trading-bot\BacklashInterfaces\KalshiBotData\Data\IBacklashBotContext.cs(73,14): warning CS1591: Missing XML comment for publicly visible type or member 'IBacklashBotContext.RemoveOrphanedBrainLocks()' [c:\Users\Peter\Documents\GitHub\kalshi-trading-bot\BacklashInterfaces\BacklashInterfaces.csproj]
c:\Users\Peter\Documents\GitHub\kalshi-trading-bot\BacklashInterfaces\KalshiBotData\Data\IBacklashBotContext.cs(74,14): warning CS1591: Missing XML comment for publicly visible type or member 'IBacklashBotContext.RemoveClosedWatches()' [c:\Users\Peter\Documents\GitHub\kalshi-trading-bot\BacklashInterfaces\BacklashInterfaces.csproj]
c:\Users\Peter\Documents\GitHub\kalshi-trading-bot\BacklashInterfaces\KalshiBotData\Data\IBacklashBotContext.cs(78,34): warning CS1591: Missing XML comment for publicly visible type or member 'IBacklashBotContext.GetMarketPosition(string)' [c:\Users\Peter\Documents\GitHub\kalshi-trading-bot\BacklashInterfaces\BacklashInterfaces.csproj]
c:\Users\Peter\Documents\GitHub\kalshi-trading-bot\BacklashInterfaces\KalshiBotData\Data\IBacklashBotContext.cs(79,39): warning CS1591: Missing XML comment for publicly visible type or member 'IBacklashBotContext.GetMarketPositions(HashSet<string>?, bool?, bool?)' [c:\Users\Peter\Documents\GitHub\kalshi-trading-bot\BacklashInterfaces\BacklashInterfaces.csproj]
c:\Users\Peter\Documents\GitHub\kalshi-trading-bot\BacklashInterfaces\KalshiBotData\Data\IBacklashBotContext.cs(81,14): warning CS1591: Missing XML comment for publicly visible type or member 'IBacklashBotContext.AddOrUpdateMarketPosition(MarketPositionDTO)' [c:\Users\Peter\Documents\GitHub\kalshi-trading-bot\BacklashInterfaces\BacklashInterfaces.csproj]
c:\Users\Peter\Documents\GitHub\kalshi-trading-bot\BacklashInterfaces\KalshiBotData\Data\IBacklashBotContext.cs(82,14): warning CS1591: Missing XML comment for publicly visible type or member 'IBacklashBotContext.RemoveMarketPosition(string)' [c:\Users\Peter\Documents\GitHub\kalshi-trading-bot\BacklashInterfaces\BacklashInterfaces.csproj]
c:\Users\Peter\Documents\GitHub\kalshi-trading-bot\BacklashInterfaces\KalshiBotData\Data\IBacklashBotContext.cs(86,30): warning CS1591: Missing XML comment for publicly visible type or member 'IBacklashBotContext.GetOrders(string?, string?)' [c:\Users\Peter\Documents\GitHub\kalshi-trading-bot\BacklashInterfaces\BacklashInterfaces.csproj]
c:\Users\Peter\Documents\GitHub\kalshi-trading-bot\BacklashInterfaces\KalshiBotData\Data\IBacklashBotContext.cs(87,14): warning CS1591: Missing XML comment for publicly visible type or member 'IBacklashBotContext.AddOrUpdateOrder(OrderDTO)' [c:\Users\Peter\Documents\GitHub\kalshi-trading-bot\BacklashInterfaces\BacklashInterfaces.csproj]
c:\Users\Peter\Documents\GitHub\kalshi-trading-bot\BacklashInterfaces\KalshiBotData\Data\IBacklashBotContext.cs(91,33): warning CS1591: Missing XML comment for publicly visible type or member 'IBacklashBotContext.GetSnapshots(string?, bool?, DateTime?, DateTime?, int?, int?)' [c:\Users\Peter\Documents\GitHub\kalshi-trading-bot\BacklashInterfaces\BacklashInterfaces.csproj]
c:\Users\Peter\Documents\GitHub\kalshi-trading-bot\BacklashInterfaces\KalshiBotData\Data\IBacklashBotContext.cs(93,14): warning CS1591: Missing XML comment for publicly visible type or member 'IBacklashBotContext.AddOrUpdateSnapshot(SnapshotDTO)' [c:\Users\Peter\Documents\GitHub\kalshi-trading-bot\BacklashInterfaces\BacklashInterfaces.csproj]
c:\Users\Peter\Documents\GitHub\kalshi-trading-bot\BacklashInterfaces\KalshiBotData\Data\IBacklashBotContext.cs(94,14): warning CS1591: Missing XML comment for publicly visible type or member 'IBacklashBotContext.AddOrUpdateSnapshots(List<SnapshotDTO>)' [c:\Users\Peter\Documents\GitHub\kalshi-trading-bot\BacklashInterfaces\BacklashInterfaces.csproj]
c:\Users\Peter\Documents\GitHub\kalshi-trading-bot\BacklashInterfaces\KalshiBotData\Data\IBacklashBotContext.cs(95,14): warning CS1591: Missing XML comment for publicly visible type or member 'IBacklashBotContext.AddSnapshots(List<SnapshotDTO>)' [c:\Users\Peter\Documents\GitHub\kalshi-trading-bot\BacklashInterfaces\BacklashInterfaces.csproj]
c:\Users\Peter\Documents\GitHub\kalshi-trading-bot\BacklashInterfaces\KalshiBotData\Data\IBacklashBotContext.cs(96,20): warning CS1591: Missing XML comment for publicly visible type or member 'IBacklashBotContext.GetSnapshotCount(string)' [c:\Users\Peter\Documents\GitHub\kalshi-trading-bot\BacklashInterfaces\BacklashInterfaces.csproj]
c:\Users\Peter\Documents\GitHub\kalshi-trading-bot\BacklashInterfaces\KalshiBotData\Data\IBacklashBotContext.cs(100,34): warning CS1591: Missing XML comment for publicly visible type or member 'IBacklashBotContext.GetSnapshotSchema(int)' [c:\Users\Peter\Documents\GitHub\kalshi-trading-bot\BacklashInterfaces\BacklashInterfaces.csproj]
c:\Users\Peter\Documents\GitHub\kalshi-trading-bot\BacklashInterfaces\KalshiBotData\Data\IBacklashBotContext.cs(101,39): warning CS1591: Missing XML comment for publicly visible type or member 'IBacklashBotContext.GetSnapshotSchemas()' [c:\Users\Peter\Documents\GitHub\kalshi-trading-bot\BacklashInterfaces\BacklashInterfaces.csproj]
c:\Users\Peter\Documents\GitHub\kalshi-trading-bot\BacklashInterfaces\KalshiBotData\Data\IBacklashBotContext.cs(102,33): warning CS1591: Missing XML comment for publicly visible type or member 'IBacklashBotContext.AddSnapshotSchema(SnapshotSchemaDTO)' [c:\Users\Peter\Documents\GitHub\kalshi-trading-bot\BacklashInterfaces\BacklashInterfaces.csproj]
c:\Users\Peter\Documents\GitHub\kalshi-trading-bot\BacklashInterfaces\KalshiBotData\Data\IBacklashBotContext.cs(106,33): warning CS1591: Missing XML comment for publicly visible type or member 'IBacklashBotContext.GetBrainInstanceByName(string?)' [c:\Users\Peter\Documents\GitHub\kalshi-trading-bot\BacklashInterfaces\BacklashInterfaces.csproj]
c:\Users\Peter\Documents\GitHub\kalshi-trading-bot\BacklashInterfaces\KalshiBotData\Data\IBacklashBotContext.cs(107,33): warning CS1591: Missing XML comment for publicly visible type or member 'IBacklashBotContext.GetBrainInstance(string?)' [c:\Users\Peter\Documents\GitHub\kalshi-trading-bot\BacklashInterfaces\BacklashInterfaces.csproj]
c:\Users\Peter\Documents\GitHub\kalshi-trading-bot\BacklashInterfaces\KalshiBotData\Data\IBacklashBotContext.cs(108,38): warning CS1591: Missing XML comment for publicly visible type or member 'IBacklashBotContext.GetBrainInstancesFiltered(string?, bool?)' [c:\Users\Peter\Documents\GitHub\kalshi-trading-bot\BacklashInterfaces\BacklashInterfaces.csproj]
c:\Users\Peter\Documents\GitHub\kalshi-trading-bot\BacklashInterfaces\KalshiBotData\Data\IBacklashBotContext.cs(109,38): warning CS1591: Missing XML comment for publicly visible type or member 'IBacklashBotContext.GetStaleBrains(Guid)' [c:\Users\Peter\Documents\GitHub\kalshi-trading-bot\BacklashInterfaces\BacklashInterfaces.csproj]
c:\Users\Peter\Documents\GitHub\kalshi-trading-bot\BacklashInterfaces\KalshiBotData\Data\IBacklashBotContext.cs(110,14): warning CS1591: Missing XML comment for publicly visible type or member 'IBacklashBotContext.AddOrUpdateBrainInstance(BrainInstanceDTO)' [c:\Users\Peter\Documents\GitHub\kalshi-trading-bot\BacklashInterfaces\BacklashInterfaces.csproj]
c:\Users\Peter\Documents\GitHub\kalshi-trading-bot\BacklashInterfaces\KalshiBotData\Data\IBacklashBotContext.cs(111,14): warning CS1591: Missing XML comment for publicly visible type or member 'IBacklashBotContext.SaveBrainPersistence(string, string)' [c:\Users\Peter\Documents\GitHub\kalshi-trading-bot\BacklashInterfaces\BacklashInterfaces.csproj]
c:\Users\Peter\Documents\GitHub\kalshi-trading-bot\BacklashInterfaces\KalshiBotData\Data\IBacklashBotContext.cs(112,23): warning CS1591: Missing XML comment for publicly visible type or member 'IBacklashBotContext.LoadBrainPersistence(string)' [c:\Users\Peter\Documents\GitHub\kalshi-trading-bot\BacklashInterfaces\BacklashInterfaces.csproj]
c:\Users\Peter\Documents\GitHub\kalshi-trading-bot\BacklashInterfaces\KalshiBotData\Data\IBacklashBotContext.cs(113,14): warning CS1591: Missing XML comment for publicly visible type or member 'IBacklashBotContext.DeleteBrainPersistence(string)' [c:\Users\Peter\Documents\GitHub\kalshi-trading-bot\BacklashInterfaces\BacklashInterfaces.csproj]
c:\Users\Peter\Documents\GitHub\kalshi-trading-bot\BacklashInterfaces\KalshiBotData\Data\IBacklashBotContext.cs(114,28): warning CS1591: Missing XML comment for publicly visible type or member 'IBacklashBotContext.GetAllBrainPersistenceNames()' [c:\Users\Peter\Documents\GitHub\kalshi-trading-bot\BacklashInterfaces\BacklashInterfaces.csproj]
c:\Users\Peter\Documents\GitHub\kalshi-trading-bot\BacklashInterfaces\KalshiBotData\Data\IBacklashBotContext.cs(118,38): warning CS1591: Missing XML comment for publicly visible type or member 'IBacklashBotContext.GetSnapshotGroups(List<string>?, int?)' [c:\Users\Peter\Documents\GitHub\kalshi-trading-bot\BacklashInterfaces\BacklashInterfaces.csproj]
c:\Users\Peter\Documents\GitHub\kalshi-trading-bot\BacklashInterfaces\KalshiBotData\Data\IBacklashBotContext.cs(119,31): warning CS1591: Missing XML comment for publicly visible type or member 'IBacklashBotContext.GetSnapshotGroupNames()' [c:\Users\Peter\Documents\GitHub\kalshi-trading-bot\BacklashInterfaces\BacklashInterfaces.csproj]
c:\Users\Peter\Documents\GitHub\kalshi-trading-bot\BacklashInterfaces\KalshiBotData\Data\IBacklashBotContext.cs(120,33): warning CS1591: Missing XML comment for publicly visible type or member 'IBacklashBotContext.GetUngroupedSnapshots(int)' [c:\Users\Peter\Documents\GitHub\kalshi-trading-bot\BacklashInterfaces\BacklashInterfaces.csproj]
c:\Users\Peter\Documents\GitHub\kalshi-trading-bot\BacklashInterfaces\KalshiBotData\Data\IBacklashBotContext.cs(121,14): warning CS1591: Missing XML comment for publicly visible type or member 'IBacklashBotContext.AddOrUpdateSnapshotGroups(List<SnapshotGroupDTO>)' [c:\Users\Peter\Documents\GitHub\kalshi-trading-bot\BacklashInterfaces\BacklashInterfaces.csproj]
c:\Users\Peter\Documents\GitHub\kalshi-trading-bot\BacklashInterfaces\KalshiBotData\Data\IBacklashBotContext.cs(122,14): warning CS1591: Missing XML comment for publicly visible type or member 'IBacklashBotContext.AddOrUpdateSnapshotGroup(SnapshotGroupDTO)' [c:\Users\Peter\Documents\GitHub\kalshi-trading-bot\BacklashInterfaces\BacklashInterfaces.csproj]
c:\Users\Peter\Documents\GitHub\kalshi-trading-bot\BacklashInterfaces\KalshiBotData\Data\IBacklashBotContext.cs(126,14): warning CS1591: Missing XML comment for publicly visible type or member 'IBacklashBotContext.AddLogEntry(LogEntryDTO)' [c:\Users\Peter\Documents\GitHub\kalshi-trading-bot\BacklashInterfaces\BacklashInterfaces.csproj]
c:\Users\Peter\Documents\GitHub\kalshi-trading-bot\BacklashInterfaces\KalshiBotData\Data\IBacklashBotContext.cs(127,14): warning CS1591: Missing XML comment for publicly visible type or member 'IBacklashBotContext.AddOverseerLogEntry(LogEntryDTO)' [c:\Users\Peter\Documents\GitHub\kalshi-trading-bot\BacklashInterfaces\BacklashInterfaces.csproj]
c:\Users\Peter\Documents\GitHub\kalshi-trading-bot\BacklashInterfaces\KalshiBotData\Data\IBacklashBotContext.cs(128,33): warning CS1591: Missing XML comment for publicly visible type or member 'IBacklashBotContext.GetLogEntries(string?, string?, DateTime?, DateTime?, int?)' [c:\Users\Peter\Documents\GitHub\kalshi-trading-bot\BacklashInterfaces\BacklashInterfaces.csproj]
c:\Users\Peter\Documents\GitHub\kalshi-trading-bot\BacklashInterfaces\KalshiBotData\Data\IBacklashBotContext.cs(130,33): warning CS1591: Missing XML comment for publicly visible type or member 'IBacklashBotContext.GetLogEntriesFiltered(string?, string?, DateTime?, DateTime?, int?)' [c:\Users\Peter\Documents\GitHub\kalshi-trading-bot\BacklashInterfaces\BacklashInterfaces.csproj]
c:\Users\Peter\Documents\GitHub\kalshi-trading-bot\BacklashInterfaces\KalshiBotData\Data\IBacklashBotContext.cs(135,29): warning CS1591: Missing XML comment for publicly visible type or member 'IBacklashBotContext.GetWeightSetByStrategyName(string)' [c:\Users\Peter\Documents\GitHub\kalshi-trading-bot\BacklashInterfaces\BacklashInterfaces.csproj]
c:\Users\Peter\Documents\GitHub\kalshi-trading-bot\BacklashInterfaces\KalshiBotData\Data\IBacklashBotContext.cs(136,34): warning CS1591: Missing XML comment for publicly visible type or member 'IBacklashBotContext.GetWeightSets(HashSet<string>?)' [c:\Users\Peter\Documents\GitHub\kalshi-trading-bot\BacklashInterfaces\BacklashInterfaces.csproj]
c:\Users\Peter\Documents\GitHub\kalshi-trading-bot\BacklashInterfaces\KalshiBotData\Data\IBacklashBotContext.cs(137,34): warning CS1591: Missing XML comment for publicly visible type or member 'IBacklashBotContext.GetWeightSetsByMarketTicker(string)' [c:\Users\Peter\Documents\GitHub\kalshi-trading-bot\BacklashInterfaces\BacklashInterfaces.csproj]
c:\Users\Peter\Documents\GitHub\kalshi-trading-bot\BacklashInterfaces\KalshiBotData\Data\IBacklashBotContext.cs(138,14): warning CS1591: Missing XML comment for publicly visible type or member 'IBacklashBotContext.AddOrUpdateWeightSet(WeightSetDTO)' [c:\Users\Peter\Documents\GitHub\kalshi-trading-bot\BacklashInterfaces\BacklashInterfaces.csproj]
c:\Users\Peter\Documents\GitHub\kalshi-trading-bot\BacklashInterfaces\KalshiBotData\Data\IBacklashBotContext.cs(139,14): warning CS1591: Missing XML comment for publicly visible type or member 'IBacklashBotContext.AddOrUpdateWeightSets(List<WeightSetDTO>)' [c:\Users\Peter\Documents\GitHub\kalshi-trading-bot\BacklashInterfaces\BacklashInterfaces.csproj]
c:\Users\Peter\Documents\GitHub\kalshi-trading-bot\BacklashInterfaces\KalshiBotData\Data\IBacklashBotContext.cs(140,14): warning CS1591: Missing XML comment for publicly visible type or member 'IBacklashBotContext.DeleteWeightSet(string)' [c:\Users\Peter\Documents\GitHub\kalshi-trading-bot\BacklashInterfaces\BacklashInterfaces.csproj]
c:\Users\Peter\Documents\GitHub\kalshi-trading-bot\BacklashInterfaces\KalshiBotData\Data\IBacklashBotContext.cs(144,14): warning CS1591: Missing XML comment for publicly visible type or member 'IBacklashBotContext.AddAnnouncements(List<AnnouncementDTO>)' [c:\Users\Peter\Documents\GitHub\kalshi-trading-bot\BacklashInterfaces\BacklashInterfaces.csproj]
c:\Users\Peter\Documents\GitHub\kalshi-trading-bot\BacklashInterfaces\KalshiBotData\Data\IBacklashBotContext.cs(148,14): warning CS1591: Missing XML comment for publicly visible type or member 'IBacklashBotContext.AddExchangeSchedule(ExchangeScheduleDTO)' [c:\Users\Peter\Documents\GitHub\kalshi-trading-bot\BacklashInterfaces\BacklashInterfaces.csproj]
c:\Users\Peter\Documents\GitHub\kalshi-trading-bot\BacklashInterfaces\KalshiBotData\Data\IBacklashBotContext.cs(152,45): warning CS1591: Missing XML comment for publicly visible type or member 'IBacklashBotContext.GetMarketLiquidityStates()' [c:\Users\Peter\Documents\GitHub\kalshi-trading-bot\BacklashInterfaces\BacklashInterfaces.csproj]
c:\Users\Peter\Documents\GitHub\kalshi-trading-bot\BacklashInterfaces\KalshiBotData\Data\IBacklashBotContext.cs(156,35): warning CS1591: Missing XML comment for publicly visible type or member 'IBacklashBotContext.GetSignalRClients(string?, string?, bool?)' [c:\Users\Peter\Documents\GitHub\kalshi-trading-bot\BacklashInterfaces\BacklashInterfaces.csproj]
c:\Users\Peter\Documents\GitHub\kalshi-trading-bot\BacklashInterfaces\KalshiBotData\Data\IBacklashBotContext.cs(157,30): warning CS1591: Missing XML comment for publicly visible type or member 'IBacklashBotContext.GetSignalRClientById(string)' [c:\Users\Peter\Documents\GitHub\kalshi-trading-bot\BacklashInterfaces\BacklashInterfaces.csproj]
c:\Users\Peter\Documents\GitHub\kalshi-trading-bot\BacklashInterfaces\KalshiBotData\Data\IBacklashBotContext.cs(158,30): warning CS1591: Missing XML comment for publicly visible type or member 'IBacklashBotContext.GetSignalRClient(string)' [c:\Users\Peter\Documents\GitHub\kalshi-trading-bot\BacklashInterfaces\BacklashInterfaces.csproj]
c:\Users\Peter\Documents\GitHub\kalshi-trading-bot\BacklashInterfaces\KalshiBotData\Data\IBacklashBotContext.cs(159,14): warning CS1591: Missing XML comment for publicly visible type or member 'IBacklashBotContext.AddOrUpdateSignalRClient(SignalRClient)' [c:\Users\Peter\Documents\GitHub\kalshi-trading-bot\BacklashInterfaces\BacklashInterfaces.csproj]
c:\Users\Peter\Documents\GitHub\kalshi-trading-bot\BacklashInterfaces\KalshiBotData\Data\IBacklashBotContext.cs(160,14): warning CS1591: Missing XML comment for publicly visible type or member 'IBacklashBotContext.UpdateSignalRClientConnection(string, string)' [c:\Users\Peter\Documents\GitHub\kalshi-trading-bot\BacklashInterfaces\BacklashInterfaces.csproj]
c:\Users\Peter\Documents\GitHub\kalshi-trading-bot\BacklashInterfaces\KalshiBotData\Data\IBacklashBotContext.cs(161,14): warning CS1591: Missing XML comment for publicly visible type or member 'IBacklashBotContext.UpdateSignalRClientLastSeen(string)' [c:\Users\Peter\Documents\GitHub\kalshi-trading-bot\BacklashInterfaces\BacklashInterfaces.csproj]
c:\Users\Peter\Documents\GitHub\kalshi-trading-bot\BacklashInterfaces\KalshiBotData\Data\IBacklashBotContext.cs(162,14): warning CS1591: Missing XML comment for publicly visible type or member 'IBacklashBotContext.DeactivateSignalRClient(string)' [c:\Users\Peter\Documents\GitHub\kalshi-trading-bot\BacklashInterfaces\BacklashInterfaces.csproj]
c:\Users\Peter\Documents\GitHub\kalshi-trading-bot\BacklashInterfaces\KalshiBotData\Data\IBacklashBotContext.cs(166,14): warning CS1591: Missing XML comment for publicly visible type or member 'IBacklashBotContext.AddOrUpdateOverseerInfo(OverseerInfo)' [c:\Users\Peter\Documents\GitHub\kalshi-trading-bot\BacklashInterfaces\BacklashInterfaces.csproj]
c:\Users\Peter\Documents\GitHub\kalshi-trading-bot\BacklashInterfaces\KalshiBotData\Data\IBacklashBotContext.cs(167,52): warning CS1591: Missing XML comment for publicly visible type or member 'IBacklashBotContext.GetActiveOverseerInfos()' [c:\Users\Peter\Documents\GitHub\kalshi-trading-bot\BacklashInterfaces\BacklashInterfaces.csproj]
c:\Users\Peter\Documents\GitHub\kalshi-trading-bot\BacklashInterfaces\KalshiBotData\Data\IBacklashBotContext.cs(168,47): warning CS1591: Missing XML comment for publicly visible type or member 'IBacklashBotContext.GetOverseerInfoByHostName(string)' [c:\Users\Peter\Documents\GitHub\kalshi-trading-bot\BacklashInterfaces\BacklashInterfaces.csproj]
c:\Users\Peter\Documents\GitHub\kalshi-trading-bot\BacklashInterfaces\KalshiBotData\Data\IBacklashBotContext.cs(172,117): warning CS1591: Missing XML comment for publicly visible type or member 'IBacklashBotContext.GetPerformanceMetrics()' [c:\Users\Peter\Documents\GitHub\kalshi-trading-bot\BacklashInterfaces\BacklashInterfaces.csproj]
c:\Users\Peter\Documents\GitHub\kalshi-trading-bot\BacklashInterfaces\KalshiBotData\Data\IBacklashBotContext.cs(173,14): warning CS1591: Missing XML comment for publicly visible type or member 'IBacklashBotContext.ResetPerformanceMetrics()' [c:\Users\Peter\Documents\GitHub\kalshi-trading-bot\BacklashInterfaces\BacklashInterfaces.csproj]
c:\Users\Peter\Documents\GitHub\kalshi-trading-bot\BacklashInterfaces\SmokehouseBot\KalshiAPI\IKalshiAPIService.cs(5,22): warning CS1591: Missing XML comment for publicly visible type or member 'IKalshiAPIService' [c:\Users\Peter\Documents\GitHub\kalshi-trading-bot\BacklashInterfaces\BacklashInterfaces.csproj]
c:\Users\Peter\Documents\GitHub\kalshi-trading-bot\BacklashInterfaces\SmokehouseBot\KalshiAPI\IKalshiAPIService.cs(7,52): warning CS1591: Missing XML comment for publicly visible type or member 'IKalshiAPIService.FetchMarketsAsync(string?, string?, string?, string?, string?, string[]?, bool)' [c:\Users\Peter\Documents\GitHub\kalshi-trading-bot\BacklashInterfaces\BacklashInterfaces.csproj]
c:\Users\Peter\Documents\GitHub\kalshi-trading-bot\BacklashInterfaces\SmokehouseBot\KalshiAPI\IKalshiAPIService.cs(11,31): warning CS1591: Missing XML comment for publicly visible type or member 'IKalshiAPIService.FetchSeriesAsync(string)' [c:\Users\Peter\Documents\GitHub\kalshi-trading-bot\BacklashInterfaces\BacklashInterfaces.csproj]
c:\Users\Peter\Documents\GitHub\kalshi-trading-bot\BacklashInterfaces\SmokehouseBot\KalshiAPI\IKalshiAPIService.cs(13,30): warning CS1591: Missing XML comment for publicly visible type or member 'IKalshiAPIService.FetchEventAsync(string, bool)' [c:\Users\Peter\Documents\GitHub\kalshi-trading-bot\BacklashInterfaces\BacklashInterfaces.csproj]
c:\Users\Peter\Documents\GitHub\kalshi-trading-bot\BacklashInterfaces\SmokehouseBot\KalshiAPI\IKalshiAPIService.cs(15,52): warning CS1591: Missing XML comment for publicly visible type or member 'IKalshiAPIService.FetchPositionsAsync(string?, int?, string?, string?)' [c:\Users\Peter\Documents\GitHub\kalshi-trading-bot\BacklashInterfaces\BacklashInterfaces.csproj]
c:\Users\Peter\Documents\GitHub\kalshi-trading-bot\BacklashInterfaces\SmokehouseBot\KalshiAPI\IKalshiAPIService.cs(18,52): warning CS1591: Missing XML comment for publicly visible type or member 'IKalshiAPIService.FetchCandlesticksAsync(string, string, string, long, long?, bool)' [c:\Users\Peter\Documents\GitHub\kalshi-trading-bot\BacklashInterfaces\BacklashInterfaces.csproj]
c:\Users\Peter\Documents\GitHub\kalshi-trading-bot\BacklashInterfaces\SmokehouseBot\KalshiAPI\IKalshiAPIService.cs(21,20): warning CS1591: Missing XML comment for publicly visible type or member 'IKalshiAPIService.GetBalanceAsync()' [c:\Users\Peter\Documents\GitHub\kalshi-trading-bot\BacklashInterfaces\BacklashInterfaces.csproj]
c:\Users\Peter\Documents\GitHub\kalshi-trading-bot\BacklashInterfaces\SmokehouseBot\KalshiAPI\IKalshiAPIService.cs(23,30): warning CS1591: Missing XML comment for publicly visible type or member 'IKalshiAPIService.GetExchangeStatusAsync()' [c:\Users\Peter\Documents\GitHub\kalshi-trading-bot\BacklashInterfaces\BacklashInterfaces.csproj]
c:\Users\Peter\Documents\GitHub\kalshi-trading-bot\BacklashInterfaces\SmokehouseBot\KalshiAPI\IKalshiAPIService.cs(25,40): warning CS1591: Missing XML comment for publicly visible type or member 'IKalshiAPIService.GetExchangeScheduleAsync()' [c:\Users\Peter\Documents\GitHub\kalshi-trading-bot\BacklashInterfaces\BacklashInterfaces.csproj]
c:\Users\Peter\Documents\GitHub\kalshi-trading-bot\BacklashInterfaces\SmokehouseBot\KalshiAPI\IKalshiAPIService.cs(27,52): warning CS1591: Missing XML comment for publicly visible type or member 'IKalshiAPIService.FetchOrdersAsync(string?, string?, long?, long?, string?, string?, int?)' [c:\Users\Peter\Documents\GitHub\kalshi-trading-bot\BacklashInterfaces\BacklashInterfaces.csproj]
c:\Users\Peter\Documents\GitHub\kalshi-trading-bot\BacklashInterfaces\SmokehouseBot\KalshiAPI\IKalshiAPIService.cs(31,52): warning CS1591: Missing XML comment for publicly visible type or member 'IKalshiAPIService.FetchAnnouncementsAsync()' [c:\Users\Peter\Documents\GitHub\kalshi-trading-bot\BacklashInterfaces\BacklashInterfaces.csproj]
c:\Users\Peter\Documents\GitHub\kalshi-trading-bot\BacklashInterfaces\SmokehouseBot\KalshiAPI\IKalshiAPIService.cs(33,52): warning CS1591: Missing XML comment for publicly visible type or member 'IKalshiAPIService.FetchExchangeScheduleAsync()' [c:\Users\Peter\Documents\GitHub\kalshi-trading-bot\BacklashInterfaces\BacklashInterfaces.csproj]
c:\Users\Peter\Documents\GitHub\kalshi-trading-bot\BacklashInterfaces\SmokehouseBot\Management\IBrainStatusService.cs(3,22): warning CS1591: Missing XML comment for publicly visible type or member 'IBrainStatusService' [c:\Users\Peter\Documents\GitHub\kalshi-trading-bot\BacklashInterfaces\BacklashInterfaces.csproj]
c:\Users\Peter\Documents\GitHub\kalshi-trading-bot\BacklashInterfaces\SmokehouseBot\Management\IBrainStatusService.cs(5,14): warning CS1591: Missing XML comment for publicly visible type or member 'IBrainStatusService.BrainLock' [c:\Users\Peter\Documents\GitHub\kalshi-trading-bot\BacklashInterfaces\BacklashInterfaces.csproj]
c:\Users\Peter\Documents\GitHub\kalshi-trading-bot\BacklashInterfaces\SmokehouseBot\Management\IBrainStatusService.cs(6,16): warning CS1591: Missing XML comment for publicly visible type or member 'IBrainStatusService.SessionIdentifier' [c:\Users\Peter\Documents\GitHub\kalshi-trading-bot\BacklashInterfaces\BacklashInterfaces.csproj]
c:\Users\Peter\Documents\GitHub\kalshi-trading-bot\BacklashInterfaces\SmokehouseBot\Management\IBrainStatusService.cs(7,14): warning CS1591: Missing XML comment for publicly visible type or member 'IBrainStatusService.EnsureInitializedAsync()' [c:\Users\Peter\Documents\GitHub\kalshi-trading-bot\BacklashInterfaces\BacklashInterfaces.csproj]
c:\Users\Peter\Documents\GitHub\kalshi-trading-bot\BacklashInterfaces\SmokehouseBot\Management\ICentralBrain.cs(5,22): warning CS1591: Missing XML comment for publicly visible type or member 'ICentralBrain' [c:\Users\Peter\Documents\GitHub\kalshi-trading-bot\BacklashInterfaces\BacklashInterfaces.csproj]
c:\Users\Peter\Documents\GitHub\kalshi-trading-bot\BacklashInterfaces\SmokehouseBot\Management\ICentralBrain.cs(7,14): warning CS1591: Missing XML comment for publicly visible type or member 'ICentralBrain.IsServicesStopped' [c:\Users\Peter\Documents\GitHub\kalshi-trading-bot\BacklashInterfaces\BacklashInterfaces.csproj]
c:\Users\Peter\Documents\GitHub\kalshi-trading-bot\BacklashInterfaces\SmokehouseBot\Management\ICentralBrain.cs(8,14): warning CS1591: Missing XML comment for publicly visible type or member 'ICentralBrain.IsStartingUp' [c:\Users\Peter\Documents\GitHub\kalshi-trading-bot\BacklashInterfaces\BacklashInterfaces.csproj]
c:\Users\Peter\Documents\GitHub\kalshi-trading-bot\BacklashInterfaces\SmokehouseBot\Management\ICentralBrain.cs(9,14): warning CS1591: Missing XML comment for publicly visible type or member 'ICentralBrain.IsShuttingDown' [c:\Users\Peter\Documents\GitHub\kalshi-trading-bot\BacklashInterfaces\BacklashInterfaces.csproj]
c:\Users\Peter\Documents\GitHub\kalshi-trading-bot\BacklashInterfaces\SmokehouseBot\Management\ICentralBrain.cs(11,14): warning CS1591: Missing XML comment for publicly visible type or member 'ICentralBrain.StartDashboard()' [c:\Users\Peter\Documents\GitHub\kalshi-trading-bot\BacklashInterfaces\BacklashInterfaces.csproj]
c:\Users\Peter\Documents\GitHub\kalshi-trading-bot\BacklashInterfaces\SmokehouseBot\Management\ICentralBrain.cs(12,14): warning CS1591: Missing XML comment for publicly visible type or member 'ICentralBrain.ShutdownDashboardAsync()' [c:\Users\Peter\Documents\GitHub\kalshi-trading-bot\BacklashInterfaces\BacklashInterfaces.csproj]
c:\Users\Peter\Documents\GitHub\kalshi-trading-bot\BacklashInterfaces\SmokehouseBot\Management\ICentralErrorHandler.cs(6,22): warning CS1591: Missing XML comment for publicly visible type or member 'ICentralErrorHandler' [c:\Users\Peter\Documents\GitHub\kalshi-trading-bot\BacklashInterfaces\BacklashInterfaces.csproj]
c:\Users\Peter\Documents\GitHub\kalshi-trading-bot\BacklashInterfaces\SmokehouseBot\Management\ICentralErrorHandler.cs(8,47): warning CS1591: Missing XML comment for publicly visible type or member 'ICentralErrorHandler.Warnings' [c:\Users\Peter\Documents\GitHub\kalshi-trading-bot\BacklashInterfaces\BacklashInterfaces.csproj]
c:\Users\Peter\Documents\GitHub\kalshi-trading-bot\BacklashInterfaces\SmokehouseBot\Management\ICentralErrorHandler.cs(9,47): warning CS1591: Missing XML comment for publicly visible type or member 'ICentralErrorHandler.Errors' [c:\Users\Peter\Documents\GitHub\kalshi-trading-bot\BacklashInterfaces\BacklashInterfaces.csproj]
c:\Users\Peter\Documents\GitHub\kalshi-trading-bot\BacklashInterfaces\SmokehouseBot\Management\ICentralErrorHandler.cs(10,21): warning CS1591: Missing XML comment for publicly visible type or member 'ICentralErrorHandler.CatastrophicErrorAlreadyDetected' [c:\Users\Peter\Documents\GitHub\kalshi-trading-bot\BacklashInterfaces\BacklashInterfaces.csproj]
c:\Users\Peter\Documents\GitHub\kalshi-trading-bot\BacklashInterfaces\SmokehouseBot\Management\ICentralErrorHandler.cs(11,18): warning CS1591: Missing XML comment for publicly visible type or member 'ICentralErrorHandler.LastSuccessfulSnapshot' [c:\Users\Peter\Documents\GitHub\kalshi-trading-bot\BacklashInterfaces\BacklashInterfaces.csproj]
c:\Users\Peter\Documents\GitHub\kalshi-trading-bot\BacklashInterfaces\SmokehouseBot\Management\ICentralErrorHandler.cs(12,18): warning CS1591: Missing XML comment for publicly visible type or member 'ICentralErrorHandler.LastErrorDate' [c:\Users\Peter\Documents\GitHub\kalshi-trading-bot\BacklashInterfaces\BacklashInterfaces.csproj]
c:\Users\Peter\Documents\GitHub\kalshi-trading-bot\BacklashInterfaces\SmokehouseBot\Management\ICentralErrorHandler.cs(13,20): warning CS1591: Missing XML comment for publicly visible type or member 'ICentralErrorHandler.HandleErrors()' [c:\Users\Peter\Documents\GitHub\kalshi-trading-bot\BacklashInterfaces\BacklashInterfaces.csproj]
c:\Users\Peter\Documents\GitHub\kalshi-trading-bot\BacklashInterfaces\SmokehouseBot\Management\ICentralErrorHandler.cs(14,20): warning CS1591: Missing XML comment for publicly visible type or member 'ICentralErrorHandler.CheckInternetConnection()' [c:\Users\Peter\Documents\GitHub\kalshi-trading-bot\BacklashInterfaces\BacklashInterfaces.csproj]
c:\Users\Peter\Documents\GitHub\kalshi-trading-bot\BacklashInterfaces\SmokehouseBot\Management\ICentralErrorHandler.cs(15,14): warning CS1591: Missing XML comment for publicly visible type or member 'ICentralErrorHandler.AddWarning(Exception, string, string?)' [c:\Users\Peter\Documents\GitHub\kalshi-trading-bot\BacklashInterfaces\BacklashInterfaces.csproj]
c:\Users\Peter\Documents\GitHub\kalshi-trading-bot\BacklashInterfaces\SmokehouseBot\Management\ICentralErrorHandler.cs(16,14): warning CS1591: Missing XML comment for publicly visible type or member 'ICentralErrorHandler.AddError(Exception, string, string?)' [c:\Users\Peter\Documents\GitHub\kalshi-trading-bot\BacklashInterfaces\BacklashInterfaces.csproj]
c:\Users\Peter\Documents\GitHub\kalshi-trading-bot\BacklashInterfaces\SmokehouseBot\Management\ICentralErrorHandler.cs(17,14): warning CS1591: Missing XML comment for publicly visible type or member 'ICentralErrorHandler.WarningCount' [c:\Users\Peter\Documents\GitHub\kalshi-trading-bot\BacklashInterfaces\BacklashInterfaces.csproj]
c:\Users\Peter\Documents\GitHub\kalshi-trading-bot\BacklashInterfaces\SmokehouseBot\Management\ICentralErrorHandler.cs(18,14): warning CS1591: Missing XML comment for publicly visible type or member 'ICentralErrorHandler.ErrorCount' [c:\Users\Peter\Documents\GitHub\kalshi-trading-bot\BacklashInterfaces\BacklashInterfaces.csproj]
c:\Users\Peter\Documents\GitHub\kalshi-trading-bot\BacklashInterfaces\SmokehouseBot\Management\ICentralPerformanceMonitor.cs(3,22): warning CS1591: Missing XML comment for publicly visible type or member 'ICentralPerformanceMonitor' [c:\Users\Peter\Documents\GitHub\kalshi-trading-bot\BacklashInterfaces\BacklashInterfaces.csproj]
c:\Users\Peter\Documents\GitHub\kalshi-trading-bot\BacklashInterfaces\SmokehouseBot\Management\ICentralPerformanceMonitor.cs(5,14): warning CS1591: Missing XML comment for publicly visible type or member 'ICentralPerformanceMonitor.RecordExecutionTime(string, long)' [c:\Users\Peter\Documents\GitHub\kalshi-trading-bot\BacklashInterfaces\BacklashInterfaces.csproj]
c:\Users\Peter\Documents\GitHub\kalshi-trading-bot\BacklashInterfaces\SmokehouseBot\Management\ICentralPerformanceMonitor.cs(6,14): warning CS1591: Missing XML comment for publicly visible type or member 'ICentralPerformanceMonitor.StartTimer()' [c:\Users\Peter\Documents\GitHub\kalshi-trading-bot\BacklashInterfaces\BacklashInterfaces.csproj]
c:\Users\Peter\Documents\GitHub\kalshi-trading-bot\BacklashInterfaces\SmokehouseBot\Management\ICentralPerformanceMonitor.cs(7,110): warning CS1591: Missing XML comment for publicly visible type or member 'ICentralPerformanceMonitor.GetQueueCountRollingAverages()' [c:\Users\Peter\Documents\GitHub\kalshi-trading-bot\BacklashInterfaces\BacklashInterfaces.csproj]
c:\Users\Peter\Documents\GitHub\kalshi-trading-bot\BacklashInterfaces\SmokehouseBot\Management\ICentralPerformanceMonitor.cs(8,16): warning CS1591: Missing XML comment for publicly visible type or member 'ICentralPerformanceMonitor.CalculateAverageWebsocketEventsReceived(string)' [c:\Users\Peter\Documents\GitHub\kalshi-trading-bot\BacklashInterfaces\BacklashInterfaces.csproj]
c:\Users\Peter\Documents\GitHub\kalshi-trading-bot\BacklashInterfaces\SmokehouseBot\Management\ICentralPerformanceMonitor.cs(9,16): warning CS1591: Missing XML comment for publicly visible type or member 'ICentralPerformanceMonitor.GetQueueHighCountPercentage()' [c:\Users\Peter\Documents\GitHub\kalshi-trading-bot\BacklashInterfaces\BacklashInterfaces.csproj]
c:\Users\Peter\Documents\GitHub\kalshi-trading-bot\BacklashInterfaces\SmokehouseBot\Management\ICentralPerformanceMonitor.cs(11,16): warning CS1591: Missing XML comment for publicly visible type or member 'ICentralPerformanceMonitor.LastRefreshCycleSeconds' [c:\Users\Peter\Documents\GitHub\kalshi-trading-bot\BacklashInterfaces\BacklashInterfaces.csproj]
c:\Users\Peter\Documents\GitHub\kalshi-trading-bot\BacklashInterfaces\SmokehouseBot\Management\ICentralPerformanceMonitor.cs(12,16): warning CS1591: Missing XML comment for publicly visible type or member 'ICentralPerformanceMonitor.LastRefreshCycleInterval' [c:\Users\Peter\Documents\GitHub\kalshi-trading-bot\BacklashInterfaces\BacklashInterfaces.csproj]
c:\Users\Peter\Documents\GitHub\kalshi-trading-bot\BacklashInterfaces\SmokehouseBot\Management\ICentralPerformanceMonitor.cs(13,13): warning CS1591: Missing XML comment for publicly visible type or member 'ICentralPerformanceMonitor.LastRefreshMarketCount' [c:\Users\Peter\Documents\GitHub\kalshi-trading-bot\BacklashInterfaces\BacklashInterfaces.csproj]
c:\Users\Peter\Documents\GitHub\kalshi-trading-bot\BacklashInterfaces\SmokehouseBot\Management\ICentralPerformanceMonitor.cs(14,16): warning CS1591: Missing XML comment for publicly visible type or member 'ICentralPerformanceMonitor.LastRefreshUsagePercentage' [c:\Users\Peter\Documents\GitHub\kalshi-trading-bot\BacklashInterfaces\BacklashInterfaces.csproj]
c:\Users\Peter\Documents\GitHub\kalshi-trading-bot\BacklashInterfaces\SmokehouseBot\Management\ICentralPerformanceMonitor.cs(15,14): warning CS1591: Missing XML comment for publicly visible type or member 'ICentralPerformanceMonitor.LastRefreshTimeAcceptable' [c:\Users\Peter\Documents\GitHub\kalshi-trading-bot\BacklashInterfaces\BacklashInterfaces.csproj]
c:\Users\Peter\Documents\GitHub\kalshi-trading-bot\BacklashInterfaces\SmokehouseBot\Management\ICentralPerformanceMonitor.cs(16,14): warning CS1591: Missing XML comment for publicly visible type or member 'ICentralPerformanceMonitor.IsStartingUp' [c:\Users\Peter\Documents\GitHub\kalshi-trading-bot\BacklashInterfaces\BacklashInterfaces.csproj]
c:\Users\Peter\Documents\GitHub\kalshi-trading-bot\BacklashInterfaces\SmokehouseBot\Management\ICentralPerformanceMonitor.cs(17,14): warning CS1591: Missing XML comment for publicly visible type or member 'ICentralPerformanceMonitor.IsShuttingDown' [c:\Users\Peter\Documents\GitHub\kalshi-trading-bot\BacklashInterfaces\BacklashInterfaces.csproj]
c:\Users\Peter\Documents\GitHub\kalshi-trading-bot\BacklashInterfaces\SmokehouseBot\Management\ICentralPerformanceMonitor.cs(18,19): warning CS1591: Missing XML comment for publicly visible type or member 'ICentralPerformanceMonitor.LastPerformanceSampleDate' [c:\Users\Peter\Documents\GitHub\kalshi-trading-bot\BacklashInterfaces\BacklashInterfaces.csproj]
c:\Users\Peter\Documents\GitHub\kalshi-trading-bot\BacklashInterfaces\SmokehouseBot\Management\ICentralPerformanceMonitor.cs(19,16): warning CS1591: Missing XML comment for publicly visible type or member 'ICentralPerformanceMonitor.BrainInstance' [c:\Users\Peter\Documents\GitHub\kalshi-trading-bot\BacklashInterfaces\BacklashInterfaces.csproj]
c:\Users\Peter\Documents\GitHub\kalshi-trading-bot\BacklashInterfaces\SmokehouseBot\Management\IInterestScoreService.cs(6,22): warning CS1591: Missing XML comment for publicly visible type or member 'IInterestScoreService' [c:\Users\Peter\Documents\GitHub\kalshi-trading-bot\BacklashInterfaces\BacklashInterfaces.csproj]
c:\Users\Peter\Documents\GitHub\kalshi-trading-bot\BacklashInterfaces\SmokehouseBot\Management\IInterestScoreService.cs(8,51): warning CS1591: Missing XML comment for publicly visible type or member 'IInterestScoreService.GetMarketInterestScores(IServiceScopeFactory, IEnumerable<string>, double, double, double, double, double, double)' [c:\Users\Peter\Documents\GitHub\kalshi-trading-bot\BacklashInterfaces\BacklashInterfaces.csproj]
c:\Users\Peter\Documents\GitHub\kalshi-trading-bot\BacklashInterfaces\SmokehouseBot\Management\IInterestScoreService.cs(20,9): warning CS1591: Missing XML comment for publicly visible type or member 'IInterestScoreService.CalculateMarketInterestScoreAsync(IBacklashBotContext, string, double, double, double, double, double, double, double)' [c:\Users\Peter\Documents\GitHub\kalshi-trading-bot\BacklashInterfaces\BacklashInterfaces.csproj]
c:\Users\Peter\Documents\GitHub\kalshi-trading-bot\BacklashInterfaces\SmokehouseBot\Management\IMarketAnalysisHelper.cs(3,22): warning CS1591: Missing XML comment for publicly visible type or member 'IMarketAnalysisHelper' [c:\Users\Peter\Documents\GitHub\kalshi-trading-bot\BacklashInterfaces\BacklashInterfaces.csproj]
c:\Users\Peter\Documents\GitHub\kalshi-trading-bot\BacklashInterfaces\SmokehouseBot\Management\IMarketAnalysisHelper.cs(5,14): warning CS1591: Missing XML comment for publicly visible type or member 'IMarketAnalysisHelper.GenerateSnapshotGroups()' [c:\Users\Peter\Documents\GitHub\kalshi-trading-bot\BacklashInterfaces\BacklashInterfaces.csproj]
c:\Users\Peter\Documents\GitHub\kalshi-trading-bot\BacklashInterfaces\SmokehouseBot\Management\IMarketManagerService.cs(6,22): warning CS1591: Missing XML comment for publicly visible type or member 'IMarketManagerService' [c:\Users\Peter\Documents\GitHub\kalshi-trading-bot\BacklashInterfaces\BacklashInterfaces.csproj]
c:\Users\Peter\Documents\GitHub\kalshi-trading-bot\BacklashInterfaces\SmokehouseBot\Management\IMarketManagerService.cs(8,14): warning CS1591: Missing XML comment for publicly visible type or member 'IMarketManagerService.ClearMarketsToReset()' [c:\Users\Peter\Documents\GitHub\kalshi-trading-bot\BacklashInterfaces\BacklashInterfaces.csproj]
c:\Users\Peter\Documents\GitHub\kalshi-trading-bot\BacklashInterfaces\SmokehouseBot\Management\IMarketManagerService.cs(9,14): warning CS1591: Missing XML comment for publicly visible type or member 'IMarketManagerService.HandleMarketResets()' [c:\Users\Peter\Documents\GitHub\kalshi-trading-bot\BacklashInterfaces\BacklashInterfaces.csproj]
c:\Users\Peter\Documents\GitHub\kalshi-trading-bot\BacklashInterfaces\SmokehouseBot\Management\IMarketManagerService.cs(10,14): warning CS1591: Missing XML comment for publicly visible type or member 'IMarketManagerService.TriggerMarketReset(string)' [c:\Users\Peter\Documents\GitHub\kalshi-trading-bot\BacklashInterfaces\BacklashInterfaces.csproj]
c:\Users\Peter\Documents\GitHub\kalshi-trading-bot\BacklashInterfaces\SmokehouseBot\Management\IMarketManagerService.cs(11,14): warning CS1591: Missing XML comment for publicly visible type or member 'IMarketManagerService.MonitorWatchList(BrainInstanceDTO, PerformanceMetrics)' [c:\Users\Peter\Documents\GitHub\kalshi-trading-bot\BacklashInterfaces\BacklashInterfaces.csproj]
c:\Users\Peter\Documents\GitHub\kalshi-trading-bot\BacklashInterfaces\SmokehouseBot\Management\IOvernightActivitiesHelper.cs(5,22): warning CS1591: Missing XML comment for publicly visible type or member 'IOvernightActivitiesHelper' [c:\Users\Peter\Documents\GitHub\kalshi-trading-bot\BacklashInterfaces\BacklashInterfaces.csproj]
c:\Users\Peter\Documents\GitHub\kalshi-trading-bot\BacklashInterfaces\SmokehouseBot\Management\IOvernightActivitiesHelper.cs(7,14): warning CS1591: Missing XML comment for publicly visible type or member 'IOvernightActivitiesHelper.RunOvernightTasks(IServiceScopeFactory, CancellationToken)' [c:\Users\Peter\Documents\GitHub\kalshi-trading-bot\BacklashInterfaces\BacklashInterfaces.csproj]
c:\Users\Peter\Documents\GitHub\kalshi-trading-bot\BacklashInterfaces\SmokehouseBot\Management\IOvernightActivitiesHelper.cs(8,14): warning CS1591: Missing XML comment for publicly visible type or member 'IOvernightActivitiesHelper.DeleteUnrecordedMarkets(IServiceScopeFactory, CancellationToken)' [c:\Users\Peter\Documents\GitHub\kalshi-trading-bot\BacklashInterfaces\BacklashInterfaces.csproj]
c:\Users\Peter\Documents\GitHub\kalshi-trading-bot\BacklashInterfaces\SmokehouseBot\Management\IOvernightActivitiesHelper.cs(9,14): warning CS1591: Missing XML comment for publicly visible type or member 'IOvernightActivitiesHelper.DeleteProcessedSnapshots(IServiceScopeFactory, CancellationToken)' [c:\Users\Peter\Documents\GitHub\kalshi-trading-bot\BacklashInterfaces\BacklashInterfaces.csproj]
c:\Users\Peter\Documents\GitHub\kalshi-trading-bot\BacklashInterfaces\SmokehouseBot\Services\IBroadcastService.cs(3,22): warning CS1591: Missing XML comment for publicly visible type or member 'IBroadcastService' [c:\Users\Peter\Documents\GitHub\kalshi-trading-bot\BacklashInterfaces\BacklashInterfaces.csproj]
c:\Users\Peter\Documents\GitHub\kalshi-trading-bot\BacklashInterfaces\SmokehouseBot\Services\IBroadcastService.cs(5,14): warning CS1591: Missing XML comment for publicly visible type or member 'IBroadcastService.StartServicesAsync()' [c:\Users\Peter\Documents\GitHub\kalshi-trading-bot\BacklashInterfaces\BacklashInterfaces.csproj]
c:\Users\Peter\Documents\GitHub\kalshi-trading-bot\BacklashInterfaces\SmokehouseBot\Services\IBroadcastService.cs(6,14): warning CS1591: Missing XML comment for publicly visible type or member 'IBroadcastService.StopServicesAsync()' [c:\Users\Peter\Documents\GitHub\kalshi-trading-bot\BacklashInterfaces\BacklashInterfaces.csproj]
c:\Users\Peter\Documents\GitHub\kalshi-trading-bot\BacklashInterfaces\SmokehouseBot\Services\ICandlestickService.cs(5,22): warning CS1591: Missing XML comment for publicly visible type or member 'ICandlestickService' [c:\Users\Peter\Documents\GitHub\kalshi-trading-bot\BacklashInterfaces\BacklashInterfaces.csproj]
c:\Users\Peter\Documents\GitHub\kalshi-trading-bot\BacklashInterfaces\SmokehouseBot\Services\ICandlestickService.cs(7,14): warning CS1591: Missing XML comment for publicly visible type or member 'ICandlestickService.UpdateCandlesticksAsync(string)' [c:\Users\Peter\Documents\GitHub\kalshi-trading-bot\BacklashInterfaces\BacklashInterfaces.csproj]
c:\Users\Peter\Documents\GitHub\kalshi-trading-bot\BacklashInterfaces\SmokehouseBot\Services\ICandlestickService.cs(8,14): warning CS1591: Missing XML comment for publicly visible type or member 'ICandlestickService.PopulateMarketDataAsync(string)' [c:\Users\Peter\Documents\GitHub\kalshi-trading-bot\BacklashInterfaces\BacklashInterfaces.csproj]
c:\Users\Peter\Documents\GitHub\kalshi-trading-bot\BacklashInterfaces\SmokehouseBot\Services\ICandlestickService.cs(9,31): warning CS1591: Missing XML comment for publicly visible type or member 'ICandlestickService.RetrieveHistoricalCandlesticksAsync(string, string)' [c:\Users\Peter\Documents\GitHub\kalshi-trading-bot\BacklashInterfaces\BacklashInterfaces.csproj]
c:\Users\Peter\Documents\GitHub\kalshi-trading-bot\BacklashInterfaces\SmokehouseBot\Services\IMarketDataInitializer.cs(4,22): warning CS1591: Missing XML comment for publicly visible type or member 'IMarketDataInitializer' [c:\Users\Peter\Documents\GitHub\kalshi-trading-bot\BacklashInterfaces\BacklashInterfaces.csproj]
c:\Users\Peter\Documents\GitHub\kalshi-trading-bot\BacklashInterfaces\SmokehouseBot\Services\IMarketDataInitializer.cs(6,14): warning CS1591: Missing XML comment for publicly visible type or member 'IMarketDataInitializer.SetupAsync()' [c:\Users\Peter\Documents\GitHub\kalshi-trading-bot\BacklashInterfaces\BacklashInterfaces.csproj]
c:\Users\Peter\Documents\GitHub\kalshi-trading-bot\BacklashInterfaces\SmokehouseBot\Services\IMarketDataService.cs(8,22): warning CS1591: Missing XML comment for publicly visible type or member 'IMarketDataService' [c:\Users\Peter\Documents\GitHub\kalshi-trading-bot\BacklashInterfaces\BacklashInterfaces.csproj]
c:\Users\Peter\Documents\GitHub\kalshi-trading-bot\BacklashInterfaces\SmokehouseBot\Services\IMarketDataService.cs(10,36): warning CS1591: Missing XML comment for publicly visible type or member 'IMarketDataService.MarketDataUpdated' [c:\Users\Peter\Documents\GitHub\kalshi-trading-bot\BacklashInterfaces\BacklashInterfaces.csproj]
c:\Users\Peter\Documents\GitHub\kalshi-trading-bot\BacklashInterfaces\SmokehouseBot\Services\IMarketDataService.cs(11,36): warning CS1591: Missing XML comment for publicly visible type or member 'IMarketDataService.PositionDataUpdated' [c:\Users\Peter\Documents\GitHub\kalshi-trading-bot\BacklashInterfaces\BacklashInterfaces.csproj]
c:\Users\Peter\Documents\GitHub\kalshi-trading-bot\BacklashInterfaces\SmokehouseBot\Services\IMarketDataService.cs(12,28): warning CS1591: Missing XML comment for publicly visible type or member 'IMarketDataService.WatchListChanged' [c:\Users\Peter\Documents\GitHub\kalshi-trading-bot\BacklashInterfaces\BacklashInterfaces.csproj]
c:\Users\Peter\Documents\GitHub\kalshi-trading-bot\BacklashInterfaces\SmokehouseBot\Services\IMarketDataService.cs(13,36): warning CS1591: Missing XML comment for publicly visible type or member 'IMarketDataService.TickerAdded' [c:\Users\Peter\Documents\GitHub\kalshi-trading-bot\BacklashInterfaces\BacklashInterfaces.csproj]
c:\Users\Peter\Documents\GitHub\kalshi-trading-bot\BacklashInterfaces\SmokehouseBot\Services\IMarketDataService.cs(14,36): warning CS1591: Missing XML comment for publicly visible type or member 'IMarketDataService.AccountBalanceUpdated' [c:\Users\Peter\Documents\GitHub\kalshi-trading-bot\BacklashInterfaces\BacklashInterfaces.csproj]
c:\Users\Peter\Documents\GitHub\kalshi-trading-bot\BacklashInterfaces\SmokehouseBot\Services\IMarketDataService.cs(16,22): warning CS1591: Missing XML comment for publicly visible type or member 'IMarketDataService.MarketsToRefresh' [c:\Users\Peter\Documents\GitHub\kalshi-trading-bot\BacklashInterfaces\BacklashInterfaces.csproj]
c:\Users\Peter\Documents\GitHub\kalshi-trading-bot\BacklashInterfaces\SmokehouseBot\Services\IMarketDataService.cs(17,14): warning CS1591: Missing XML comment for publicly visible type or member 'IMarketDataService.AddMarketToWatchList(string, double?)' [c:\Users\Peter\Documents\GitHub\kalshi-trading-bot\BacklashInterfaces\BacklashInterfaces.csproj]
c:\Users\Peter\Documents\GitHub\kalshi-trading-bot\BacklashInterfaces\SmokehouseBot\Services\IMarketDataService.cs(18,19): warning CS1591: Missing XML comment for publicly visible type or member 'IMarketDataService.GetLatestOrderbookTimestamp(string)' [c:\Users\Peter\Documents\GitHub\kalshi-trading-bot\BacklashInterfaces\BacklashInterfaces.csproj]
c:\Users\Peter\Documents\GitHub\kalshi-trading-bot\BacklashInterfaces\SmokehouseBot\Services\IMarketDataService.cs(19,14): warning CS1591: Missing XML comment for publicly visible type or member 'IMarketDataService.GetExchangeStatus()' [c:\Users\Peter\Documents\GitHub\kalshi-trading-bot\BacklashInterfaces\BacklashInterfaces.csproj]
c:\Users\Peter\Documents\GitHub\kalshi-trading-bot\BacklashInterfaces\SmokehouseBot\Services\IMarketDataService.cs(20,14): warning CS1591: Missing XML comment for publicly visible type or member 'IMarketDataService.GetTradingStatus()' [c:\Users\Peter\Documents\GitHub\kalshi-trading-bot\BacklashInterfaces\BacklashInterfaces.csproj]
c:\Users\Peter\Documents\GitHub\kalshi-trading-bot\BacklashInterfaces\SmokehouseBot\Services\IMarketDataService.cs(21,14): warning CS1591: Missing XML comment for publicly visible type or member 'IMarketDataService.UnwatchMarket(string)' [c:\Users\Peter\Documents\GitHub\kalshi-trading-bot\BacklashInterfaces\BacklashInterfaces.csproj]
c:\Users\Peter\Documents\GitHub\kalshi-trading-bot\BacklashInterfaces\SmokehouseBot\Services\IMarketDataService.cs(22,14): warning CS1591: Missing XML comment for publicly visible type or member 'IMarketDataService.UpdateMarketSubscriptionAsync(string, string[])' [c:\Users\Peter\Documents\GitHub\kalshi-trading-bot\BacklashInterfaces\BacklashInterfaces.csproj]
c:\Users\Peter\Documents\GitHub\kalshi-trading-bot\BacklashInterfaces\SmokehouseBot\Services\IMarketDataService.cs(23,14): warning CS1591: Missing XML comment for publicly visible type or member 'IMarketDataService.StopServicesAsync()' [c:\Users\Peter\Documents\GitHub\kalshi-trading-bot\BacklashInterfaces\BacklashInterfaces.csproj]
c:\Users\Peter\Documents\GitHub\kalshi-trading-bot\BacklashInterfaces\SmokehouseBot\Services\IMarketDataService.cs(24,14): warning CS1591: Missing XML comment for publicly visible type or member 'IMarketDataService.SyncMarketDataAsync(string)' [c:\Users\Peter\Documents\GitHub\kalshi-trading-bot\BacklashInterfaces\BacklashInterfaces.csproj]
c:\Users\Peter\Documents\GitHub\kalshi-trading-bot\BacklashInterfaces\SmokehouseBot\Services\IMarketDataService.cs(25,26): warning CS1591: Missing XML comment for publicly visible type or member 'IMarketDataService.EnsureMarketDataAsync(string)' [c:\Users\Peter\Documents\GitHub\kalshi-trading-bot\BacklashInterfaces\BacklashInterfaces.csproj]
c:\Users\Peter\Documents\GitHub\kalshi-trading-bot\BacklashInterfaces\SmokehouseBot\Services\IMarketDataService.cs(26,14): warning CS1591: Missing XML comment for publicly visible type or member 'IMarketDataService.UpdateWatchedMarketsAsync()' [c:\Users\Peter\Documents\GitHub\kalshi-trading-bot\BacklashInterfaces\BacklashInterfaces.csproj]
c:\Users\Peter\Documents\GitHub\kalshi-trading-bot\BacklashInterfaces\SmokehouseBot\Services\IMarketDataService.cs(27,28): warning CS1591: Missing XML comment for publicly visible type or member 'IMarketDataService.FetchWatchedMarketsAsync()' [c:\Users\Peter\Documents\GitHub\kalshi-trading-bot\BacklashInterfaces\BacklashInterfaces.csproj]
c:\Users\Peter\Documents\GitHub\kalshi-trading-bot\BacklashInterfaces\SmokehouseBot\Services\IMarketDataService.cs(28,29): warning CS1591: Missing XML comment for publicly visible type or member 'IMarketDataService.GetCurrentOrderBook(string)' [c:\Users\Peter\Documents\GitHub\kalshi-trading-bot\BacklashInterfaces\BacklashInterfaces.csproj]
c:\Users\Peter\Documents\GitHub\kalshi-trading-bot\BacklashInterfaces\SmokehouseBot\Services\IMarketDataService.cs(29,21): warning CS1591: Missing XML comment for publicly visible type or member 'IMarketDataService.GetMarketDetails(string)' [c:\Users\Peter\Documents\GitHub\kalshi-trading-bot\BacklashInterfaces\BacklashInterfaces.csproj]
c:\Users\Peter\Documents\GitHub\kalshi-trading-bot\BacklashInterfaces\SmokehouseBot\Services\IMarketDataService.cs(30,47): warning CS1591: Missing XML comment for publicly visible type or member 'IMarketDataService.GetMarketDetailsBatchAsync(IEnumerable<string>, CancellationToken)' [c:\Users\Peter\Documents\GitHub\kalshi-trading-bot\BacklashInterfaces\BacklashInterfaces.csproj]
c:\Users\Peter\Documents\GitHub\kalshi-trading-bot\BacklashInterfaces\SmokehouseBot\Services\IMarketDataService.cs(31,16): warning CS1591: Missing XML comment for publicly visible type or member 'IMarketDataService.GetAccountBalance()' [c:\Users\Peter\Documents\GitHub\kalshi-trading-bot\BacklashInterfaces\BacklashInterfaces.csproj]
c:\Users\Peter\Documents\GitHub\kalshi-trading-bot\BacklashInterfaces\SmokehouseBot\Services\IMarketDataService.cs(32,16): warning CS1591: Missing XML comment for publicly visible type or member 'IMarketDataService.GetPortfolioValue()' [c:\Users\Peter\Documents\GitHub\kalshi-trading-bot\BacklashInterfaces\BacklashInterfaces.csproj]
c:\Users\Peter\Documents\GitHub\kalshi-trading-bot\BacklashInterfaces\SmokehouseBot\Services\IMarketDataService.cs(33,18): warning CS1591: Missing XML comment for publicly visible type or member 'IMarketDataService.GetLatestWebSocketTimestamp()' [c:\Users\Peter\Documents\GitHub\kalshi-trading-bot\BacklashInterfaces\BacklashInterfaces.csproj]
c:\Users\Peter\Documents\GitHub\kalshi-trading-bot\BacklashInterfaces\SmokehouseBot\Services\IMarketDataService.cs(34,14): warning CS1591: Missing XML comment for publicly visible type or member 'IMarketDataService.UpdateAccountBalanceAsync()' [c:\Users\Peter\Documents\GitHub\kalshi-trading-bot\BacklashInterfaces\BacklashInterfaces.csproj]
c:\Users\Peter\Documents\GitHub\kalshi-trading-bot\BacklashInterfaces\SmokehouseBot\Services\IMarketDataService.cs(35,14): warning CS1591: Missing XML comment for publicly visible type or member 'IMarketDataService.ProcessTickerUpdate(string, Guid, int, int, int, int, int, int, int, long, DateTime, DateTime?)' [c:\Users\Peter\Documents\GitHub\kalshi-trading-bot\BacklashInterfaces\BacklashInterfaces.csproj]
c:\Users\Peter\Documents\GitHub\kalshi-trading-bot\BacklashInterfaces\SmokehouseBot\Services\IMarketDataService.cs(36,14): warning CS1591: Missing XML comment for publicly visible type or member 'IMarketDataService.NotifyMarketDataUpdated(string)' [c:\Users\Peter\Documents\GitHub\kalshi-trading-bot\BacklashInterfaces\BacklashInterfaces.csproj]
c:\Users\Peter\Documents\GitHub\kalshi-trading-bot\BacklashInterfaces\SmokehouseBot\Services\IMarketDataService.cs(37,14): warning CS1591: Missing XML comment for publicly visible type or member 'IMarketDataService.NotifyPositionDataUpdated(string)' [c:\Users\Peter\Documents\GitHub\kalshi-trading-bot\BacklashInterfaces\BacklashInterfaces.csproj]
c:\Users\Peter\Documents\GitHub\kalshi-trading-bot\BacklashInterfaces\SmokehouseBot\Services\IMarketDataService.cs(38,14): warning CS1591: Missing XML comment for publicly visible type or member 'IMarketDataService.NotifyTickerAdded(string)' [c:\Users\Peter\Documents\GitHub\kalshi-trading-bot\BacklashInterfaces\BacklashInterfaces.csproj]
c:\Users\Peter\Documents\GitHub\kalshi-trading-bot\BacklashInterfaces\SmokehouseBot\Services\IMarketDataService.cs(39,14): warning CS1591: Missing XML comment for publicly visible type or member 'IMarketDataService.NotifyAccountBalanceUpdated(string)' [c:\Users\Peter\Documents\GitHub\kalshi-trading-bot\BacklashInterfaces\BacklashInterfaces.csproj]
c:\Users\Peter\Documents\GitHub\kalshi-trading-bot\BacklashInterfaces\SmokehouseBot\Services\IMarketDataService.cs(40,31): warning CS1591: Missing XML comment for publicly visible type or member 'IMarketDataService.ForwardFillCandlesticks(List<CandlestickData>, string)' [c:\Users\Peter\Documents\GitHub\kalshi-trading-bot\BacklashInterfaces\BacklashInterfaces.csproj]
c:\Users\Peter\Documents\GitHub\kalshi-trading-bot\BacklashInterfaces\SmokehouseBot\Services\IMarketDataService.cs(41,14): warning CS1591: Missing XML comment for publicly visible type or member 'IMarketDataService.ConfigureWebSocketEventHandlers()' [c:\Users\Peter\Documents\GitHub\kalshi-trading-bot\BacklashInterfaces\BacklashInterfaces.csproj]
c:\Users\Peter\Documents\GitHub\kalshi-trading-bot\BacklashInterfaces\SmokehouseBot\Services\IMarketDataService.cs(42,14): warning CS1591: Missing XML comment for publicly visible type or member 'IMarketDataService.RetrieveAndUpdatePositionsAsync()' [c:\Users\Peter\Documents\GitHub\kalshi-trading-bot\BacklashInterfaces\BacklashInterfaces.csproj]
c:\Users\Peter\Documents\GitHub\kalshi-trading-bot\BacklashInterfaces\SmokehouseBot\Services\IMarketDataService.cs(43,14): warning CS1591: Missing XML comment for publicly visible type or member 'IMarketDataService.SubscribeToMarketChannelsAsync(string)' [c:\Users\Peter\Documents\GitHub\kalshi-trading-bot\BacklashInterfaces\BacklashInterfaces.csproj]
c:\Users\Peter\Documents\GitHub\kalshi-trading-bot\BacklashInterfaces\SmokehouseBot\Services\IMarketRefreshService.cs(3,22): warning CS1591: Missing XML comment for publicly visible type or member 'IMarketRefreshService' [c:\Users\Peter\Documents\GitHub\kalshi-trading-bot\BacklashInterfaces\BacklashInterfaces.csproj]
c:\Users\Peter\Documents\GitHub\kalshi-trading-bot\BacklashInterfaces\SmokehouseBot\Services\IMarketRefreshService.cs(5,14): warning CS1591: Missing XML comment for publicly visible type or member 'IMarketRefreshService.ExecuteServicesAsync(CancellationToken)' [c:\Users\Peter\Documents\GitHub\kalshi-trading-bot\BacklashInterfaces\BacklashInterfaces.csproj]
c:\Users\Peter\Documents\GitHub\kalshi-trading-bot\BacklashInterfaces\SmokehouseBot\Services\IMarketRefreshService.cs(6,14): warning CS1591: Missing XML comment for publicly visible type or member 'IMarketRefreshService.TriggerImmediateRefreshAsync(string)' [c:\Users\Peter\Documents\GitHub\kalshi-trading-bot\BacklashInterfaces\BacklashInterfaces.csproj]
c:\Users\Peter\Documents\GitHub\kalshi-trading-bot\BacklashInterfaces\SmokehouseBot\Services\IMarketRefreshService.cs(7,14): warning CS1591: Missing XML comment for publicly visible type or member 'IMarketRefreshService.IsRunning()' [c:\Users\Peter\Documents\GitHub\kalshi-trading-bot\BacklashInterfaces\BacklashInterfaces.csproj]
c:\Users\Peter\Documents\GitHub\kalshi-trading-bot\BacklashInterfaces\SmokehouseBot\Services\IMarketRefreshService.cs(8,14): warning CS1591: Missing XML comment for publicly visible type or member 'IMarketRefreshService.StopAsync(CancellationToken)' [c:\Users\Peter\Documents\GitHub\kalshi-trading-bot\BacklashInterfaces\BacklashInterfaces.csproj]
c:\Users\Peter\Documents\GitHub\kalshi-trading-bot\BacklashInterfaces\SmokehouseBot\Services\IMarketRefreshService.cs(10,18): warning CS1591: Missing XML comment for publicly visible type or member 'IMarketRefreshService.LastWorkDuration' [c:\Users\Peter\Documents\GitHub\kalshi-trading-bot\BacklashInterfaces\BacklashInterfaces.csproj]
c:\Users\Peter\Documents\GitHub\kalshi-trading-bot\BacklashInterfaces\SmokehouseBot\Services\IMarketRefreshService.cs(11,13): warning CS1591: Missing XML comment for publicly visible type or member 'IMarketRefreshService.LastWorkMarketCount' [c:\Users\Peter\Documents\GitHub\kalshi-trading-bot\BacklashInterfaces\BacklashInterfaces.csproj]
c:\Users\Peter\Documents\GitHub\kalshi-trading-bot\BacklashInterfaces\SmokehouseBot\Services\IMarketRefreshService.cs(12,14): warning CS1591: Missing XML comment for publicly visible type or member 'IMarketRefreshService.TotalRefreshOperations' [c:\Users\Peter\Documents\GitHub\kalshi-trading-bot\BacklashInterfaces\BacklashInterfaces.csproj]
c:\Users\Peter\Documents\GitHub\kalshi-trading-bot\BacklashInterfaces\SmokehouseBot\Services\IMarketRefreshService.cs(13,18): warning CS1591: Missing XML comment for publicly visible type or member 'IMarketRefreshService.AverageRefreshTimePerMarket' [c:\Users\Peter\Documents\GitHub\kalshi-trading-bot\BacklashInterfaces\BacklashInterfaces.csproj]
c:\Users\Peter\Documents\GitHub\kalshi-trading-bot\BacklashInterfaces\SmokehouseBot\Services\IMarketRefreshService.cs(14,13): warning CS1591: Missing XML comment for publicly visible type or member 'IMarketRefreshService.LastRefreshCount' [c:\Users\Peter\Documents\GitHub\kalshi-trading-bot\BacklashInterfaces\BacklashInterfaces.csproj]
c:\Users\Peter\Documents\GitHub\kalshi-trading-bot\BacklashInterfaces\SmokehouseBot\Services\IMarketRefreshService.cs(15,18): warning CS1591: Missing XML comment for publicly visible type or member 'IMarketRefreshService.LastCpuTime' [c:\Users\Peter\Documents\GitHub\kalshi-trading-bot\BacklashInterfaces\BacklashInterfaces.csproj]
c:\Users\Peter\Documents\GitHub\kalshi-trading-bot\BacklashInterfaces\SmokehouseBot\Services\IMarketRefreshService.cs(16,14): warning CS1591: Missing XML comment for publicly visible type or member 'IMarketRefreshService.LastMemoryUsage' [c:\Users\Peter\Documents\GitHub\kalshi-trading-bot\BacklashInterfaces\BacklashInterfaces.csproj]
c:\Users\Peter\Documents\GitHub\kalshi-trading-bot\BacklashInterfaces\SmokehouseBot\Services\IMarketRefreshService.cs(17,16): warning CS1591: Missing XML comment for publicly visible type or member 'IMarketRefreshService.RefreshThroughput' [c:\Users\Peter\Documents\GitHub\kalshi-trading-bot\BacklashInterfaces\BacklashInterfaces.csproj]
c:\Users\Peter\Documents\GitHub\kalshi-trading-bot\BacklashInterfaces\SmokehouseBot\Services\IOrderbookChangeTracker.cs(6,22): warning CS1591: Missing XML comment for publicly visible type or member 'IOrderbookChangeTracker' [c:\Users\Peter\Documents\GitHub\kalshi-trading-bot\BacklashInterfaces\BacklashInterfaces.csproj]
c:\Users\Peter\Documents\GitHub\kalshi-trading-bot\BacklashInterfaces\SmokehouseBot\Services\IOrderbookChangeTracker.cs(8,21): warning CS1591: Missing XML comment for publicly visible type or member 'IOrderbookChangeTracker.Market' [c:\Users\Peter\Documents\GitHub\kalshi-trading-bot\BacklashInterfaces\BacklashInterfaces.csproj]
c:\Users\Peter\Documents\GitHub\kalshi-trading-bot\BacklashInterfaces\SmokehouseBot\Services\IOrderbookChangeTracker.cs(9,14): warning CS1591: Missing XML comment for publicly visible type or member 'IOrderbookChangeTracker.IsMature' [c:\Users\Peter\Documents\GitHub\kalshi-trading-bot\BacklashInterfaces\BacklashInterfaces.csproj]
c:\Users\Peter\Documents\GitHub\kalshi-trading-bot\BacklashInterfaces\SmokehouseBot\Services\IOrderbookChangeTracker.cs(10,18): warning CS1591: Missing XML comment for publicly visible type or member 'IOrderbookChangeTracker.ChangeWindowDuration' [c:\Users\Peter\Documents\GitHub\kalshi-trading-bot\BacklashInterfaces\BacklashInterfaces.csproj]
c:\Users\Peter\Documents\GitHub\kalshi-trading-bot\BacklashInterfaces\SmokehouseBot\Services\IOrderbookChangeTracker.cs(11,18): warning CS1591: Missing XML comment for publicly visible type or member 'IOrderbookChangeTracker.TradeMatchingWindow' [c:\Users\Peter\Documents\GitHub\kalshi-trading-bot\BacklashInterfaces\BacklashInterfaces.csproj]
c:\Users\Peter\Documents\GitHub\kalshi-trading-bot\BacklashInterfaces\SmokehouseBot\Services\IOrderbookChangeTracker.cs(12,18): warning CS1591: Missing XML comment for publicly visible type or member 'IOrderbookChangeTracker.OrderbookCancelWindow' [c:\Users\Peter\Documents\GitHub\kalshi-trading-bot\BacklashInterfaces\BacklashInterfaces.csproj]
c:\Users\Peter\Documents\GitHub\kalshi-trading-bot\BacklashInterfaces\SmokehouseBot\Services\IOrderbookChangeTracker.cs(13,18): warning CS1591: Missing XML comment for publicly visible type or member 'IOrderbookChangeTracker.LastMarketOpenTime' [c:\Users\Peter\Documents\GitHub\kalshi-trading-bot\BacklashInterfaces\BacklashInterfaces.csproj]
c:\Users\Peter\Documents\GitHub\kalshi-trading-bot\BacklashInterfaces\SmokehouseBot\Services\IOrderbookChangeTracker.cs(14,14): warning CS1591: Missing XML comment for publicly visible type or member 'IOrderbookChangeTracker.UpdateMarketStatus(bool, bool)' [c:\Users\Peter\Documents\GitHub\kalshi-trading-bot\BacklashInterfaces\BacklashInterfaces.csproj]
c:\Users\Peter\Documents\GitHub\kalshi-trading-bot\BacklashInterfaces\SmokehouseBot\Services\IOrderbookChangeTracker.cs(15,14): warning CS1591: Missing XML comment for publicly visible type or member 'IOrderbookChangeTracker.Stop()' [c:\Users\Peter\Documents\GitHub\kalshi-trading-bot\BacklashInterfaces\BacklashInterfaces.csproj]
c:\Users\Peter\Documents\GitHub\kalshi-trading-bot\BacklashInterfaces\SmokehouseBot\Services\IOrderbookChangeTracker.cs(16,14): warning CS1591: Missing XML comment for publicly visible type or member 'IOrderbookChangeTracker.ProcessOrderbookSnapshot(List<OrderbookData>, List<OrderbookData>)' [c:\Users\Peter\Documents\GitHub\kalshi-trading-bot\BacklashInterfaces\BacklashInterfaces.csproj]
c:\Users\Peter\Documents\GitHub\kalshi-trading-bot\BacklashInterfaces\SmokehouseBot\Services\IOrderbookChangeTracker.cs(17,14): warning CS1591: Missing XML comment for publicly visible type or member 'IOrderbookChangeTracker.RecordOrderbookChange(string, int, int)' [c:\Users\Peter\Documents\GitHub\kalshi-trading-bot\BacklashInterfaces\BacklashInterfaces.csproj]
c:\Users\Peter\Documents\GitHub\kalshi-trading-bot\BacklashInterfaces\SmokehouseBot\Services\IOrderbookChangeTracker.cs(18,14): warning CS1591: Missing XML comment for publicly visible type or member 'IOrderbookChangeTracker.RecordTrade(string, int, int, int, DateTime)' [c:\Users\Peter\Documents\GitHub\kalshi-trading-bot\BacklashInterfaces\BacklashInterfaces.csproj]
c:\Users\Peter\Documents\GitHub\kalshi-trading-bot\BacklashInterfaces\SmokehouseBot\Services\IOrderbookChangeTracker.cs(19,37): warning CS1591: Missing XML comment for publicly visible type or member 'IOrderbookChangeTracker.GetBottomNoVelocityPerMinute(List<OrderbookData>, List<OrderbookChange>, int)' [c:\Users\Peter\Documents\GitHub\kalshi-trading-bot\BacklashInterfaces\BacklashInterfaces.csproj]
c:\Users\Peter\Documents\GitHub\kalshi-trading-bot\BacklashInterfaces\SmokehouseBot\Services\IOrderbookChangeTracker.cs(20,37): warning CS1591: Missing XML comment for publicly visible type or member 'IOrderbookChangeTracker.GetBottomYesVelocityPerMinute(List<OrderbookData>, List<OrderbookChange>, int)' [c:\Users\Peter\Documents\GitHub\kalshi-trading-bot\BacklashInterfaces\BacklashInterfaces.csproj]
c:\Users\Peter\Documents\GitHub\kalshi-trading-bot\BacklashInterfaces\SmokehouseBot\Services\IOrderbookChangeTracker.cs(21,37): warning CS1591: Missing XML comment for publicly visible type or member 'IOrderbookChangeTracker.GetTopNoVelocityPerMinute(List<OrderbookData>, List<OrderbookChange>, int)' [c:\Users\Peter\Documents\GitHub\kalshi-trading-bot\BacklashInterfaces\BacklashInterfaces.csproj]
c:\Users\Peter\Documents\GitHub\kalshi-trading-bot\BacklashInterfaces\SmokehouseBot\Services\IOrderbookChangeTracker.cs(22,37): warning CS1591: Missing XML comment for publicly visible type or member 'IOrderbookChangeTracker.GetTopYesVelocityPerMinute(List<OrderbookData>, List<OrderbookChange>, int)' [c:\Users\Peter\Documents\GitHub\kalshi-trading-bot\BacklashInterfaces\BacklashInterfaces.csproj]
c:\Users\Peter\Documents\GitHub\kalshi-trading-bot\BacklashInterfaces\SmokehouseBot\Services\IOrderbookChangeTracker.cs(23,36): warning CS1591: Missing XML comment for publicly visible type or member 'IOrderbookChangeTracker.GetYesNetOrderVolumePerMinute(List<OrderbookChange>)' [c:\Users\Peter\Documents\GitHub\kalshi-trading-bot\BacklashInterfaces\BacklashInterfaces.csproj]
c:\Users\Peter\Documents\GitHub\kalshi-trading-bot\BacklashInterfaces\SmokehouseBot\Services\IOrderbookChangeTracker.cs(24,36): warning CS1591: Missing XML comment for publicly visible type or member 'IOrderbookChangeTracker.GetNoNetOrderVolumePerMinute(List<OrderbookChange>)' [c:\Users\Peter\Documents\GitHub\kalshi-trading-bot\BacklashInterfaces\BacklashInterfaces.csproj]
c:\Users\Peter\Documents\GitHub\kalshi-trading-bot\BacklashInterfaces\SmokehouseBot\Services\IOrderbookChangeTracker.cs(25,38): warning CS1591: Missing XML comment for publicly visible type or member 'IOrderbookChangeTracker.GetTradeRatePerMinute_MakerYes(List<OrderbookChange>)' [c:\Users\Peter\Documents\GitHub\kalshi-trading-bot\BacklashInterfaces\BacklashInterfaces.csproj]
c:\Users\Peter\Documents\GitHub\kalshi-trading-bot\BacklashInterfaces\SmokehouseBot\Services\IOrderbookChangeTracker.cs(26,38): warning CS1591: Missing XML comment for publicly visible type or member 'IOrderbookChangeTracker.GetTradeRatePerMinute_MakerNo(List<OrderbookChange>)' [c:\Users\Peter\Documents\GitHub\kalshi-trading-bot\BacklashInterfaces\BacklashInterfaces.csproj]
c:\Users\Peter\Documents\GitHub\kalshi-trading-bot\BacklashInterfaces\SmokehouseBot\Services\IOrderbookChangeTracker.cs(27,16): warning CS1591: Missing XML comment for publicly visible type or member 'IOrderbookChangeTracker.GetAverageTradeSize_MakerYes(List<OrderbookChange>)' [c:\Users\Peter\Documents\GitHub\kalshi-trading-bot\BacklashInterfaces\BacklashInterfaces.csproj]
c:\Users\Peter\Documents\GitHub\kalshi-trading-bot\BacklashInterfaces\SmokehouseBot\Services\IOrderbookChangeTracker.cs(28,16): warning CS1591: Missing XML comment for publicly visible type or member 'IOrderbookChangeTracker.GetAverageTradeSize_MakerNo(List<OrderbookChange>)' [c:\Users\Peter\Documents\GitHub\kalshi-trading-bot\BacklashInterfaces\BacklashInterfaces.csproj]
c:\Users\Peter\Documents\GitHub\kalshi-trading-bot\BacklashInterfaces\SmokehouseBot\Services\IOrderbookChangeTracker.cs(29,13): warning CS1591: Missing XML comment for publicly visible type or member 'IOrderbookChangeTracker.GetTradeCount_MakerYes()' [c:\Users\Peter\Documents\GitHub\kalshi-trading-bot\BacklashInterfaces\BacklashInterfaces.csproj]
c:\Users\Peter\Documents\GitHub\kalshi-trading-bot\BacklashInterfaces\SmokehouseBot\Services\IOrderbookChangeTracker.cs(30,13): warning CS1591: Missing XML comment for publicly visible type or member 'IOrderbookChangeTracker.GetTradeCount_MakerNo()' [c:\Users\Peter\Documents\GitHub\kalshi-trading-bot\BacklashInterfaces\BacklashInterfaces.csproj]
c:\Users\Peter\Documents\GitHub\kalshi-trading-bot\BacklashInterfaces\SmokehouseBot\Services\IOrderbookChangeTracker.cs(31,13): warning CS1591: Missing XML comment for publicly visible type or member 'IOrderbookChangeTracker.GetTopLevels(List<OrderbookData>, int)' [c:\Users\Peter\Documents\GitHub\kalshi-trading-bot\BacklashInterfaces\BacklashInterfaces.csproj]
c:\Users\Peter\Documents\GitHub\kalshi-trading-bot\BacklashInterfaces\SmokehouseBot\Services\IOrderbookChangeTracker.cs(32,13): warning CS1591: Missing XML comment for publicly visible type or member 'IOrderbookChangeTracker.GetBottomLevels(List<OrderbookData>, int)' [c:\Users\Peter\Documents\GitHub\kalshi-trading-bot\BacklashInterfaces\BacklashInterfaces.csproj]
c:\Users\Peter\Documents\GitHub\kalshi-trading-bot\BacklashInterfaces\SmokehouseBot\Services\IOrderbookChangeTracker.cs(33,14): warning CS1591: Missing XML comment for publicly visible type or member 'IOrderbookChangeTracker.RecalculateAllMetrics()' [c:\Users\Peter\Documents\GitHub\kalshi-trading-bot\BacklashInterfaces\BacklashInterfaces.csproj]
c:\Users\Peter\Documents\GitHub\kalshi-trading-bot\BacklashInterfaces\SmokehouseBot\Services\IOrderbookChangeTracker.cs(34,14): warning CS1591: Missing XML comment for publicly visible type or member 'IOrderbookChangeTracker.Shutdown()' [c:\Users\Peter\Documents\GitHub\kalshi-trading-bot\BacklashInterfaces\BacklashInterfaces.csproj]
c:\Users\Peter\Documents\GitHub\kalshi-trading-bot\BacklashInterfaces\SmokehouseBot\Services\IOrderBookService.cs(5,22): warning CS1591: Missing XML comment for publicly visible type or member 'IOrderBookService' [c:\Users\Peter\Documents\GitHub\kalshi-trading-bot\BacklashInterfaces\BacklashInterfaces.csproj]
c:\Users\Peter\Documents\GitHub\kalshi-trading-bot\BacklashInterfaces\SmokehouseBot\Services\IOrderBookService.cs(7,36): warning CS1591: Missing XML comment for publicly visible type or member 'IOrderBookService.OrderBookUpdated' [c:\Users\Peter\Documents\GitHub\kalshi-trading-bot\BacklashInterfaces\BacklashInterfaces.csproj]
c:\Users\Peter\Documents\GitHub\kalshi-trading-bot\BacklashInterfaces\SmokehouseBot\Services\IOrderBookService.cs(8,14): warning CS1591: Missing XML comment for publicly visible type or member 'IOrderBookService.ConfigureWebSocketEventHandlers()' [c:\Users\Peter\Documents\GitHub\kalshi-trading-bot\BacklashInterfaces\BacklashInterfaces.csproj]
c:\Users\Peter\Documents\GitHub\kalshi-trading-bot\BacklashInterfaces\SmokehouseBot\Services\IOrderBookService.cs(9,29): warning CS1591: Missing XML comment for publicly visible type or member 'IOrderBookService.GetCurrentOrderBook(string)' [c:\Users\Peter\Documents\GitHub\kalshi-trading-bot\BacklashInterfaces\BacklashInterfaces.csproj]
c:\Users\Peter\Documents\GitHub\kalshi-trading-bot\BacklashInterfaces\SmokehouseBot\Services\IOrderBookService.cs(10,14): warning CS1591: Missing XML comment for publicly visible type or member 'IOrderBookService.SyncOrderBookAsync(string)' [c:\Users\Peter\Documents\GitHub\kalshi-trading-bot\BacklashInterfaces\BacklashInterfaces.csproj]
c:\Users\Peter\Documents\GitHub\kalshi-trading-bot\BacklashInterfaces\SmokehouseBot\Services\IOrderBookService.cs(11,14): warning CS1591: Missing XML comment for publicly visible type or member 'IOrderBookService.ClearQueueForMarketAsync(string)' [c:\Users\Peter\Documents\GitHub\kalshi-trading-bot\BacklashInterfaces\BacklashInterfaces.csproj]
c:\Users\Peter\Documents\GitHub\kalshi-trading-bot\BacklashInterfaces\SmokehouseBot\Services\IOrderBookService.cs(12,14): warning CS1591: Missing XML comment for publicly visible type or member 'IOrderBookService.StartServicesAsync()' [c:\Users\Peter\Documents\GitHub\kalshi-trading-bot\BacklashInterfaces\BacklashInterfaces.csproj]
c:\Users\Peter\Documents\GitHub\kalshi-trading-bot\BacklashInterfaces\SmokehouseBot\Services\IOrderBookService.cs(14,14): warning CS1591: Missing XML comment for publicly visible type or member 'IOrderBookService.IsEventQueueUnderLimit(int)' [c:\Users\Peter\Documents\GitHub\kalshi-trading-bot\BacklashInterfaces\BacklashInterfaces.csproj]
c:\Users\Peter\Documents\GitHub\kalshi-trading-bot\BacklashInterfaces\SmokehouseBot\Services\IOrderBookService.cs(16,14): warning CS1591: Missing XML comment for publicly visible type or member 'IOrderBookService.StopServicesAsync()' [c:\Users\Peter\Documents\GitHub\kalshi-trading-bot\BacklashInterfaces\BacklashInterfaces.csproj]
c:\Users\Peter\Documents\GitHub\kalshi-trading-bot\BacklashInterfaces\SmokehouseBot\Services\IOrderBookService.cs(18,81): warning CS1591: Missing XML comment for publicly visible type or member 'IOrderBookService.GetQueueCounts()' [c:\Users\Peter\Documents\GitHub\kalshi-trading-bot\BacklashInterfaces\BacklashInterfaces.csproj]
c:\Users\Peter\Documents\GitHub\kalshi-trading-bot\BacklashInterfaces\SmokehouseBot\Services\IScopeManagerService.cs(5,22): warning CS1591: Missing XML comment for publicly visible type or member 'IScopeManagerService' [c:\Users\Peter\Documents\GitHub\kalshi-trading-bot\BacklashInterfaces\BacklashInterfaces.csproj]
c:\Users\Peter\Documents\GitHub\kalshi-trading-bot\BacklashInterfaces\SmokehouseBot\Services\IScopeManagerService.cs(7,14): warning CS1591: Missing XML comment for publicly visible type or member 'IScopeManagerService.InitializeScope()' [c:\Users\Peter\Documents\GitHub\kalshi-trading-bot\BacklashInterfaces\BacklashInterfaces.csproj]
c:\Users\Peter\Documents\GitHub\kalshi-trading-bot\BacklashInterfaces\SmokehouseBot\Services\IScopeManagerService.cs(8,14): warning CS1591: Missing XML comment for publicly visible type or member 'IScopeManagerService.ResetAll()' [c:\Users\Peter\Documents\GitHub\kalshi-trading-bot\BacklashInterfaces\BacklashInterfaces.csproj]
c:\Users\Peter\Documents\GitHub\kalshi-trading-bot\BacklashInterfaces\SmokehouseBot\Services\IScopeManagerService.cs(9,23): warning CS1591: Missing XML comment for publicly visible type or member 'IScopeManagerService.Scope' [c:\Users\Peter\Documents\GitHub\kalshi-trading-bot\BacklashInterfaces\BacklashInterfaces.csproj]
c:\Users\Peter\Documents\GitHub\kalshi-trading-bot\BacklashInterfaces\SmokehouseBot\Services\IScopeManagerService.cs(10,23): warning CS1591: Missing XML comment for publicly visible type or member 'IScopeManagerService.CreateScope()' [c:\Users\Peter\Documents\GitHub\kalshi-trading-bot\BacklashInterfaces\BacklashInterfaces.csproj]
c:\Users\Peter\Documents\GitHub\kalshi-trading-bot\BacklashInterfaces\SmokehouseBot\Services\IServiceFactory.cs(9,22): warning CS1591: Missing XML comment for publicly visible type or member 'IServiceFactory' [c:\Users\Peter\Documents\GitHub\kalshi-trading-bot\BacklashInterfaces\BacklashInterfaces.csproj]
c:\Users\Peter\Documents\GitHub\kalshi-trading-bot\BacklashInterfaces\SmokehouseBot\Services\IServiceFactory.cs(11,33): warning CS1591: Missing XML comment for publicly visible type or member 'IServiceFactory.GetKalshiWebSocketClient()' [c:\Users\Peter\Documents\GitHub\kalshi-trading-bot\BacklashInterfaces\BacklashInterfaces.csproj]
c:\Users\Peter\Documents\GitHub\kalshi-trading-bot\BacklashInterfaces\SmokehouseBot\Services\IServiceFactory.cs(12,32): warning CS1591: Missing XML comment for publicly visible type or member 'IServiceFactory.GetInterestScoreService()' [c:\Users\Peter\Documents\GitHub\kalshi-trading-bot\BacklashInterfaces\BacklashInterfaces.csproj]
c:\Users\Peter\Documents\GitHub\kalshi-trading-bot\BacklashInterfaces\SmokehouseBot\Services\IServiceFactory.cs(13,26): warning CS1591: Missing XML comment for publicly visible type or member 'IServiceFactory.GetSqlDataService()' [c:\Users\Peter\Documents\GitHub\kalshi-trading-bot\BacklashInterfaces\BacklashInterfaces.csproj]
c:\Users\Peter\Documents\GitHub\kalshi-trading-bot\BacklashInterfaces\SmokehouseBot\Services\IServiceFactory.cs(14,34): warning CS1591: Missing XML comment for publicly visible type or member 'IServiceFactory.GetTradingSnapshotService()' [c:\Users\Peter\Documents\GitHub\kalshi-trading-bot\BacklashInterfaces\BacklashInterfaces.csproj]
c:\Users\Peter\Documents\GitHub\kalshi-trading-bot\BacklashInterfaces\SmokehouseBot\Services\IServiceFactory.cs(15,29): warning CS1591: Missing XML comment for publicly visible type or member 'IServiceFactory.GetMarketDataService()' [c:\Users\Peter\Documents\GitHub\kalshi-trading-bot\BacklashInterfaces\BacklashInterfaces.csproj]
c:\Users\Peter\Documents\GitHub\kalshi-trading-bot\BacklashInterfaces\SmokehouseBot\Services\IServiceFactory.cs(16,29): warning CS1591: Missing XML comment for publicly visible type or member 'IServiceFactory.GetTradingCalculator()' [c:\Users\Peter\Documents\GitHub\kalshi-trading-bot\BacklashInterfaces\BacklashInterfaces.csproj]
c:\Users\Peter\Documents\GitHub\kalshi-trading-bot\BacklashInterfaces\SmokehouseBot\Services\IServiceFactory.cs(17,28): warning CS1591: Missing XML comment for publicly visible type or member 'IServiceFactory.GetOrderBookService()' [c:\Users\Peter\Documents\GitHub\kalshi-trading-bot\BacklashInterfaces\BacklashInterfaces.csproj]
c:\Users\Peter\Documents\GitHub\kalshi-trading-bot\BacklashInterfaces\SmokehouseBot\Services\IServiceFactory.cs(18,37): warning CS1591: Missing XML comment for publicly visible type or member 'IServiceFactory.GetPerformanceMonitor()' [c:\Users\Peter\Documents\GitHub\kalshi-trading-bot\BacklashInterfaces\BacklashInterfaces.csproj]
c:\Users\Peter\Documents\GitHub\kalshi-trading-bot\BacklashInterfaces\SmokehouseBot\Services\IServiceFactory.cs(19,21): warning CS1591: Missing XML comment for publicly visible type or member 'IServiceFactory.GetDataCache()' [c:\Users\Peter\Documents\GitHub\kalshi-trading-bot\BacklashInterfaces\BacklashInterfaces.csproj]
c:\Users\Peter\Documents\GitHub\kalshi-trading-bot\BacklashInterfaces\SmokehouseBot\Services\IServiceFactory.cs(20,33): warning CS1591: Missing XML comment for publicly visible type or member 'IServiceFactory.GetMarketDataInitializer()' [c:\Users\Peter\Documents\GitHub\kalshi-trading-bot\BacklashInterfaces\BacklashInterfaces.csproj]
c:\Users\Peter\Documents\GitHub\kalshi-trading-bot\BacklashInterfaces\SmokehouseBot\Services\IServiceFactory.cs(21,30): warning CS1591: Missing XML comment for publicly visible type or member 'IServiceFactory.GetCandlestickService()' [c:\Users\Peter\Documents\GitHub\kalshi-trading-bot\BacklashInterfaces\BacklashInterfaces.csproj]
c:\Users\Peter\Documents\GitHub\kalshi-trading-bot\BacklashInterfaces\SmokehouseBot\Services\IServiceFactory.cs(22,28): warning CS1591: Missing XML comment for publicly visible type or member 'IServiceFactory.GetBroadcastService()' [c:\Users\Peter\Documents\GitHub\kalshi-trading-bot\BacklashInterfaces\BacklashInterfaces.csproj]
c:\Users\Peter\Documents\GitHub\kalshi-trading-bot\BacklashInterfaces\SmokehouseBot\Services\IServiceFactory.cs(23,32): warning CS1591: Missing XML comment for publicly visible type or member 'IServiceFactory.GetMarketRefreshService()' [c:\Users\Peter\Documents\GitHub\kalshi-trading-bot\BacklashInterfaces\BacklashInterfaces.csproj]
c:\Users\Peter\Documents\GitHub\kalshi-trading-bot\BacklashInterfaces\SmokehouseBot\Services\IServiceFactory.cs(24,35): warning CS1591: Missing XML comment for publicly visible type or member 'IServiceFactory.GetWebSocketHostedService()' [c:\Users\Peter\Documents\GitHub\kalshi-trading-bot\BacklashInterfaces\BacklashInterfaces.csproj]
c:\Users\Peter\Documents\GitHub\kalshi-trading-bot\BacklashInterfaces\SmokehouseBot\Services\IServiceFactory.cs(25,31): warning CS1591: Missing XML comment for publicly visible type or member 'IServiceFactory.GetBacklashErrorHandler()' [c:\Users\Peter\Documents\GitHub\kalshi-trading-bot\BacklashInterfaces\BacklashInterfaces.csproj]
c:\Users\Peter\Documents\GitHub\kalshi-trading-bot\BacklashInterfaces\SmokehouseBot\Services\IServiceFactory.cs(26,33): warning CS1591: Missing XML comment for publicly visible type or member 'IServiceFactory.GetOverseerClientService()' [c:\Users\Peter\Documents\GitHub\kalshi-trading-bot\BacklashInterfaces\BacklashInterfaces.csproj]
c:\Users\Peter\Documents\GitHub\kalshi-trading-bot\BacklashInterfaces\SmokehouseBot\Services\IServiceFactory.cs(27,30): warning CS1591: Missing XML comment for publicly visible type or member 'IServiceFactory.GetScopeManager()' [c:\Users\Peter\Documents\GitHub\kalshi-trading-bot\BacklashInterfaces\BacklashInterfaces.csproj]
c:\Users\Peter\Documents\GitHub\kalshi-trading-bot\BacklashInterfaces\SmokehouseBot\Services\IServiceFactory.cs(28,14): warning CS1591: Missing XML comment for publicly visible type or member 'IServiceFactory.ResetAll()' [c:\Users\Peter\Documents\GitHub\kalshi-trading-bot\BacklashInterfaces\BacklashInterfaces.csproj]
c:\Users\Peter\Documents\GitHub\kalshi-trading-bot\BacklashInterfaces\SmokehouseBot\Services\IServiceFactory.cs(29,14): warning CS1591: Missing XML comment for publicly visible type or member 'IServiceFactory.InitializeServices(Guid)' [c:\Users\Peter\Documents\GitHub\kalshi-trading-bot\BacklashInterfaces\BacklashInterfaces.csproj]
c:\Users\Peter\Documents\GitHub\kalshi-trading-bot\BacklashInterfaces\SmokehouseBot\Services\ISqlDataService.cs(5,22): warning CS1591: Missing XML comment for publicly visible type or member 'ISqlDataService' [c:\Users\Peter\Documents\GitHub\kalshi-trading-bot\BacklashInterfaces\BacklashInterfaces.csproj]
c:\Users\Peter\Documents\GitHub\kalshi-trading-bot\BacklashInterfaces\SmokehouseBot\Services\ISqlDataService.cs(7,14): warning CS1591: Missing XML comment for publicly visible type or member 'ISqlDataService.StoreOrderBookAsync(JsonElement, string)' [c:\Users\Peter\Documents\GitHub\kalshi-trading-bot\BacklashInterfaces\BacklashInterfaces.csproj]
c:\Users\Peter\Documents\GitHub\kalshi-trading-bot\BacklashInterfaces\SmokehouseBot\Services\ISqlDataService.cs(8,14): warning CS1591: Missing XML comment for publicly visible type or member 'ISqlDataService.StoreTickerAsync(JsonElement)' [c:\Users\Peter\Documents\GitHub\kalshi-trading-bot\BacklashInterfaces\BacklashInterfaces.csproj]
c:\Users\Peter\Documents\GitHub\kalshi-trading-bot\BacklashInterfaces\SmokehouseBot\Services\ISqlDataService.cs(9,14): warning CS1591: Missing XML comment for publicly visible type or member 'ISqlDataService.StoreTradeAsync(JsonElement)' [c:\Users\Peter\Documents\GitHub\kalshi-trading-bot\BacklashInterfaces\BacklashInterfaces.csproj]
c:\Users\Peter\Documents\GitHub\kalshi-trading-bot\BacklashInterfaces\SmokehouseBot\Services\ISqlDataService.cs(10,14): warning CS1591: Missing XML comment for publicly visible type or member 'ISqlDataService.StoreFillAsync(JsonElement)' [c:\Users\Peter\Documents\GitHub\kalshi-trading-bot\BacklashInterfaces\BacklashInterfaces.csproj]
c:\Users\Peter\Documents\GitHub\kalshi-trading-bot\BacklashInterfaces\SmokehouseBot\Services\ISqlDataService.cs(11,14): warning CS1591: Missing XML comment for publicly visible type or member 'ISqlDataService.StoreEventLifecycleAsync(JsonElement)' [c:\Users\Peter\Documents\GitHub\kalshi-trading-bot\BacklashInterfaces\BacklashInterfaces.csproj]
c:\Users\Peter\Documents\GitHub\kalshi-trading-bot\BacklashInterfaces\SmokehouseBot\Services\ISqlDataService.cs(12,14): warning CS1591: Missing XML comment for publicly visible type or member 'ISqlDataService.StoreMarketLifecycleAsync(JsonElement)' [c:\Users\Peter\Documents\GitHub\kalshi-trading-bot\BacklashInterfaces\BacklashInterfaces.csproj]
c:\Users\Peter\Documents\GitHub\kalshi-trading-bot\BacklashInterfaces\SmokehouseBot\Services\ISqlDataService.cs(13,14): warning CS1591: Missing XML comment for publicly visible type or member 'ISqlDataService.ExecuteSnapshotImportJobAsync(CancellationToken)' [c:\Users\Peter\Documents\GitHub\kalshi-trading-bot\BacklashInterfaces\BacklashInterfaces.csproj]
c:\Users\Peter\Documents\GitHub\kalshi-trading-bot\BacklashInterfaces\SmokehouseBot\Services\ITradingSnapshotService.cs(6,22): warning CS1591: Missing XML comment for publicly visible type or member 'ITradingSnapshotService' [c:\Users\Peter\Documents\GitHub\kalshi-trading-bot\BacklashInterfaces\BacklashInterfaces.csproj]
c:\Users\Peter\Documents\GitHub\kalshi-trading-bot\BacklashInterfaces\SmokehouseBot\Services\ITradingSnapshotService.cs(8,28): warning CS1591: Missing XML comment for publicly visible type or member 'ITradingSnapshotService.SaveSnapshotAsync(string, CacheSnapshot)' [c:\Users\Peter\Documents\GitHub\kalshi-trading-bot\BacklashInterfaces\BacklashInterfaces.csproj]
c:\Users\Peter\Documents\GitHub\kalshi-trading-bot\BacklashInterfaces\SmokehouseBot\Services\ITradingSnapshotService.cs(9,56): warning CS1591: Missing XML comment for publicly visible type or member 'ITradingSnapshotService.LoadManySnapshots(List<SnapshotDTO>, bool)' [c:\Users\Peter\Documents\GitHub\kalshi-trading-bot\BacklashInterfaces\BacklashInterfaces.csproj]
c:\Users\Peter\Documents\GitHub\kalshi-trading-bot\BacklashInterfaces\SmokehouseBot\Services\ITradingSnapshotService.cs(10,14): warning CS1591: Missing XML comment for publicly visible type or member 'ITradingSnapshotService.ValidateMarketSnapshot(MarketSnapshot)' [c:\Users\Peter\Documents\GitHub\kalshi-trading-bot\BacklashInterfaces\BacklashInterfaces.csproj]
c:\Users\Peter\Documents\GitHub\kalshi-trading-bot\BacklashInterfaces\SmokehouseBot\Services\ITradingSnapshotService.cs(11,14): warning CS1591: Missing XML comment for publicly visible type or member 'ITradingSnapshotService.ResetSnapshotTracking()' [c:\Users\Peter\Documents\GitHub\kalshi-trading-bot\BacklashInterfaces\BacklashInterfaces.csproj]
c:\Users\Peter\Documents\GitHub\kalshi-trading-bot\BacklashInterfaces\SmokehouseBot\Services\ITradingSnapshotService.cs(12,20): warning CS1591: Missing XML comment for publicly visible type or member 'ITradingSnapshotService.ValidateSnapshotSchema()' [c:\Users\Peter\Documents\GitHub\kalshi-trading-bot\BacklashInterfaces\BacklashInterfaces.csproj]
c:\Users\Peter\Documents\GitHub\kalshi-trading-bot\BacklashInterfaces\SmokehouseBot\Services\ITradingSnapshotService.cs(13,16): warning CS1591: Missing XML comment for publicly visible type or member 'ITradingSnapshotService.SanitizeSnapshotJson(int, string)' [c:\Users\Peter\Documents\GitHub\kalshi-trading-bot\BacklashInterfaces\BacklashInterfaces.csproj]
c:\Users\Peter\Documents\GitHub\kalshi-trading-bot\BacklashInterfaces\SmokehouseBot\Services\ITradingSnapshotService.cs(14,26): warning CS1591: Missing XML comment for publicly visible type or member 'ITradingSnapshotService.NextExpectedSnapshotTimestamp' [c:\Users\Peter\Documents\GitHub\kalshi-trading-bot\BacklashInterfaces\BacklashInterfaces.csproj]
c:\Users\Peter\Documents\GitHub\kalshi-trading-bot\BacklashInterfaces\SmokehouseBot\Services\IWebSocketMonitorService.cs(3,22): warning CS1591: Missing XML comment for publicly visible type or member 'IWebSocketMonitorService' [c:\Users\Peter\Documents\GitHub\kalshi-trading-bot\BacklashInterfaces\BacklashInterfaces.csproj]
c:\Users\Peter\Documents\GitHub\kalshi-trading-bot\BacklashInterfaces\SmokehouseBot\Services\IWebSocketMonitorService.cs(5,14): warning CS1591: Missing XML comment for publicly visible type or member 'IWebSocketMonitorService.StartServices(CancellationToken)' [c:\Users\Peter\Documents\GitHub\kalshi-trading-bot\BacklashInterfaces\BacklashInterfaces.csproj]
c:\Users\Peter\Documents\GitHub\kalshi-trading-bot\BacklashInterfaces\SmokehouseBot\Services\IWebSocketMonitorService.cs(6,14): warning CS1591: Missing XML comment for publicly visible type or member 'IWebSocketMonitorService.ShutdownAsync(CancellationToken)' [c:\Users\Peter\Documents\GitHub\kalshi-trading-bot\BacklashInterfaces\BacklashInterfaces.csproj]
c:\Users\Peter\Documents\GitHub\kalshi-trading-bot\BacklashInterfaces\SmokehouseBot\Services\IWebSocketMonitorService.cs(7,14): warning CS1591: Missing XML comment for publicly visible type or member 'IWebSocketMonitorService.TriggerConnectionCheckAsync()' [c:\Users\Peter\Documents\GitHub\kalshi-trading-bot\BacklashInterfaces\BacklashInterfaces.csproj]
c:\Users\Peter\Documents\GitHub\kalshi-trading-bot\BacklashInterfaces\SmokehouseBot\Services\IWebSocketMonitorService.cs(8,14): warning CS1591: Missing XML comment for publicly visible type or member 'IWebSocketMonitorService.IsConnected()' [c:\Users\Peter\Documents\GitHub\kalshi-trading-bot\BacklashInterfaces\BacklashInterfaces.csproj]
c:\Users\Peter\Documents\GitHub\kalshi-trading-bot\BacklashInterfaces\SmokehouseBot\State\IBotReadyStatus.cs(3,22): warning CS1591: Missing XML comment for publicly visible type or member 'IBotReadyStatus' [c:\Users\Peter\Documents\GitHub\kalshi-trading-bot\BacklashInterfaces\BacklashInterfaces.csproj]
c:\Users\Peter\Documents\GitHub\kalshi-trading-bot\BacklashInterfaces\SmokehouseBot\State\IBotReadyStatus.cs(5,36): warning CS1591: Missing XML comment for publicly visible type or member 'IBotReadyStatus.InitializationCompleted' [c:\Users\Peter\Documents\GitHub\kalshi-trading-bot\BacklashInterfaces\BacklashInterfaces.csproj]
c:\Users\Peter\Documents\GitHub\kalshi-trading-bot\BacklashInterfaces\SmokehouseBot\State\IBotReadyStatus.cs(6,36): warning CS1591: Missing XML comment for publicly visible type or member 'IBotReadyStatus.BrowserReady' [c:\Users\Peter\Documents\GitHub\kalshi-trading-bot\BacklashInterfaces\BacklashInterfaces.csproj]
c:\Users\Peter\Documents\GitHub\kalshi-trading-bot\BacklashInterfaces\SmokehouseBot\State\IBotReadyStatus.cs(7,14): warning CS1591: Missing XML comment for publicly visible type or member 'IBotReadyStatus.ResetAll()' [c:\Users\Peter\Documents\GitHub\kalshi-trading-bot\BacklashInterfaces\BacklashInterfaces.csproj]
c:\Users\Peter\Documents\GitHub\kalshi-trading-bot\BacklashInterfaces\SmokehouseBot\State\IDataCache.cs(6,22): warning CS1591: Missing XML comment for publicly visible type or member 'IDataCache' [c:\Users\Peter\Documents\GitHub\kalshi-trading-bot\BacklashInterfaces\BacklashInterfaces.csproj]
c:\Users\Peter\Documents\GitHub\kalshi-trading-bot\BacklashInterfaces\SmokehouseBot\State\IDataCache.cs(8,51): warning CS1591: Missing XML comment for publicly visible type or member 'IDataCache.Markets' [c:\Users\Peter\Documents\GitHub\kalshi-trading-bot\BacklashInterfaces\BacklashInterfaces.csproj]
c:\Users\Peter\Documents\GitHub\kalshi-trading-bot\BacklashInterfaces\SmokehouseBot\State\IDataCache.cs(10,25): warning CS1591: Missing XML comment for publicly visible type or member 'IDataCache.WatchedMarkets' [c:\Users\Peter\Documents\GitHub\kalshi-trading-bot\BacklashInterfaces\BacklashInterfaces.csproj]
c:\Users\Peter\Documents\GitHub\kalshi-trading-bot\BacklashInterfaces\SmokehouseBot\State\IDataCache.cs(11,16): warning CS1591: Missing XML comment for publicly visible type or member 'IDataCache.AccountBalance' [c:\Users\Peter\Documents\GitHub\kalshi-trading-bot\BacklashInterfaces\BacklashInterfaces.csproj]
c:\Users\Peter\Documents\GitHub\kalshi-trading-bot\BacklashInterfaces\SmokehouseBot\State\IDataCache.cs(12,18): warning CS1591: Missing XML comment for publicly visible type or member 'IDataCache.LastWebSocketTimestamp' [c:\Users\Peter\Documents\GitHub\kalshi-trading-bot\BacklashInterfaces\BacklashInterfaces.csproj]
c:\Users\Peter\Documents\GitHub\kalshi-trading-bot\BacklashInterfaces\SmokehouseBot\State\IDataCache.cs(13,14): warning CS1591: Missing XML comment for publicly visible type or member 'IDataCache.ExchangeStatus' [c:\Users\Peter\Documents\GitHub\kalshi-trading-bot\BacklashInterfaces\BacklashInterfaces.csproj]
c:\Users\Peter\Documents\GitHub\kalshi-trading-bot\BacklashInterfaces\SmokehouseBot\State\IDataCache.cs(14,14): warning CS1591: Missing XML comment for publicly visible type or member 'IDataCache.TradingStatus' [c:\Users\Peter\Documents\GitHub\kalshi-trading-bot\BacklashInterfaces\BacklashInterfaces.csproj]
c:\Users\Peter\Documents\GitHub\kalshi-trading-bot\BacklashInterfaces\SmokehouseBot\State\IDataCache.cs(15,16): warning CS1591: Missing XML comment for publicly visible type or member 'IDataCache.SoftwareVersion' [c:\Users\Peter\Documents\GitHub\kalshi-trading-bot\BacklashInterfaces\BacklashInterfaces.csproj]
c:\Users\Peter\Documents\GitHub\kalshi-trading-bot\BacklashInterfaces\SmokehouseBot\State\IDataCache.cs(16,52): warning CS1591: Missing XML comment for publicly visible type or member 'IDataCache.ExchangeStatusChanged' [c:\Users\Peter\Documents\GitHub\kalshi-trading-bot\BacklashInterfaces\BacklashInterfaces.csproj]
c:\Users\Peter\Documents\GitHub\kalshi-trading-bot\BacklashInterfaces\SmokehouseBot\State\IDataCache.cs(17,16): warning CS1591: Missing XML comment for publicly visible type or member 'IDataCache.PortfolioValue' [c:\Users\Peter\Documents\GitHub\kalshi-trading-bot\BacklashInterfaces\BacklashInterfaces.csproj]
c:\Users\Peter\Documents\GitHub\kalshi-trading-bot\BacklashInterfaces\SmokehouseBot\State\IDataCache.cs(18,25): warning CS1591: Missing XML comment for publicly visible type or member 'IDataCache.RecentlyRemovedMarkets' [c:\Users\Peter\Documents\GitHub\kalshi-trading-bot\BacklashInterfaces\BacklashInterfaces.csproj]
c:\Users\Peter\Documents\GitHub\kalshi-trading-bot\BacklashInterfaces\SmokehouseBot\State\IMarketData.cs(10,22): warning CS1591: Missing XML comment for publicly visible type or member 'IMarketData' [c:\Users\Peter\Documents\GitHub\kalshi-trading-bot\BacklashInterfaces\BacklashInterfaces.csproj]
c:\Users\Peter\Documents\GitHub\kalshi-trading-bot\BacklashInterfaces\SmokehouseBot\State\IMarketData.cs(12,18): warning CS1591: Missing XML comment for publicly visible type or member 'IMarketData.LastSuccessfulSync' [c:\Users\Peter\Documents\GitHub\kalshi-trading-bot\BacklashInterfaces\BacklashInterfaces.csproj]
c:\Users\Peter\Documents\GitHub\kalshi-trading-bot\BacklashInterfaces\SmokehouseBot\State\IMarketData.cs(13,16): warning CS1591: Missing XML comment for publicly visible type or member 'IMarketData.MarketTicker' [c:\Users\Peter\Documents\GitHub\kalshi-trading-bot\BacklashInterfaces\BacklashInterfaces.csproj]
c:\Users\Peter\Documents\GitHub\kalshi-trading-bot\BacklashInterfaces\SmokehouseBot\State\IMarketData.cs(14,16): warning CS1591: Missing XML comment for publicly visible type or member 'IMarketData.MarketType' [c:\Users\Peter\Documents\GitHub\kalshi-trading-bot\BacklashInterfaces\BacklashInterfaces.csproj]
c:\Users\Peter\Documents\GitHub\kalshi-trading-bot\BacklashInterfaces\SmokehouseBot\State\IMarketData.cs(15,19): warning CS1591: Missing XML comment for publicly visible type or member 'IMarketData.MarketInfo' [c:\Users\Peter\Documents\GitHub\kalshi-trading-bot\BacklashInterfaces\BacklashInterfaces.csproj]
c:\Users\Peter\Documents\GitHub\kalshi-trading-bot\BacklashInterfaces\SmokehouseBot\State\IMarketData.cs(16,51): warning CS1591: Missing XML comment for publicly visible type or member 'IMarketData.Candlesticks' [c:\Users\Peter\Documents\GitHub\kalshi-trading-bot\BacklashInterfaces\BacklashInterfaces.csproj]
c:\Users\Peter\Documents\GitHub\kalshi-trading-bot\BacklashInterfaces\SmokehouseBot\State\IMarketData.cs(17,34): warning CS1591: Missing XML comment for publicly visible type or member 'IMarketData.Tickers' [c:\Users\Peter\Documents\GitHub\kalshi-trading-bot\BacklashInterfaces\BacklashInterfaces.csproj]
c:\Users\Peter\Documents\GitHub\kalshi-trading-bot\BacklashInterfaces\SmokehouseBot\State\IMarketData.cs(18,29): warning CS1591: Missing XML comment for publicly visible type or member 'IMarketData.OrderbookData' [c:\Users\Peter\Documents\GitHub\kalshi-trading-bot\BacklashInterfaces\BacklashInterfaces.csproj]
c:\Users\Peter\Documents\GitHub\kalshi-trading-bot\BacklashInterfaces\SmokehouseBot\State\IMarketData.cs(19,18): warning CS1591: Missing XML comment for publicly visible type or member 'IMarketData.LastWebSocketMessageReceived' [c:\Users\Peter\Documents\GitHub\kalshi-trading-bot\BacklashInterfaces\BacklashInterfaces.csproj]
c:\Users\Peter\Documents\GitHub\kalshi-trading-bot\BacklashInterfaces\SmokehouseBot\State\IMarketData.cs(20,18): warning CS1591: Missing XML comment for publicly visible type or member 'IMarketData.LastOrderbookEventTimestamp' [c:\Users\Peter\Documents\GitHub\kalshi-trading-bot\BacklashInterfaces\BacklashInterfaces.csproj]
c:\Users\Peter\Documents\GitHub\kalshi-trading-bot\BacklashInterfaces\SmokehouseBot\State\IMarketData.cs(21,18): warning CS1591: Missing XML comment for publicly visible type or member 'IMarketData.LastSnapshotTaken' [c:\Users\Peter\Documents\GitHub\kalshi-trading-bot\BacklashInterfaces\BacklashInterfaces.csproj]
c:\Users\Peter\Documents\GitHub\kalshi-trading-bot\BacklashInterfaces\SmokehouseBot\State\IMarketData.cs(22,16): warning CS1591: Missing XML comment for publicly visible type or member 'IMarketData.CurrentPriceSource' [c:\Users\Peter\Documents\GitHub\kalshi-trading-bot\BacklashInterfaces\BacklashInterfaces.csproj]
c:\Users\Peter\Documents\GitHub\kalshi-trading-bot\BacklashInterfaces\SmokehouseBot\State\IMarketData.cs(23,43): warning CS1591: Missing XML comment for publicly visible type or member 'IMarketData.TickerPriceYes' [c:\Users\Peter\Documents\GitHub\kalshi-trading-bot\BacklashInterfaces\BacklashInterfaces.csproj]
c:\Users\Peter\Documents\GitHub\kalshi-trading-bot\BacklashInterfaces\SmokehouseBot\State\IMarketData.cs(24,43): warning CS1591: Missing XML comment for publicly visible type or member 'IMarketData.TickerPriceNo' [c:\Users\Peter\Documents\GitHub\kalshi-trading-bot\BacklashInterfaces\BacklashInterfaces.csproj]
c:\Users\Peter\Documents\GitHub\kalshi-trading-bot\BacklashInterfaces\SmokehouseBot\State\IMarketData.cs(25,34): warning CS1591: Missing XML comment for publicly visible type or member 'IMarketData.AllTimeHighYes_Bid' [c:\Users\Peter\Documents\GitHub\kalshi-trading-bot\BacklashInterfaces\BacklashInterfaces.csproj]
c:\Users\Peter\Documents\GitHub\kalshi-trading-bot\BacklashInterfaces\SmokehouseBot\State\IMarketData.cs(26,34): warning CS1591: Missing XML comment for publicly visible type or member 'IMarketData.AllTimeHighNo_Bid' [c:\Users\Peter\Documents\GitHub\kalshi-trading-bot\BacklashInterfaces\BacklashInterfaces.csproj]
c:\Users\Peter\Documents\GitHub\kalshi-trading-bot\BacklashInterfaces\SmokehouseBot\State\IMarketData.cs(27,34): warning CS1591: Missing XML comment for publicly visible type or member 'IMarketData.AllTimeLowYes_Bid' [c:\Users\Peter\Documents\GitHub\kalshi-trading-bot\BacklashInterfaces\BacklashInterfaces.csproj]
c:\Users\Peter\Documents\GitHub\kalshi-trading-bot\BacklashInterfaces\SmokehouseBot\State\IMarketData.cs(28,34): warning CS1591: Missing XML comment for publicly visible type or member 'IMarketData.AllTimeLowNo_Bid' [c:\Users\Peter\Documents\GitHub\kalshi-trading-bot\BacklashInterfaces\BacklashInterfaces.csproj]
c:\Users\Peter\Documents\GitHub\kalshi-trading-bot\BacklashInterfaces\SmokehouseBot\State\IMarketData.cs(29,34): warning CS1591: Missing XML comment for publicly visible type or member 'IMarketData.RecentHighYes_Bid' [c:\Users\Peter\Documents\GitHub\kalshi-trading-bot\BacklashInterfaces\BacklashInterfaces.csproj]
c:\Users\Peter\Documents\GitHub\kalshi-trading-bot\BacklashInterfaces\SmokehouseBot\State\IMarketData.cs(30,34): warning CS1591: Missing XML comment for publicly visible type or member 'IMarketData.RecentHighNo_Bid' [c:\Users\Peter\Documents\GitHub\kalshi-trading-bot\BacklashInterfaces\BacklashInterfaces.csproj]
c:\Users\Peter\Documents\GitHub\kalshi-trading-bot\BacklashInterfaces\SmokehouseBot\State\IMarketData.cs(31,34): warning CS1591: Missing XML comment for publicly visible type or member 'IMarketData.RecentLowYes_Bid' [c:\Users\Peter\Documents\GitHub\kalshi-trading-bot\BacklashInterfaces\BacklashInterfaces.csproj]
c:\Users\Peter\Documents\GitHub\kalshi-trading-bot\BacklashInterfaces\SmokehouseBot\State\IMarketData.cs(32,34): warning CS1591: Missing XML comment for publicly visible type or member 'IMarketData.RecentLowNo_Bid' [c:\Users\Peter\Documents\GitHub\kalshi-trading-bot\BacklashInterfaces\BacklashInterfaces.csproj]
c:\Users\Peter\Documents\GitHub\kalshi-trading-bot\BacklashInterfaces\SmokehouseBot\State\IMarketData.cs(33,16): warning CS1591: Missing XML comment for publicly visible type or member 'IMarketData.GoodBadPriceYes' [c:\Users\Peter\Documents\GitHub\kalshi-trading-bot\BacklashInterfaces\BacklashInterfaces.csproj]
c:\Users\Peter\Documents\GitHub\kalshi-trading-bot\BacklashInterfaces\SmokehouseBot\State\IMarketData.cs(34,16): warning CS1591: Missing XML comment for publicly visible type or member 'IMarketData.GoodBadPriceNo' [c:\Users\Peter\Documents\GitHub\kalshi-trading-bot\BacklashInterfaces\BacklashInterfaces.csproj]
c:\Users\Peter\Documents\GitHub\kalshi-trading-bot\BacklashInterfaces\SmokehouseBot\State\IMarketData.cs(35,16): warning CS1591: Missing XML comment for publicly visible type or member 'IMarketData.MarketBehaviorYes' [c:\Users\Peter\Documents\GitHub\kalshi-trading-bot\BacklashInterfaces\BacklashInterfaces.csproj]
c:\Users\Peter\Documents\GitHub\kalshi-trading-bot\BacklashInterfaces\SmokehouseBot\State\IMarketData.cs(36,16): warning CS1591: Missing XML comment for publicly visible type or member 'IMarketData.MarketBehaviorNo' [c:\Users\Peter\Documents\GitHub\kalshi-trading-bot\BacklashInterfaces\BacklashInterfaces.csproj]
c:\Users\Peter\Documents\GitHub\kalshi-trading-bot\BacklashInterfaces\SmokehouseBot\State\IMarketData.cs(37,33): warning CS1591: Missing XML comment for publicly visible type or member 'IMarketData.Positions' [c:\Users\Peter\Documents\GitHub\kalshi-trading-bot\BacklashInterfaces\BacklashInterfaces.csproj]
c:\Users\Peter\Documents\GitHub\kalshi-trading-bot\BacklashInterfaces\SmokehouseBot\State\IMarketData.cs(38,13): warning CS1591: Missing XML comment for publicly visible type or member 'IMarketData.PositionSize' [c:\Users\Peter\Documents\GitHub\kalshi-trading-bot\BacklashInterfaces\BacklashInterfaces.csproj]
c:\Users\Peter\Documents\GitHub\kalshi-trading-bot\BacklashInterfaces\SmokehouseBot\State\IMarketData.cs(39,16): warning CS1591: Missing XML comment for publicly visible type or member 'IMarketData.PositionSide' [c:\Users\Peter\Documents\GitHub\kalshi-trading-bot\BacklashInterfaces\BacklashInterfaces.csproj]
c:\Users\Peter\Documents\GitHub\kalshi-trading-bot\BacklashInterfaces\SmokehouseBot\State\IMarketData.cs(40,16): warning CS1591: Missing XML comment for publicly visible type or member 'IMarketData.MarketExposure' [c:\Users\Peter\Documents\GitHub\kalshi-trading-bot\BacklashInterfaces\BacklashInterfaces.csproj]
c:\Users\Peter\Documents\GitHub\kalshi-trading-bot\BacklashInterfaces\SmokehouseBot\State\IMarketData.cs(41,16): warning CS1591: Missing XML comment for publicly visible type or member 'IMarketData.BuyinPrice' [c:\Users\Peter\Documents\GitHub\kalshi-trading-bot\BacklashInterfaces\BacklashInterfaces.csproj]
c:\Users\Peter\Documents\GitHub\kalshi-trading-bot\BacklashInterfaces\SmokehouseBot\State\IMarketData.cs(42,16): warning CS1591: Missing XML comment for publicly visible type or member 'IMarketData.PositionUpside' [c:\Users\Peter\Documents\GitHub\kalshi-trading-bot\BacklashInterfaces\BacklashInterfaces.csproj]
c:\Users\Peter\Documents\GitHub\kalshi-trading-bot\BacklashInterfaces\SmokehouseBot\State\IMarketData.cs(43,16): warning CS1591: Missing XML comment for publicly visible type or member 'IMarketData.PositionDownside' [c:\Users\Peter\Documents\GitHub\kalshi-trading-bot\BacklashInterfaces\BacklashInterfaces.csproj]
c:\Users\Peter\Documents\GitHub\kalshi-trading-bot\BacklashInterfaces\SmokehouseBot\State\IMarketData.cs(44,16): warning CS1591: Missing XML comment for publicly visible type or member 'IMarketData.PositionROIAmt' [c:\Users\Peter\Documents\GitHub\kalshi-trading-bot\BacklashInterfaces\BacklashInterfaces.csproj]
c:\Users\Peter\Documents\GitHub\kalshi-trading-bot\BacklashInterfaces\SmokehouseBot\State\IMarketData.cs(45,14): warning CS1591: Missing XML comment for publicly visible type or member 'IMarketData.TotalPositionTraded' [c:\Users\Peter\Documents\GitHub\kalshi-trading-bot\BacklashInterfaces\BacklashInterfaces.csproj]
c:\Users\Peter\Documents\GitHub\kalshi-trading-bot\BacklashInterfaces\SmokehouseBot\State\IMarketData.cs(46,16): warning CS1591: Missing XML comment for publicly visible type or member 'IMarketData.RealizedPnl' [c:\Users\Peter\Documents\GitHub\kalshi-trading-bot\BacklashInterfaces\BacklashInterfaces.csproj]
c:\Users\Peter\Documents\GitHub\kalshi-trading-bot\BacklashInterfaces\SmokehouseBot\State\IMarketData.cs(47,16): warning CS1591: Missing XML comment for publicly visible type or member 'IMarketData.FeesPaid' [c:\Users\Peter\Documents\GitHub\kalshi-trading-bot\BacklashInterfaces\BacklashInterfaces.csproj]
c:\Users\Peter\Documents\GitHub\kalshi-trading-bot\BacklashInterfaces\SmokehouseBot\State\IMarketData.cs(48,24): warning CS1591: Missing XML comment for publicly visible type or member 'IMarketData.RestingOrders' [c:\Users\Peter\Documents\GitHub\kalshi-trading-bot\BacklashInterfaces\BacklashInterfaces.csproj]
c:\Users\Peter\Documents\GitHub\kalshi-trading-bot\BacklashInterfaces\SmokehouseBot\State\IMarketData.cs(49,16): warning CS1591: Missing XML comment for publicly visible type or member 'IMarketData.PositionROI' [c:\Users\Peter\Documents\GitHub\kalshi-trading-bot\BacklashInterfaces\BacklashInterfaces.csproj]
c:\Users\Peter\Documents\GitHub\kalshi-trading-bot\BacklashInterfaces\SmokehouseBot\State\IMarketData.cs(50,16): warning CS1591: Missing XML comment for publicly visible type or member 'IMarketData.ExpectedFees' [c:\Users\Peter\Documents\GitHub\kalshi-trading-bot\BacklashInterfaces\BacklashInterfaces.csproj]
c:\Users\Peter\Documents\GitHub\kalshi-trading-bot\BacklashInterfaces\SmokehouseBot\State\IMarketData.cs(51,16): warning CS1591: Missing XML comment for publicly visible type or member 'IMarketData.TolerancePercentage' [c:\Users\Peter\Documents\GitHub\kalshi-trading-bot\BacklashInterfaces\BacklashInterfaces.csproj]
c:\Users\Peter\Documents\GitHub\kalshi-trading-bot\BacklashInterfaces\SmokehouseBot\State\IMarketData.cs(52,33): warning CS1591: Missing XML comment for publicly visible type or member 'IMarketData.ChangeTracker' [c:\Users\Peter\Documents\GitHub\kalshi-trading-bot\BacklashInterfaces\BacklashInterfaces.csproj]
c:\Users\Peter\Documents\GitHub\kalshi-trading-bot\BacklashInterfaces\SmokehouseBot\State\IMarketData.cs(53,14): warning CS1591: Missing XML comment for publicly visible type or member 'IMarketData.ChangeMetricsMature' [c:\Users\Peter\Documents\GitHub\kalshi-trading-bot\BacklashInterfaces\BacklashInterfaces.csproj]
c:\Users\Peter\Documents\GitHub\kalshi-trading-bot\BacklashInterfaces\SmokehouseBot\State\IMarketData.cs(54,16): warning CS1591: Missing XML comment for publicly visible type or member 'IMarketData.MarketCategory' [c:\Users\Peter\Documents\GitHub\kalshi-trading-bot\BacklashInterfaces\BacklashInterfaces.csproj]
c:\Users\Peter\Documents\GitHub\kalshi-trading-bot\BacklashInterfaces\SmokehouseBot\State\IMarketData.cs(55,16): warning CS1591: Missing XML comment for publicly visible type or member 'IMarketData.MarketStatus' [c:\Users\Peter\Documents\GitHub\kalshi-trading-bot\BacklashInterfaces\BacklashInterfaces.csproj]
c:\Users\Peter\Documents\GitHub\kalshi-trading-bot\BacklashInterfaces\SmokehouseBot\State\IMarketData.cs(56,16): warning CS1591: Missing XML comment for publicly visible type or member 'IMarketData.AverageTradeSize_Yes' [c:\Users\Peter\Documents\GitHub\kalshi-trading-bot\BacklashInterfaces\BacklashInterfaces.csproj]
c:\Users\Peter\Documents\GitHub\kalshi-trading-bot\BacklashInterfaces\SmokehouseBot\State\IMarketData.cs(57,16): warning CS1591: Missing XML comment for publicly visible type or member 'IMarketData.AverageTradeSize_No' [c:\Users\Peter\Documents\GitHub\kalshi-trading-bot\BacklashInterfaces\BacklashInterfaces.csproj]
c:\Users\Peter\Documents\GitHub\kalshi-trading-bot\BacklashInterfaces\SmokehouseBot\State\IMarketData.cs(58,13): warning CS1591: Missing XML comment for publicly visible type or member 'IMarketData.TradeCount_Yes' [c:\Users\Peter\Documents\GitHub\kalshi-trading-bot\BacklashInterfaces\BacklashInterfaces.csproj]
c:\Users\Peter\Documents\GitHub\kalshi-trading-bot\BacklashInterfaces\SmokehouseBot\State\IMarketData.cs(59,13): warning CS1591: Missing XML comment for publicly visible type or member 'IMarketData.TradeCount_No' [c:\Users\Peter\Documents\GitHub\kalshi-trading-bot\BacklashInterfaces\BacklashInterfaces.csproj]
c:\Users\Peter\Documents\GitHub\kalshi-trading-bot\BacklashInterfaces\SmokehouseBot\State\IMarketData.cs(60,13): warning CS1591: Missing XML comment for publicly visible type or member 'IMarketData.NonTradeRelatedOrderCount_Yes' [c:\Users\Peter\Documents\GitHub\kalshi-trading-bot\BacklashInterfaces\BacklashInterfaces.csproj]
c:\Users\Peter\Documents\GitHub\kalshi-trading-bot\BacklashInterfaces\SmokehouseBot\State\IMarketData.cs(61,13): warning CS1591: Missing XML comment for publicly visible type or member 'IMarketData.NonTradeRelatedOrderCount_No' [c:\Users\Peter\Documents\GitHub\kalshi-trading-bot\BacklashInterfaces\BacklashInterfaces.csproj]
c:\Users\Peter\Documents\GitHub\kalshi-trading-bot\BacklashInterfaces\SmokehouseBot\State\IMarketData.cs(62,13): warning CS1591: Missing XML comment for publicly visible type or member 'IMarketData.LevelCount_Top_Yes_Bid' [c:\Users\Peter\Documents\GitHub\kalshi-trading-bot\BacklashInterfaces\BacklashInterfaces.csproj]
c:\Users\Peter\Documents\GitHub\kalshi-trading-bot\BacklashInterfaces\SmokehouseBot\State\IMarketData.cs(63,13): warning CS1591: Missing XML comment for publicly visible type or member 'IMarketData.LevelCount_Top_No_Bid' [c:\Users\Peter\Documents\GitHub\kalshi-trading-bot\BacklashInterfaces\BacklashInterfaces.csproj]
c:\Users\Peter\Documents\GitHub\kalshi-trading-bot\BacklashInterfaces\SmokehouseBot\State\IMarketData.cs(64,13): warning CS1591: Missing XML comment for publicly visible type or member 'IMarketData.LevelCount_Bottom_Yes_Bid' [c:\Users\Peter\Documents\GitHub\kalshi-trading-bot\BacklashInterfaces\BacklashInterfaces.csproj]
c:\Users\Peter\Documents\GitHub\kalshi-trading-bot\BacklashInterfaces\SmokehouseBot\State\IMarketData.cs(65,13): warning CS1591: Missing XML comment for publicly visible type or member 'IMarketData.LevelCount_Bottom_No_Bid' [c:\Users\Peter\Documents\GitHub\kalshi-trading-bot\BacklashInterfaces\BacklashInterfaces.csproj]
c:\Users\Peter\Documents\GitHub\kalshi-trading-bot\BacklashInterfaces\SmokehouseBot\State\IMarketData.cs(66,16): warning CS1591: Missing XML comment for publicly visible type or member 'IMarketData.VelocityPerMinute_Top_Yes_Bid' [c:\Users\Peter\Documents\GitHub\kalshi-trading-bot\BacklashInterfaces\BacklashInterfaces.csproj]
c:\Users\Peter\Documents\GitHub\kalshi-trading-bot\BacklashInterfaces\SmokehouseBot\State\IMarketData.cs(67,16): warning CS1591: Missing XML comment for publicly visible type or member 'IMarketData.VelocityPerMinute_Top_No_Bid' [c:\Users\Peter\Documents\GitHub\kalshi-trading-bot\BacklashInterfaces\BacklashInterfaces.csproj]
c:\Users\Peter\Documents\GitHub\kalshi-trading-bot\BacklashInterfaces\SmokehouseBot\State\IMarketData.cs(68,16): warning CS1591: Missing XML comment for publicly visible type or member 'IMarketData.VelocityPerMinute_Bottom_Yes_Bid' [c:\Users\Peter\Documents\GitHub\kalshi-trading-bot\BacklashInterfaces\BacklashInterfaces.csproj]
c:\Users\Peter\Documents\GitHub\kalshi-trading-bot\BacklashInterfaces\SmokehouseBot\State\IMarketData.cs(69,16): warning CS1591: Missing XML comment for publicly visible type or member 'IMarketData.VelocityPerMinute_Bottom_No_Bid' [c:\Users\Peter\Documents\GitHub\kalshi-trading-bot\BacklashInterfaces\BacklashInterfaces.csproj]
c:\Users\Peter\Documents\GitHub\kalshi-trading-bot\BacklashInterfaces\SmokehouseBot\State\IMarketData.cs(70,16): warning CS1591: Missing XML comment for publicly visible type or member 'IMarketData.TradeVolumePerMinute_Yes' [c:\Users\Peter\Documents\GitHub\kalshi-trading-bot\BacklashInterfaces\BacklashInterfaces.csproj]
c:\Users\Peter\Documents\GitHub\kalshi-trading-bot\BacklashInterfaces\SmokehouseBot\State\IMarketData.cs(71,16): warning CS1591: Missing XML comment for publicly visible type or member 'IMarketData.TradeVolumePerMinute_No' [c:\Users\Peter\Documents\GitHub\kalshi-trading-bot\BacklashInterfaces\BacklashInterfaces.csproj]
c:\Users\Peter\Documents\GitHub\kalshi-trading-bot\BacklashInterfaces\SmokehouseBot\State\IMarketData.cs(72,16): warning CS1591: Missing XML comment for publicly visible type or member 'IMarketData.TradeRatePerMinute_Yes' [c:\Users\Peter\Documents\GitHub\kalshi-trading-bot\BacklashInterfaces\BacklashInterfaces.csproj]
c:\Users\Peter\Documents\GitHub\kalshi-trading-bot\BacklashInterfaces\SmokehouseBot\State\IMarketData.cs(73,16): warning CS1591: Missing XML comment for publicly visible type or member 'IMarketData.TradeRatePerMinute_No' [c:\Users\Peter\Documents\GitHub\kalshi-trading-bot\BacklashInterfaces\BacklashInterfaces.csproj]
c:\Users\Peter\Documents\GitHub\kalshi-trading-bot\BacklashInterfaces\SmokehouseBot\State\IMarketData.cs(74,16): warning CS1591: Missing XML comment for publicly visible type or member 'IMarketData.OrderVolumePerMinute_YesBid' [c:\Users\Peter\Documents\GitHub\kalshi-trading-bot\BacklashInterfaces\BacklashInterfaces.csproj]
c:\Users\Peter\Documents\GitHub\kalshi-trading-bot\BacklashInterfaces\SmokehouseBot\State\IMarketData.cs(75,16): warning CS1591: Missing XML comment for publicly visible type or member 'IMarketData.OrderVolumePerMinute_NoBid' [c:\Users\Peter\Documents\GitHub\kalshi-trading-bot\BacklashInterfaces\BacklashInterfaces.csproj]
c:\Users\Peter\Documents\GitHub\kalshi-trading-bot\BacklashInterfaces\SmokehouseBot\State\IMarketData.cs(76,13): warning CS1591: Missing XML comment for publicly visible type or member 'IMarketData.BestYesBid' [c:\Users\Peter\Documents\GitHub\kalshi-trading-bot\BacklashInterfaces\BacklashInterfaces.csproj]
c:\Users\Peter\Documents\GitHub\kalshi-trading-bot\BacklashInterfaces\SmokehouseBot\State\IMarketData.cs(77,13): warning CS1591: Missing XML comment for publicly visible type or member 'IMarketData.BestNoBid' [c:\Users\Peter\Documents\GitHub\kalshi-trading-bot\BacklashInterfaces\BacklashInterfaces.csproj]
c:\Users\Peter\Documents\GitHub\kalshi-trading-bot\BacklashInterfaces\SmokehouseBot\State\IMarketData.cs(78,13): warning CS1591: Missing XML comment for publicly visible type or member 'IMarketData.BestYesAsk' [c:\Users\Peter\Documents\GitHub\kalshi-trading-bot\BacklashInterfaces\BacklashInterfaces.csproj]
c:\Users\Peter\Documents\GitHub\kalshi-trading-bot\BacklashInterfaces\SmokehouseBot\State\IMarketData.cs(79,13): warning CS1591: Missing XML comment for publicly visible type or member 'IMarketData.BestNoAsk' [c:\Users\Peter\Documents\GitHub\kalshi-trading-bot\BacklashInterfaces\BacklashInterfaces.csproj]
c:\Users\Peter\Documents\GitHub\kalshi-trading-bot\BacklashInterfaces\SmokehouseBot\State\IMarketData.cs(80,13): warning CS1591: Missing XML comment for publicly visible type or member 'IMarketData.YesSpread' [c:\Users\Peter\Documents\GitHub\kalshi-trading-bot\BacklashInterfaces\BacklashInterfaces.csproj]
c:\Users\Peter\Documents\GitHub\kalshi-trading-bot\BacklashInterfaces\SmokehouseBot\State\IMarketData.cs(81,13): warning CS1591: Missing XML comment for publicly visible type or member 'IMarketData.NoSpread' [c:\Users\Peter\Documents\GitHub\kalshi-trading-bot\BacklashInterfaces\BacklashInterfaces.csproj]
c:\Users\Peter\Documents\GitHub\kalshi-trading-bot\BacklashInterfaces\SmokehouseBot\State\IMarketData.cs(82,13): warning CS1591: Missing XML comment for publicly visible type or member 'IMarketData.DepthAtBestYesBid' [c:\Users\Peter\Documents\GitHub\kalshi-trading-bot\BacklashInterfaces\BacklashInterfaces.csproj]
c:\Users\Peter\Documents\GitHub\kalshi-trading-bot\BacklashInterfaces\SmokehouseBot\State\IMarketData.cs(83,13): warning CS1591: Missing XML comment for publicly visible type or member 'IMarketData.DepthAtBestNoBid' [c:\Users\Peter\Documents\GitHub\kalshi-trading-bot\BacklashInterfaces\BacklashInterfaces.csproj]
c:\Users\Peter\Documents\GitHub\kalshi-trading-bot\BacklashInterfaces\SmokehouseBot\State\IMarketData.cs(84,13): warning CS1591: Missing XML comment for publicly visible type or member 'IMarketData.TopTenPercentLevelDepth_Yes' [c:\Users\Peter\Documents\GitHub\kalshi-trading-bot\BacklashInterfaces\BacklashInterfaces.csproj]
c:\Users\Peter\Documents\GitHub\kalshi-trading-bot\BacklashInterfaces\SmokehouseBot\State\IMarketData.cs(85,13): warning CS1591: Missing XML comment for publicly visible type or member 'IMarketData.TopTenPercentLevelDepth_No' [c:\Users\Peter\Documents\GitHub\kalshi-trading-bot\BacklashInterfaces\BacklashInterfaces.csproj]
c:\Users\Peter\Documents\GitHub\kalshi-trading-bot\BacklashInterfaces\SmokehouseBot\State\IMarketData.cs(86,13): warning CS1591: Missing XML comment for publicly visible type or member 'IMarketData.BidRange_Yes' [c:\Users\Peter\Documents\GitHub\kalshi-trading-bot\BacklashInterfaces\BacklashInterfaces.csproj]
c:\Users\Peter\Documents\GitHub\kalshi-trading-bot\BacklashInterfaces\SmokehouseBot\State\IMarketData.cs(87,13): warning CS1591: Missing XML comment for publicly visible type or member 'IMarketData.BidRange_No' [c:\Users\Peter\Documents\GitHub\kalshi-trading-bot\BacklashInterfaces\BacklashInterfaces.csproj]
c:\Users\Peter\Documents\GitHub\kalshi-trading-bot\BacklashInterfaces\SmokehouseBot\State\IMarketData.cs(88,13): warning CS1591: Missing XML comment for publicly visible type or member 'IMarketData.TotalBidContracts_Yes' [c:\Users\Peter\Documents\GitHub\kalshi-trading-bot\BacklashInterfaces\BacklashInterfaces.csproj]
c:\Users\Peter\Documents\GitHub\kalshi-trading-bot\BacklashInterfaces\SmokehouseBot\State\IMarketData.cs(89,13): warning CS1591: Missing XML comment for publicly visible type or member 'IMarketData.TotalBidContracts_No' [c:\Users\Peter\Documents\GitHub\kalshi-trading-bot\BacklashInterfaces\BacklashInterfaces.csproj]
c:\Users\Peter\Documents\GitHub\kalshi-trading-bot\BacklashInterfaces\SmokehouseBot\State\IMarketData.cs(90,13): warning CS1591: Missing XML comment for publicly visible type or member 'IMarketData.BidCountImbalance' [c:\Users\Peter\Documents\GitHub\kalshi-trading-bot\BacklashInterfaces\BacklashInterfaces.csproj]
c:\Users\Peter\Documents\GitHub\kalshi-trading-bot\BacklashInterfaces\SmokehouseBot\State\IMarketData.cs(91,16): warning CS1591: Missing XML comment for publicly visible type or member 'IMarketData.TotalBidVolume_Yes' [c:\Users\Peter\Documents\GitHub\kalshi-trading-bot\BacklashInterfaces\BacklashInterfaces.csproj]
c:\Users\Peter\Documents\GitHub\kalshi-trading-bot\BacklashInterfaces\SmokehouseBot\State\IMarketData.cs(92,16): warning CS1591: Missing XML comment for publicly visible type or member 'IMarketData.TotalBidVolume_No' [c:\Users\Peter\Documents\GitHub\kalshi-trading-bot\BacklashInterfaces\BacklashInterfaces.csproj]
c:\Users\Peter\Documents\GitHub\kalshi-trading-bot\BacklashInterfaces\SmokehouseBot\State\IMarketData.cs(93,16): warning CS1591: Missing XML comment for publicly visible type or member 'IMarketData.BidVolumeImbalance' [c:\Users\Peter\Documents\GitHub\kalshi-trading-bot\BacklashInterfaces\BacklashInterfaces.csproj]
c:\Users\Peter\Documents\GitHub\kalshi-trading-bot\BacklashInterfaces\SmokehouseBot\State\IMarketData.cs(94,16): warning CS1591: Missing XML comment for publicly visible type or member 'IMarketData.HighestVolume_Day' [c:\Users\Peter\Documents\GitHub\kalshi-trading-bot\BacklashInterfaces\BacklashInterfaces.csproj]
c:\Users\Peter\Documents\GitHub\kalshi-trading-bot\BacklashInterfaces\SmokehouseBot\State\IMarketData.cs(95,16): warning CS1591: Missing XML comment for publicly visible type or member 'IMarketData.HighestVolume_Hour' [c:\Users\Peter\Documents\GitHub\kalshi-trading-bot\BacklashInterfaces\BacklashInterfaces.csproj]
c:\Users\Peter\Documents\GitHub\kalshi-trading-bot\BacklashInterfaces\SmokehouseBot\State\IMarketData.cs(96,16): warning CS1591: Missing XML comment for publicly visible type or member 'IMarketData.HighestVolume_Minute' [c:\Users\Peter\Documents\GitHub\kalshi-trading-bot\BacklashInterfaces\BacklashInterfaces.csproj]
c:\Users\Peter\Documents\GitHub\kalshi-trading-bot\BacklashInterfaces\SmokehouseBot\State\IMarketData.cs(97,16): warning CS1591: Missing XML comment for publicly visible type or member 'IMarketData.RecentVolume_LastHour' [c:\Users\Peter\Documents\GitHub\kalshi-trading-bot\BacklashInterfaces\BacklashInterfaces.csproj]
c:\Users\Peter\Documents\GitHub\kalshi-trading-bot\BacklashInterfaces\SmokehouseBot\State\IMarketData.cs(98,16): warning CS1591: Missing XML comment for publicly visible type or member 'IMarketData.RecentVolume_LastThreeHours' [c:\Users\Peter\Documents\GitHub\kalshi-trading-bot\BacklashInterfaces\BacklashInterfaces.csproj]
c:\Users\Peter\Documents\GitHub\kalshi-trading-bot\BacklashInterfaces\SmokehouseBot\State\IMarketData.cs(99,16): warning CS1591: Missing XML comment for publicly visible type or member 'IMarketData.RecentVolume_LastMonth' [c:\Users\Peter\Documents\GitHub\kalshi-trading-bot\BacklashInterfaces\BacklashInterfaces.csproj]
c:\Users\Peter\Documents\GitHub\kalshi-trading-bot\BacklashInterfaces\SmokehouseBot\State\IMarketData.cs(100,13): warning CS1591: Missing XML comment for publicly visible type or member 'IMarketData.DepthAtTop4YesBids' [c:\Users\Peter\Documents\GitHub\kalshi-trading-bot\BacklashInterfaces\BacklashInterfaces.csproj]
c:\Users\Peter\Documents\GitHub\kalshi-trading-bot\BacklashInterfaces\SmokehouseBot\State\IMarketData.cs(101,13): warning CS1591: Missing XML comment for publicly visible type or member 'IMarketData.DepthAtTop4NoBids' [c:\Users\Peter\Documents\GitHub\kalshi-trading-bot\BacklashInterfaces\BacklashInterfaces.csproj]
c:\Users\Peter\Documents\GitHub\kalshi-trading-bot\BacklashInterfaces\SmokehouseBot\State\IMarketData.cs(102,16): warning CS1591: Missing XML comment for publicly visible type or member 'IMarketData.YesBidCenterOfMass' [c:\Users\Peter\Documents\GitHub\kalshi-trading-bot\BacklashInterfaces\BacklashInterfaces.csproj]
c:\Users\Peter\Documents\GitHub\kalshi-trading-bot\BacklashInterfaces\SmokehouseBot\State\IMarketData.cs(103,16): warning CS1591: Missing XML comment for publicly visible type or member 'IMarketData.NoBidCenterOfMass' [c:\Users\Peter\Documents\GitHub\kalshi-trading-bot\BacklashInterfaces\BacklashInterfaces.csproj]
c:\Users\Peter\Documents\GitHub\kalshi-trading-bot\BacklashInterfaces\SmokehouseBot\State\IMarketData.cs(104,17): warning CS1591: Missing XML comment for publicly visible type or member 'IMarketData.RSI_Short' [c:\Users\Peter\Documents\GitHub\kalshi-trading-bot\BacklashInterfaces\BacklashInterfaces.csproj]
c:\Users\Peter\Documents\GitHub\kalshi-trading-bot\BacklashInterfaces\SmokehouseBot\State\IMarketData.cs(105,17): warning CS1591: Missing XML comment for publicly visible type or member 'IMarketData.RSI_Medium' [c:\Users\Peter\Documents\GitHub\kalshi-trading-bot\BacklashInterfaces\BacklashInterfaces.csproj]
c:\Users\Peter\Documents\GitHub\kalshi-trading-bot\BacklashInterfaces\SmokehouseBot\State\IMarketData.cs(106,17): warning CS1591: Missing XML comment for publicly visible type or member 'IMarketData.RSI_Long' [c:\Users\Peter\Documents\GitHub\kalshi-trading-bot\BacklashInterfaces\BacklashInterfaces.csproj]
c:\Users\Peter\Documents\GitHub\kalshi-trading-bot\BacklashInterfaces\SmokehouseBot\State\IMarketData.cs(107,59): warning CS1591: Missing XML comment for publicly visible type or member 'IMarketData.MACD_Medium' [c:\Users\Peter\Documents\GitHub\kalshi-trading-bot\BacklashInterfaces\BacklashInterfaces.csproj]
c:\Users\Peter\Documents\GitHub\kalshi-trading-bot\BacklashInterfaces\SmokehouseBot\State\IMarketData.cs(108,59): warning CS1591: Missing XML comment for publicly visible type or member 'IMarketData.MACD_Long' [c:\Users\Peter\Documents\GitHub\kalshi-trading-bot\BacklashInterfaces\BacklashInterfaces.csproj]
c:\Users\Peter\Documents\GitHub\kalshi-trading-bot\BacklashInterfaces\SmokehouseBot\State\IMarketData.cs(109,17): warning CS1591: Missing XML comment for publicly visible type or member 'IMarketData.EMA_Medium' [c:\Users\Peter\Documents\GitHub\kalshi-trading-bot\BacklashInterfaces\BacklashInterfaces.csproj]
c:\Users\Peter\Documents\GitHub\kalshi-trading-bot\BacklashInterfaces\SmokehouseBot\State\IMarketData.cs(110,17): warning CS1591: Missing XML comment for publicly visible type or member 'IMarketData.EMA_Long' [c:\Users\Peter\Documents\GitHub\kalshi-trading-bot\BacklashInterfaces\BacklashInterfaces.csproj]
c:\Users\Peter\Documents\GitHub\kalshi-trading-bot\BacklashInterfaces\SmokehouseBot\State\IMarketData.cs(111,56): warning CS1591: Missing XML comment for publicly visible type or member 'IMarketData.BollingerBands_Medium' [c:\Users\Peter\Documents\GitHub\kalshi-trading-bot\BacklashInterfaces\BacklashInterfaces.csproj]
c:\Users\Peter\Documents\GitHub\kalshi-trading-bot\BacklashInterfaces\SmokehouseBot\State\IMarketData.cs(112,56): warning CS1591: Missing XML comment for publicly visible type or member 'IMarketData.BollingerBands_Long' [c:\Users\Peter\Documents\GitHub\kalshi-trading-bot\BacklashInterfaces\BacklashInterfaces.csproj]
c:\Users\Peter\Documents\GitHub\kalshi-trading-bot\BacklashInterfaces\SmokehouseBot\State\IMarketData.cs(113,17): warning CS1591: Missing XML comment for publicly visible type or member 'IMarketData.ATR_Medium' [c:\Users\Peter\Documents\GitHub\kalshi-trading-bot\BacklashInterfaces\BacklashInterfaces.csproj]
c:\Users\Peter\Documents\GitHub\kalshi-trading-bot\BacklashInterfaces\SmokehouseBot\State\IMarketData.cs(114,17): warning CS1591: Missing XML comment for publicly visible type or member 'IMarketData.ATR_Long' [c:\Users\Peter\Documents\GitHub\kalshi-trading-bot\BacklashInterfaces\BacklashInterfaces.csproj]
c:\Users\Peter\Documents\GitHub\kalshi-trading-bot\BacklashInterfaces\SmokehouseBot\State\IMarketData.cs(115,17): warning CS1591: Missing XML comment for publicly visible type or member 'IMarketData.VWAP_Short' [c:\Users\Peter\Documents\GitHub\kalshi-trading-bot\BacklashInterfaces\BacklashInterfaces.csproj]
c:\Users\Peter\Documents\GitHub\kalshi-trading-bot\BacklashInterfaces\SmokehouseBot\State\IMarketData.cs(116,17): warning CS1591: Missing XML comment for publicly visible type or member 'IMarketData.VWAP_Medium' [c:\Users\Peter\Documents\GitHub\kalshi-trading-bot\BacklashInterfaces\BacklashInterfaces.csproj]
c:\Users\Peter\Documents\GitHub\kalshi-trading-bot\BacklashInterfaces\SmokehouseBot\State\IMarketData.cs(117,32): warning CS1591: Missing XML comment for publicly visible type or member 'IMarketData.StochasticOscillator_Short' [c:\Users\Peter\Documents\GitHub\kalshi-trading-bot\BacklashInterfaces\BacklashInterfaces.csproj]
c:\Users\Peter\Documents\GitHub\kalshi-trading-bot\BacklashInterfaces\SmokehouseBot\State\IMarketData.cs(118,32): warning CS1591: Missing XML comment for publicly visible type or member 'IMarketData.StochasticOscillator_Medium' [c:\Users\Peter\Documents\GitHub\kalshi-trading-bot\BacklashInterfaces\BacklashInterfaces.csproj]
c:\Users\Peter\Documents\GitHub\kalshi-trading-bot\BacklashInterfaces\SmokehouseBot\State\IMarketData.cs(119,32): warning CS1591: Missing XML comment for publicly visible type or member 'IMarketData.StochasticOscillator_Long' [c:\Users\Peter\Documents\GitHub\kalshi-trading-bot\BacklashInterfaces\BacklashInterfaces.csproj]
c:\Users\Peter\Documents\GitHub\kalshi-trading-bot\BacklashInterfaces\SmokehouseBot\State\IMarketData.cs(120,14): warning CS1591: Missing XML comment for publicly visible type or member 'IMarketData.OBV_Medium' [c:\Users\Peter\Documents\GitHub\kalshi-trading-bot\BacklashInterfaces\BacklashInterfaces.csproj]
c:\Users\Peter\Documents\GitHub\kalshi-trading-bot\BacklashInterfaces\SmokehouseBot\State\IMarketData.cs(121,14): warning CS1591: Missing XML comment for publicly visible type or member 'IMarketData.OBV_Long' [c:\Users\Peter\Documents\GitHub\kalshi-trading-bot\BacklashInterfaces\BacklashInterfaces.csproj]
c:\Users\Peter\Documents\GitHub\kalshi-trading-bot\BacklashInterfaces\SmokehouseBot\State\IMarketData.cs(122,14): warning CS1591: Missing XML comment for publicly visible type or member 'IMarketData.ReceivedFirstSnapshot' [c:\Users\Peter\Documents\GitHub\kalshi-trading-bot\BacklashInterfaces\BacklashInterfaces.csproj]
c:\Users\Peter\Documents\GitHub\kalshi-trading-bot\BacklashInterfaces\SmokehouseBot\State\IMarketData.cs(123,19): warning CS1591: Missing XML comment for publicly visible type or member 'IMarketData.HoldTime' [c:\Users\Peter\Documents\GitHub\kalshi-trading-bot\BacklashInterfaces\BacklashInterfaces.csproj]
c:\Users\Peter\Documents\GitHub\kalshi-trading-bot\BacklashInterfaces\SmokehouseBot\State\IMarketData.cs(124,19): warning CS1591: Missing XML comment for publicly visible type or member 'IMarketData.MarketAge' [c:\Users\Peter\Documents\GitHub\kalshi-trading-bot\BacklashInterfaces\BacklashInterfaces.csproj]
c:\Users\Peter\Documents\GitHub\kalshi-trading-bot\BacklashInterfaces\SmokehouseBot\State\IMarketData.cs(125,19): warning CS1591: Missing XML comment for publicly visible type or member 'IMarketData.TimeLeft' [c:\Users\Peter\Documents\GitHub\kalshi-trading-bot\BacklashInterfaces\BacklashInterfaces.csproj]
c:\Users\Peter\Documents\GitHub\kalshi-trading-bot\BacklashInterfaces\SmokehouseBot\State\IMarketData.cs(126,14): warning CS1591: Missing XML comment for publicly visible type or member 'IMarketData.CanCloseEarly' [c:\Users\Peter\Documents\GitHub\kalshi-trading-bot\BacklashInterfaces\BacklashInterfaces.csproj]
c:\Users\Peter\Documents\GitHub\kalshi-trading-bot\BacklashInterfaces\SmokehouseBot\State\IMarketData.cs(127,38): warning CS1591: Missing XML comment for publicly visible type or member 'IMarketData.AllSupportResistanceLevels' [c:\Users\Peter\Documents\GitHub\kalshi-trading-bot\BacklashInterfaces\BacklashInterfaces.csproj]
c:\Users\Peter\Documents\GitHub\kalshi-trading-bot\BacklashInterfaces\SmokehouseBot\State\IMarketData.cs(128,29): warning CS1591: Missing XML comment for publicly visible type or member 'IMarketData.GetBids(string)' [c:\Users\Peter\Documents\GitHub\kalshi-trading-bot\BacklashInterfaces\BacklashInterfaces.csproj]
c:\Users\Peter\Documents\GitHub\kalshi-trading-bot\BacklashInterfaces\SmokehouseBot\State\IMarketData.cs(129,14): warning CS1591: Missing XML comment for publicly visible type or member 'IMarketData.UpdateCurrentPrice(int, int, DateTime, string)' [c:\Users\Peter\Documents\GitHub\kalshi-trading-bot\BacklashInterfaces\BacklashInterfaces.csproj]
c:\Users\Peter\Documents\GitHub\kalshi-trading-bot\BacklashInterfaces\SmokehouseBot\State\IMarketData.cs(130,14): warning CS1591: Missing XML comment for publicly visible type or member 'IMarketData.RefreshAllMetadata()' [c:\Users\Peter\Documents\GitHub\kalshi-trading-bot\BacklashInterfaces\BacklashInterfaces.csproj]
c:\Users\Peter\Documents\GitHub\kalshi-trading-bot\BacklashInterfaces\SmokehouseBot\State\IMarketData.cs(131,14): warning CS1591: Missing XML comment for publicly visible type or member 'IMarketData.RefreshCandlestickMetadata()' [c:\Users\Peter\Documents\GitHub\kalshi-trading-bot\BacklashInterfaces\BacklashInterfaces.csproj]
c:\Users\Peter\Documents\GitHub\kalshi-trading-bot\BacklashInterfaces\SmokehouseBot\State\IMarketData.cs(132,14): warning CS1591: Missing XML comment for publicly visible type or member 'IMarketData.RefreshTickerMetadata()' [c:\Users\Peter\Documents\GitHub\kalshi-trading-bot\BacklashInterfaces\BacklashInterfaces.csproj]
c:\Users\Peter\Documents\GitHub\kalshi-trading-bot\BacklashInterfaces\SmokehouseBot\State\IMarketData.cs(133,14): warning CS1591: Missing XML comment for publicly visible type or member 'IMarketData.RefreshPositionMetadata()' [c:\Users\Peter\Documents\GitHub\kalshi-trading-bot\BacklashInterfaces\BacklashInterfaces.csproj]
c:\Users\Peter\Documents\GitHub\kalshi-trading-bot\BacklashInterfaces\SmokehouseBot\State\IMarketData.cs(134,14): warning CS1591: Missing XML comment for publicly visible type or member 'IMarketData.RecalculateOrderbookChangeMetrics()' [c:\Users\Peter\Documents\GitHub\kalshi-trading-bot\BacklashInterfaces\BacklashInterfaces.csproj]
c:\Users\Peter\Documents\GitHub\kalshi-trading-bot\BacklashInterfaces\SmokehouseBot\State\IMarketData.cs(135,39): warning CS1591: Missing XML comment for publicly visible type or member 'IMarketData.BuildPseudoCandlesticks(string, int)' [c:\Users\Peter\Documents\GitHub\kalshi-trading-bot\BacklashInterfaces\BacklashInterfaces.csproj]
c:\Users\Peter\Documents\GitHub\kalshi-trading-bot\BacklashInterfaces\SmokehouseBot\State\IMarketData.cs(136,38): warning CS1591: Missing XML comment for publicly visible type or member 'IMarketData.GetFilteredSupportResistanceLevels()' [c:\Users\Peter\Documents\GitHub\kalshi-trading-bot\BacklashInterfaces\BacklashInterfaces.csproj]
c:\Users\Peter\Documents\GitHub\kalshi-trading-bot\BacklashInterfaces\SmokehouseBot\State\IMarketData.cs(137,14): warning CS1591: Missing XML comment for publicly visible type or member 'IMarketData.UpdateTradingMetrics()' [c:\Users\Peter\Documents\GitHub\kalshi-trading-bot\BacklashInterfaces\BacklashInterfaces.csproj]
c:\Users\Peter\Documents\GitHub\kalshi-trading-bot\BacklashInterfaces\SmokehouseBot\State\IMarketData.cs(139,16): warning CS1591: Missing XML comment for publicly visible type or member 'IMarketData.YesBidSlopePerMinute_Short' [c:\Users\Peter\Documents\GitHub\kalshi-trading-bot\BacklashInterfaces\BacklashInterfaces.csproj]
c:\Users\Peter\Documents\GitHub\kalshi-trading-bot\BacklashInterfaces\SmokehouseBot\State\IMarketData.cs(140,16): warning CS1591: Missing XML comment for publicly visible type or member 'IMarketData.NoBidSlopePerMinute_Short' [c:\Users\Peter\Documents\GitHub\kalshi-trading-bot\BacklashInterfaces\BacklashInterfaces.csproj]
c:\Users\Peter\Documents\GitHub\kalshi-trading-bot\BacklashInterfaces\SmokehouseBot\State\IMarketData.cs(141,16): warning CS1591: Missing XML comment for publicly visible type or member 'IMarketData.YesBidSlopePerMinute_Medium' [c:\Users\Peter\Documents\GitHub\kalshi-trading-bot\BacklashInterfaces\BacklashInterfaces.csproj]
c:\Users\Peter\Documents\GitHub\kalshi-trading-bot\BacklashInterfaces\SmokehouseBot\State\IMarketData.cs(142,16): warning CS1591: Missing XML comment for publicly visible type or member 'IMarketData.NoBidSlopePerMinute_Medium' [c:\Users\Peter\Documents\GitHub\kalshi-trading-bot\BacklashInterfaces\BacklashInterfaces.csproj]
c:\Users\Peter\Documents\GitHub\kalshi-trading-bot\BacklashInterfaces\SmokehouseBot\State\IMarketData.cs(144,24): warning CS1591: Missing XML comment for publicly visible type or member 'IMarketData.PSAR' [c:\Users\Peter\Documents\GitHub\kalshi-trading-bot\BacklashInterfaces\BacklashInterfaces.csproj]
c:\Users\Peter\Documents\GitHub\kalshi-trading-bot\BacklashInterfaces\SmokehouseBot\State\IMarketData.cs(145,24): warning CS1591: Missing XML comment for publicly visible type or member 'IMarketData.ADX' [c:\Users\Peter\Documents\GitHub\kalshi-trading-bot\BacklashInterfaces\BacklashInterfaces.csproj]
c:\Users\Peter\Documents\GitHub\kalshi-trading-bot\BacklashInterfaces\SmokehouseBot\State\IMarketData.cs(146,24): warning CS1591: Missing XML comment for publicly visible type or member 'IMarketData.PlusDI' [c:\Users\Peter\Documents\GitHub\kalshi-trading-bot\BacklashInterfaces\BacklashInterfaces.csproj]
c:\Users\Peter\Documents\GitHub\kalshi-trading-bot\BacklashInterfaces\SmokehouseBot\State\IMarketData.cs(147,24): warning CS1591: Missing XML comment for publicly visible type or member 'IMarketData.MinusDI' [c:\Users\Peter\Documents\GitHub\kalshi-trading-bot\BacklashInterfaces\BacklashInterfaces.csproj]
c:\Users\Peter\Documents\GitHub\kalshi-trading-bot\BacklashInterfaces\SmokehouseBot\State\IMarketData.cs(148,16): warning CS1591: Missing XML comment for publicly visible type or member 'IMarketData.CurrentTradeRatePerMinute_Yes' [c:\Users\Peter\Documents\GitHub\kalshi-trading-bot\BacklashInterfaces\BacklashInterfaces.csproj]
c:\Users\Peter\Documents\GitHub\kalshi-trading-bot\BacklashInterfaces\SmokehouseBot\State\IMarketData.cs(149,16): warning CS1591: Missing XML comment for publicly visible type or member 'IMarketData.CurrentTradeRatePerMinute_No' [c:\Users\Peter\Documents\GitHub\kalshi-trading-bot\BacklashInterfaces\BacklashInterfaces.csproj]
c:\Users\Peter\Documents\GitHub\kalshi-trading-bot\BacklashInterfaces\SmokehouseBot\State\IMarketData.cs(150,16): warning CS1591: Missing XML comment for publicly visible type or member 'IMarketData.CurrentTradeVolumePerMinute_No' [c:\Users\Peter\Documents\GitHub\kalshi-trading-bot\BacklashInterfaces\BacklashInterfaces.csproj]
c:\Users\Peter\Documents\GitHub\kalshi-trading-bot\BacklashInterfaces\SmokehouseBot\State\IMarketData.cs(151,16): warning CS1591: Missing XML comment for publicly visible type or member 'IMarketData.CurrentTradeVolumePerMinute_Yes' [c:\Users\Peter\Documents\GitHub\kalshi-trading-bot\BacklashInterfaces\BacklashInterfaces.csproj]
c:\Users\Peter\Documents\GitHub\kalshi-trading-bot\BacklashInterfaces\SmokehouseBot\State\IMarketData.cs(152,16): warning CS1591: Missing XML comment for publicly visible type or member 'IMarketData.CurrentTradeCount_Yes' [c:\Users\Peter\Documents\GitHub\kalshi-trading-bot\BacklashInterfaces\BacklashInterfaces.csproj]
c:\Users\Peter\Documents\GitHub\kalshi-trading-bot\BacklashInterfaces\SmokehouseBot\State\IMarketData.cs(153,16): warning CS1591: Missing XML comment for publicly visible type or member 'IMarketData.CurrentTradeCount_No' [c:\Users\Peter\Documents\GitHub\kalshi-trading-bot\BacklashInterfaces\BacklashInterfaces.csproj]
c:\Users\Peter\Documents\GitHub\kalshi-trading-bot\BacklashInterfaces\SmokehouseBot\State\IMarketData.cs(154,16): warning CS1591: Missing XML comment for publicly visible type or member 'IMarketData.CurrentOrderVolumePerMinute_YesBid' [c:\Users\Peter\Documents\GitHub\kalshi-trading-bot\BacklashInterfaces\BacklashInterfaces.csproj]
c:\Users\Peter\Documents\GitHub\kalshi-trading-bot\BacklashInterfaces\SmokehouseBot\State\IMarketData.cs(155,16): warning CS1591: Missing XML comment for publicly visible type or member 'IMarketData.CurrentOrderVolumePerMinute_NoBid' [c:\Users\Peter\Documents\GitHub\kalshi-trading-bot\BacklashInterfaces\BacklashInterfaces.csproj]
c:\Users\Peter\Documents\GitHub\kalshi-trading-bot\BacklashInterfaces\SmokehouseBot\State\IMarketData.cs(156,16): warning CS1591: Missing XML comment for publicly visible type or member 'IMarketData.CurrentNonTradeRelatedOrderCount_Yes' [c:\Users\Peter\Documents\GitHub\kalshi-trading-bot\BacklashInterfaces\BacklashInterfaces.csproj]
c:\Users\Peter\Documents\GitHub\kalshi-trading-bot\BacklashInterfaces\SmokehouseBot\State\IMarketData.cs(157,16): warning CS1591: Missing XML comment for publicly visible type or member 'IMarketData.CurrentNonTradeRelatedOrderCount_No' [c:\Users\Peter\Documents\GitHub\kalshi-trading-bot\BacklashInterfaces\BacklashInterfaces.csproj]
c:\Users\Peter\Documents\GitHub\kalshi-trading-bot\BacklashInterfaces\SmokehouseBot\State\IMarketData.cs(158,16): warning CS1591: Missing XML comment for publicly visible type or member 'IMarketData.CurrentAverageTradeSize_Yes' [c:\Users\Peter\Documents\GitHub\kalshi-trading-bot\BacklashInterfaces\BacklashInterfaces.csproj]
c:\Users\Peter\Documents\GitHub\kalshi-trading-bot\BacklashInterfaces\SmokehouseBot\State\IMarketData.cs(159,16): warning CS1591: Missing XML comment for publicly visible type or member 'IMarketData.CurrentAverageTradeSize_No' [c:\Users\Peter\Documents\GitHub\kalshi-trading-bot\BacklashInterfaces\BacklashInterfaces.csproj]
c:\Users\Peter\Documents\GitHub\kalshi-trading-bot\BacklashInterfaces\SmokehouseBot\State\IMarketData.cs(160,33): warning CS1591: Missing XML comment for publicly visible type or member 'IMarketData.RecentCandlesticks' [c:\Users\Peter\Documents\GitHub\kalshi-trading-bot\BacklashInterfaces\BacklashInterfaces.csproj]
c:\Users\Peter\Documents\GitHub\kalshi-trading-bot\BacklashInterfaces\SmokehouseBot\State\IStatusTrackerService.cs(3,22): warning CS1591: Missing XML comment for publicly visible type or member 'IStatusTrackerService' [c:\Users\Peter\Documents\GitHub\kalshi-trading-bot\BacklashInterfaces\BacklashInterfaces.csproj]
c:\Users\Peter\Documents\GitHub\kalshi-trading-bot\BacklashInterfaces\SmokehouseBot\State\IStatusTrackerService.cs(5,27): warning CS1591: Missing XML comment for publicly visible type or member 'IStatusTrackerService.GetCancellationToken()' [c:\Users\Peter\Documents\GitHub\kalshi-trading-bot\BacklashInterfaces\BacklashInterfaces.csproj]
c:\Users\Peter\Documents\GitHub\kalshi-trading-bot\BacklashInterfaces\SmokehouseBot\State\IStatusTrackerService.cs(6,14): warning CS1591: Missing XML comment for publicly visible type or member 'IStatusTrackerService.CancelAll()' [c:\Users\Peter\Documents\GitHub\kalshi-trading-bot\BacklashInterfaces\BacklashInterfaces.csproj]
c:\Users\Peter\Documents\GitHub\kalshi-trading-bot\BacklashInterfaces\SmokehouseBot\State\IStatusTrackerService.cs(7,14): warning CS1591: Missing XML comment for publicly visible type or member 'IStatusTrackerService.ResetAll()' [c:\Users\Peter\Documents\GitHub\kalshi-trading-bot\BacklashInterfaces\BacklashInterfaces.csproj]
c:\Users\Peter\Documents\GitHub\kalshi-trading-bot\BacklashInterfaces\SmokehouseBot\KalshiAPI\IKalshiWebSocketClient.cs(7,22): warning CS1591: Missing XML comment for publicly visible type or member 'IKalshiWebSocketClient' [c:\Users\Peter\Documents\GitHub\kalshi-trading-bot\BacklashInterfaces\BacklashInterfaces.csproj]
c:\Users\Peter\Documents\GitHub\kalshi-trading-bot\BacklashInterfaces\SmokehouseBot\KalshiAPI\IKalshiWebSocketClient.cs(9,48): warning CS1591: Missing XML comment for publicly visible type or member 'IKalshiWebSocketClient.OrderBookReceived' [c:\Users\Peter\Documents\GitHub\kalshi-trading-bot\BacklashInterfaces\BacklashInterfaces.csproj]
c:\Users\Peter\Documents\GitHub\kalshi-trading-bot\BacklashInterfaces\SmokehouseBot\KalshiAPI\IKalshiWebSocketClient.cs(10,45): warning CS1591: Missing XML comment for publicly visible type or member 'IKalshiWebSocketClient.TickerReceived' [c:\Users\Peter\Documents\GitHub\kalshi-trading-bot\BacklashInterfaces\BacklashInterfaces.csproj]
c:\Users\Peter\Documents\GitHub\kalshi-trading-bot\BacklashInterfaces\SmokehouseBot\KalshiAPI\IKalshiWebSocketClient.cs(11,44): warning CS1591: Missing XML comment for publicly visible type or member 'IKalshiWebSocketClient.TradeReceived' [c:\Users\Peter\Documents\GitHub\kalshi-trading-bot\BacklashInterfaces\BacklashInterfaces.csproj]
c:\Users\Peter\Documents\GitHub\kalshi-trading-bot\BacklashInterfaces\SmokehouseBot\KalshiAPI\IKalshiWebSocketClient.cs(12,43): warning CS1591: Missing XML comment for publicly visible type or member 'IKalshiWebSocketClient.FillReceived' [c:\Users\Peter\Documents\GitHub\kalshi-trading-bot\BacklashInterfaces\BacklashInterfaces.csproj]
c:\Users\Peter\Documents\GitHub\kalshi-trading-bot\BacklashInterfaces\SmokehouseBot\KalshiAPI\IKalshiWebSocketClient.cs(13,54): warning CS1591: Missing XML comment for publicly visible type or member 'IKalshiWebSocketClient.MarketLifecycleReceived' [c:\Users\Peter\Documents\GitHub\kalshi-trading-bot\BacklashInterfaces\BacklashInterfaces.csproj]
c:\Users\Peter\Documents\GitHub\kalshi-trading-bot\BacklashInterfaces\SmokehouseBot\KalshiAPI\IKalshiWebSocketClient.cs(14,53): warning CS1591: Missing XML comment for publicly visible type or member 'IKalshiWebSocketClient.EventLifecycleReceived' [c:\Users\Peter\Documents\GitHub\kalshi-trading-bot\BacklashInterfaces\BacklashInterfaces.csproj]
c:\Users\Peter\Documents\GitHub\kalshi-trading-bot\BacklashInterfaces\SmokehouseBot\KalshiAPI\IKalshiWebSocketClient.cs(15,38): warning CS1591: Missing XML comment for publicly visible type or member 'IKalshiWebSocketClient.MessageReceived' [c:\Users\Peter\Documents\GitHub\kalshi-trading-bot\BacklashInterfaces\BacklashInterfaces.csproj]
c:\Users\Peter\Documents\GitHub\kalshi-trading-bot\BacklashInterfaces\SmokehouseBot\KalshiAPI\IKalshiWebSocketClient.cs(17,14): warning CS1591: Missing XML comment for publicly visible type or member 'IKalshiWebSocketClient.IsTradingActive' [c:\Users\Peter\Documents\GitHub\kalshi-trading-bot\BacklashInterfaces\BacklashInterfaces.csproj]
c:\Users\Peter\Documents\GitHub\kalshi-trading-bot\BacklashInterfaces\SmokehouseBot\KalshiAPI\IKalshiWebSocketClient.cs(18,44): warning CS1591: Missing XML comment for publicly visible type or member 'IKalshiWebSocketClient.EventCounts' [c:\Users\Peter\Documents\GitHub\kalshi-trading-bot\BacklashInterfaces\BacklashInterfaces.csproj]
c:\Users\Peter\Documents\GitHub\kalshi-trading-bot\BacklashInterfaces\SmokehouseBot\KalshiAPI\IKalshiWebSocketClient.cs(19,13): warning CS1591: Missing XML comment for publicly visible type or member 'IKalshiWebSocketClient.ConnectSemaphoreCount' [c:\Users\Peter\Documents\GitHub\kalshi-trading-bot\BacklashInterfaces\BacklashInterfaces.csproj]
c:\Users\Peter\Documents\GitHub\kalshi-trading-bot\BacklashInterfaces\SmokehouseBot\KalshiAPI\IKalshiWebSocketClient.cs(20,13): warning CS1591: Missing XML comment for publicly visible type or member 'IKalshiWebSocketClient.SubscriptionUpdateSemaphoreCount' [c:\Users\Peter\Documents\GitHub\kalshi-trading-bot\BacklashInterfaces\BacklashInterfaces.csproj]
c:\Users\Peter\Documents\GitHub\kalshi-trading-bot\BacklashInterfaces\SmokehouseBot\KalshiAPI\IKalshiWebSocketClient.cs(21,13): warning CS1591: Missing XML comment for publicly visible type or member 'IKalshiWebSocketClient.ChannelSubscriptionSemaphoreCount' [c:\Users\Peter\Documents\GitHub\kalshi-trading-bot\BacklashInterfaces\BacklashInterfaces.csproj]
c:\Users\Peter\Documents\GitHub\kalshi-trading-bot\BacklashInterfaces\SmokehouseBot\KalshiAPI\IKalshiWebSocketClient.cs(22,13): warning CS1591: Missing XML comment for publicly visible type or member 'IKalshiWebSocketClient.QueuedSubscriptionUpdatesCount' [c:\Users\Peter\Documents\GitHub\kalshi-trading-bot\BacklashInterfaces\BacklashInterfaces.csproj]
c:\Users\Peter\Documents\GitHub\kalshi-trading-bot\BacklashInterfaces\SmokehouseBot\KalshiAPI\IKalshiWebSocketClient.cs(23,13): warning CS1591: Missing XML comment for publicly visible type or member 'IKalshiWebSocketClient.OrderBookMessageQueueCount' [c:\Users\Peter\Documents\GitHub\kalshi-trading-bot\BacklashInterfaces\BacklashInterfaces.csproj]
c:\Users\Peter\Documents\GitHub\kalshi-trading-bot\BacklashInterfaces\SmokehouseBot\KalshiAPI\IKalshiWebSocketClient.cs(24,13): warning CS1591: Missing XML comment for publicly visible type or member 'IKalshiWebSocketClient.PendingConfirmsCount' [c:\Users\Peter\Documents\GitHub\kalshi-trading-bot\BacklashInterfaces\BacklashInterfaces.csproj]
c:\Users\Peter\Documents\GitHub\kalshi-trading-bot\BacklashInterfaces\SmokehouseBot\KalshiAPI\IKalshiWebSocketClient.cs(25,25): warning CS1591: Missing XML comment for publicly visible type or member 'IKalshiWebSocketClient.WatchedMarkets' [c:\Users\Peter\Documents\GitHub\kalshi-trading-bot\BacklashInterfaces\BacklashInterfaces.csproj]
c:\Users\Peter\Documents\GitHub\kalshi-trading-bot\BacklashInterfaces\SmokehouseBot\KalshiAPI\IKalshiWebSocketClient.cs(27,14): warning CS1591: Missing XML comment for publicly visible type or member 'IKalshiWebSocketClient.ConnectAsync(int)' [c:\Users\Peter\Documents\GitHub\kalshi-trading-bot\BacklashInterfaces\BacklashInterfaces.csproj]
c:\Users\Peter\Documents\GitHub\kalshi-trading-bot\BacklashInterfaces\SmokehouseBot\KalshiAPI\IKalshiWebSocketClient.cs(28,14): warning CS1591: Missing XML comment for publicly visible type or member 'IKalshiWebSocketClient.SubscribeToWatchedMarketsAsync()' [c:\Users\Peter\Documents\GitHub\kalshi-trading-bot\BacklashInterfaces\BacklashInterfaces.csproj]
c:\Users\Peter\Documents\GitHub\kalshi-trading-bot\BacklashInterfaces\SmokehouseBot\KalshiAPI\IKalshiWebSocketClient.cs(29,14): warning CS1591: Missing XML comment for publicly visible type or member 'IKalshiWebSocketClient.SubscribeToChannelAsync(string, string[])' [c:\Users\Peter\Documents\GitHub\kalshi-trading-bot\BacklashInterfaces\BacklashInterfaces.csproj]
c:\Users\Peter\Documents\GitHub\kalshi-trading-bot\BacklashInterfaces\SmokehouseBot\KalshiAPI\IKalshiWebSocketClient.cs(30,14): warning CS1591: Missing XML comment for publicly visible type or member 'IKalshiWebSocketClient.UnsubscribeFromChannelAsync(string)' [c:\Users\Peter\Documents\GitHub\kalshi-trading-bot\BacklashInterfaces\BacklashInterfaces.csproj]
c:\Users\Peter\Documents\GitHub\kalshi-trading-bot\BacklashInterfaces\SmokehouseBot\KalshiAPI\IKalshiWebSocketClient.cs(31,14): warning CS1591: Missing XML comment for publicly visible type or member 'IKalshiWebSocketClient.UnsubscribeFromAllAsync()' [c:\Users\Peter\Documents\GitHub\kalshi-trading-bot\BacklashInterfaces\BacklashInterfaces.csproj]
c:\Users\Peter\Documents\GitHub\kalshi-trading-bot\BacklashInterfaces\SmokehouseBot\KalshiAPI\IKalshiWebSocketClient.cs(32,14): warning CS1591: Missing XML comment for publicly visible type or member 'IKalshiWebSocketClient.UpdateSubscriptionAsync(string, string[], string)' [c:\Users\Peter\Documents\GitHub\kalshi-trading-bot\BacklashInterfaces\BacklashInterfaces.csproj]
c:\Users\Peter\Documents\GitHub\kalshi-trading-bot\BacklashInterfaces\SmokehouseBot\KalshiAPI\IKalshiWebSocketClient.cs(33,14): warning CS1591: Missing XML comment for publicly visible type or member 'IKalshiWebSocketClient.ResetConnectionAsync()' [c:\Users\Peter\Documents\GitHub\kalshi-trading-bot\BacklashInterfaces\BacklashInterfaces.csproj]
c:\Users\Peter\Documents\GitHub\kalshi-trading-bot\BacklashInterfaces\SmokehouseBot\KalshiAPI\IKalshiWebSocketClient.cs(34,14): warning CS1591: Missing XML comment for publicly visible type or member 'IKalshiWebSocketClient.ShutdownAsync()' [c:\Users\Peter\Documents\GitHub\kalshi-trading-bot\BacklashInterfaces\BacklashInterfaces.csproj]
c:\Users\Peter\Documents\GitHub\kalshi-trading-bot\BacklashInterfaces\SmokehouseBot\KalshiAPI\IKalshiWebSocketClient.cs(35,14): warning CS1591: Missing XML comment for publicly visible type or member 'IKalshiWebSocketClient.WaitForEmptyOrderBookQueueAsync(string, TimeSpan)' [c:\Users\Peter\Documents\GitHub\kalshi-trading-bot\BacklashInterfaces\BacklashInterfaces.csproj]
c:\Users\Peter\Documents\GitHub\kalshi-trading-bot\BacklashInterfaces\SmokehouseBot\KalshiAPI\IKalshiWebSocketClient.cs(36,14): warning CS1591: Missing XML comment for publicly visible type or member 'IKalshiWebSocketClient.IsConnected()' [c:\Users\Peter\Documents\GitHub\kalshi-trading-bot\BacklashInterfaces\BacklashInterfaces.csproj]
c:\Users\Peter\Documents\GitHub\kalshi-trading-bot\BacklashInterfaces\SmokehouseBot\KalshiAPI\IKalshiWebSocketClient.cs(37,14): warning CS1591: Missing XML comment for publicly visible type or member 'IKalshiWebSocketClient.IsSubscribed(string, string)' [c:\Users\Peter\Documents\GitHub\kalshi-trading-bot\BacklashInterfaces\BacklashInterfaces.csproj]
c:\Users\Peter\Documents\GitHub\kalshi-trading-bot\BacklashInterfaces\SmokehouseBot\KalshiAPI\IKalshiWebSocketClient.cs(38,14): warning CS1591: Missing XML comment for publicly visible type or member 'IKalshiWebSocketClient.CanSubscribeToMarket(string, string)' [c:\Users\Peter\Documents\GitHub\kalshi-trading-bot\BacklashInterfaces\BacklashInterfaces.csproj]
c:\Users\Peter\Documents\GitHub\kalshi-trading-bot\BacklashInterfaces\SmokehouseBot\KalshiAPI\IKalshiWebSocketClient.cs(39,14): warning CS1591: Missing XML comment for publicly visible type or member 'IKalshiWebSocketClient.SetSubscriptionState(string, string, SubscriptionState)' [c:\Users\Peter\Documents\GitHub\kalshi-trading-bot\BacklashInterfaces\BacklashInterfaces.csproj]
c:\Users\Peter\Documents\GitHub\kalshi-trading-bot\BacklashInterfaces\SmokehouseBot\KalshiAPI\IKalshiWebSocketClient.cs(40,14): warning CS1591: Missing XML comment for publicly visible type or member 'IKalshiWebSocketClient.ClearOrderBookQueue(string)' [c:\Users\Peter\Documents\GitHub\kalshi-trading-bot\BacklashInterfaces\BacklashInterfaces.csproj]
c:\Users\Peter\Documents\GitHub\kalshi-trading-bot\BacklashInterfaces\SmokehouseBot\KalshiAPI\IKalshiWebSocketClient.cs(41,14): warning CS1591: Missing XML comment for publicly visible type or member 'IKalshiWebSocketClient.DisableReconnect()' [c:\Users\Peter\Documents\GitHub\kalshi-trading-bot\BacklashInterfaces\BacklashInterfaces.csproj]
c:\Users\Peter\Documents\GitHub\kalshi-trading-bot\BacklashInterfaces\SmokehouseBot\KalshiAPI\IKalshiWebSocketClient.cs(42,14): warning CS1591: Missing XML comment for publicly visible type or member 'IKalshiWebSocketClient.EnableReconnect()' [c:\Users\Peter\Documents\GitHub\kalshi-trading-bot\BacklashInterfaces\BacklashInterfaces.csproj]
c:\Users\Peter\Documents\GitHub\kalshi-trading-bot\BacklashInterfaces\SmokehouseBot\KalshiAPI\IKalshiWebSocketClient.cs(43,13): warning CS1591: Missing XML comment for publicly visible type or member 'IKalshiWebSocketClient.GenerateNextMessageId()' [c:\Users\Peter\Documents\GitHub\kalshi-trading-bot\BacklashInterfaces\BacklashInterfaces.csproj]
c:\Users\Peter\Documents\GitHub\kalshi-trading-bot\BacklashInterfaces\SmokehouseBot\KalshiAPI\IKalshiWebSocketClient.cs(44,14): warning CS1591: Missing XML comment for publicly visible type or member 'IKalshiWebSocketClient.ResetEventCounts()' [c:\Users\Peter\Documents\GitHub\kalshi-trading-bot\BacklashInterfaces\BacklashInterfaces.csproj]
c:\Users\Peter\Documents\GitHub\kalshi-trading-bot\BacklashInterfaces\SmokehouseBot\KalshiAPI\IKalshiWebSocketClient.cs(45,16): warning CS1591: Missing XML comment for publicly visible type or member 'IKalshiWebSocketClient.GetChannelName(string)' [c:\Users\Peter\Documents\GitHub\kalshi-trading-bot\BacklashInterfaces\BacklashInterfaces.csproj]
c:\Users\Peter\Documents\GitHub\kalshi-trading-bot\BacklashInterfaces\SmokehouseBot\KalshiAPI\IKalshiWebSocketClient.cs(46,14): warning CS1591: Missing XML comment for publicly visible type or member 'IKalshiWebSocketClient.SendMessageAsync(string)' [c:\Users\Peter\Documents\GitHub\kalshi-trading-bot\BacklashInterfaces\BacklashInterfaces.csproj]
c:\Users\Peter\Documents\GitHub\kalshi-trading-bot\BacklashInterfaces\SmokehouseBot\KalshiAPI\IKalshiWebSocketClient.cs(47,14): warning CS1591: Missing XML comment for publicly visible type or member 'IKalshiWebSocketClient.ResubscribeAsync(bool)' [c:\Users\Peter\Documents\GitHub\kalshi-trading-bot\BacklashInterfaces\BacklashInterfaces.csproj]
c:\Users\Peter\Documents\GitHub\kalshi-trading-bot\BacklashInterfaces\SmokehouseBot\KalshiAPI\IKalshiWebSocketClient.cs(49,66): warning CS1591: Missing XML comment for publicly visible type or member 'IKalshiWebSocketClient.GetEventCountsByMarket(string)' [c:\Users\Peter\Documents\GitHub\kalshi-trading-bot\BacklashInterfaces\BacklashInterfaces.csproj]
c:\Users\Peter\Documents\GitHub\kalshi-trading-bot\BacklashInterfaces\TradingStrategies\Classification\ISnapshotPeriodHelper.cs(5,22): warning CS1591: Missing XML comment for publicly visible type or member 'ISnapshotPeriodHelper' [c:\Users\Peter\Documents\GitHub\kalshi-trading-bot\BacklashInterfaces\BacklashInterfaces.csproj]
c:\Users\Peter\Documents\GitHub\kalshi-trading-bot\BacklashInterfaces\TradingStrategies\Classification\ISnapshotPeriodHelper.cs(7,38): warning CS1591: Missing XML comment for publicly visible type or member 'ISnapshotPeriodHelper.SplitIntoValidGroups(List<SnapshotDTO>, string, IProgress<double>?)' [c:\Users\Peter\Documents\GitHub\kalshi-trading-bot\BacklashInterfaces\BacklashInterfaces.csproj]
c:\Users\Peter\Documents\GitHub\kalshi-trading-bot\BacklashInterfaces\TradingStrategies\Classification\ISnapshotPeriodHelper.cs(8,33): warning CS1591: Missing XML comment for publicly visible type or member 'ISnapshotPeriodHelper.LoadSnapshotGroup(string)' [c:\Users\Peter\Documents\GitHub\kalshi-trading-bot\BacklashInterfaces\BacklashInterfaces.csproj]
c:\Users\Peter\Documents\GitHub\kalshi-trading-bot\BacklashInterfaces\TradingStrategies\Helpers\ITradingCalculator.cs(5,22): warning CS1591: Missing XML comment for publicly visible type or member 'ITradingCalculator' [c:\Users\Peter\Documents\GitHub\kalshi-trading-bot\BacklashInterfaces\BacklashInterfaces.csproj]
c:\Users\Peter\Documents\GitHub\kalshi-trading-bot\BacklashInterfaces\TradingStrategies\Helpers\ITradingCalculator.cs(7,17): warning CS1591: Missing XML comment for publicly visible type or member 'ITradingCalculator.CalculateRSI(List<PseudoCandlestick>, int)' [c:\Users\Peter\Documents\GitHub\kalshi-trading-bot\BacklashInterfaces\BacklashInterfaces.csproj]
c:\Users\Peter\Documents\GitHub\kalshi-trading-bot\BacklashInterfaces\TradingStrategies\Helpers\ITradingCalculator.cs(8,59): warning CS1591: Missing XML comment for publicly visible type or member 'ITradingCalculator.CalculateMACD(List<PseudoCandlestick>, int, int, int)' [c:\Users\Peter\Documents\GitHub\kalshi-trading-bot\BacklashInterfaces\BacklashInterfaces.csproj]
c:\Users\Peter\Documents\GitHub\kalshi-trading-bot\BacklashInterfaces\TradingStrategies\Helpers\ITradingCalculator.cs(9,56): warning CS1591: Missing XML comment for publicly visible type or member 'ITradingCalculator.CalculateBollingerBands(List<PseudoCandlestick>, int, double)' [c:\Users\Peter\Documents\GitHub\kalshi-trading-bot\BacklashInterfaces\BacklashInterfaces.csproj]
c:\Users\Peter\Documents\GitHub\kalshi-trading-bot\BacklashInterfaces\TradingStrategies\Helpers\ITradingCalculator.cs(10,32): warning CS1591: Missing XML comment for publicly visible type or member 'ITradingCalculator.CalculateStochastic(List<PseudoCandlestick>, int, int)' [c:\Users\Peter\Documents\GitHub\kalshi-trading-bot\BacklashInterfaces\BacklashInterfaces.csproj]
c:\Users\Peter\Documents\GitHub\kalshi-trading-bot\BacklashInterfaces\TradingStrategies\Helpers\ITradingCalculator.cs(11,17): warning CS1591: Missing XML comment for publicly visible type or member 'ITradingCalculator.CalculateATR(List<PseudoCandlestick>, int)' [c:\Users\Peter\Documents\GitHub\kalshi-trading-bot\BacklashInterfaces\BacklashInterfaces.csproj]
c:\Users\Peter\Documents\GitHub\kalshi-trading-bot\BacklashInterfaces\TradingStrategies\Helpers\ITradingCalculator.cs(12,18): warning CS1591: Missing XML comment for publicly visible type or member 'ITradingCalculator.CalculateVWAP(List<PseudoCandlestick>, int)' [c:\Users\Peter\Documents\GitHub\kalshi-trading-bot\BacklashInterfaces\BacklashInterfaces.csproj]
c:\Users\Peter\Documents\GitHub\kalshi-trading-bot\BacklashInterfaces\TradingStrategies\Helpers\ITradingCalculator.cs(13,17): warning CS1591: Missing XML comment for publicly visible type or member 'ITradingCalculator.CalculateOBV(List<PseudoCandlestick>)' [c:\Users\Peter\Documents\GitHub\kalshi-trading-bot\BacklashInterfaces\BacklashInterfaces.csproj]
c:\Users\Peter\Documents\GitHub\kalshi-trading-bot\BacklashInterfaces\TradingStrategies\Helpers\ITradingCalculator.cs(14,38): warning CS1591: Missing XML comment for publicly visible type or member 'ITradingCalculator.CalculateHistoricalSupportResistance(string, List<CandlestickData>, double, int, double, int)' [c:\Users\Peter\Documents\GitHub\kalshi-trading-bot\BacklashInterfaces\BacklashInterfaces.csproj]
c:\Users\Peter\Documents\GitHub\kalshi-trading-bot\BacklashInterfaces\TradingStrategies\Helpers\ITradingCalculator.cs(22,56): warning CS1591: Missing XML comment for publicly visible type or member 'ITradingCalculator.CalculateADX(List<PseudoCandlestick>)' [c:\Users\Peter\Documents\GitHub\kalshi-trading-bot\BacklashInterfaces\BacklashInterfaces.csproj]
c:\Users\Peter\Documents\GitHub\kalshi-trading-bot\BacklashInterfaces\TradingStrategies\Helpers\ITradingCalculator.cs(23,17): warning CS1591: Missing XML comment for publicly visible type or member 'ITradingCalculator.CalculatePSAR(List<PseudoCandlestick>)' [c:\Users\Peter\Documents\GitHub\kalshi-trading-bot\BacklashInterfaces\BacklashInterfaces.csproj]
c:\Users\Peter\Documents\GitHub\kalshi-trading-bot\BacklashPatterns\PatternDefinitions\BeltHoldPattern_old.cs(17,1): warning CS1570: XML comment has badly formed XML -- 'Expected an end tag for element 'summary'.' [c:\Users\Peter\Documents\GitHub\kalshi-trading-bot\BacklashPatterns\BacklashPatterns.csproj]
c:\Users\Peter\Documents\GitHub\kalshi-trading-bot\BacklashPatterns\PatternDefinitions\BeltHoldPattern_old.cs(20,9): warning CS1570: XML comment has badly formed XML -- 'End tag was not expected at this location.' [c:\Users\Peter\Documents\GitHub\kalshi-trading-bot\BacklashPatterns\BacklashPatterns.csproj]
c:\Users\Peter\Documents\GitHub\kalshi-trading-bot\BacklashPatterns\PatternDefinitions\SpinningTopPattern.cs(14,1): warning CS1570: XML comment has badly formed XML -- 'Expected an end tag for element 'summary'.' [c:\Users\Peter\Documents\GitHub\kalshi-trading-bot\BacklashPatterns\BacklashPatterns.csproj]
c:\Users\Peter\Documents\GitHub\kalshi-trading-bot\BacklashBotData\Models\BrainInstance.cs(15,23): warning CS8618: Non-nullable property 'BrainInstanceName' must contain a non-null value when exiting constructor. Consider adding the 'required' modifier or declaring the property as nullable. [c:\Users\Peter\Documents\GitHub\kalshi-trading-bot\BacklashBotData\BacklashBotData.csproj]
c:\Users\Peter\Documents\GitHub\kalshi-trading-bot\BacklashBotData\Models\MaintenanceWindow.cs(54,33): warning CS8618: Non-nullable property 'ExchangeSchedule' must contain a non-null value when exiting constructor. Consider adding the 'required' modifier or declaring the property as nullable. [c:\Users\Peter\Documents\GitHub\kalshi-trading-bot\BacklashBotData\BacklashBotData.csproj]
c:\Users\Peter\Documents\GitHub\kalshi-trading-bot\BacklashBotData\Models\WeightSet.cs(22,23): warning CS8618: Non-nullable property 'StrategyName' must contain a non-null value when exiting constructor. Consider adding the 'required' modifier or declaring the property as nullable. [c:\Users\Peter\Documents\GitHub\kalshi-trading-bot\BacklashBotData\BacklashBotData.csproj]
c:\Users\Peter\Documents\GitHub\kalshi-trading-bot\BacklashBotData\Models\WeightSet.cs(28,23): warning CS8618: Non-nullable property 'Weights' must contain a non-null value when exiting constructor. Consider adding the 'required' modifier or declaring the property as nullable. [c:\Users\Peter\Documents\GitHub\kalshi-trading-bot\BacklashBotData\BacklashBotData.csproj]
c:\Users\Peter\Documents\GitHub\kalshi-trading-bot\BacklashBotData\Models\Fill.cs(27,23): warning CS8618: Non-nullable property 'market_ticker' must contain a non-null value when exiting constructor. Consider adding the 'required' modifier or declaring the property as nullable. [c:\Users\Peter\Documents\GitHub\kalshi-trading-bot\BacklashBotData\BacklashBotData.csproj]
c:\Users\Peter\Documents\GitHub\kalshi-trading-bot\BacklashBotData\Models\Fill.cs(39,23): warning CS8618: Non-nullable property 'side' must contain a non-null value when exiting constructor. Consider adding the 'required' modifier or declaring the property as nullable. [c:\Users\Peter\Documents\GitHub\kalshi-trading-bot\BacklashBotData\BacklashBotData.csproj]
c:\Users\Peter\Documents\GitHub\kalshi-trading-bot\BacklashBotData\Models\Fill.cs(63,23): warning CS8618: Non-nullable property 'action' must contain a non-null value when exiting constructor. Consider adding the 'required' modifier or declaring the property as nullable. [c:\Users\Peter\Documents\GitHub\kalshi-trading-bot\BacklashBotData\BacklashBotData.csproj]
c:\Users\Peter\Documents\GitHub\kalshi-trading-bot\BacklashBotData\Models\Fill.cs(87,23): warning CS8618: Non-nullable property 'Market' must contain a non-null value when exiting constructor. Consider adding the 'required' modifier or declaring the property as nullable. [c:\Users\Peter\Documents\GitHub\kalshi-trading-bot\BacklashBotData\BacklashBotData.csproj]
c:\Users\Peter\Documents\GitHub\kalshi-trading-bot\BacklashBotData\Models\Trade.cs(22,23): warning CS8618: Non-nullable property 'market_ticker' must contain a non-null value when exiting constructor. Consider adding the 'required' modifier or declaring the property as nullable. [c:\Users\Peter\Documents\GitHub\kalshi-trading-bot\BacklashBotData\BacklashBotData.csproj]
c:\Users\Peter\Documents\GitHub\kalshi-trading-bot\BacklashBotData\Models\Trade.cs(46,23): warning CS8618: Non-nullable property 'taker_side' must contain a non-null value when exiting constructor. Consider adding the 'required' modifier or declaring the property as nullable. [c:\Users\Peter\Documents\GitHub\kalshi-trading-bot\BacklashBotData\BacklashBotData.csproj]
c:\Users\Peter\Documents\GitHub\kalshi-trading-bot\BacklashBotData\Models\Trade.cs(70,23): warning CS8618: Non-nullable property 'Market' must contain a non-null value when exiting constructor. Consider adding the 'required' modifier or declaring the property as nullable. [c:\Users\Peter\Documents\GitHub\kalshi-trading-bot\BacklashBotData\BacklashBotData.csproj]
c:\Users\Peter\Documents\GitHub\kalshi-trading-bot\BacklashBotData\Models\Candlestick.cs(129,16): warning CS8618: Non-nullable property 'market_ticker' must contain a non-null value when exiting constructor. Consider adding the 'required' modifier or declaring the property as nullable. [c:\Users\Peter\Documents\GitHub\kalshi-trading-bot\BacklashBotData\BacklashBotData.csproj]
c:\Users\Peter\Documents\GitHub\kalshi-trading-bot\BacklashBotData\Models\Candlestick.cs(129,16): warning CS8618: Non-nullable property 'Market' must contain a non-null value when exiting constructor. Consider adding the 'required' modifier or declaring the property as nullable. [c:\Users\Peter\Documents\GitHub\kalshi-trading-bot\BacklashBotData\BacklashBotData.csproj]
c:\Users\Peter\Documents\GitHub\kalshi-trading-bot\BacklashBotData\Models\SeriesSettlementSource.cs(16,23): warning CS8618: Non-nullable property 'series_ticker' must contain a non-null value when exiting constructor. Consider adding the 'required' modifier or declaring the property as nullable. [c:\Users\Peter\Documents\GitHub\kalshi-trading-bot\BacklashBotData\BacklashBotData.csproj]
c:\Users\Peter\Documents\GitHub\kalshi-trading-bot\BacklashBotData\Models\SeriesSettlementSource.cs(22,23): warning CS8618: Non-nullable property 'name' must contain a non-null value when exiting constructor. Consider adding the 'required' modifier or declaring the property as nullable. [c:\Users\Peter\Documents\GitHub\kalshi-trading-bot\BacklashBotData\BacklashBotData.csproj]
c:\Users\Peter\Documents\GitHub\kalshi-trading-bot\BacklashBotData\Models\SeriesSettlementSource.cs(28,23): warning CS8618: Non-nullable property 'url' must contain a non-null value when exiting constructor. Consider adding the 'required' modifier or declaring the property as nullable. [c:\Users\Peter\Documents\GitHub\kalshi-trading-bot\BacklashBotData\BacklashBotData.csproj]
c:\Users\Peter\Documents\GitHub\kalshi-trading-bot\BacklashBotData\Models\SeriesSettlementSource.cs(34,23): warning CS8618: Non-nullable property 'Series' must contain a non-null value when exiting constructor. Consider adding the 'required' modifier or declaring the property as nullable. [c:\Users\Peter\Documents\GitHub\kalshi-trading-bot\BacklashBotData\BacklashBotData.csproj]
c:\Users\Peter\Documents\GitHub\kalshi-trading-bot\BacklashBotData\Models\Ticker.cs(21,23): warning CS8618: Non-nullable property 'market_ticker' must contain a non-null value when exiting constructor. Consider adding the 'required' modifier or declaring the property as nullable. [c:\Users\Peter\Documents\GitHub\kalshi-trading-bot\BacklashBotData\BacklashBotData.csproj]
c:\Users\Peter\Documents\GitHub\kalshi-trading-bot\BacklashBotData\Models\Ticker.cs(87,23): warning CS8618: Non-nullable property 'Market' must contain a non-null value when exiting constructor. Consider adding the 'required' modifier or declaring the property as nullable. [c:\Users\Peter\Documents\GitHub\kalshi-trading-bot\BacklashBotData\BacklashBotData.csproj]
c:\Users\Peter\Documents\GitHub\kalshi-trading-bot\BacklashBotData\Models\SeriesTag.cs(16,23): warning CS8618: Non-nullable property 'series_ticker' must contain a non-null value when exiting constructor. Consider adding the 'required' modifier or declaring the property as nullable. [c:\Users\Peter\Documents\GitHub\kalshi-trading-bot\BacklashBotData\BacklashBotData.csproj]
c:\Users\Peter\Documents\GitHub\kalshi-trading-bot\BacklashBotData\Models\SeriesTag.cs(22,23): warning CS8618: Non-nullable property 'tag' must contain a non-null value when exiting constructor. Consider adding the 'required' modifier or declaring the property as nullable. [c:\Users\Peter\Documents\GitHub\kalshi-trading-bot\BacklashBotData\BacklashBotData.csproj]
c:\Users\Peter\Documents\GitHub\kalshi-trading-bot\BacklashBotData\Models\SeriesTag.cs(28,23): warning CS8618: Non-nullable property 'Series' must contain a non-null value when exiting constructor. Consider adding the 'required' modifier or declaring the property as nullable. [c:\Users\Peter\Documents\GitHub\kalshi-trading-bot\BacklashBotData\BacklashBotData.csproj]
c:\Users\Peter\Documents\GitHub\kalshi-trading-bot\BacklashBotData\Models\Candlestick.cs(131,16): warning CS8618: Non-nullable property 'Market' must contain a non-null value when exiting constructor. Consider adding the 'required' modifier or declaring the property as nullable. [c:\Users\Peter\Documents\GitHub\kalshi-trading-bot\BacklashBotData\BacklashBotData.csproj]
c:\Users\Peter\Documents\GitHub\kalshi-trading-bot\BacklashBotData\Models\StratData.cs(21,23): warning CS8618: Non-nullable property 'StratName' must contain a non-null value when exiting constructor. Consider adding the 'required' modifier or declaring the property as nullable. [c:\Users\Peter\Documents\GitHub\kalshi-trading-bot\BacklashBotData\BacklashBotData.csproj]
c:\Users\Peter\Documents\GitHub\kalshi-trading-bot\BacklashBotData\Models\StratData.cs(33,23): warning CS8618: Non-nullable property 'RawJSON' must contain a non-null value when exiting constructor. Consider adding the 'required' modifier or declaring the property as nullable. [c:\Users\Peter\Documents\GitHub\kalshi-trading-bot\BacklashBotData\BacklashBotData.csproj]
c:\Users\Peter\Documents\GitHub\kalshi-trading-bot\BacklashBotData\Models\Order.cs(15,23): warning CS8618: Non-nullable property 'OrderId' must contain a non-null value when exiting constructor. Consider adding the 'required' modifier or declaring the property as nullable. [c:\Users\Peter\Documents\GitHub\kalshi-trading-bot\BacklashBotData\BacklashBotData.csproj]
c:\Users\Peter\Documents\GitHub\kalshi-trading-bot\BacklashBotData\Models\Order.cs(21,23): warning CS8618: Non-nullable property 'Ticker' must contain a non-null value when exiting constructor. Consider adding the 'required' modifier or declaring the property as nullable. [c:\Users\Peter\Documents\GitHub\kalshi-trading-bot\BacklashBotData\BacklashBotData.csproj]
c:\Users\Peter\Documents\GitHub\kalshi-trading-bot\BacklashBotData\Models\Order.cs(33,23): warning CS8618: Non-nullable property 'Action' must contain a non-null value when exiting constructor. Consider adding the 'required' modifier or declaring the property as nullable. [c:\Users\Peter\Documents\GitHub\kalshi-trading-bot\BacklashBotData\BacklashBotData.csproj]
c:\Users\Peter\Documents\GitHub\kalshi-trading-bot\BacklashBotData\Models\Order.cs(39,23): warning CS8618: Non-nullable property 'Side' must contain a non-null value when exiting constructor. Consider adding the 'required' modifier or declaring the property as nullable. [c:\Users\Peter\Documents\GitHub\kalshi-trading-bot\BacklashBotData\BacklashBotData.csproj]
c:\Users\Peter\Documents\GitHub\kalshi-trading-bot\BacklashBotData\Models\Order.cs(45,23): warning CS8618: Non-nullable property 'Type' must contain a non-null value when exiting constructor. Consider adding the 'required' modifier or declaring the property as nullable. [c:\Users\Peter\Documents\GitHub\kalshi-trading-bot\BacklashBotData\BacklashBotData.csproj]
c:\Users\Peter\Documents\GitHub\kalshi-trading-bot\BacklashBotData\Models\Order.cs(51,23): warning CS8618: Non-nullable property 'Status' must contain a non-null value when exiting constructor. Consider adding the 'required' modifier or declaring the property as nullable. [c:\Users\Peter\Documents\GitHub\kalshi-trading-bot\BacklashBotData\BacklashBotData.csproj]
c:\Users\Peter\Documents\GitHub\kalshi-trading-bot\BacklashBotData\Models\Order.cs(87,23): warning CS8618: Non-nullable property 'ClientOrderId' must contain a non-null value when exiting constructor. Consider adding the 'required' modifier or declaring the property as nullable. [c:\Users\Peter\Documents\GitHub\kalshi-trading-bot\BacklashBotData\BacklashBotData.csproj]
c:\Users\Peter\Documents\GitHub\kalshi-trading-bot\BacklashBotData\Models\SignalRClient.cs(18,23): warning CS8618: Non-nullable property 'ClientId' must contain a non-null value when exiting constructor. Consider adding the 'required' modifier or declaring the property as nullable. [c:\Users\Peter\Documents\GitHub\kalshi-trading-bot\BacklashBotData\BacklashBotData.csproj]
c:\Users\Peter\Documents\GitHub\kalshi-trading-bot\BacklashBotData\Models\SignalRClient.cs(24,23): warning CS8618: Non-nullable property 'ClientName' must contain a non-null value when exiting constructor. Consider adding the 'required' modifier or declaring the property as nullable. [c:\Users\Peter\Documents\GitHub\kalshi-trading-bot\BacklashBotData\BacklashBotData.csproj]
c:\Users\Peter\Documents\GitHub\kalshi-trading-bot\BacklashBotData\Models\SignalRClient.cs(30,23): warning CS8618: Non-nullable property 'IPAddress' must contain a non-null value when exiting constructor. Consider adding the 'required' modifier or declaring the property as nullable. [c:\Users\Peter\Documents\GitHub\kalshi-trading-bot\BacklashBotData\BacklashBotData.csproj]
c:\Users\Peter\Documents\GitHub\kalshi-trading-bot\BacklashBotData\Models\SignalRClient.cs(36,23): warning CS8618: Non-nullable property 'AuthToken' must contain a non-null value when exiting constructor. Consider adding the 'required' modifier or declaring the property as nullable. [c:\Users\Peter\Documents\GitHub\kalshi-trading-bot\BacklashBotData\BacklashBotData.csproj]
c:\Users\Peter\Documents\GitHub\kalshi-trading-bot\BacklashBotData\Models\SignalRClient.cs(42,23): warning CS8618: Non-nullable property 'ClientType' must contain a non-null value when exiting constructor. Consider adding the 'required' modifier or declaring the property as nullable. [c:\Users\Peter\Documents\GitHub\kalshi-trading-bot\BacklashBotData\BacklashBotData.csproj]
c:\Users\Peter\Documents\GitHub\kalshi-trading-bot\BacklashBotData\Models\SnapshotSchema.cs(23,23): warning CS8618: Non-nullable property 'SchemaDefinition' must contain a non-null value when exiting constructor. Consider adding the 'required' modifier or declaring the property as nullable. [c:\Users\Peter\Documents\GitHub\kalshi-trading-bot\BacklashBotData\BacklashBotData.csproj]
c:\Users\Peter\Documents\GitHub\kalshi-trading-bot\BacklashBotData\Models\StandardHoursSession.cs(29,23): warning CS8618: Non-nullable property 'DayOfWeek' must contain a non-null value when exiting constructor. Consider adding the 'required' modifier or declaring the property as nullable. [c:\Users\Peter\Documents\GitHub\kalshi-trading-bot\BacklashBotData\BacklashBotData.csproj]
c:\Users\Peter\Documents\GitHub\kalshi-trading-bot\BacklashBotData\Models\StandardHoursSession.cs(59,30): warning CS8618: Non-nullable property 'StandardHours' must contain a non-null value when exiting constructor. Consider adding the 'required' modifier or declaring the property as nullable. [c:\Users\Peter\Documents\GitHub\kalshi-trading-bot\BacklashBotData\BacklashBotData.csproj]
c:\Users\Peter\Documents\GitHub\kalshi-trading-bot\BacklashBotData\Models\SnapshotGroup.cs(54,23): warning CS8618: Non-nullable property 'MarketTicker' must contain a non-null value when exiting constructor. Consider adding the 'required' modifier or declaring the property as nullable. [c:\Users\Peter\Documents\GitHub\kalshi-trading-bot\BacklashBotData\BacklashBotData.csproj]
c:\Users\Peter\Documents\GitHub\kalshi-trading-bot\BacklashBotData\Models\SnapshotGroup.cs(67,23): warning CS8618: Non-nullable property 'JsonPath' must contain a non-null value when exiting constructor. Consider adding the 'required' modifier or declaring the property as nullable. [c:\Users\Peter\Documents\GitHub\kalshi-trading-bot\BacklashBotData\BacklashBotData.csproj]
c:\Users\Peter\Documents\GitHub\kalshi-trading-bot\BacklashBotData\Models\SnapshotGroup.cs(71,23): warning CS8618: Non-nullable property 'Market' must contain a non-null value when exiting constructor. Consider adding the 'required' modifier or declaring the property as nullable. [c:\Users\Peter\Documents\GitHub\kalshi-trading-bot\BacklashBotData\BacklashBotData.csproj]
c:\Users\Peter\Documents\GitHub\kalshi-trading-bot\BacklashBotData\Models\Snapshot.cs(19,23): warning CS8618: Non-nullable property 'MarketTicker' must contain a non-null value when exiting constructor. Consider adding the 'required' modifier or declaring the property as nullable. [c:\Users\Peter\Documents\GitHub\kalshi-trading-bot\BacklashBotData\BacklashBotData.csproj]
c:\Users\Peter\Documents\GitHub\kalshi-trading-bot\BacklashBotData\Models\Snapshot.cs(123,23): warning CS8618: Non-nullable property 'RawJSON' must contain a non-null value when exiting constructor. Consider adding the 'required' modifier or declaring the property as nullable. [c:\Users\Peter\Documents\GitHub\kalshi-trading-bot\BacklashBotData\BacklashBotData.csproj]
c:\Users\Peter\Documents\GitHub\kalshi-trading-bot\BacklashBotData\Models\Snapshot.cs(135,23): warning CS8618: Non-nullable property 'Market' must contain a non-null value when exiting constructor. Consider adding the 'required' modifier or declaring the property as nullable. [c:\Users\Peter\Documents\GitHub\kalshi-trading-bot\BacklashBotData\BacklashBotData.csproj]
c:\Users\Peter\Documents\GitHub\kalshi-trading-bot\BacklashBotData\Models\Snapshot.cs(141,27): warning CS8618: Non-nullable property 'MarketType' must contain a non-null value when exiting constructor. Consider adding the 'required' modifier or declaring the property as nullable. [c:\Users\Peter\Documents\GitHub\kalshi-trading-bot\BacklashBotData\BacklashBotData.csproj]
c:\Users\Peter\Documents\GitHub\kalshi-trading-bot\BacklashBotData\Models\StandardHours.cs(53,33): warning CS8618: Non-nullable property 'ExchangeSchedule' must contain a non-null value when exiting constructor. Consider adding the 'required' modifier or declaring the property as nullable. [c:\Users\Peter\Documents\GitHub\kalshi-trading-bot\BacklashBotData\BacklashBotData.csproj]
c:\Users\Peter\Documents\GitHub\kalshi-trading-bot\BacklashBotData\Extensions\AnnouncementExtensions.cs(76,27): warning CS8601: Possible null reference assignment. [c:\Users\Peter\Documents\GitHub\kalshi-trading-bot\BacklashBotData\BacklashBotData.csproj]
c:\Users\Peter\Documents\GitHub\kalshi-trading-bot\BacklashBotData\Extensions\AnnouncementExtensions.cs(77,26): warning CS8601: Possible null reference assignment. [c:\Users\Peter\Documents\GitHub\kalshi-trading-bot\BacklashBotData\BacklashBotData.csproj]
c:\Users\Peter\Documents\GitHub\kalshi-trading-bot\BacklashBotData\Extensions\AnnouncementExtensions.cs(78,24): warning CS8601: Possible null reference assignment. [c:\Users\Peter\Documents\GitHub\kalshi-trading-bot\BacklashBotData\BacklashBotData.csproj]
c:\Users\Peter\Documents\GitHub\kalshi-trading-bot\BacklashBotData\Extensions\BrainInstanceExtensions.cs(78,37): warning CS8601: Possible null reference assignment. [c:\Users\Peter\Documents\GitHub\kalshi-trading-bot\BacklashBotData\BacklashBotData.csproj]
c:\Users\Peter\Documents\GitHub\kalshi-trading-bot\BacklashBotData\Extensions\EventExtensions.cs(81,32): warning CS8601: Possible null reference assignment. [c:\Users\Peter\Documents\GitHub\kalshi-trading-bot\BacklashBotData\BacklashBotData.csproj]
c:\Users\Peter\Documents\GitHub\kalshi-trading-bot\BacklashBotData\Extensions\EventExtensions.cs(82,33): warning CS8601: Possible null reference assignment. [c:\Users\Peter\Documents\GitHub\kalshi-trading-bot\BacklashBotData\BacklashBotData.csproj]
c:\Users\Peter\Documents\GitHub\kalshi-trading-bot\BacklashBotData\Extensions\EventExtensions.cs(83,25): warning CS8601: Possible null reference assignment. [c:\Users\Peter\Documents\GitHub\kalshi-trading-bot\BacklashBotData\BacklashBotData.csproj]
c:\Users\Peter\Documents\GitHub\kalshi-trading-bot\BacklashBotData\Extensions\EventExtensions.cs(85,42): warning CS8601: Possible null reference assignment. [c:\Users\Peter\Documents\GitHub\kalshi-trading-bot\BacklashBotData\BacklashBotData.csproj]
c:\Users\Peter\Documents\GitHub\kalshi-trading-bot\BacklashBotData\Extensions\EventExtensions.cs(87,28): warning CS8601: Possible null reference assignment. [c:\Users\Peter\Documents\GitHub\kalshi-trading-bot\BacklashBotData\BacklashBotData.csproj]
c:\Users\Peter\Documents\GitHub\kalshi-trading-bot\BacklashBotData\Extensions\CandlestickExtensions.cs(92,33): warning CS8601: Possible null reference assignment. [c:\Users\Peter\Documents\GitHub\kalshi-trading-bot\BacklashBotData\BacklashBotData.csproj]
c:\Users\Peter\Documents\GitHub\kalshi-trading-bot\BacklashBotData\Extensions\LogEntryExtensions.cs(78,25): warning CS8601: Possible null reference assignment. [c:\Users\Peter\Documents\GitHub\kalshi-trading-bot\BacklashBotData\BacklashBotData.csproj]
c:\Users\Peter\Documents\GitHub\kalshi-trading-bot\BacklashBotData\Extensions\LogEntryExtensions.cs(79,27): warning CS8601: Possible null reference assignment. [c:\Users\Peter\Documents\GitHub\kalshi-trading-bot\BacklashBotData\BacklashBotData.csproj]
c:\Users\Peter\Documents\GitHub\kalshi-trading-bot\BacklashBotData\Extensions\LogEntryExtensions.cs(80,29): warning CS8601: Possible null reference assignment. [c:\Users\Peter\Documents\GitHub\kalshi-trading-bot\BacklashBotData\BacklashBotData.csproj]
c:\Users\Peter\Documents\GitHub\kalshi-trading-bot\BacklashBotData\Extensions\LogEntryExtensions.cs(81,31): warning CS8601: Possible null reference assignment. [c:\Users\Peter\Documents\GitHub\kalshi-trading-bot\BacklashBotData\BacklashBotData.csproj]
c:\Users\Peter\Documents\GitHub\kalshi-trading-bot\BacklashBotData\Extensions\LogEntryExtensions.cs(82,33): warning CS8601: Possible null reference assignment. [c:\Users\Peter\Documents\GitHub\kalshi-trading-bot\BacklashBotData\BacklashBotData.csproj]
c:\Users\Peter\Documents\GitHub\kalshi-trading-bot\BacklashBotData\Extensions\LogEntryExtensions.cs(83,37): warning CS8601: Possible null reference assignment. [c:\Users\Peter\Documents\GitHub\kalshi-trading-bot\BacklashBotData\BacklashBotData.csproj]
c:\Users\Peter\Documents\GitHub\kalshi-trading-bot\BacklashBotData\Extensions\LogEntryExtensions.cs(84,26): warning CS8601: Possible null reference assignment. [c:\Users\Peter\Documents\GitHub\kalshi-trading-bot\BacklashBotData\BacklashBotData.csproj]
c:\Users\Peter\Documents\GitHub\kalshi-trading-bot\BacklashBotData\Extensions\AnnouncementExtensions.cs(114,41): warning CS8601: Possible null reference assignment. [c:\Users\Peter\Documents\GitHub\kalshi-trading-bot\BacklashBotData\BacklashBotData.csproj]
c:\Users\Peter\Documents\GitHub\kalshi-trading-bot\BacklashBotData\Extensions\AnnouncementExtensions.cs(115,40): warning CS8601: Possible null reference assignment. [c:\Users\Peter\Documents\GitHub\kalshi-trading-bot\BacklashBotData\BacklashBotData.csproj]
c:\Users\Peter\Documents\GitHub\kalshi-trading-bot\BacklashBotData\Extensions\AnnouncementExtensions.cs(116,38): warning CS8601: Possible null reference assignment. [c:\Users\Peter\Documents\GitHub\kalshi-trading-bot\BacklashBotData\BacklashBotData.csproj]
c:\Users\Peter\Documents\GitHub\kalshi-trading-bot\BacklashBotData\Extensions\EventExtensions.cs(122,40): warning CS8601: Possible null reference assignment. [c:\Users\Peter\Documents\GitHub\kalshi-trading-bot\BacklashBotData\BacklashBotData.csproj]
c:\Users\Peter\Documents\GitHub\kalshi-trading-bot\BacklashBotData\Extensions\EventExtensions.cs(123,32): warning CS8601: Possible null reference assignment. [c:\Users\Peter\Documents\GitHub\kalshi-trading-bot\BacklashBotData\BacklashBotData.csproj]
c:\Users\Peter\Documents\GitHub\kalshi-trading-bot\BacklashBotData\Extensions\EventExtensions.cs(125,49): warning CS8601: Possible null reference assignment. [c:\Users\Peter\Documents\GitHub\kalshi-trading-bot\BacklashBotData\BacklashBotData.csproj]
c:\Users\Peter\Documents\GitHub\kalshi-trading-bot\BacklashBotData\Extensions\EventExtensions.cs(127,35): warning CS8601: Possible null reference assignment. [c:\Users\Peter\Documents\GitHub\kalshi-trading-bot\BacklashBotData\BacklashBotData.csproj]
c:\Users\Peter\Documents\GitHub\kalshi-trading-bot\BacklashBotData\Extensions\MarketWatchExtensions.cs(73,33): warning CS8601: Possible null reference assignment. [c:\Users\Peter\Documents\GitHub\kalshi-trading-bot\BacklashBotData\BacklashBotData.csproj]
c:\Users\Peter\Documents\GitHub\kalshi-trading-bot\BacklashBotData\Extensions\LogEntryExtensions.cs(117,30): warning CS8601: Possible null reference assignment. [c:\Users\Peter\Documents\GitHub\kalshi-trading-bot\BacklashBotData\BacklashBotData.csproj]
c:\Users\Peter\Documents\GitHub\kalshi-trading-bot\BacklashBotData\Extensions\LogEntryExtensions.cs(118,32): warning CS8601: Possible null reference assignment. [c:\Users\Peter\Documents\GitHub\kalshi-trading-bot\BacklashBotData\BacklashBotData.csproj]
c:\Users\Peter\Documents\GitHub\kalshi-trading-bot\BacklashBotData\Extensions\LogEntryExtensions.cs(119,34): warning CS8601: Possible null reference assignment. [c:\Users\Peter\Documents\GitHub\kalshi-trading-bot\BacklashBotData\BacklashBotData.csproj]
c:\Users\Peter\Documents\GitHub\kalshi-trading-bot\BacklashBotData\Extensions\LogEntryExtensions.cs(120,36): warning CS8601: Possible null reference assignment. [c:\Users\Peter\Documents\GitHub\kalshi-trading-bot\BacklashBotData\BacklashBotData.csproj]
c:\Users\Peter\Documents\GitHub\kalshi-trading-bot\BacklashBotData\Extensions\LogEntryExtensions.cs(121,38): warning CS8601: Possible null reference assignment. [c:\Users\Peter\Documents\GitHub\kalshi-trading-bot\BacklashBotData\BacklashBotData.csproj]
c:\Users\Peter\Documents\GitHub\kalshi-trading-bot\BacklashBotData\Extensions\LogEntryExtensions.cs(122,42): warning CS8601: Possible null reference assignment. [c:\Users\Peter\Documents\GitHub\kalshi-trading-bot\BacklashBotData\BacklashBotData.csproj]
c:\Users\Peter\Documents\GitHub\kalshi-trading-bot\BacklashBotData\Extensions\LogEntryExtensions.cs(123,31): warning CS8601: Possible null reference assignment. [c:\Users\Peter\Documents\GitHub\kalshi-trading-bot\BacklashBotData\BacklashBotData.csproj]
c:\Users\Peter\Documents\GitHub\kalshi-trading-bot\BacklashBotData\Extensions\LogEntryExtensions.cs(149,25): warning CS8601: Possible null reference assignment. [c:\Users\Peter\Documents\GitHub\kalshi-trading-bot\BacklashBotData\BacklashBotData.csproj]
c:\Users\Peter\Documents\GitHub\kalshi-trading-bot\BacklashBotData\Extensions\LogEntryExtensions.cs(150,27): warning CS8601: Possible null reference assignment. [c:\Users\Peter\Documents\GitHub\kalshi-trading-bot\BacklashBotData\BacklashBotData.csproj]
c:\Users\Peter\Documents\GitHub\kalshi-trading-bot\BacklashBotData\Extensions\LogEntryExtensions.cs(151,29): warning CS8601: Possible null reference assignment. [c:\Users\Peter\Documents\GitHub\kalshi-trading-bot\BacklashBotData\BacklashBotData.csproj]
c:\Users\Peter\Documents\GitHub\kalshi-trading-bot\BacklashBotData\Extensions\LogEntryExtensions.cs(152,31): warning CS8601: Possible null reference assignment. [c:\Users\Peter\Documents\GitHub\kalshi-trading-bot\BacklashBotData\BacklashBotData.csproj]
c:\Users\Peter\Documents\GitHub\kalshi-trading-bot\BacklashBotData\Extensions\LogEntryExtensions.cs(153,33): warning CS8601: Possible null reference assignment. [c:\Users\Peter\Documents\GitHub\kalshi-trading-bot\BacklashBotData\BacklashBotData.csproj]
c:\Users\Peter\Documents\GitHub\kalshi-trading-bot\BacklashBotData\Extensions\LogEntryExtensions.cs(154,37): warning CS8601: Possible null reference assignment. [c:\Users\Peter\Documents\GitHub\kalshi-trading-bot\BacklashBotData\BacklashBotData.csproj]
c:\Users\Peter\Documents\GitHub\kalshi-trading-bot\BacklashBotData\Extensions\LogEntryExtensions.cs(155,26): warning CS8601: Possible null reference assignment. [c:\Users\Peter\Documents\GitHub\kalshi-trading-bot\BacklashBotData\BacklashBotData.csproj]
c:\Users\Peter\Documents\GitHub\kalshi-trading-bot\BacklashBotData\Extensions\MarketExtensions.cs(114,33): warning CS8601: Possible null reference assignment. [c:\Users\Peter\Documents\GitHub\kalshi-trading-bot\BacklashBotData\BacklashBotData.csproj]
c:\Users\Peter\Documents\GitHub\kalshi-trading-bot\BacklashBotData\Extensions\MarketExtensions.cs(115,32): warning CS8601: Possible null reference assignment. [c:\Users\Peter\Documents\GitHub\kalshi-trading-bot\BacklashBotData\BacklashBotData.csproj]
c:\Users\Peter\Documents\GitHub\kalshi-trading-bot\BacklashBotData\Extensions\MarketExtensions.cs(116,31): warning CS8601: Possible null reference assignment. [c:\Users\Peter\Documents\GitHub\kalshi-trading-bot\BacklashBotData\BacklashBotData.csproj]
c:\Users\Peter\Documents\GitHub\kalshi-trading-bot\BacklashBotData\Extensions\MarketExtensions.cs(117,25): warning CS8601: Possible null reference assignment. [c:\Users\Peter\Documents\GitHub\kalshi-trading-bot\BacklashBotData\BacklashBotData.csproj]
c:\Users\Peter\Documents\GitHub\kalshi-trading-bot\BacklashBotData\Extensions\MarketExtensions.cs(119,33): warning CS8601: Possible null reference assignment. [c:\Users\Peter\Documents\GitHub\kalshi-trading-bot\BacklashBotData\BacklashBotData.csproj]
c:\Users\Peter\Documents\GitHub\kalshi-trading-bot\BacklashBotData\Extensions\MarketExtensions.cs(120,32): warning CS8601: Possible null reference assignment. [c:\Users\Peter\Documents\GitHub\kalshi-trading-bot\BacklashBotData\BacklashBotData.csproj]
c:\Users\Peter\Documents\GitHub\kalshi-trading-bot\BacklashBotData\Extensions\MarketExtensions.cs(127,26): warning CS8601: Possible null reference assignment. [c:\Users\Peter\Documents\GitHub\kalshi-trading-bot\BacklashBotData\BacklashBotData.csproj]
c:\Users\Peter\Documents\GitHub\kalshi-trading-bot\BacklashBotData\Extensions\MarketExtensions.cs(128,40): warning CS8601: Possible null reference assignment. [c:\Users\Peter\Documents\GitHub\kalshi-trading-bot\BacklashBotData\BacklashBotData.csproj]
c:\Users\Peter\Documents\GitHub\kalshi-trading-bot\BacklashBotData\Extensions\MarketExtensions.cs(143,26): warning CS8601: Possible null reference assignment. [c:\Users\Peter\Documents\GitHub\kalshi-trading-bot\BacklashBotData\BacklashBotData.csproj]
c:\Users\Peter\Documents\GitHub\kalshi-trading-bot\BacklashBotData\Extensions\MarketExtensions.cs(145,36): warning CS8601: Possible null reference assignment. [c:\Users\Peter\Documents\GitHub\kalshi-trading-bot\BacklashBotData\BacklashBotData.csproj]
c:\Users\Peter\Documents\GitHub\kalshi-trading-bot\BacklashBotData\Extensions\MarketExtensions.cs(146,28): warning CS8601: Possible null reference assignment. [c:\Users\Peter\Documents\GitHub\kalshi-trading-bot\BacklashBotData\BacklashBotData.csproj]
c:\Users\Peter\Documents\GitHub\kalshi-trading-bot\BacklashBotData\Extensions\MarketExtensions.cs(148,31): warning CS8601: Possible null reference assignment. [c:\Users\Peter\Documents\GitHub\kalshi-trading-bot\BacklashBotData\BacklashBotData.csproj]
c:\Users\Peter\Documents\GitHub\kalshi-trading-bot\BacklashBotData\Extensions\MarketExtensions.cs(150,33): warning CS8601: Possible null reference assignment. [c:\Users\Peter\Documents\GitHub\kalshi-trading-bot\BacklashBotData\BacklashBotData.csproj]
c:\Users\Peter\Documents\GitHub\kalshi-trading-bot\BacklashBotData\Extensions\OrderExtensions.cs(96,27): warning CS8601: Possible null reference assignment. [c:\Users\Peter\Documents\GitHub\kalshi-trading-bot\BacklashBotData\BacklashBotData.csproj]
c:\Users\Peter\Documents\GitHub\kalshi-trading-bot\BacklashBotData\Extensions\OrderExtensions.cs(97,26): warning CS8601: Possible null reference assignment. [c:\Users\Peter\Documents\GitHub\kalshi-trading-bot\BacklashBotData\BacklashBotData.csproj]
c:\Users\Peter\Documents\GitHub\kalshi-trading-bot\BacklashBotData\Extensions\OrderExtensions.cs(99,26): warning CS8601: Possible null reference assignment. [c:\Users\Peter\Documents\GitHub\kalshi-trading-bot\BacklashBotData\BacklashBotData.csproj]
c:\Users\Peter\Documents\GitHub\kalshi-trading-bot\BacklashBotData\Extensions\OrderExtensions.cs(100,24): warning CS8601: Possible null reference assignment. [c:\Users\Peter\Documents\GitHub\kalshi-trading-bot\BacklashBotData\BacklashBotData.csproj]
c:\Users\Peter\Documents\GitHub\kalshi-trading-bot\BacklashBotData\Extensions\OrderExtensions.cs(101,24): warning CS8601: Possible null reference assignment. [c:\Users\Peter\Documents\GitHub\kalshi-trading-bot\BacklashBotData\BacklashBotData.csproj]
c:\Users\Peter\Documents\GitHub\kalshi-trading-bot\BacklashBotData\Extensions\OrderExtensions.cs(102,26): warning CS8601: Possible null reference assignment. [c:\Users\Peter\Documents\GitHub\kalshi-trading-bot\BacklashBotData\BacklashBotData.csproj]
c:\Users\Peter\Documents\GitHub\kalshi-trading-bot\BacklashBotData\Extensions\OrderExtensions.cs(108,33): warning CS8601: Possible null reference assignment. [c:\Users\Peter\Documents\GitHub\kalshi-trading-bot\BacklashBotData\BacklashBotData.csproj]
c:\Users\Peter\Documents\GitHub\kalshi-trading-bot\BacklashBotData\Extensions\OrderExtensions.cs(157,28): warning CS8601: Possible null reference assignment. [c:\Users\Peter\Documents\GitHub\kalshi-trading-bot\BacklashBotData\BacklashBotData.csproj]
c:\Users\Peter\Documents\GitHub\kalshi-trading-bot\BacklashBotData\Extensions\OrderExtensions.cs(158,26): warning CS8601: Possible null reference assignment. [c:\Users\Peter\Documents\GitHub\kalshi-trading-bot\BacklashBotData\BacklashBotData.csproj]
c:\Users\Peter\Documents\GitHub\kalshi-trading-bot\BacklashBotData\Extensions\OrderExtensions.cs(159,26): warning CS8601: Possible null reference assignment. [c:\Users\Peter\Documents\GitHub\kalshi-trading-bot\BacklashBotData\BacklashBotData.csproj]
c:\Users\Peter\Documents\GitHub\kalshi-trading-bot\BacklashBotData\Extensions\OrderExtensions.cs(160,28): warning CS8601: Possible null reference assignment. [c:\Users\Peter\Documents\GitHub\kalshi-trading-bot\BacklashBotData\BacklashBotData.csproj]
c:\Users\Peter\Documents\GitHub\kalshi-trading-bot\BacklashBotData\Extensions\OrderExtensions.cs(165,35): warning CS8601: Possible null reference assignment. [c:\Users\Peter\Documents\GitHub\kalshi-trading-bot\BacklashBotData\BacklashBotData.csproj]
c:\Users\Peter\Documents\GitHub\kalshi-trading-bot\BacklashBotData\Extensions\MarketExtensions.cs(188,35): warning CS8601: Possible null reference assignment. [c:\Users\Peter\Documents\GitHub\kalshi-trading-bot\BacklashBotData\BacklashBotData.csproj]
c:\Users\Peter\Documents\GitHub\kalshi-trading-bot\BacklashBotData\Extensions\MarketExtensions.cs(189,34): warning CS8601: Possible null reference assignment. [c:\Users\Peter\Documents\GitHub\kalshi-trading-bot\BacklashBotData\BacklashBotData.csproj]
c:\Users\Peter\Documents\GitHub\kalshi-trading-bot\BacklashBotData\Extensions\MarketExtensions.cs(190,28): warning CS8601: Possible null reference assignment. [c:\Users\Peter\Documents\GitHub\kalshi-trading-bot\BacklashBotData\BacklashBotData.csproj]
c:\Users\Peter\Documents\GitHub\kalshi-trading-bot\BacklashBotData\Extensions\MarketExtensions.cs(192,36): warning CS8601: Possible null reference assignment. [c:\Users\Peter\Documents\GitHub\kalshi-trading-bot\BacklashBotData\BacklashBotData.csproj]
c:\Users\Peter\Documents\GitHub\kalshi-trading-bot\BacklashBotData\Extensions\MarketExtensions.cs(193,35): warning CS8601: Possible null reference assignment. [c:\Users\Peter\Documents\GitHub\kalshi-trading-bot\BacklashBotData\BacklashBotData.csproj]
c:\Users\Peter\Documents\GitHub\kalshi-trading-bot\BacklashBotData\Extensions\MarketExtensions.cs(200,29): warning CS8601: Possible null reference assignment. [c:\Users\Peter\Documents\GitHub\kalshi-trading-bot\BacklashBotData\BacklashBotData.csproj]
c:\Users\Peter\Documents\GitHub\kalshi-trading-bot\BacklashBotData\Extensions\MarketExtensions.cs(201,43): warning CS8601: Possible null reference assignment. [c:\Users\Peter\Documents\GitHub\kalshi-trading-bot\BacklashBotData\BacklashBotData.csproj]
c:\Users\Peter\Documents\GitHub\kalshi-trading-bot\BacklashBotData\Extensions\MarketExtensions.cs(216,29): warning CS8601: Possible null reference assignment. [c:\Users\Peter\Documents\GitHub\kalshi-trading-bot\BacklashBotData\BacklashBotData.csproj]
c:\Users\Peter\Documents\GitHub\kalshi-trading-bot\BacklashBotData\Extensions\MarketExtensions.cs(218,39): warning CS8601: Possible null reference assignment. [c:\Users\Peter\Documents\GitHub\kalshi-trading-bot\BacklashBotData\BacklashBotData.csproj]
c:\Users\Peter\Documents\GitHub\kalshi-trading-bot\BacklashBotData\Extensions\MarketExtensions.cs(221,34): warning CS8601: Possible null reference assignment. [c:\Users\Peter\Documents\GitHub\kalshi-trading-bot\BacklashBotData\BacklashBotData.csproj]
c:\Users\Peter\Documents\GitHub\kalshi-trading-bot\BacklashBotData\Extensions\MarketExtensions.cs(223,36): warning CS8601: Possible null reference assignment. [c:\Users\Peter\Documents\GitHub\kalshi-trading-bot\BacklashBotData\BacklashBotData.csproj]
c:\Users\Peter\Documents\GitHub\kalshi-trading-bot\BacklashBotData\Extensions\SeriesExtensions.cs(86,33): warning CS8601: Possible null reference assignment. [c:\Users\Peter\Documents\GitHub\kalshi-trading-bot\BacklashBotData\BacklashBotData.csproj]
c:\Users\Peter\Documents\GitHub\kalshi-trading-bot\BacklashBotData\Extensions\SeriesExtensions.cs(87,29): warning CS8601: Possible null reference assignment. [c:\Users\Peter\Documents\GitHub\kalshi-trading-bot\BacklashBotData\BacklashBotData.csproj]
c:\Users\Peter\Documents\GitHub\kalshi-trading-bot\BacklashBotData\Extensions\SeriesExtensions.cs(88,25): warning CS8601: Possible null reference assignment. [c:\Users\Peter\Documents\GitHub\kalshi-trading-bot\BacklashBotData\BacklashBotData.csproj]
c:\Users\Peter\Documents\GitHub\kalshi-trading-bot\BacklashBotData\Extensions\SeriesExtensions.cs(89,28): warning CS8601: Possible null reference assignment. [c:\Users\Peter\Documents\GitHub\kalshi-trading-bot\BacklashBotData\BacklashBotData.csproj]
c:\Users\Peter\Documents\GitHub\kalshi-trading-bot\BacklashBotData\Extensions\SeriesExtensions.cs(90,32): warning CS8601: Possible null reference assignment. [c:\Users\Peter\Documents\GitHub\kalshi-trading-bot\BacklashBotData\BacklashBotData.csproj]
c:\Users\Peter\Documents\GitHub\kalshi-trading-bot\BacklashBotData\Extensions\WeightSetExtensions.cs(72,32): warning CS8601: Possible null reference assignment. [c:\Users\Peter\Documents\GitHub\kalshi-trading-bot\BacklashBotData\BacklashBotData.csproj]
c:\Users\Peter\Documents\GitHub\kalshi-trading-bot\BacklashBotData\Extensions\WeightSetExtensions.cs(73,27): warning CS8601: Possible null reference assignment. [c:\Users\Peter\Documents\GitHub\kalshi-trading-bot\BacklashBotData\BacklashBotData.csproj]
c:\Users\Peter\Documents\GitHub\kalshi-trading-bot\BacklashBotData\Extensions\SeriesExtensions.cs(126,32): warning CS8601: Possible null reference assignment. [c:\Users\Peter\Documents\GitHub\kalshi-trading-bot\BacklashBotData\BacklashBotData.csproj]
c:\Users\Peter\Documents\GitHub\kalshi-trading-bot\BacklashBotData\Extensions\SeriesExtensions.cs(127,28): warning CS8601: Possible null reference assignment. [c:\Users\Peter\Documents\GitHub\kalshi-trading-bot\BacklashBotData\BacklashBotData.csproj]
c:\Users\Peter\Documents\GitHub\kalshi-trading-bot\BacklashBotData\Extensions\SeriesExtensions.cs(128,31): warning CS8601: Possible null reference assignment. [c:\Users\Peter\Documents\GitHub\kalshi-trading-bot\BacklashBotData\BacklashBotData.csproj]
c:\Users\Peter\Documents\GitHub\kalshi-trading-bot\BacklashBotData\Extensions\SeriesExtensions.cs(129,35): warning CS8601: Possible null reference assignment. [c:\Users\Peter\Documents\GitHub\kalshi-trading-bot\BacklashBotData\BacklashBotData.csproj]
c:\Users\Peter\Documents\GitHub\kalshi-trading-bot\BacklashBotData\Extensions\WeightSetExtensions.cs(100,38): warning CS8601: Possible null reference assignment. [c:\Users\Peter\Documents\GitHub\kalshi-trading-bot\BacklashBotData\BacklashBotData.csproj]
c:\Users\Peter\Documents\GitHub\kalshi-trading-bot\BacklashBotData\Extensions\WeightSetExtensions.cs(101,33): warning CS8601: Possible null reference assignment. [c:\Users\Peter\Documents\GitHub\kalshi-trading-bot\BacklashBotData\BacklashBotData.csproj]
c:\Users\Peter\Documents\GitHub\kalshi-trading-bot\BacklashBotData\Extensions\TickerExtensions.cs(80,33): warning CS8601: Possible null reference assignment. [c:\Users\Peter\Documents\GitHub\kalshi-trading-bot\BacklashBotData\BacklashBotData.csproj]
c:\Users\Peter\Documents\GitHub\kalshi-trading-bot\BacklashBotData\Extensions\SeriesSettlementSourceExtensions.cs(70,33): warning CS8601: Possible null reference assignment. [c:\Users\Peter\Documents\GitHub\kalshi-trading-bot\BacklashBotData\BacklashBotData.csproj]
c:\Users\Peter\Documents\GitHub\kalshi-trading-bot\BacklashBotData\Extensions\SeriesSettlementSourceExtensions.cs(71,24): warning CS8601: Possible null reference assignment. [c:\Users\Peter\Documents\GitHub\kalshi-trading-bot\BacklashBotData\BacklashBotData.csproj]
c:\Users\Peter\Documents\GitHub\kalshi-trading-bot\BacklashBotData\Extensions\SeriesSettlementSourceExtensions.cs(72,23): warning CS8601: Possible null reference assignment. [c:\Users\Peter\Documents\GitHub\kalshi-trading-bot\BacklashBotData\BacklashBotData.csproj]
c:\Users\Peter\Documents\GitHub\kalshi-trading-bot\BacklashBotData\Extensions\SeriesTagExtensions.cs(69,33): warning CS8601: Possible null reference assignment. [c:\Users\Peter\Documents\GitHub\kalshi-trading-bot\BacklashBotData\BacklashBotData.csproj]
c:\Users\Peter\Documents\GitHub\kalshi-trading-bot\BacklashBotData\Extensions\SeriesTagExtensions.cs(70,23): warning CS8601: Possible null reference assignment. [c:\Users\Peter\Documents\GitHub\kalshi-trading-bot\BacklashBotData\BacklashBotData.csproj]
c:\Users\Peter\Documents\GitHub\kalshi-trading-bot\BacklashBotData\Extensions\SnapshotGroupExtensions.cs(79,32): warning CS8601: Possible null reference assignment. [c:\Users\Peter\Documents\GitHub\kalshi-trading-bot\BacklashBotData\BacklashBotData.csproj]
c:\Users\Peter\Documents\GitHub\kalshi-trading-bot\BacklashBotData\Extensions\SnapshotGroupExtensions.cs(88,28): warning CS8601: Possible null reference assignment. [c:\Users\Peter\Documents\GitHub\kalshi-trading-bot\BacklashBotData\BacklashBotData.csproj]
c:\Users\Peter\Documents\GitHub\kalshi-trading-bot\BacklashBotData\Extensions\SnapshotGroupExtensions.cs(129,38): warning CS8601: Possible null reference assignment. [c:\Users\Peter\Documents\GitHub\kalshi-trading-bot\BacklashBotData\BacklashBotData.csproj]
c:\Users\Peter\Documents\GitHub\kalshi-trading-bot\BacklashBotData\Extensions\SnapshotSchemaExtensions.cs(69,36): warning CS8601: Possible null reference assignment. [c:\Users\Peter\Documents\GitHub\kalshi-trading-bot\BacklashBotData\BacklashBotData.csproj]
c:\Users\Peter\Documents\GitHub\kalshi-trading-bot\BacklashBotData\Extensions\StandardHoursSessionExtensions.cs(76,29): warning CS8601: Possible null reference assignment. [c:\Users\Peter\Documents\GitHub\kalshi-trading-bot\BacklashBotData\BacklashBotData.csproj]
c:\Users\Peter\Documents\GitHub\kalshi-trading-bot\BacklashBotData\Extensions\StandardHoursSessionExtensions.cs(113,51): warning CS8601: Possible null reference assignment. [c:\Users\Peter\Documents\GitHub\kalshi-trading-bot\BacklashBotData\BacklashBotData.csproj]
c:\Users\Peter\Documents\GitHub\kalshi-trading-bot\BacklashBotData\Models\Candlestick.cs(108,20): warning CS1591: Missing XML comment for publicly visible type or member 'Candlestick.minute' [c:\Users\Peter\Documents\GitHub\kalshi-trading-bot\BacklashBotData\BacklashBotData.csproj]
c:\Users\Peter\Documents\GitHub\kalshi-trading-bot\BacklashBotData\Models\Candlestick.cs(112,21): warning CS1591: Missing XML comment for publicly visible type or member 'Candlestick.price_close' [c:\Users\Peter\Documents\GitHub\kalshi-trading-bot\BacklashBotData\BacklashBotData.csproj]
c:\Users\Peter\Documents\GitHub\kalshi-trading-bot\BacklashBotData\Models\Candlestick.cs(113,21): warning CS1591: Missing XML comment for publicly visible type or member 'Candlestick.price_high' [c:\Users\Peter\Documents\GitHub\kalshi-trading-bot\BacklashBotData\BacklashBotData.csproj]
c:\Users\Peter\Documents\GitHub\kalshi-trading-bot\BacklashBotData\Models\Candlestick.cs(114,21): warning CS1591: Missing XML comment for publicly visible type or member 'Candlestick.price_low' [c:\Users\Peter\Documents\GitHub\kalshi-trading-bot\BacklashBotData\BacklashBotData.csproj]
c:\Users\Peter\Documents\GitHub\kalshi-trading-bot\BacklashBotData\Models\Candlestick.cs(115,21): warning CS1591: Missing XML comment for publicly visible type or member 'Candlestick.price_mean' [c:\Users\Peter\Documents\GitHub\kalshi-trading-bot\BacklashBotData\BacklashBotData.csproj]
c:\Users\Peter\Documents\GitHub\kalshi-trading-bot\BacklashBotData\Models\Candlestick.cs(116,21): warning CS1591: Missing XML comment for publicly visible type or member 'Candlestick.price_open' [c:\Users\Peter\Documents\GitHub\kalshi-trading-bot\BacklashBotData\BacklashBotData.csproj]
c:\Users\Peter\Documents\GitHub\kalshi-trading-bot\BacklashBotData\Models\Candlestick.cs(117,21): warning CS1591: Missing XML comment for publicly visible type or member 'Candlestick.price_previous' [c:\Users\Peter\Documents\GitHub\kalshi-trading-bot\BacklashBotData\BacklashBotData.csproj]
c:\Users\Peter\Documents\GitHub\kalshi-trading-bot\BacklashBotData\Models\Candlestick.cs(118,20): warning CS1591: Missing XML comment for publicly visible type or member 'Candlestick.volume' [c:\Users\Peter\Documents\GitHub\kalshi-trading-bot\BacklashBotData\BacklashBotData.csproj]
c:\Users\Peter\Documents\GitHub\kalshi-trading-bot\BacklashBotData\Models\Candlestick.cs(119,20): warning CS1591: Missing XML comment for publicly visible type or member 'Candlestick.yes_ask_close' [c:\Users\Peter\Documents\GitHub\kalshi-trading-bot\BacklashBotData\BacklashBotData.csproj]
c:\Users\Peter\Documents\GitHub\kalshi-trading-bot\BacklashBotData\Models\Candlestick.cs(120,20): warning CS1591: Missing XML comment for publicly visible type or member 'Candlestick.yes_ask_high' [c:\Users\Peter\Documents\GitHub\kalshi-trading-bot\BacklashBotData\BacklashBotData.csproj]
c:\Users\Peter\Documents\GitHub\kalshi-trading-bot\BacklashBotData\Models\Candlestick.cs(121,20): warning CS1591: Missing XML comment for publicly visible type or member 'Candlestick.yes_ask_low' [c:\Users\Peter\Documents\GitHub\kalshi-trading-bot\BacklashBotData\BacklashBotData.csproj]
c:\Users\Peter\Documents\GitHub\kalshi-trading-bot\BacklashBotData\Models\Candlestick.cs(122,20): warning CS1591: Missing XML comment for publicly visible type or member 'Candlestick.yes_ask_open' [c:\Users\Peter\Documents\GitHub\kalshi-trading-bot\BacklashBotData\BacklashBotData.csproj]
c:\Users\Peter\Documents\GitHub\kalshi-trading-bot\BacklashBotData\Models\Candlestick.cs(123,20): warning CS1591: Missing XML comment for publicly visible type or member 'Candlestick.yes_bid_close' [c:\Users\Peter\Documents\GitHub\kalshi-trading-bot\BacklashBotData\BacklashBotData.csproj]
c:\Users\Peter\Documents\GitHub\kalshi-trading-bot\BacklashBotData\Models\Candlestick.cs(124,20): warning CS1591: Missing XML comment for publicly visible type or member 'Candlestick.yes_bid_high' [c:\Users\Peter\Documents\GitHub\kalshi-trading-bot\BacklashBotData\BacklashBotData.csproj]
c:\Users\Peter\Documents\GitHub\kalshi-trading-bot\BacklashBotData\Models\Candlestick.cs(125,20): warning CS1591: Missing XML comment for publicly visible type or member 'Candlestick.yes_bid_low' [c:\Users\Peter\Documents\GitHub\kalshi-trading-bot\BacklashBotData\BacklashBotData.csproj]
c:\Users\Peter\Documents\GitHub\kalshi-trading-bot\BacklashBotData\Models\Candlestick.cs(126,20): warning CS1591: Missing XML comment for publicly visible type or member 'Candlestick.yes_bid_open' [c:\Users\Peter\Documents\GitHub\kalshi-trading-bot\BacklashBotData\BacklashBotData.csproj]
c:\Users\Peter\Documents\GitHub\kalshi-trading-bot\BacklashBotData\Models\Candlestick.cs(127,23): warning CS1591: Missing XML comment for publicly visible type or member 'Candlestick.Market' [c:\Users\Peter\Documents\GitHub\kalshi-trading-bot\BacklashBotData\BacklashBotData.csproj]
c:\Users\Peter\Documents\GitHub\kalshi-trading-bot\BacklashBotData\Models\Candlestick.cs(129,16): warning CS1591: Missing XML comment for publicly visible type or member 'Candlestick.Candlestick()' [c:\Users\Peter\Documents\GitHub\kalshi-trading-bot\BacklashBotData\BacklashBotData.csproj]
c:\Users\Peter\Documents\GitHub\kalshi-trading-bot\BacklashBotData\Models\Candlestick.cs(131,16): warning CS1591: Missing XML comment for publicly visible type or member 'Candlestick.Candlestick(string, int, long, int, int, int, int, int, int, int?, int?, int?, int?, int?, int?, int, int, int, int, int, int, int, int, int)' [c:\Users\Peter\Documents\GitHub\kalshi-trading-bot\BacklashBotData\BacklashBotData.csproj]
c:\Users\Peter\Documents\GitHub\kalshi-trading-bot\BacklashBotData\Models\Event.cs(54,24): warning CS1591: Missing XML comment for publicly visible type or member 'Event.sub_title' [c:\Users\Peter\Documents\GitHub\kalshi-trading-bot\BacklashBotData\BacklashBotData.csproj]
c:\Users\Peter\Documents\GitHub\kalshi-trading-bot\BacklashBotData\Models\Event.cs(55,32): warning CS1591: Missing XML comment for publicly visible type or member 'Event.collateral_return_type' [c:\Users\Peter\Documents\GitHub\kalshi-trading-bot\BacklashBotData\BacklashBotData.csproj]
c:\Users\Peter\Documents\GitHub\kalshi-trading-bot\BacklashBotData\Models\Event.cs(56,21): warning CS1591: Missing XML comment for publicly visible type or member 'Event.mutually_exclusive' [c:\Users\Peter\Documents\GitHub\kalshi-trading-bot\BacklashBotData\BacklashBotData.csproj]
c:\Users\Peter\Documents\GitHub\kalshi-trading-bot\BacklashBotData\Models\Event.cs(57,32): warning CS1591: Missing XML comment for publicly visible type or member 'Event.category' [c:\Users\Peter\Documents\GitHub\kalshi-trading-bot\BacklashBotData\BacklashBotData.csproj]
c:\Users\Peter\Documents\GitHub\kalshi-trading-bot\BacklashBotData\Models\Event.cs(58,25): warning CS1591: Missing XML comment for publicly visible type or member 'Event.CreatedDate' [c:\Users\Peter\Documents\GitHub\kalshi-trading-bot\BacklashBotData\BacklashBotData.csproj]
c:\Users\Peter\Documents\GitHub\kalshi-trading-bot\BacklashBotData\Models\Event.cs(59,25): warning CS1591: Missing XML comment for publicly visible type or member 'Event.LastModifiedDate' [c:\Users\Peter\Documents\GitHub\kalshi-trading-bot\BacklashBotData\BacklashBotData.csproj]
c:\Users\Peter\Documents\GitHub\kalshi-trading-bot\BacklashBotData\Models\Event.cs(60,30): warning CS1591: Missing XML comment for publicly visible type or member 'Event.Markets' [c:\Users\Peter\Documents\GitHub\kalshi-trading-bot\BacklashBotData\BacklashBotData.csproj]
c:\Users\Peter\Documents\GitHub\kalshi-trading-bot\BacklashBotData\Models\Event.cs(61,24): warning CS1591: Missing XML comment for publicly visible type or member 'Event.Series' [c:\Users\Peter\Documents\GitHub\kalshi-trading-bot\BacklashBotData\BacklashBotData.csproj]
c:\Users\Peter\Documents\GitHub\kalshi-trading-bot\BacklashBotData\Models\Market.cs(155,32): warning CS1591: Missing XML comment for publicly visible type or member 'Market.response_price_units' [c:\Users\Peter\Documents\GitHub\kalshi-trading-bot\BacklashBotData\BacklashBotData.csproj]
c:\Users\Peter\Documents\GitHub\kalshi-trading-bot\BacklashBotData\Models\Market.cs(159,20): warning CS1591: Missing XML comment for publicly visible type or member 'Market.tick_size' [c:\Users\Peter\Documents\GitHub\kalshi-trading-bot\BacklashBotData\BacklashBotData.csproj]
c:\Users\Peter\Documents\GitHub\kalshi-trading-bot\BacklashBotData\Models\Market.cs(160,20): warning CS1591: Missing XML comment for publicly visible type or member 'Market.yes_bid' [c:\Users\Peter\Documents\GitHub\kalshi-trading-bot\BacklashBotData\BacklashBotData.csproj]
c:\Users\Peter\Documents\GitHub\kalshi-trading-bot\BacklashBotData\Models\Market.cs(161,20): warning CS1591: Missing XML comment for publicly visible type or member 'Market.yes_ask' [c:\Users\Peter\Documents\GitHub\kalshi-trading-bot\BacklashBotData\BacklashBotData.csproj]
c:\Users\Peter\Documents\GitHub\kalshi-trading-bot\BacklashBotData\Models\Market.cs(162,20): warning CS1591: Missing XML comment for publicly visible type or member 'Market.no_bid' [c:\Users\Peter\Documents\GitHub\kalshi-trading-bot\BacklashBotData\BacklashBotData.csproj]
c:\Users\Peter\Documents\GitHub\kalshi-trading-bot\BacklashBotData\Models\Market.cs(163,20): warning CS1591: Missing XML comment for publicly visible type or member 'Market.no_ask' [c:\Users\Peter\Documents\GitHub\kalshi-trading-bot\BacklashBotData\BacklashBotData.csproj]
c:\Users\Peter\Documents\GitHub\kalshi-trading-bot\BacklashBotData\Models\Market.cs(164,20): warning CS1591: Missing XML comment for publicly visible type or member 'Market.last_price' [c:\Users\Peter\Documents\GitHub\kalshi-trading-bot\BacklashBotData\BacklashBotData.csproj]
c:\Users\Peter\Documents\GitHub\kalshi-trading-bot\BacklashBotData\Models\Market.cs(165,20): warning CS1591: Missing XML comment for publicly visible type or member 'Market.previous_yes_bid' [c:\Users\Peter\Documents\GitHub\kalshi-trading-bot\BacklashBotData\BacklashBotData.csproj]
c:\Users\Peter\Documents\GitHub\kalshi-trading-bot\BacklashBotData\Models\Market.cs(166,20): warning CS1591: Missing XML comment for publicly visible type or member 'Market.previous_yes_ask' [c:\Users\Peter\Documents\GitHub\kalshi-trading-bot\BacklashBotData\BacklashBotData.csproj]
c:\Users\Peter\Documents\GitHub\kalshi-trading-bot\BacklashBotData\Models\Market.cs(167,20): warning CS1591: Missing XML comment for publicly visible type or member 'Market.previous_price' [c:\Users\Peter\Documents\GitHub\kalshi-trading-bot\BacklashBotData\BacklashBotData.csproj]
c:\Users\Peter\Documents\GitHub\kalshi-trading-bot\BacklashBotData\Models\Market.cs(168,21): warning CS1591: Missing XML comment for publicly visible type or member 'Market.volume' [c:\Users\Peter\Documents\GitHub\kalshi-trading-bot\BacklashBotData\BacklashBotData.csproj]
c:\Users\Peter\Documents\GitHub\kalshi-trading-bot\BacklashBotData\Models\Market.cs(169,20): warning CS1591: Missing XML comment for publicly visible type or member 'Market.volume_24h' [c:\Users\Peter\Documents\GitHub\kalshi-trading-bot\BacklashBotData\BacklashBotData.csproj]
c:\Users\Peter\Documents\GitHub\kalshi-trading-bot\BacklashBotData\Models\Market.cs(170,21): warning CS1591: Missing XML comment for publicly visible type or member 'Market.liquidity' [c:\Users\Peter\Documents\GitHub\kalshi-trading-bot\BacklashBotData\BacklashBotData.csproj]
c:\Users\Peter\Documents\GitHub\kalshi-trading-bot\BacklashBotData\Models\Market.cs(171,20): warning CS1591: Missing XML comment for publicly visible type or member 'Market.open_interest' [c:\Users\Peter\Documents\GitHub\kalshi-trading-bot\BacklashBotData\BacklashBotData.csproj]
c:\Users\Peter\Documents\GitHub\kalshi-trading-bot\BacklashBotData\Models\Market.cs(172,32): warning CS1591: Missing XML comment for publicly visible type or member 'Market.result' [c:\Users\Peter\Documents\GitHub\kalshi-trading-bot\BacklashBotData\BacklashBotData.csproj]
c:\Users\Peter\Documents\GitHub\kalshi-trading-bot\BacklashBotData\Models\Market.cs(173,21): warning CS1591: Missing XML comment for publicly visible type or member 'Market.can_close_early' [c:\Users\Peter\Documents\GitHub\kalshi-trading-bot\BacklashBotData\BacklashBotData.csproj]
c:\Users\Peter\Documents\GitHub\kalshi-trading-bot\BacklashBotData\Models\Market.cs(174,32): warning CS1591: Missing XML comment for publicly visible type or member 'Market.expiration_value' [c:\Users\Peter\Documents\GitHub\kalshi-trading-bot\BacklashBotData\BacklashBotData.csproj]
c:\Users\Peter\Documents\GitHub\kalshi-trading-bot\BacklashBotData\Models\Market.cs(175,32): warning CS1591: Missing XML comment for publicly visible type or member 'Market.category' [c:\Users\Peter\Documents\GitHub\kalshi-trading-bot\BacklashBotData\BacklashBotData.csproj]
c:\Users\Peter\Documents\GitHub\kalshi-trading-bot\BacklashBotData\Models\Market.cs(176,20): warning CS1591: Missing XML comment for publicly visible type or member 'Market.risk_limit_cents' [c:\Users\Peter\Documents\GitHub\kalshi-trading-bot\BacklashBotData\BacklashBotData.csproj]
c:\Users\Peter\Documents\GitHub\kalshi-trading-bot\BacklashBotData\Models\Market.cs(177,32): warning CS1591: Missing XML comment for publicly visible type or member 'Market.strike_type' [c:\Users\Peter\Documents\GitHub\kalshi-trading-bot\BacklashBotData\BacklashBotData.csproj]
c:\Users\Peter\Documents\GitHub\kalshi-trading-bot\BacklashBotData\Models\Market.cs(178,24): warning CS1591: Missing XML comment for publicly visible type or member 'Market.floor_strike' [c:\Users\Peter\Documents\GitHub\kalshi-trading-bot\BacklashBotData\BacklashBotData.csproj]
c:\Users\Peter\Documents\GitHub\kalshi-trading-bot\BacklashBotData\Models\Market.cs(179,32): warning CS1591: Missing XML comment for publicly visible type or member 'Market.rules_primary' [c:\Users\Peter\Documents\GitHub\kalshi-trading-bot\BacklashBotData\BacklashBotData.csproj]
c:\Users\Peter\Documents\GitHub\kalshi-trading-bot\BacklashBotData\Models\Market.cs(180,24): warning CS1591: Missing XML comment for publicly visible type or member 'Market.rules_secondary' [c:\Users\Peter\Documents\GitHub\kalshi-trading-bot\BacklashBotData\BacklashBotData.csproj]
c:\Users\Peter\Documents\GitHub\kalshi-trading-bot\BacklashBotData\Models\Market.cs(181,25): warning CS1591: Missing XML comment for publicly visible type or member 'Market.CreatedDate' [c:\Users\Peter\Documents\GitHub\kalshi-trading-bot\BacklashBotData\BacklashBotData.csproj]
c:\Users\Peter\Documents\GitHub\kalshi-trading-bot\BacklashBotData\Models\Market.cs(182,26): warning CS1591: Missing XML comment for publicly visible type or member 'Market.LastModifiedDate' [c:\Users\Peter\Documents\GitHub\kalshi-trading-bot\BacklashBotData\BacklashBotData.csproj]
c:\Users\Peter\Documents\GitHub\kalshi-trading-bot\BacklashBotData\Models\Market.cs(183,26): warning CS1591: Missing XML comment for publicly visible type or member 'Market.LastCandlestickUTC' [c:\Users\Peter\Documents\GitHub\kalshi-trading-bot\BacklashBotData\BacklashBotData.csproj]
c:\Users\Peter\Documents\GitHub\kalshi-trading-bot\BacklashBotData\Models\Market.cs(184,26): warning CS1591: Missing XML comment for publicly visible type or member 'Market.APILastFetchedDate' [c:\Users\Peter\Documents\GitHub\kalshi-trading-bot\BacklashBotData\BacklashBotData.csproj]
c:\Users\Peter\Documents\GitHub\kalshi-trading-bot\BacklashBotData\Models\Market.cs(186,23): warning CS1591: Missing XML comment for publicly visible type or member 'Market.Event' [c:\Users\Peter\Documents\GitHub\kalshi-trading-bot\BacklashBotData\BacklashBotData.csproj]
c:\Users\Peter\Documents\GitHub\kalshi-trading-bot\BacklashBotData\Models\Market.cs(187,29): warning CS1591: Missing XML comment for publicly visible type or member 'Market.MarketWatch' [c:\Users\Peter\Documents\GitHub\kalshi-trading-bot\BacklashBotData\BacklashBotData.csproj]
c:\Users\Peter\Documents\GitHub\kalshi-trading-bot\BacklashBotData\Models\Series.cs(54,32): warning CS1591: Missing XML comment for publicly visible type or member 'Series.category' [c:\Users\Peter\Documents\GitHub\kalshi-trading-bot\BacklashBotData\BacklashBotData.csproj]
c:\Users\Peter\Documents\GitHub\kalshi-trading-bot\BacklashBotData\Models\Series.cs(55,32): warning CS1591: Missing XML comment for publicly visible type or member 'Series.contract_url' [c:\Users\Peter\Documents\GitHub\kalshi-trading-bot\BacklashBotData\BacklashBotData.csproj]
c:\Users\Peter\Documents\GitHub\kalshi-trading-bot\BacklashBotData\Models\Series.cs(56,25): warning CS1591: Missing XML comment for publicly visible type or member 'Series.CreatedDate' [c:\Users\Peter\Documents\GitHub\kalshi-trading-bot\BacklashBotData\BacklashBotData.csproj]
c:\Users\Peter\Documents\GitHub\kalshi-trading-bot\BacklashBotData\Models\Series.cs(57,26): warning CS1591: Missing XML comment for publicly visible type or member 'Series.LastModifiedDate' [c:\Users\Peter\Documents\GitHub\kalshi-trading-bot\BacklashBotData\BacklashBotData.csproj]
c:\Users\Peter\Documents\GitHub\kalshi-trading-bot\BacklashBotData\Models\Series.cs(58,48): warning CS1591: Missing XML comment for publicly visible type or member 'Series.Tags' [c:\Users\Peter\Documents\GitHub\kalshi-trading-bot\BacklashBotData\BacklashBotData.csproj]
c:\Users\Peter\Documents\GitHub\kalshi-trading-bot\BacklashBotData\Models\Series.cs(59,61): warning CS1591: Missing XML comment for publicly visible type or member 'Series.SettlementSources' [c:\Users\Peter\Documents\GitHub\kalshi-trading-bot\BacklashBotData\BacklashBotData.csproj]
c:\Users\Peter\Documents\GitHub\kalshi-trading-bot\BacklashBotData\Models\Series.cs(61,29): warning CS1591: Missing XML comment for publicly visible type or member 'Series.Events' [c:\Users\Peter\Documents\GitHub\kalshi-trading-bot\BacklashBotData\BacklashBotData.csproj]
c:\Users\Peter\Documents\GitHub\kalshi-trading-bot\BacklashBotData\Models\SnapshotGroup.cs(58,25): warning CS1591: Missing XML comment for publicly visible type or member 'SnapshotGroup.EndTime' [c:\Users\Peter\Documents\GitHub\kalshi-trading-bot\BacklashBotData\BacklashBotData.csproj]
c:\Users\Peter\Documents\GitHub\kalshi-trading-bot\BacklashBotData\Models\SnapshotGroup.cs(62,20): warning CS1591: Missing XML comment for publicly visible type or member 'SnapshotGroup.NoStart' [c:\Users\Peter\Documents\GitHub\kalshi-trading-bot\BacklashBotData\BacklashBotData.csproj]
c:\Users\Peter\Documents\GitHub\kalshi-trading-bot\BacklashBotData\Models\SnapshotGroup.cs(63,20): warning CS1591: Missing XML comment for publicly visible type or member 'SnapshotGroup.YesEnd' [c:\Users\Peter\Documents\GitHub\kalshi-trading-bot\BacklashBotData\BacklashBotData.csproj]
c:\Users\Peter\Documents\GitHub\kalshi-trading-bot\BacklashBotData\Models\SnapshotGroup.cs(64,20): warning CS1591: Missing XML comment for publicly visible type or member 'SnapshotGroup.NoEnd' [c:\Users\Peter\Documents\GitHub\kalshi-trading-bot\BacklashBotData\BacklashBotData.csproj]
c:\Users\Peter\Documents\GitHub\kalshi-trading-bot\BacklashBotData\Models\SnapshotGroup.cs(65,23): warning CS1591: Missing XML comment for publicly visible type or member 'SnapshotGroup.AverageLiquidity' [c:\Users\Peter\Documents\GitHub\kalshi-trading-bot\BacklashBotData\BacklashBotData.csproj]
c:\Users\Peter\Documents\GitHub\kalshi-trading-bot\BacklashBotData\Models\SnapshotGroup.cs(66,20): warning CS1591: Missing XML comment for publicly visible type or member 'SnapshotGroup.SnapshotSchema' [c:\Users\Peter\Documents\GitHub\kalshi-trading-bot\BacklashBotData\BacklashBotData.csproj]
c:\Users\Peter\Documents\GitHub\kalshi-trading-bot\BacklashBotData\Models\SnapshotGroup.cs(67,23): warning CS1591: Missing XML comment for publicly visible type or member 'SnapshotGroup.JsonPath' [c:\Users\Peter\Documents\GitHub\kalshi-trading-bot\BacklashBotData\BacklashBotData.csproj]
c:\Users\Peter\Documents\GitHub\kalshi-trading-bot\BacklashBotData\Models\SnapshotGroup.cs(68,25): warning CS1591: Missing XML comment for publicly visible type or member 'SnapshotGroup.ProcessedDttm' [c:\Users\Peter\Documents\GitHub\kalshi-trading-bot\BacklashBotData\BacklashBotData.csproj]
c:\Users\Peter\Documents\GitHub\kalshi-trading-bot\BacklashBotData\Models\SnapshotGroup.cs(71,23): warning CS1591: Missing XML comment for publicly visible type or member 'SnapshotGroup.Market' [c:\Users\Peter\Documents\GitHub\kalshi-trading-bot\BacklashBotData\BacklashBotData.csproj]
c:\Users\Peter\Documents\GitHub\kalshi-trading-bot\BacklashBotData\Models\Candlestick.cs(34,1): warning CS1587: XML comment is not placed on a valid language element [c:\Users\Peter\Documents\GitHub\kalshi-trading-bot\BacklashBotData\BacklashBotData.csproj]
c:\Users\Peter\Documents\GitHub\kalshi-trading-bot\BacklashBotData\Models\Event.cs(34,1): warning CS1587: XML comment is not placed on a valid language element [c:\Users\Peter\Documents\GitHub\kalshi-trading-bot\BacklashBotData\BacklashBotData.csproj]
c:\Users\Peter\Documents\GitHub\kalshi-trading-bot\BacklashBotData\Models\Series.cs(34,1): warning CS1587: XML comment is not placed on a valid language element [c:\Users\Peter\Documents\GitHub\kalshi-trading-bot\BacklashBotData\BacklashBotData.csproj]
c:\Users\Peter\Documents\GitHub\kalshi-trading-bot\BacklashBotData\Models\SnapshotGroup.cs(34,1): warning CS1587: XML comment is not placed on a valid language element [c:\Users\Peter\Documents\GitHub\kalshi-trading-bot\BacklashBotData\BacklashBotData.csproj]
c:\Users\Peter\Documents\GitHub\kalshi-trading-bot\BacklashPatterns\PatternDefinitions\BreakawayPattern_old.cs(87,34): error CS0246: The type or namespace name 'BreakawayPattern' could not be found (are you missing a using directive or an assembly reference?) [c:\Users\Peter\Documents\GitHub\kalshi-trading-bot\BacklashPatterns\BacklashPatterns.csproj]
c:\Users\Peter\Documents\GitHub\kalshi-trading-bot\KalshiBotAPI\Websockets\WebSocketConnectionManager.cs(50,47): error CS0246: The type or namespace name 'IWebSocketConnectionManager' could not be found (are you missing a using directive or an assembly reference?) [c:\Users\Peter\Documents\GitHub\kalshi-trading-bot\KalshiBotAPI\KalshiBotAPI.csproj]
c:\Users\Peter\Documents\GitHub\kalshi-trading-bot\KalshiBotAPI\Websockets\SubscriptionManager.cs(22,26): error CS0246: The type or namespace name 'IWebSocketConnectionManager' could not be found (are you missing a using directive or an assembly reference?) [c:\Users\Peter\Documents\GitHub\kalshi-trading-bot\KalshiBotAPI\KalshiBotAPI.csproj]
c:\Users\Peter\Documents\GitHub\kalshi-trading-bot\KalshiBotAPI\Websockets\MessageProcessor.cs(32,26): error CS0246: The type or namespace name 'IWebSocketConnectionManager' could not be found (are you missing a using directive or an assembly reference?) [c:\Users\Peter\Documents\GitHub\kalshi-trading-bot\KalshiBotAPI\KalshiBotAPI.csproj]
c:\Users\Peter\Documents\GitHub\kalshi-trading-bot\KalshiBotAPI\Websockets\SubscriptionManager.cs(84,13): error CS0246: The type or namespace name 'IWebSocketConnectionManager' could not be found (are you missing a using directive or an assembly reference?) [c:\Users\Peter\Documents\GitHub\kalshi-trading-bot\KalshiBotAPI\KalshiBotAPI.csproj]
c:\Users\Peter\Documents\GitHub\kalshi-trading-bot\KalshiBotAPI\Websockets\MessageProcessor.cs(175,13): error CS0246: The type or namespace name 'IWebSocketConnectionManager' could not be found (are you missing a using directive or an assembly reference?) [c:\Users\Peter\Documents\GitHub\kalshi-trading-bot\KalshiBotAPI\KalshiBotAPI.csproj]
    756 Warning(s)
    6 Error(s)

Time Elapsed 00:00:02.09

Workload updates are available. Run `dotnet workload list` for more information.
