c:\Users\Peter\Documents\GitHub\kalshi-trading-bot\BacklashDTOs\MarketSnapshot.cs(2054,30): warning CS1591: Missing XML comment for publicly visible type or member 'BollingerBandsConverter.Write(Utf8JsonWriter, (double? Lower, double? Middle, double? Upper), JsonSerializerOptions)' [c:\Users\Peter\Documents\GitHub\kalshi-trading-bot\BacklashDTOs\BacklashDTOs.csproj]
c:\Users\Peter\Documents\GitHub\kalshi-trading-bot\BacklashDTOs\MarketSnapshot.cs(2108,30): warning CS1591: Missing XML comment for publicly visible type or member 'StochasticOscillatorConverter.Write(Utf8JsonWriter, (double? K, double? D), JsonSerializerOptions)' [c:\Users\Peter\Documents\GitHub\kalshi-trading-bot\BacklashDTOs\BacklashDTOs.csproj]
c:\Users\Peter\Documents\GitHub\kalshi-trading-bot\BacklashDTOs\MarketSnapshotDeltas.cs(5,25): warning CS1591: Missing XML comment for publicly visible type or member 'MarketSnapshotDelta' [c:\Users\Peter\Documents\GitHub\kalshi-trading-bot\BacklashDTOs\BacklashDTOs.csproj]
c:\Users\Peter\Documents\GitHub\kalshi-trading-bot\BacklashDTOs\MarketSnapshotDeltas.cs(11,16): warning CS1591: Missing XML comment for publicly visible type or member 'MarketSnapshotDelta.MarketSnapshotDelta(MarketSnapshot, MarketSnapshot)' [c:\Users\Peter\Documents\GitHub\kalshi-trading-bot\BacklashDTOs\BacklashDTOs.csproj]
c:\Users\Peter\Documents\GitHub\kalshi-trading-bot\BacklashDTOs\MarketSnapshotDeltas.cs(38,26): warning CS1591: Missing XML comment for publicly visible type or member 'MarketSnapshotDelta.Timestamp()' [c:\Users\Peter\Documents\GitHub\kalshi-trading-bot\BacklashDTOs\BacklashDTOs.csproj]
c:\Users\Peter\Documents\GitHub\kalshi-trading-bot\BacklashDTOs\MarketSnapshotDeltas.cs(39,24): warning CS1591: Missing XML comment for publicly visible type or member 'MarketSnapshotDelta.MarketTicker()' [c:\Users\Peter\Documents\GitHub\kalshi-trading-bot\BacklashDTOs\BacklashDTOs.csproj]
c:\Users\Peter\Documents\GitHub\kalshi-trading-bot\BacklashDTOs\MarketSnapshotDeltas.cs(40,24): warning CS1591: Missing XML comment for publicly visible type or member 'MarketSnapshotDelta.MarketCategory()' [c:\Users\Peter\Documents\GitHub\kalshi-trading-bot\BacklashDTOs\BacklashDTOs.csproj]
c:\Users\Peter\Documents\GitHub\kalshi-trading-bot\BacklashDTOs\MarketSnapshotDeltas.cs(41,24): warning CS1591: Missing XML comment for publicly visible type or member 'MarketSnapshotDelta.MarketStatus()' [c:\Users\Peter\Documents\GitHub\kalshi-trading-bot\BacklashDTOs\BacklashDTOs.csproj]
c:\Users\Peter\Documents\GitHub\kalshi-trading-bot\BacklashDTOs\MarketSnapshotDeltas.cs(42,24): warning CS1591: Missing XML comment for publicly visible type or member 'MarketSnapshotDelta.MarketType()' [c:\Users\Peter\Documents\GitHub\kalshi-trading-bot\BacklashDTOs\BacklashDTOs.csproj]
c:\Users\Peter\Documents\GitHub\kalshi-trading-bot\BacklashDTOs\MarketSnapshotDeltas.cs(43,21): warning CS1591: Missing XML comment for publicly visible type or member 'MarketSnapshotDelta.SnapshotSchemaVersion()' [c:\Users\Peter\Documents\GitHub\kalshi-trading-bot\BacklashDTOs\BacklashDTOs.csproj]
c:\Users\Peter\Documents\GitHub\kalshi-trading-bot\BacklashDTOs\MarketSnapshotDeltas.cs(45,24): warning CS1591: Missing XML comment for publicly visible type or member 'MarketSnapshotDelta.YesBidSlopePerMinute_Short()' [c:\Users\Peter\Documents\GitHub\kalshi-trading-bot\BacklashDTOs\BacklashDTOs.csproj]
c:\Users\Peter\Documents\GitHub\kalshi-trading-bot\BacklashDTOs\MarketSnapshotDeltas.cs(46,24): warning CS1591: Missing XML comment for publicly visible type or member 'MarketSnapshotDelta.NoBidSlopePerMinute_Short()' [c:\Users\Peter\Documents\GitHub\kalshi-trading-bot\BacklashDTOs\BacklashDTOs.csproj]
c:\Users\Peter\Documents\GitHub\kalshi-trading-bot\BacklashDTOs\MarketSnapshotDeltas.cs(48,24): warning CS1591: Missing XML comment for publicly visible type or member 'MarketSnapshotDelta.YesBidSlopePerMinute_Medium()' [c:\Users\Peter\Documents\GitHub\kalshi-trading-bot\BacklashDTOs\BacklashDTOs.csproj]
c:\Users\Peter\Documents\GitHub\kalshi-trading-bot\BacklashDTOs\MarketSnapshotDeltas.cs(49,24): warning CS1591: Missing XML comment for publicly visible type or member 'MarketSnapshotDelta.NoBidSlopePerMinute_Medium()' [c:\Users\Peter\Documents\GitHub\kalshi-trading-bot\BacklashDTOs\BacklashDTOs.csproj]
c:\Users\Peter\Documents\GitHub\kalshi-trading-bot\BacklashDTOs\MarketSnapshotDeltas.cs(50,22): warning CS1591: Missing XML comment for publicly visible type or member 'MarketSnapshotDelta.TotalOrderbookDepth_Yes()' [c:\Users\Peter\Documents\GitHub\kalshi-trading-bot\BacklashDTOs\BacklashDTOs.csproj]
c:\Users\Peter\Documents\GitHub\kalshi-trading-bot\BacklashDTOs\MarketSnapshotDeltas.cs(51,22): warning CS1591: Missing XML comment for publicly visible type or member 'MarketSnapshotDelta.TotalOrderbookDepth_No()' [c:\Users\Peter\Documents\GitHub\kalshi-trading-bot\BacklashDTOs\BacklashDTOs.csproj]
c:\Users\Peter\Documents\GitHub\kalshi-trading-bot\BacklashDTOs\MarketSnapshotDeltas.cs(53,21): warning CS1591: Missing XML comment for publicly visible type or member 'MarketSnapshotDelta.PositionSize()' [c:\Users\Peter\Documents\GitHub\kalshi-trading-bot\BacklashDTOs\BacklashDTOs.csproj]
c:\Users\Peter\Documents\GitHub\kalshi-trading-bot\BacklashDTOs\MarketSnapshotDeltas.cs(54,24): warning CS1591: Missing XML comment for publicly visible type or member 'MarketSnapshotDelta.MarketExposure()' [c:\Users\Peter\Documents\GitHub\kalshi-trading-bot\BacklashDTOs\BacklashDTOs.csproj]
c:\Users\Peter\Documents\GitHub\kalshi-trading-bot\BacklashDTOs\MarketSnapshotDeltas.cs(55,24): warning CS1591: Missing XML comment for publicly visible type or member 'MarketSnapshotDelta.BuyinPrice()' [c:\Users\Peter\Documents\GitHub\kalshi-trading-bot\BacklashDTOs\BacklashDTOs.csproj]
c:\Users\Peter\Documents\GitHub\kalshi-trading-bot\BacklashDTOs\MarketSnapshotDeltas.cs(56,24): warning CS1591: Missing XML comment for publicly visible type or member 'MarketSnapshotDelta.PositionUpside()' [c:\Users\Peter\Documents\GitHub\kalshi-trading-bot\BacklashDTOs\BacklashDTOs.csproj]
c:\Users\Peter\Documents\GitHub\kalshi-trading-bot\BacklashDTOs\MarketSnapshotDeltas.cs(57,24): warning CS1591: Missing XML comment for publicly visible type or member 'MarketSnapshotDelta.PositionDownside()' [c:\Users\Peter\Documents\GitHub\kalshi-trading-bot\BacklashDTOs\BacklashDTOs.csproj]
c:\Users\Peter\Documents\GitHub\kalshi-trading-bot\BacklashDTOs\MarketSnapshotDeltas.cs(58,22): warning CS1591: Missing XML comment for publicly visible type or member 'MarketSnapshotDelta.TotalTraded()' [c:\Users\Peter\Documents\GitHub\kalshi-trading-bot\BacklashDTOs\BacklashDTOs.csproj]
c:\Users\Peter\Documents\GitHub\kalshi-trading-bot\BacklashDTOs\MarketSnapshotDeltas.cs(59,24): warning CS1591: Missing XML comment for publicly visible type or member 'MarketSnapshotDelta.RealizedPnl()' [c:\Users\Peter\Documents\GitHub\kalshi-trading-bot\BacklashDTOs\BacklashDTOs.csproj]
c:\Users\Peter\Documents\GitHub\kalshi-trading-bot\BacklashDTOs\MarketSnapshotDeltas.cs(60,24): warning CS1591: Missing XML comment for publicly visible type or member 'MarketSnapshotDelta.FeesPaid()' [c:\Users\Peter\Documents\GitHub\kalshi-trading-bot\BacklashDTOs\BacklashDTOs.csproj]
c:\Users\Peter\Documents\GitHub\kalshi-trading-bot\BacklashDTOs\MarketSnapshotDeltas.cs(61,24): warning CS1591: Missing XML comment for publicly visible type or member 'MarketSnapshotDelta.PositionROI()' [c:\Users\Peter\Documents\GitHub\kalshi-trading-bot\BacklashDTOs\BacklashDTOs.csproj]
c:\Users\Peter\Documents\GitHub\kalshi-trading-bot\BacklashDTOs\MarketSnapshotDeltas.cs(62,24): warning CS1591: Missing XML comment for publicly visible type or member 'MarketSnapshotDelta.PositionROIAmt()' [c:\Users\Peter\Documents\GitHub\kalshi-trading-bot\BacklashDTOs\BacklashDTOs.csproj]
c:\Users\Peter\Documents\GitHub\kalshi-trading-bot\BacklashDTOs\MarketSnapshotDeltas.cs(63,24): warning CS1591: Missing XML comment for publicly visible type or member 'MarketSnapshotDelta.ExpectedFees()' [c:\Users\Peter\Documents\GitHub\kalshi-trading-bot\BacklashDTOs\BacklashDTOs.csproj]
c:\Users\Peter\Documents\GitHub\kalshi-trading-bot\BacklashDTOs\MarketSnapshotDeltas.cs(65,24): warning CS1591: Missing XML comment for publicly visible type or member 'MarketSnapshotDelta.ADX()' [c:\Users\Peter\Documents\GitHub\kalshi-trading-bot\BacklashDTOs\BacklashDTOs.csproj]
c:\Users\Peter\Documents\GitHub\kalshi-trading-bot\BacklashDTOs\MarketSnapshotDeltas.cs(66,24): warning CS1591: Missing XML comment for publicly visible type or member 'MarketSnapshotDelta.PlusDI()' [c:\Users\Peter\Documents\GitHub\kalshi-trading-bot\BacklashDTOs\BacklashDTOs.csproj]
c:\Users\Peter\Documents\GitHub\kalshi-trading-bot\BacklashDTOs\MarketSnapshotDeltas.cs(67,24): warning CS1591: Missing XML comment for publicly visible type or member 'MarketSnapshotDelta.MinusDI()' [c:\Users\Peter\Documents\GitHub\kalshi-trading-bot\BacklashDTOs\BacklashDTOs.csproj]
c:\Users\Peter\Documents\GitHub\kalshi-trading-bot\BacklashDTOs\MarketSnapshotDeltas.cs(68,24): warning CS1591: Missing XML comment for publicly visible type or member 'MarketSnapshotDelta.PSAR()' [c:\Users\Peter\Documents\GitHub\kalshi-trading-bot\BacklashDTOs\BacklashDTOs.csproj]
c:\Users\Peter\Documents\GitHub\kalshi-trading-bot\BacklashDTOs\MarketSnapshotDeltas.cs(70,24): warning CS1591: Missing XML comment for publicly visible type or member 'MarketSnapshotDelta.TradeRatePerMinute_Yes()' [c:\Users\Peter\Documents\GitHub\kalshi-trading-bot\BacklashDTOs\BacklashDTOs.csproj]
c:\Users\Peter\Documents\GitHub\kalshi-trading-bot\BacklashDTOs\MarketSnapshotDeltas.cs(71,24): warning CS1591: Missing XML comment for publicly visible type or member 'MarketSnapshotDelta.TradeRatePerMinute_No()' [c:\Users\Peter\Documents\GitHub\kalshi-trading-bot\BacklashDTOs\BacklashDTOs.csproj]
c:\Users\Peter\Documents\GitHub\kalshi-trading-bot\BacklashDTOs\MarketSnapshotDeltas.cs(72,24): warning CS1591: Missing XML comment for publicly visible type or member 'MarketSnapshotDelta.TradeVolumePerMinute_Yes()' [c:\Users\Peter\Documents\GitHub\kalshi-trading-bot\BacklashDTOs\BacklashDTOs.csproj]
c:\Users\Peter\Documents\GitHub\kalshi-trading-bot\BacklashDTOs\MarketSnapshotDeltas.cs(73,24): warning CS1591: Missing XML comment for publicly visible type or member 'MarketSnapshotDelta.TradeVolumePerMinute_No()' [c:\Users\Peter\Documents\GitHub\kalshi-trading-bot\BacklashDTOs\BacklashDTOs.csproj]
c:\Users\Peter\Documents\GitHub\kalshi-trading-bot\BacklashDTOs\MarketSnapshotDeltas.cs(75,24): warning CS1591: Missing XML comment for publicly visible type or member 'MarketSnapshotDelta.AverageTradeSize_Yes()' [c:\Users\Peter\Documents\GitHub\kalshi-trading-bot\BacklashDTOs\BacklashDTOs.csproj]
c:\Users\Peter\Documents\GitHub\kalshi-trading-bot\BacklashDTOs\MarketSnapshotDeltas.cs(76,24): warning CS1591: Missing XML comment for publicly visible type or member 'MarketSnapshotDelta.AverageTradeSize_No()' [c:\Users\Peter\Documents\GitHub\kalshi-trading-bot\BacklashDTOs\BacklashDTOs.csproj]
c:\Users\Peter\Documents\GitHub\kalshi-trading-bot\BacklashDTOs\MarketSnapshotDeltas.cs(78,21): warning CS1591: Missing XML comment for publicly visible type or member 'MarketSnapshotDelta.TradeCount_Yes()' [c:\Users\Peter\Documents\GitHub\kalshi-trading-bot\BacklashDTOs\BacklashDTOs.csproj]
c:\Users\Peter\Documents\GitHub\kalshi-trading-bot\BacklashDTOs\MarketSnapshotDeltas.cs(79,21): warning CS1591: Missing XML comment for publicly visible type or member 'MarketSnapshotDelta.TradeCount_No()' [c:\Users\Peter\Documents\GitHub\kalshi-trading-bot\BacklashDTOs\BacklashDTOs.csproj]
c:\Users\Peter\Documents\GitHub\kalshi-trading-bot\BacklashDTOs\MarketSnapshotDeltas.cs(81,21): warning CS1591: Missing XML comment for publicly visible type or member 'MarketSnapshotDelta.NonTradeRelatedOrderCount_Yes()' [c:\Users\Peter\Documents\GitHub\kalshi-trading-bot\BacklashDTOs\BacklashDTOs.csproj]
c:\Users\Peter\Documents\GitHub\kalshi-trading-bot\BacklashDTOs\MarketSnapshotDeltas.cs(82,21): warning CS1591: Missing XML comment for publicly visible type or member 'MarketSnapshotDelta.NonTradeRelatedOrderCount_No()' [c:\Users\Peter\Documents\GitHub\kalshi-trading-bot\BacklashDTOs\BacklashDTOs.csproj]
c:\Users\Peter\Documents\GitHub\kalshi-trading-bot\BacklashDTOs\MarketSnapshotDeltas.cs(84,24): warning CS1591: Missing XML comment for publicly visible type or member 'MarketSnapshotDelta.HighestVolume_Day()' [c:\Users\Peter\Documents\GitHub\kalshi-trading-bot\BacklashDTOs\BacklashDTOs.csproj]
c:\Users\Peter\Documents\GitHub\kalshi-trading-bot\BacklashDTOs\MarketSnapshotDeltas.cs(85,24): warning CS1591: Missing XML comment for publicly visible type or member 'MarketSnapshotDelta.HighestVolume_Hour()' [c:\Users\Peter\Documents\GitHub\kalshi-trading-bot\BacklashDTOs\BacklashDTOs.csproj]
c:\Users\Peter\Documents\GitHub\kalshi-trading-bot\BacklashDTOs\MarketSnapshotDeltas.cs(86,24): warning CS1591: Missing XML comment for publicly visible type or member 'MarketSnapshotDelta.HighestVolume_Minute()' [c:\Users\Peter\Documents\GitHub\kalshi-trading-bot\BacklashDTOs\BacklashDTOs.csproj]
c:\Users\Peter\Documents\GitHub\kalshi-trading-bot\BacklashDTOs\MarketSnapshotDeltas.cs(88,24): warning CS1591: Missing XML comment for publicly visible type or member 'MarketSnapshotDelta.RecentVolume_LastHour()' [c:\Users\Peter\Documents\GitHub\kalshi-trading-bot\BacklashDTOs\BacklashDTOs.csproj]
c:\Users\Peter\Documents\GitHub\kalshi-trading-bot\BacklashDTOs\MarketSnapshotDeltas.cs(89,24): warning CS1591: Missing XML comment for publicly visible type or member 'MarketSnapshotDelta.RecentVolume_LastThreeHours()' [c:\Users\Peter\Documents\GitHub\kalshi-trading-bot\BacklashDTOs\BacklashDTOs.csproj]
c:\Users\Peter\Documents\GitHub\kalshi-trading-bot\BacklashDTOs\MarketSnapshotDeltas.cs(90,24): warning CS1591: Missing XML comment for publicly visible type or member 'MarketSnapshotDelta.RecentVolume_LastMonth()' [c:\Users\Peter\Documents\GitHub\kalshi-trading-bot\BacklashDTOs\BacklashDTOs.csproj]
c:\Users\Peter\Documents\GitHub\kalshi-trading-bot\BacklashDTOs\MarketSnapshotDeltas.cs(92,24): warning CS1591: Missing XML comment for publicly visible type or member 'MarketSnapshotDelta.VelocityPerMinute_Bottom_Yes_Bid()' [c:\Users\Peter\Documents\GitHub\kalshi-trading-bot\BacklashDTOs\BacklashDTOs.csproj]
c:\Users\Peter\Documents\GitHub\kalshi-trading-bot\BacklashDTOs\MarketSnapshotDeltas.cs(93,21): warning CS1591: Missing XML comment for publicly visible type or member 'MarketSnapshotDelta.LevelCount_Bottom_Yes_Bid()' [c:\Users\Peter\Documents\GitHub\kalshi-trading-bot\BacklashDTOs\BacklashDTOs.csproj]
c:\Users\Peter\Documents\GitHub\kalshi-trading-bot\BacklashDTOs\MarketSnapshotDeltas.cs(94,24): warning CS1591: Missing XML comment for publicly visible type or member 'MarketSnapshotDelta.VelocityPerMinute_Bottom_No_Bid()' [c:\Users\Peter\Documents\GitHub\kalshi-trading-bot\BacklashDTOs\BacklashDTOs.csproj]
c:\Users\Peter\Documents\GitHub\kalshi-trading-bot\BacklashDTOs\MarketSnapshotDeltas.cs(95,21): warning CS1591: Missing XML comment for publicly visible type or member 'MarketSnapshotDelta.LevelCount_Bottom_No_Bid()' [c:\Users\Peter\Documents\GitHub\kalshi-trading-bot\BacklashDTOs\BacklashDTOs.csproj]
c:\Users\Peter\Documents\GitHub\kalshi-trading-bot\BacklashDTOs\MarketSnapshotDeltas.cs(97,24): warning CS1591: Missing XML comment for publicly visible type or member 'MarketSnapshotDelta.VelocityPerMinute_Top_Yes_Bid()' [c:\Users\Peter\Documents\GitHub\kalshi-trading-bot\BacklashDTOs\BacklashDTOs.csproj]
c:\Users\Peter\Documents\GitHub\kalshi-trading-bot\BacklashDTOs\MarketSnapshotDeltas.cs(98,21): warning CS1591: Missing XML comment for publicly visible type or member 'MarketSnapshotDelta.LevelCount_Top_Yes_Bid()' [c:\Users\Peter\Documents\GitHub\kalshi-trading-bot\BacklashDTOs\BacklashDTOs.csproj]
c:\Users\Peter\Documents\GitHub\kalshi-trading-bot\BacklashDTOs\MarketSnapshotDeltas.cs(99,24): warning CS1591: Missing XML comment for publicly visible type or member 'MarketSnapshotDelta.VelocityPerMinute_Top_No_Bid()' [c:\Users\Peter\Documents\GitHub\kalshi-trading-bot\BacklashDTOs\BacklashDTOs.csproj]
c:\Users\Peter\Documents\GitHub\kalshi-trading-bot\BacklashDTOs\MarketSnapshotDeltas.cs(100,21): warning CS1591: Missing XML comment for publicly visible type or member 'MarketSnapshotDelta.LevelCount_Top_No_Bid()' [c:\Users\Peter\Documents\GitHub\kalshi-trading-bot\BacklashDTOs\BacklashDTOs.csproj]
c:\Users\Peter\Documents\GitHub\kalshi-trading-bot\BacklashDTOs\MarketSnapshotDeltas.cs(102,21): warning CS1591: Missing XML comment for publicly visible type or member 'MarketSnapshotDelta.BestYesBid()' [c:\Users\Peter\Documents\GitHub\kalshi-trading-bot\BacklashDTOs\BacklashDTOs.csproj]
c:\Users\Peter\Documents\GitHub\kalshi-trading-bot\BacklashDTOs\MarketSnapshotDeltas.cs(103,21): warning CS1591: Missing XML comment for publicly visible type or member 'MarketSnapshotDelta.BestNoBid()' [c:\Users\Peter\Documents\GitHub\kalshi-trading-bot\BacklashDTOs\BacklashDTOs.csproj]
c:\Users\Peter\Documents\GitHub\kalshi-trading-bot\BacklashDTOs\MarketSnapshotDeltas.cs(105,21): warning CS1591: Missing XML comment for publicly visible type or member 'MarketSnapshotDelta.YesSpread()' [c:\Users\Peter\Documents\GitHub\kalshi-trading-bot\BacklashDTOs\BacklashDTOs.csproj]
c:\Users\Peter\Documents\GitHub\kalshi-trading-bot\BacklashDTOs\MarketSnapshotDeltas.cs(106,21): warning CS1591: Missing XML comment for publicly visible type or member 'MarketSnapshotDelta.NoSpread()' [c:\Users\Peter\Documents\GitHub\kalshi-trading-bot\BacklashDTOs\BacklashDTOs.csproj]
c:\Users\Peter\Documents\GitHub\kalshi-trading-bot\BacklashDTOs\MarketSnapshotDeltas.cs(108,21): warning CS1591: Missing XML comment for publicly visible type or member 'MarketSnapshotDelta.DepthAtBestYesBid()' [c:\Users\Peter\Documents\GitHub\kalshi-trading-bot\BacklashDTOs\BacklashDTOs.csproj]
c:\Users\Peter\Documents\GitHub\kalshi-trading-bot\BacklashDTOs\MarketSnapshotDeltas.cs(109,21): warning CS1591: Missing XML comment for publicly visible type or member 'MarketSnapshotDelta.DepthAtBestNoBid()' [c:\Users\Peter\Documents\GitHub\kalshi-trading-bot\BacklashDTOs\BacklashDTOs.csproj]
c:\Users\Peter\Documents\GitHub\kalshi-trading-bot\BacklashDTOs\MarketSnapshotDeltas.cs(111,21): warning CS1591: Missing XML comment for publicly visible type or member 'MarketSnapshotDelta.TopTenPercentLevelDepth_Yes()' [c:\Users\Peter\Documents\GitHub\kalshi-trading-bot\BacklashDTOs\BacklashDTOs.csproj]
c:\Users\Peter\Documents\GitHub\kalshi-trading-bot\BacklashDTOs\MarketSnapshotDeltas.cs(112,21): warning CS1591: Missing XML comment for publicly visible type or member 'MarketSnapshotDelta.TopTenPercentLevelDepth_No()' [c:\Users\Peter\Documents\GitHub\kalshi-trading-bot\BacklashDTOs\BacklashDTOs.csproj]
c:\Users\Peter\Documents\GitHub\kalshi-trading-bot\BacklashDTOs\MarketSnapshotDeltas.cs(114,21): warning CS1591: Missing XML comment for publicly visible type or member 'MarketSnapshotDelta.BidRange_Yes()' [c:\Users\Peter\Documents\GitHub\kalshi-trading-bot\BacklashDTOs\BacklashDTOs.csproj]
c:\Users\Peter\Documents\GitHub\kalshi-trading-bot\BacklashDTOs\MarketSnapshotDeltas.cs(115,21): warning CS1591: Missing XML comment for publicly visible type or member 'MarketSnapshotDelta.BidRange_No()' [c:\Users\Peter\Documents\GitHub\kalshi-trading-bot\BacklashDTOs\BacklashDTOs.csproj]
c:\Users\Peter\Documents\GitHub\kalshi-trading-bot\BacklashDTOs\MarketSnapshotDeltas.cs(117,21): warning CS1591: Missing XML comment for publicly visible type or member 'MarketSnapshotDelta.TotalBidContracts_Yes()' [c:\Users\Peter\Documents\GitHub\kalshi-trading-bot\BacklashDTOs\BacklashDTOs.csproj]
c:\Users\Peter\Documents\GitHub\kalshi-trading-bot\BacklashDTOs\MarketSnapshotDeltas.cs(118,21): warning CS1591: Missing XML comment for publicly visible type or member 'MarketSnapshotDelta.TotalBidContracts_No()' [c:\Users\Peter\Documents\GitHub\kalshi-trading-bot\BacklashDTOs\BacklashDTOs.csproj]
c:\Users\Peter\Documents\GitHub\kalshi-trading-bot\BacklashDTOs\MarketSnapshotDeltas.cs(120,21): warning CS1591: Missing XML comment for publicly visible type or member 'MarketSnapshotDelta.BidCountImbalance()' [c:\Users\Peter\Documents\GitHub\kalshi-trading-bot\BacklashDTOs\BacklashDTOs.csproj]
c:\Users\Peter\Documents\GitHub\kalshi-trading-bot\BacklashDTOs\MarketSnapshotDeltas.cs(121,24): warning CS1591: Missing XML comment for publicly visible type or member 'MarketSnapshotDelta.BidVolumeImbalance()' [c:\Users\Peter\Documents\GitHub\kalshi-trading-bot\BacklashDTOs\BacklashDTOs.csproj]
c:\Users\Peter\Documents\GitHub\kalshi-trading-bot\BacklashDTOs\MarketSnapshotDeltas.cs(123,21): warning CS1591: Missing XML comment for publicly visible type or member 'MarketSnapshotDelta.DepthAtTop4YesBids()' [c:\Users\Peter\Documents\GitHub\kalshi-trading-bot\BacklashDTOs\BacklashDTOs.csproj]
c:\Users\Peter\Documents\GitHub\kalshi-trading-bot\BacklashDTOs\MarketSnapshotDeltas.cs(124,21): warning CS1591: Missing XML comment for publicly visible type or member 'MarketSnapshotDelta.DepthAtTop4NoBids()' [c:\Users\Peter\Documents\GitHub\kalshi-trading-bot\BacklashDTOs\BacklashDTOs.csproj]
c:\Users\Peter\Documents\GitHub\kalshi-trading-bot\BacklashDTOs\MarketSnapshotDeltas.cs(126,24): warning CS1591: Missing XML comment for publicly visible type or member 'MarketSnapshotDelta.TotalBidVolume_Yes()' [c:\Users\Peter\Documents\GitHub\kalshi-trading-bot\BacklashDTOs\BacklashDTOs.csproj]
c:\Users\Peter\Documents\GitHub\kalshi-trading-bot\BacklashDTOs\MarketSnapshotDeltas.cs(127,24): warning CS1591: Missing XML comment for publicly visible type or member 'MarketSnapshotDelta.TotalBidVolume_No()' [c:\Users\Peter\Documents\GitHub\kalshi-trading-bot\BacklashDTOs\BacklashDTOs.csproj]
c:\Users\Peter\Documents\GitHub\kalshi-trading-bot\BacklashDTOs\MarketSnapshotDeltas.cs(129,24): warning CS1591: Missing XML comment for publicly visible type or member 'MarketSnapshotDelta.RSI_Short()' [c:\Users\Peter\Documents\GitHub\kalshi-trading-bot\BacklashDTOs\BacklashDTOs.csproj]
c:\Users\Peter\Documents\GitHub\kalshi-trading-bot\BacklashDTOs\MarketSnapshotDeltas.cs(130,24): warning CS1591: Missing XML comment for publicly visible type or member 'MarketSnapshotDelta.RSI_Medium()' [c:\Users\Peter\Documents\GitHub\kalshi-trading-bot\BacklashDTOs\BacklashDTOs.csproj]
c:\Users\Peter\Documents\GitHub\kalshi-trading-bot\BacklashDTOs\MarketSnapshotDeltas.cs(131,24): warning CS1591: Missing XML comment for publicly visible type or member 'MarketSnapshotDelta.RSI_Long()' [c:\Users\Peter\Documents\GitHub\kalshi-trading-bot\BacklashDTOs\BacklashDTOs.csproj]
c:\Users\Peter\Documents\GitHub\kalshi-trading-bot\BacklashDTOs\MarketSnapshotDeltas.cs(134,24): warning CS1591: Missing XML comment for publicly visible type or member 'MarketSnapshotDelta.MACD_Medium_MACD()' [c:\Users\Peter\Documents\GitHub\kalshi-trading-bot\BacklashDTOs\BacklashDTOs.csproj]
c:\Users\Peter\Documents\GitHub\kalshi-trading-bot\BacklashDTOs\MarketSnapshotDeltas.cs(135,24): warning CS1591: Missing XML comment for publicly visible type or member 'MarketSnapshotDelta.MACD_Medium_Signal()' [c:\Users\Peter\Documents\GitHub\kalshi-trading-bot\BacklashDTOs\BacklashDTOs.csproj]
c:\Users\Peter\Documents\GitHub\kalshi-trading-bot\BacklashDTOs\MarketSnapshotDeltas.cs(136,24): warning CS1591: Missing XML comment for publicly visible type or member 'MarketSnapshotDelta.MACD_Medium_Histogram()' [c:\Users\Peter\Documents\GitHub\kalshi-trading-bot\BacklashDTOs\BacklashDTOs.csproj]
c:\Users\Peter\Documents\GitHub\kalshi-trading-bot\BacklashDTOs\MarketSnapshotDeltas.cs(138,24): warning CS1591: Missing XML comment for publicly visible type or member 'MarketSnapshotDelta.MACD_Long_MACD()' [c:\Users\Peter\Documents\GitHub\kalshi-trading-bot\BacklashDTOs\BacklashDTOs.csproj]
c:\Users\Peter\Documents\GitHub\kalshi-trading-bot\BacklashDTOs\MarketSnapshotDeltas.cs(139,24): warning CS1591: Missing XML comment for publicly visible type or member 'MarketSnapshotDelta.MACD_Long_Signal()' [c:\Users\Peter\Documents\GitHub\kalshi-trading-bot\BacklashDTOs\BacklashDTOs.csproj]
c:\Users\Peter\Documents\GitHub\kalshi-trading-bot\BacklashDTOs\MarketSnapshotDeltas.cs(140,24): warning CS1591: Missing XML comment for publicly visible type or member 'MarketSnapshotDelta.MACD_Long_Histogram()' [c:\Users\Peter\Documents\GitHub\kalshi-trading-bot\BacklashDTOs\BacklashDTOs.csproj]
c:\Users\Peter\Documents\GitHub\kalshi-trading-bot\BacklashDTOs\MarketSnapshotDeltas.cs(142,24): warning CS1591: Missing XML comment for publicly visible type or member 'MarketSnapshotDelta.EMA_Medium()' [c:\Users\Peter\Documents\GitHub\kalshi-trading-bot\BacklashDTOs\BacklashDTOs.csproj]
c:\Users\Peter\Documents\GitHub\kalshi-trading-bot\BacklashDTOs\MarketSnapshotDeltas.cs(143,24): warning CS1591: Missing XML comment for publicly visible type or member 'MarketSnapshotDelta.EMA_Long()' [c:\Users\Peter\Documents\GitHub\kalshi-trading-bot\BacklashDTOs\BacklashDTOs.csproj]
c:\Users\Peter\Documents\GitHub\kalshi-trading-bot\BacklashDTOs\MarketSnapshotDeltas.cs(146,24): warning CS1591: Missing XML comment for publicly visible type or member 'MarketSnapshotDelta.BollingerBands_Medium_Lower()' [c:\Users\Peter\Documents\GitHub\kalshi-trading-bot\BacklashDTOs\BacklashDTOs.csproj]
c:\Users\Peter\Documents\GitHub\kalshi-trading-bot\BacklashDTOs\MarketSnapshotDeltas.cs(147,24): warning CS1591: Missing XML comment for publicly visible type or member 'MarketSnapshotDelta.BollingerBands_Medium_Middle()' [c:\Users\Peter\Documents\GitHub\kalshi-trading-bot\BacklashDTOs\BacklashDTOs.csproj]
c:\Users\Peter\Documents\GitHub\kalshi-trading-bot\BacklashDTOs\MarketSnapshotDeltas.cs(148,24): warning CS1591: Missing XML comment for publicly visible type or member 'MarketSnapshotDelta.BollingerBands_Medium_Upper()' [c:\Users\Peter\Documents\GitHub\kalshi-trading-bot\BacklashDTOs\BacklashDTOs.csproj]
c:\Users\Peter\Documents\GitHub\kalshi-trading-bot\BacklashDTOs\MarketSnapshotDeltas.cs(150,24): warning CS1591: Missing XML comment for publicly visible type or member 'MarketSnapshotDelta.BollingerBands_Long_Lower()' [c:\Users\Peter\Documents\GitHub\kalshi-trading-bot\BacklashDTOs\BacklashDTOs.csproj]
c:\Users\Peter\Documents\GitHub\kalshi-trading-bot\BacklashDTOs\MarketSnapshotDeltas.cs(151,24): warning CS1591: Missing XML comment for publicly visible type or member 'MarketSnapshotDelta.BollingerBands_Long_Middle()' [c:\Users\Peter\Documents\GitHub\kalshi-trading-bot\BacklashDTOs\BacklashDTOs.csproj]
c:\Users\Peter\Documents\GitHub\kalshi-trading-bot\BacklashDTOs\MarketSnapshotDeltas.cs(152,24): warning CS1591: Missing XML comment for publicly visible type or member 'MarketSnapshotDelta.BollingerBands_Long_Upper()' [c:\Users\Peter\Documents\GitHub\kalshi-trading-bot\BacklashDTOs\BacklashDTOs.csproj]
c:\Users\Peter\Documents\GitHub\kalshi-trading-bot\BacklashDTOs\MarketSnapshotDeltas.cs(154,24): warning CS1591: Missing XML comment for publicly visible type or member 'MarketSnapshotDelta.ATR_Medium()' [c:\Users\Peter\Documents\GitHub\kalshi-trading-bot\BacklashDTOs\BacklashDTOs.csproj]
c:\Users\Peter\Documents\GitHub\kalshi-trading-bot\BacklashDTOs\MarketSnapshotDeltas.cs(155,24): warning CS1591: Missing XML comment for publicly visible type or member 'MarketSnapshotDelta.ATR_Long()' [c:\Users\Peter\Documents\GitHub\kalshi-trading-bot\BacklashDTOs\BacklashDTOs.csproj]
c:\Users\Peter\Documents\GitHub\kalshi-trading-bot\BacklashDTOs\MarketSnapshotDeltas.cs(157,24): warning CS1591: Missing XML comment for publicly visible type or member 'MarketSnapshotDelta.VWAP_Short()' [c:\Users\Peter\Documents\GitHub\kalshi-trading-bot\BacklashDTOs\BacklashDTOs.csproj]
c:\Users\Peter\Documents\GitHub\kalshi-trading-bot\BacklashDTOs\MarketSnapshotDeltas.cs(158,24): warning CS1591: Missing XML comment for publicly visible type or member 'MarketSnapshotDelta.VWAP_Medium()' [c:\Users\Peter\Documents\GitHub\kalshi-trading-bot\BacklashDTOs\BacklashDTOs.csproj]
c:\Users\Peter\Documents\GitHub\kalshi-trading-bot\BacklashDTOs\MarketSnapshotDeltas.cs(161,24): warning CS1591: Missing XML comment for publicly visible type or member 'MarketSnapshotDelta.StochasticOscillator_Short_K()' [c:\Users\Peter\Documents\GitHub\kalshi-trading-bot\BacklashDTOs\BacklashDTOs.csproj]
c:\Users\Peter\Documents\GitHub\kalshi-trading-bot\BacklashDTOs\MarketSnapshotDeltas.cs(162,24): warning CS1591: Missing XML comment for publicly visible type or member 'MarketSnapshotDelta.StochasticOscillator_Short_D()' [c:\Users\Peter\Documents\GitHub\kalshi-trading-bot\BacklashDTOs\BacklashDTOs.csproj]
c:\Users\Peter\Documents\GitHub\kalshi-trading-bot\BacklashDTOs\MarketSnapshotDeltas.cs(164,24): warning CS1591: Missing XML comment for publicly visible type or member 'MarketSnapshotDelta.StochasticOscillator_Medium_K()' [c:\Users\Peter\Documents\GitHub\kalshi-trading-bot\BacklashDTOs\BacklashDTOs.csproj]
c:\Users\Peter\Documents\GitHub\kalshi-trading-bot\BacklashDTOs\MarketSnapshotDeltas.cs(165,24): warning CS1591: Missing XML comment for publicly visible type or member 'MarketSnapshotDelta.StochasticOscillator_Medium_D()' [c:\Users\Peter\Documents\GitHub\kalshi-trading-bot\BacklashDTOs\BacklashDTOs.csproj]
c:\Users\Peter\Documents\GitHub\kalshi-trading-bot\BacklashDTOs\MarketSnapshotDeltas.cs(167,24): warning CS1591: Missing XML comment for publicly visible type or member 'MarketSnapshotDelta.StochasticOscillator_Long_K()' [c:\Users\Peter\Documents\GitHub\kalshi-trading-bot\BacklashDTOs\BacklashDTOs.csproj]
c:\Users\Peter\Documents\GitHub\kalshi-trading-bot\BacklashDTOs\MarketSnapshotDeltas.cs(168,24): warning CS1591: Missing XML comment for publicly visible type or member 'MarketSnapshotDelta.StochasticOscillator_Long_D()' [c:\Users\Peter\Documents\GitHub\kalshi-trading-bot\BacklashDTOs\BacklashDTOs.csproj]
c:\Users\Peter\Documents\GitHub\kalshi-trading-bot\BacklashDTOs\MarketSnapshotDeltas.cs(170,22): warning CS1591: Missing XML comment for publicly visible type or member 'MarketSnapshotDelta.OBV_Medium()' [c:\Users\Peter\Documents\GitHub\kalshi-trading-bot\BacklashDTOs\BacklashDTOs.csproj]
c:\Users\Peter\Documents\GitHub\kalshi-trading-bot\BacklashDTOs\MarketSnapshotDeltas.cs(171,22): warning CS1591: Missing XML comment for publicly visible type or member 'MarketSnapshotDelta.OBV_Long()' [c:\Users\Peter\Documents\GitHub\kalshi-trading-bot\BacklashDTOs\BacklashDTOs.csproj]
c:\Users\Peter\Documents\GitHub\kalshi-trading-bot\BacklashDTOs\MarketSnapshotDeltas.cs(173,24): warning CS1591: Missing XML comment for publicly visible type or member 'MarketSnapshotDelta.YesBidCenterOfMass()' [c:\Users\Peter\Documents\GitHub\kalshi-trading-bot\BacklashDTOs\BacklashDTOs.csproj]
c:\Users\Peter\Documents\GitHub\kalshi-trading-bot\BacklashDTOs\MarketSnapshotDeltas.cs(174,24): warning CS1591: Missing XML comment for publicly visible type or member 'MarketSnapshotDelta.NoBidCenterOfMass()' [c:\Users\Peter\Documents\GitHub\kalshi-trading-bot\BacklashDTOs\BacklashDTOs.csproj]
c:\Users\Peter\Documents\GitHub\kalshi-trading-bot\BacklashDTOs\MarketSnapshotDeltas.cs(176,26): warning CS1591: Missing XML comment for publicly visible type or member 'MarketSnapshotDelta.MarketAge()' [c:\Users\Peter\Documents\GitHub\kalshi-trading-bot\BacklashDTOs\BacklashDTOs.csproj]
c:\Users\Peter\Documents\GitHub\kalshi-trading-bot\BacklashDTOs\MarketSnapshotDeltas.cs(177,26): warning CS1591: Missing XML comment for publicly visible type or member 'MarketSnapshotDelta.TimeLeft()' [c:\Users\Peter\Documents\GitHub\kalshi-trading-bot\BacklashDTOs\BacklashDTOs.csproj]
c:\Users\Peter\Documents\GitHub\kalshi-trading-bot\BacklashDTOs\MarketSnapshotDeltas.cs(179,22): warning CS1591: Missing XML comment for publicly visible type or member 'MarketSnapshotDelta.ChangeMetricsMature()' [c:\Users\Peter\Documents\GitHub\kalshi-trading-bot\BacklashDTOs\BacklashDTOs.csproj]
c:\Users\Peter\Documents\GitHub\kalshi-trading-bot\BacklashDTOs\MarketSnapshotDeltas.cs(180,22): warning CS1591: Missing XML comment for publicly visible type or member 'MarketSnapshotDelta.CanCloseEarly()' [c:\Users\Peter\Documents\GitHub\kalshi-trading-bot\BacklashDTOs\BacklashDTOs.csproj]
c:\Users\Peter\Documents\GitHub\kalshi-trading-bot\BacklashDTOs\MarketSnapshotDeltas.cs(182,26): warning CS1591: Missing XML comment for publicly visible type or member 'MarketSnapshotDelta.LastWebSocketMessageReceived()' [c:\Users\Peter\Documents\GitHub\kalshi-trading-bot\BacklashDTOs\BacklashDTOs.csproj]
c:\Users\Peter\Documents\GitHub\kalshi-trading-bot\BacklashDTOs\MarketSnapshotDeltas.cs(184,26): warning CS1591: Missing XML comment for publicly visible type or member 'MarketSnapshotDelta.HoldTime()' [c:\Users\Peter\Documents\GitHub\kalshi-trading-bot\BacklashDTOs\BacklashDTOs.csproj]
c:\Users\Peter\Documents\GitHub\kalshi-trading-bot\BacklashDTOs\MarketSnapshotDeltas.cs(186,24): warning CS1591: Missing XML comment for publicly visible type or member 'MarketSnapshotDelta.OrderVolumePerMinute_YesBid()' [c:\Users\Peter\Documents\GitHub\kalshi-trading-bot\BacklashDTOs\BacklashDTOs.csproj]
c:\Users\Peter\Documents\GitHub\kalshi-trading-bot\BacklashDTOs\MarketSnapshotDeltas.cs(187,24): warning CS1591: Missing XML comment for publicly visible type or member 'MarketSnapshotDelta.OrderVolumePerMinute_NoBid()' [c:\Users\Peter\Documents\GitHub\kalshi-trading-bot\BacklashDTOs\BacklashDTOs.csproj]
c:\Users\Peter\Documents\GitHub\kalshi-trading-bot\BacklashDTOs\MarketSnapshotDeltas.cs(189,24): warning CS1591: Missing XML comment for publicly visible type or member 'MarketSnapshotDelta.TolerancePercentage()' [c:\Users\Peter\Documents\GitHub\kalshi-trading-bot\BacklashDTOs\BacklashDTOs.csproj]
c:\Users\Peter\Documents\GitHub\kalshi-trading-bot\BacklashDTOs\MarketSnapshotDeltas.cs(191,24): warning CS1591: Missing XML comment for publicly visible type or member 'MarketSnapshotDelta.MarketBehaviorYes()' [c:\Users\Peter\Documents\GitHub\kalshi-trading-bot\BacklashDTOs\BacklashDTOs.csproj]
c:\Users\Peter\Documents\GitHub\kalshi-trading-bot\BacklashDTOs\MarketSnapshotDeltas.cs(192,24): warning CS1591: Missing XML comment for publicly visible type or member 'MarketSnapshotDelta.MarketBehaviorNo()' [c:\Users\Peter\Documents\GitHub\kalshi-trading-bot\BacklashDTOs\BacklashDTOs.csproj]
c:\Users\Peter\Documents\GitHub\kalshi-trading-bot\BacklashDTOs\MarketSnapshotDeltas.cs(193,24): warning CS1591: Missing XML comment for publicly visible type or member 'MarketSnapshotDelta.GoodBadPriceYes()' [c:\Users\Peter\Documents\GitHub\kalshi-trading-bot\BacklashDTOs\BacklashDTOs.csproj]
c:\Users\Peter\Documents\GitHub\kalshi-trading-bot\BacklashDTOs\MarketSnapshotDeltas.cs(194,24): warning CS1591: Missing XML comment for publicly visible type or member 'MarketSnapshotDelta.GoodBadPriceNo()' [c:\Users\Peter\Documents\GitHub\kalshi-trading-bot\BacklashDTOs\BacklashDTOs.csproj]
c:\Users\Peter\Documents\GitHub\kalshi-trading-bot\BacklashDTOs\MarketSnapshotDeltas.cs(197,21): warning CS1591: Missing XML comment for publicly visible type or member 'MarketSnapshotDelta.AllTimeHighYes_Bid_Bid()' [c:\Users\Peter\Documents\GitHub\kalshi-trading-bot\BacklashDTOs\BacklashDTOs.csproj]
c:\Users\Peter\Documents\GitHub\kalshi-trading-bot\BacklashDTOs\MarketSnapshotDeltas.cs(198,26): warning CS1591: Missing XML comment for publicly visible type or member 'MarketSnapshotDelta.AllTimeHighYes_Bid_When()' [c:\Users\Peter\Documents\GitHub\kalshi-trading-bot\BacklashDTOs\BacklashDTOs.csproj]
c:\Users\Peter\Documents\GitHub\kalshi-trading-bot\BacklashDTOs\MarketSnapshotDeltas.cs(199,21): warning CS1591: Missing XML comment for publicly visible type or member 'MarketSnapshotDelta.AllTimeLowYes_Bid_Bid()' [c:\Users\Peter\Documents\GitHub\kalshi-trading-bot\BacklashDTOs\BacklashDTOs.csproj]
c:\Users\Peter\Documents\GitHub\kalshi-trading-bot\BacklashDTOs\MarketSnapshotDeltas.cs(200,26): warning CS1591: Missing XML comment for publicly visible type or member 'MarketSnapshotDelta.AllTimeLowYes_Bid_When()' [c:\Users\Peter\Documents\GitHub\kalshi-trading-bot\BacklashDTOs\BacklashDTOs.csproj]
c:\Users\Peter\Documents\GitHub\kalshi-trading-bot\BacklashDTOs\MarketSnapshotDeltas.cs(202,21): warning CS1591: Missing XML comment for publicly visible type or member 'MarketSnapshotDelta.AllTimeHighNo_Bid_Bid()' [c:\Users\Peter\Documents\GitHub\kalshi-trading-bot\BacklashDTOs\BacklashDTOs.csproj]
c:\Users\Peter\Documents\GitHub\kalshi-trading-bot\BacklashDTOs\MarketSnapshotDeltas.cs(203,26): warning CS1591: Missing XML comment for publicly visible type or member 'MarketSnapshotDelta.AllTimeHighNo_Bid_When()' [c:\Users\Peter\Documents\GitHub\kalshi-trading-bot\BacklashDTOs\BacklashDTOs.csproj]
c:\Users\Peter\Documents\GitHub\kalshi-trading-bot\BacklashDTOs\MarketSnapshotDeltas.cs(204,21): warning CS1591: Missing XML comment for publicly visible type or member 'MarketSnapshotDelta.AllTimeLowNo_Bid_Bid()' [c:\Users\Peter\Documents\GitHub\kalshi-trading-bot\BacklashDTOs\BacklashDTOs.csproj]
c:\Users\Peter\Documents\GitHub\kalshi-trading-bot\BacklashDTOs\MarketSnapshotDeltas.cs(205,26): warning CS1591: Missing XML comment for publicly visible type or member 'MarketSnapshotDelta.AllTimeLowNo_Bid_When()' [c:\Users\Peter\Documents\GitHub\kalshi-trading-bot\BacklashDTOs\BacklashDTOs.csproj]
c:\Users\Peter\Documents\GitHub\kalshi-trading-bot\BacklashDTOs\MarketSnapshotDeltas.cs(207,21): warning CS1591: Missing XML comment for publicly visible type or member 'MarketSnapshotDelta.RecentHighYes_Bid_Bid()' [c:\Users\Peter\Documents\GitHub\kalshi-trading-bot\BacklashDTOs\BacklashDTOs.csproj]
c:\Users\Peter\Documents\GitHub\kalshi-trading-bot\BacklashDTOs\MarketSnapshotDeltas.cs(208,26): warning CS1591: Missing XML comment for publicly visible type or member 'MarketSnapshotDelta.RecentHighYes_Bid_When()' [c:\Users\Peter\Documents\GitHub\kalshi-trading-bot\BacklashDTOs\BacklashDTOs.csproj]
c:\Users\Peter\Documents\GitHub\kalshi-trading-bot\BacklashDTOs\MarketSnapshotDeltas.cs(209,21): warning CS1591: Missing XML comment for publicly visible type or member 'MarketSnapshotDelta.RecentLowYes_Bid_Bid()' [c:\Users\Peter\Documents\GitHub\kalshi-trading-bot\BacklashDTOs\BacklashDTOs.csproj]
c:\Users\Peter\Documents\GitHub\kalshi-trading-bot\BacklashDTOs\MarketSnapshotDeltas.cs(210,26): warning CS1591: Missing XML comment for publicly visible type or member 'MarketSnapshotDelta.RecentLowYes_Bid_When()' [c:\Users\Peter\Documents\GitHub\kalshi-trading-bot\BacklashDTOs\BacklashDTOs.csproj]
c:\Users\Peter\Documents\GitHub\kalshi-trading-bot\BacklashDTOs\MarketSnapshotDeltas.cs(212,21): warning CS1591: Missing XML comment for publicly visible type or member 'MarketSnapshotDelta.RecentHighNo_Bid_Bid()' [c:\Users\Peter\Documents\GitHub\kalshi-trading-bot\BacklashDTOs\BacklashDTOs.csproj]
c:\Users\Peter\Documents\GitHub\kalshi-trading-bot\BacklashDTOs\MarketSnapshotDeltas.cs(213,26): warning CS1591: Missing XML comment for publicly visible type or member 'MarketSnapshotDelta.RecentHighNo_Bid_When()' [c:\Users\Peter\Documents\GitHub\kalshi-trading-bot\BacklashDTOs\BacklashDTOs.csproj]
c:\Users\Peter\Documents\GitHub\kalshi-trading-bot\BacklashDTOs\MarketSnapshotDeltas.cs(214,21): warning CS1591: Missing XML comment for publicly visible type or member 'MarketSnapshotDelta.RecentLowNo_Bid_Bid()' [c:\Users\Peter\Documents\GitHub\kalshi-trading-bot\BacklashDTOs\BacklashDTOs.csproj]
c:\Users\Peter\Documents\GitHub\kalshi-trading-bot\BacklashDTOs\MarketSnapshotDeltas.cs(215,26): warning CS1591: Missing XML comment for publicly visible type or member 'MarketSnapshotDelta.RecentLowNo_Bid_When()' [c:\Users\Peter\Documents\GitHub\kalshi-trading-bot\BacklashDTOs\BacklashDTOs.csproj]
c:\Users\Peter\Documents\GitHub\kalshi-trading-bot\BacklashInterfaces\Enums\StrategyEnums.cs(10,21): warning CS1591: Missing XML comment for publicly visible type or member 'StrategyEnums.MarketType' [c:\Users\Peter\Documents\GitHub\kalshi-trading-bot\BacklashInterfaces\BacklashInterfaces.csproj]
c:\Users\Peter\Documents\GitHub\kalshi-trading-bot\BacklashInterfaces\Enums\StrategyEnums.cs(82,21): warning CS1591: Missing XML comment for publicly visible type or member 'StrategyEnums.ActionType' [c:\Users\Peter\Documents\GitHub\kalshi-trading-bot\BacklashInterfaces\BacklashInterfaces.csproj]
c:\Users\Peter\Documents\GitHub\kalshi-trading-bot\BacklashInterfaces\Enums\StrategyEnums.cs(118,21): warning CS1591: Missing XML comment for publicly visible type or member 'StrategyEnums.ComparisonOperator' [c:\Users\Peter\Documents\GitHub\kalshi-trading-bot\BacklashInterfaces\BacklashInterfaces.csproj]
c:\Users\Peter\Documents\GitHub\kalshi-trading-bot\BacklashInterfaces\Enums\StrategyEnums.cs(150,21): warning CS1591: Missing XML comment for publicly visible type or member 'StrategyEnums.Conditions_PriceMovement' [c:\Users\Peter\Documents\GitHub\kalshi-trading-bot\BacklashInterfaces\BacklashInterfaces.csproj]
c:\Users\Peter\Documents\GitHub\kalshi-trading-bot\BacklashInterfaces\Enums\StrategyEnums.cs(170,21): warning CS1591: Missing XML comment for publicly visible type or member 'StrategyEnums.Conditions_Liquidity' [c:\Users\Peter\Documents\GitHub\kalshi-trading-bot\BacklashInterfaces\BacklashInterfaces.csproj]
c:\Users\Peter\Documents\GitHub\kalshi-trading-bot\BacklashInterfaces\Enums\StrategyEnums.cs(186,21): warning CS1591: Missing XML comment for publicly visible type or member 'StrategyEnums.Conditions_ClosingTime' [c:\Users\Peter\Documents\GitHub\kalshi-trading-bot\BacklashInterfaces\BacklashInterfaces.csproj]
c:\Users\Peter\Documents\GitHub\kalshi-trading-bot\BacklashInterfaces\Enums\StrategyEnums.cs(202,21): warning CS1591: Missing XML comment for publicly visible type or member 'StrategyEnums.Conditions_ActivityLevel' [c:\Users\Peter\Documents\GitHub\kalshi-trading-bot\BacklashInterfaces\BacklashInterfaces.csproj]
c:\Users\Peter\Documents\GitHub\kalshi-trading-bot\BacklashInterfaces\Enums\StrategyEnums.cs(218,21): warning CS1591: Missing XML comment for publicly visible type or member 'StrategyEnums.Conditions_UncertaintySignal' [c:\Users\Peter\Documents\GitHub\kalshi-trading-bot\BacklashInterfaces\BacklashInterfaces.csproj]
c:\Users\Peter\Documents\GitHub\kalshi-trading-bot\BacklashInterfaces\Enums\StrategyEnums.cs(231,21): warning CS1591: Missing XML comment for publicly visible type or member 'StrategyEnums.Conditions_MarketCategory' [c:\Users\Peter\Documents\GitHub\kalshi-trading-bot\BacklashInterfaces\BacklashInterfaces.csproj]
c:\Users\Peter\Documents\GitHub\kalshi-trading-bot\BacklashInterfaces\SmokehouseBot\Services\IOverseerClientService.cs(3,22): warning CS1591: Missing XML comment for publicly visible type or member 'IOverseerClientService' [c:\Users\Peter\Documents\GitHub\kalshi-trading-bot\BacklashInterfaces\BacklashInterfaces.csproj]
c:\Users\Peter\Documents\GitHub\kalshi-trading-bot\BacklashInterfaces\SmokehouseBot\Services\IOverseerClientService.cs(5,14): warning CS1591: Missing XML comment for publicly visible type or member 'IOverseerClientService.StartAsync()' [c:\Users\Peter\Documents\GitHub\kalshi-trading-bot\BacklashInterfaces\BacklashInterfaces.csproj]
c:\Users\Peter\Documents\GitHub\kalshi-trading-bot\BacklashInterfaces\SmokehouseBot\Services\IOverseerClientService.cs(6,14): warning CS1591: Missing XML comment for publicly visible type or member 'IOverseerClientService.StopAsync()' [c:\Users\Peter\Documents\GitHub\kalshi-trading-bot\BacklashInterfaces\BacklashInterfaces.csproj]
c:\Users\Peter\Documents\GitHub\kalshi-trading-bot\BacklashInterfaces\KalshiBotData\Data\IBacklashBotContext.cs(7,22): warning CS1591: Missing XML comment for publicly visible type or member 'IBacklashBotContext' [c:\Users\Peter\Documents\GitHub\kalshi-trading-bot\BacklashInterfaces\BacklashInterfaces.csproj]
c:\Users\Peter\Documents\GitHub\kalshi-trading-bot\BacklashInterfaces\KalshiBotData\Data\IBacklashBotContext.cs(10,26): warning CS1591: Missing XML comment for publicly visible type or member 'IBacklashBotContext.GetSeriesByTicker(string)' [c:\Users\Peter\Documents\GitHub\kalshi-trading-bot\BacklashInterfaces\BacklashInterfaces.csproj]
c:\Users\Peter\Documents\GitHub\kalshi-trading-bot\BacklashInterfaces\KalshiBotData\Data\IBacklashBotContext.cs(11,14): warning CS1591: Missing XML comment for publicly visible type or member 'IBacklashBotContext.AddOrUpdateSeries(SeriesDTO)' [c:\Users\Peter\Documents\GitHub\kalshi-trading-bot\BacklashInterfaces\BacklashInterfaces.csproj]
c:\Users\Peter\Documents\GitHub\kalshi-trading-bot\BacklashInterfaces\KalshiBotData\Data\IBacklashBotContext.cs(15,25): warning CS1591: Missing XML comment for publicly visible type or member 'IBacklashBotContext.GetEventByTicker(string)' [c:\Users\Peter\Documents\GitHub\kalshi-trading-bot\BacklashInterfaces\BacklashInterfaces.csproj]
c:\Users\Peter\Documents\GitHub\kalshi-trading-bot\BacklashInterfaces\KalshiBotData\Data\IBacklashBotContext.cs(16,14): warning CS1591: Missing XML comment for publicly visible type or member 'IBacklashBotContext.AddOrUpdateEvent(EventDTO)' [c:\Users\Peter\Documents\GitHub\kalshi-trading-bot\BacklashInterfaces\BacklashInterfaces.csproj]
c:\Users\Peter\Documents\GitHub\kalshi-trading-bot\BacklashInterfaces\KalshiBotData\Data\IBacklashBotContext.cs(17,14): warning CS1591: Missing XML comment for publicly visible type or member 'IBacklashBotContext.AddOrUpdateEvents(List<EventDTO>)' [c:\Users\Peter\Documents\GitHub\kalshi-trading-bot\BacklashInterfaces\BacklashInterfaces.csproj]
c:\Users\Peter\Documents\GitHub\kalshi-trading-bot\BacklashInterfaces\KalshiBotData\Data\IBacklashBotContext.cs(21,26): warning CS1591: Missing XML comment for publicly visible type or member 'IBacklashBotContext.GetMarketByTicker(string)' [c:\Users\Peter\Documents\GitHub\kalshi-trading-bot\BacklashInterfaces\BacklashInterfaces.csproj]
c:\Users\Peter\Documents\GitHub\kalshi-trading-bot\BacklashInterfaces\KalshiBotData\Data\IBacklashBotContext.cs(22,31): warning CS1591: Missing XML comment for publicly visible type or member 'IBacklashBotContext.GetLatestCandlestick(string, int?)' [c:\Users\Peter\Documents\GitHub\kalshi-trading-bot\BacklashInterfaces\BacklashInterfaces.csproj]
c:\Users\Peter\Documents\GitHub\kalshi-trading-bot\BacklashInterfaces\KalshiBotData\Data\IBacklashBotContext.cs(23,31): warning CS1591: Missing XML comment for publicly visible type or member 'IBacklashBotContext.GetMarketWatchByTicker(string)' [c:\Users\Peter\Documents\GitHub\kalshi-trading-bot\BacklashInterfaces\BacklashInterfaces.csproj]
c:\Users\Peter\Documents\GitHub\kalshi-trading-bot\BacklashInterfaces\KalshiBotData\Data\IBacklashBotContext.cs(24,31): warning CS1591: Missing XML comment for publicly visible type or member 'IBacklashBotContext.GetMarketsFiltered(HashSet<string>?, HashSet<string>?, HashSet<string>?, HashSet<string>?, bool?, double?, DateTime?, DateTime?)' [c:\Users\Peter\Documents\GitHub\kalshi-trading-bot\BacklashInterfaces\BacklashInterfaces.csproj]
c:\Users\Peter\Documents\GitHub\kalshi-trading-bot\BacklashInterfaces\KalshiBotData\Data\IBacklashBotContext.cs(28,39): warning CS1591: Missing XML comment for publicly visible type or member 'IBacklashBotContext.GetMarketWatchesFiltered(HashSet<string>?, HashSet<Guid>?, HashSet<Guid>?, bool?, double?, double?, DateTime?)' [c:\Users\Peter\Documents\GitHub\kalshi-trading-bot\BacklashInterfaces\BacklashInterfaces.csproj]
c:\Users\Peter\Documents\GitHub\kalshi-trading-bot\BacklashInterfaces\KalshiBotData\Data\IBacklashBotContext.cs(31,38): warning CS1591: Missing XML comment for publicly visible type or member 'IBacklashBotContext.GetSnapshotGroupsFiltered(List<string>?, int?)' [c:\Users\Peter\Documents\GitHub\kalshi-trading-bot\BacklashInterfaces\BacklashInterfaces.csproj]
c:\Users\Peter\Documents\GitHub\kalshi-trading-bot\BacklashInterfaces\KalshiBotData\Data\IBacklashBotContext.cs(32,33): warning CS1591: Missing XML comment for publicly visible type or member 'IBacklashBotContext.GetSnapshotsFiltered(string?, bool?, DateTime?, DateTime?, int?, int?)' [c:\Users\Peter\Documents\GitHub\kalshi-trading-bot\BacklashInterfaces\BacklashInterfaces.csproj]
c:\Users\Peter\Documents\GitHub\kalshi-trading-bot\BacklashInterfaces\KalshiBotData\Data\IBacklashBotContext.cs(34,36): warning CS1591: Missing XML comment for publicly visible type or member 'IBacklashBotContext.GetFinalizedMarketWatchesByBrainLock(Guid)' [c:\Users\Peter\Documents\GitHub\kalshi-trading-bot\BacklashInterfaces\BacklashInterfaces.csproj]
c:\Users\Peter\Documents\GitHub\kalshi-trading-bot\BacklashInterfaces\KalshiBotData\Data\IBacklashBotContext.cs(35,31): warning CS1591: Missing XML comment for publicly visible type or member 'IBacklashBotContext.GetMarketTickersWithSnapshots()' [c:\Users\Peter\Documents\GitHub\kalshi-trading-bot\BacklashInterfaces\BacklashInterfaces.csproj]
c:\Users\Peter\Documents\GitHub\kalshi-trading-bot\BacklashInterfaces\KalshiBotData\Data\IBacklashBotContext.cs(36,31): warning CS1591: Missing XML comment for publicly visible type or member 'IBacklashBotContext.GetMarketsWithSnapshots()' [c:\Users\Peter\Documents\GitHub\kalshi-trading-bot\BacklashInterfaces\BacklashInterfaces.csproj]
c:\Users\Peter\Documents\GitHub\kalshi-trading-bot\BacklashInterfaces\KalshiBotData\Data\IBacklashBotContext.cs(37,31): warning CS1591: Missing XML comment for publicly visible type or member 'IBacklashBotContext.GetInactiveMarketsWithNoSnapshots()' [c:\Users\Peter\Documents\GitHub\kalshi-trading-bot\BacklashInterfaces\BacklashInterfaces.csproj]
c:\Users\Peter\Documents\GitHub\kalshi-trading-bot\BacklashInterfaces\KalshiBotData\Data\IBacklashBotContext.cs(38,31): warning CS1591: Missing XML comment for publicly visible type or member 'IBacklashBotContext.GetInactiveMarketTickersWithoutSnapshots()' [c:\Users\Peter\Documents\GitHub\kalshi-trading-bot\BacklashInterfaces\BacklashInterfaces.csproj]
c:\Users\Peter\Documents\GitHub\kalshi-trading-bot\BacklashInterfaces\KalshiBotData\Data\IBacklashBotContext.cs(39,31): warning CS1591: Missing XML comment for publicly visible type or member 'IBacklashBotContext.GetProcessedMarkets()' [c:\Users\Peter\Documents\GitHub\kalshi-trading-bot\BacklashInterfaces\BacklashInterfaces.csproj]
c:\Users\Peter\Documents\GitHub\kalshi-trading-bot\BacklashInterfaces\KalshiBotData\Data\IBacklashBotContext.cs(40,14): warning CS1591: Missing XML comment for publicly visible type or member 'IBacklashBotContext.AddOrUpdateMarket(MarketDTO)' [c:\Users\Peter\Documents\GitHub\kalshi-trading-bot\BacklashInterfaces\BacklashInterfaces.csproj]
c:\Users\Peter\Documents\GitHub\kalshi-trading-bot\BacklashInterfaces\KalshiBotData\Data\IBacklashBotContext.cs(41,14): warning CS1591: Missing XML comment for publicly visible type or member 'IBacklashBotContext.DeleteMarket(string)' [c:\Users\Peter\Documents\GitHub\kalshi-trading-bot\BacklashInterfaces\BacklashInterfaces.csproj]
c:\Users\Peter\Documents\GitHub\kalshi-trading-bot\BacklashInterfaces\KalshiBotData\Data\IBacklashBotContext.cs(42,14): warning CS1591: Missing XML comment for publicly visible type or member 'IBacklashBotContext.AddOrUpdateMarkets(List<MarketDTO>)' [c:\Users\Peter\Documents\GitHub\kalshi-trading-bot\BacklashInterfaces\BacklashInterfaces.csproj]
c:\Users\Peter\Documents\GitHub\kalshi-trading-bot\BacklashInterfaces\KalshiBotData\Data\IBacklashBotContext.cs(43,31): warning CS1591: Missing XML comment for publicly visible type or member 'IBacklashBotContext.GetMarkets(HashSet<string>?, HashSet<string>?, HashSet<string>?, HashSet<string>?, bool?, double?, DateTime?, DateTime?)' [c:\Users\Peter\Documents\GitHub\kalshi-trading-bot\BacklashInterfaces\BacklashInterfaces.csproj]
c:\Users\Peter\Documents\GitHub\kalshi-trading-bot\BacklashInterfaces\KalshiBotData\Data\IBacklashBotContext.cs(46,14): warning CS1591: Missing XML comment for publicly visible type or member 'IBacklashBotContext.UpdateMarketLastCandlestick(string)' [c:\Users\Peter\Documents\GitHub\kalshi-trading-bot\BacklashInterfaces\BacklashInterfaces.csproj]
c:\Users\Peter\Documents\GitHub\kalshi-trading-bot\BacklashInterfaces\KalshiBotData\Data\IBacklashBotContext.cs(47,69): warning CS1591: Missing XML comment for publicly visible type or member 'IBacklashBotContext.GetMarketStatus(string)' [c:\Users\Peter\Documents\GitHub\kalshi-trading-bot\BacklashInterfaces\BacklashInterfaces.csproj]
c:\Users\Peter\Documents\GitHub\kalshi-trading-bot\BacklashInterfaces\KalshiBotData\Data\IBacklashBotContext.cs(51,31): warning CS1591: Missing XML comment for publicly visible type or member 'IBacklashBotContext.GetTickers(string?, DateTime?)' [c:\Users\Peter\Documents\GitHub\kalshi-trading-bot\BacklashInterfaces\BacklashInterfaces.csproj]
c:\Users\Peter\Documents\GitHub\kalshi-trading-bot\BacklashInterfaces\KalshiBotData\Data\IBacklashBotContext.cs(52,14): warning CS1591: Missing XML comment for publicly visible type or member 'IBacklashBotContext.AddOrUpdateTickers(List<TickerDTO>)' [c:\Users\Peter\Documents\GitHub\kalshi-trading-bot\BacklashInterfaces\BacklashInterfaces.csproj]
c:\Users\Peter\Documents\GitHub\kalshi-trading-bot\BacklashInterfaces\KalshiBotData\Data\IBacklashBotContext.cs(53,14): warning CS1591: Missing XML comment for publicly visible type or member 'IBacklashBotContext.AddOrUpdateTicker(TickerDTO)' [c:\Users\Peter\Documents\GitHub\kalshi-trading-bot\BacklashInterfaces\BacklashInterfaces.csproj]
c:\Users\Peter\Documents\GitHub\kalshi-trading-bot\BacklashInterfaces\KalshiBotData\Data\IBacklashBotContext.cs(57,36): warning CS1591: Missing XML comment for publicly visible type or member 'IBacklashBotContext.GetCandlesticks(string, int?)' [c:\Users\Peter\Documents\GitHub\kalshi-trading-bot\BacklashInterfaces\BacklashInterfaces.csproj]
c:\Users\Peter\Documents\GitHub\kalshi-trading-bot\BacklashInterfaces\KalshiBotData\Data\IBacklashBotContext.cs(58,31): warning CS1591: Missing XML comment for publicly visible type or member 'IBacklashBotContext.GetLastCandlestick(string, int?)' [c:\Users\Peter\Documents\GitHub\kalshi-trading-bot\BacklashInterfaces\BacklashInterfaces.csproj]
c:\Users\Peter\Documents\GitHub\kalshi-trading-bot\BacklashInterfaces\KalshiBotData\Data\IBacklashBotContext.cs(59,14): warning CS1591: Missing XML comment for publicly visible type or member 'IBacklashBotContext.AddOrUpdateCandlestick(CandlestickDTO)' [c:\Users\Peter\Documents\GitHub\kalshi-trading-bot\BacklashInterfaces\BacklashInterfaces.csproj]
c:\Users\Peter\Documents\GitHub\kalshi-trading-bot\BacklashInterfaces\KalshiBotData\Data\IBacklashBotContext.cs(60,37): warning CS1591: Missing XML comment for publicly visible type or member 'IBacklashBotContext.RetrieveCandlesticksAsync(CancellationToken, int, string, DateTime)' [c:\Users\Peter\Documents\GitHub\kalshi-trading-bot\BacklashInterfaces\BacklashInterfaces.csproj]
c:\Users\Peter\Documents\GitHub\kalshi-trading-bot\BacklashInterfaces\KalshiBotData\Data\IBacklashBotContext.cs(61,14): warning CS1591: Missing XML comment for publicly visible type or member 'IBacklashBotContext.ImportJsonCandlesticks()' [c:\Users\Peter\Documents\GitHub\kalshi-trading-bot\BacklashInterfaces\BacklashInterfaces.csproj]
c:\Users\Peter\Documents\GitHub\kalshi-trading-bot\BacklashInterfaces\KalshiBotData\Data\IBacklashBotContext.cs(65,31): warning CS1591: Missing XML comment for publicly visible type or member 'IBacklashBotContext.GetMarketWatch(string)' [c:\Users\Peter\Documents\GitHub\kalshi-trading-bot\BacklashInterfaces\BacklashInterfaces.csproj]
c:\Users\Peter\Documents\GitHub\kalshi-trading-bot\BacklashInterfaces\KalshiBotData\Data\IBacklashBotContext.cs(66,39): warning CS1591: Missing XML comment for publicly visible type or member 'IBacklashBotContext.GetMarketWatches(HashSet<string>?, HashSet<Guid>?, HashSet<Guid>?, bool?, double?, double?, DateTime?)' [c:\Users\Peter\Documents\GitHub\kalshi-trading-bot\BacklashInterfaces\BacklashInterfaces.csproj]
c:\Users\Peter\Documents\GitHub\kalshi-trading-bot\BacklashInterfaces\KalshiBotData\Data\IBacklashBotContext.cs(69,36): warning CS1591: Missing XML comment for publicly visible type or member 'IBacklashBotContext.GetFinalizedMarketWatches(Guid)' [c:\Users\Peter\Documents\GitHub\kalshi-trading-bot\BacklashInterfaces\BacklashInterfaces.csproj]
c:\Users\Peter\Documents\GitHub\kalshi-trading-bot\BacklashInterfaces\KalshiBotData\Data\IBacklashBotContext.cs(70,14): warning CS1591: Missing XML comment for publicly visible type or member 'IBacklashBotContext.AddOrUpdateMarketWatch(MarketWatchDTO)' [c:\Users\Peter\Documents\GitHub\kalshi-trading-bot\BacklashInterfaces\BacklashInterfaces.csproj]
c:\Users\Peter\Documents\GitHub\kalshi-trading-bot\BacklashInterfaces\KalshiBotData\Data\IBacklashBotContext.cs(71,14): warning CS1591: Missing XML comment for publicly visible type or member 'IBacklashBotContext.AddOrUpdateMarketWatches(List<MarketWatchDTO>)' [c:\Users\Peter\Documents\GitHub\kalshi-trading-bot\BacklashInterfaces\BacklashInterfaces.csproj]
c:\Users\Peter\Documents\GitHub\kalshi-trading-bot\BacklashInterfaces\KalshiBotData\Data\IBacklashBotContext.cs(72,14): warning CS1591: Missing XML comment for publicly visible type or member 'IBacklashBotContext.RemoveMarketWatches(List<MarketWatchDTO>)' [c:\Users\Peter\Documents\GitHub\kalshi-trading-bot\BacklashInterfaces\BacklashInterfaces.csproj]
c:\Users\Peter\Documents\GitHub\kalshi-trading-bot\BacklashInterfaces\KalshiBotData\Data\IBacklashBotContext.cs(73,14): warning CS1591: Missing XML comment for publicly visible type or member 'IBacklashBotContext.RemoveOrphanedBrainLocks()' [c:\Users\Peter\Documents\GitHub\kalshi-trading-bot\BacklashInterfaces\BacklashInterfaces.csproj]
c:\Users\Peter\Documents\GitHub\kalshi-trading-bot\BacklashInterfaces\KalshiBotData\Data\IBacklashBotContext.cs(74,14): warning CS1591: Missing XML comment for publicly visible type or member 'IBacklashBotContext.RemoveClosedWatches()' [c:\Users\Peter\Documents\GitHub\kalshi-trading-bot\BacklashInterfaces\BacklashInterfaces.csproj]
c:\Users\Peter\Documents\GitHub\kalshi-trading-bot\BacklashInterfaces\KalshiBotData\Data\IBacklashBotContext.cs(78,34): warning CS1591: Missing XML comment for publicly visible type or member 'IBacklashBotContext.GetMarketPosition(string)' [c:\Users\Peter\Documents\GitHub\kalshi-trading-bot\BacklashInterfaces\BacklashInterfaces.csproj]
c:\Users\Peter\Documents\GitHub\kalshi-trading-bot\BacklashInterfaces\KalshiBotData\Data\IBacklashBotContext.cs(79,39): warning CS1591: Missing XML comment for publicly visible type or member 'IBacklashBotContext.GetMarketPositions(HashSet<string>?, bool?, bool?)' [c:\Users\Peter\Documents\GitHub\kalshi-trading-bot\BacklashInterfaces\BacklashInterfaces.csproj]
c:\Users\Peter\Documents\GitHub\kalshi-trading-bot\BacklashInterfaces\KalshiBotData\Data\IBacklashBotContext.cs(81,14): warning CS1591: Missing XML comment for publicly visible type or member 'IBacklashBotContext.AddOrUpdateMarketPosition(MarketPositionDTO)' [c:\Users\Peter\Documents\GitHub\kalshi-trading-bot\BacklashInterfaces\BacklashInterfaces.csproj]
c:\Users\Peter\Documents\GitHub\kalshi-trading-bot\BacklashInterfaces\KalshiBotData\Data\IBacklashBotContext.cs(82,14): warning CS1591: Missing XML comment for publicly visible type or member 'IBacklashBotContext.RemoveMarketPosition(string)' [c:\Users\Peter\Documents\GitHub\kalshi-trading-bot\BacklashInterfaces\BacklashInterfaces.csproj]
c:\Users\Peter\Documents\GitHub\kalshi-trading-bot\BacklashInterfaces\KalshiBotData\Data\IBacklashBotContext.cs(86,30): warning CS1591: Missing XML comment for publicly visible type or member 'IBacklashBotContext.GetOrders(string?, string?)' [c:\Users\Peter\Documents\GitHub\kalshi-trading-bot\BacklashInterfaces\BacklashInterfaces.csproj]
c:\Users\Peter\Documents\GitHub\kalshi-trading-bot\BacklashInterfaces\KalshiBotData\Data\IBacklashBotContext.cs(87,14): warning CS1591: Missing XML comment for publicly visible type or member 'IBacklashBotContext.AddOrUpdateOrder(OrderDTO)' [c:\Users\Peter\Documents\GitHub\kalshi-trading-bot\BacklashInterfaces\BacklashInterfaces.csproj]
c:\Users\Peter\Documents\GitHub\kalshi-trading-bot\BacklashInterfaces\KalshiBotData\Data\IBacklashBotContext.cs(91,33): warning CS1591: Missing XML comment for publicly visible type or member 'IBacklashBotContext.GetSnapshots(string?, bool?, DateTime?, DateTime?, int?, int?)' [c:\Users\Peter\Documents\GitHub\kalshi-trading-bot\BacklashInterfaces\BacklashInterfaces.csproj]
c:\Users\Peter\Documents\GitHub\kalshi-trading-bot\BacklashInterfaces\KalshiBotData\Data\IBacklashBotContext.cs(93,14): warning CS1591: Missing XML comment for publicly visible type or member 'IBacklashBotContext.AddOrUpdateSnapshot(SnapshotDTO)' [c:\Users\Peter\Documents\GitHub\kalshi-trading-bot\BacklashInterfaces\BacklashInterfaces.csproj]
c:\Users\Peter\Documents\GitHub\kalshi-trading-bot\BacklashInterfaces\KalshiBotData\Data\IBacklashBotContext.cs(94,14): warning CS1591: Missing XML comment for publicly visible type or member 'IBacklashBotContext.AddOrUpdateSnapshots(List<SnapshotDTO>)' [c:\Users\Peter\Documents\GitHub\kalshi-trading-bot\BacklashInterfaces\BacklashInterfaces.csproj]
c:\Users\Peter\Documents\GitHub\kalshi-trading-bot\BacklashInterfaces\KalshiBotData\Data\IBacklashBotContext.cs(95,14): warning CS1591: Missing XML comment for publicly visible type or member 'IBacklashBotContext.AddSnapshots(List<SnapshotDTO>)' [c:\Users\Peter\Documents\GitHub\kalshi-trading-bot\BacklashInterfaces\BacklashInterfaces.csproj]
c:\Users\Peter\Documents\GitHub\kalshi-trading-bot\BacklashInterfaces\KalshiBotData\Data\IBacklashBotContext.cs(96,20): warning CS1591: Missing XML comment for publicly visible type or member 'IBacklashBotContext.GetSnapshotCount(string)' [c:\Users\Peter\Documents\GitHub\kalshi-trading-bot\BacklashInterfaces\BacklashInterfaces.csproj]
c:\Users\Peter\Documents\GitHub\kalshi-trading-bot\BacklashInterfaces\KalshiBotData\Data\IBacklashBotContext.cs(100,34): warning CS1591: Missing XML comment for publicly visible type or member 'IBacklashBotContext.GetSnapshotSchema(int)' [c:\Users\Peter\Documents\GitHub\kalshi-trading-bot\BacklashInterfaces\BacklashInterfaces.csproj]
c:\Users\Peter\Documents\GitHub\kalshi-trading-bot\BacklashInterfaces\KalshiBotData\Data\IBacklashBotContext.cs(101,39): warning CS1591: Missing XML comment for publicly visible type or member 'IBacklashBotContext.GetSnapshotSchemas()' [c:\Users\Peter\Documents\GitHub\kalshi-trading-bot\BacklashInterfaces\BacklashInterfaces.csproj]
c:\Users\Peter\Documents\GitHub\kalshi-trading-bot\BacklashInterfaces\KalshiBotData\Data\IBacklashBotContext.cs(102,33): warning CS1591: Missing XML comment for publicly visible type or member 'IBacklashBotContext.AddSnapshotSchema(SnapshotSchemaDTO)' [c:\Users\Peter\Documents\GitHub\kalshi-trading-bot\BacklashInterfaces\BacklashInterfaces.csproj]
c:\Users\Peter\Documents\GitHub\kalshi-trading-bot\BacklashInterfaces\KalshiBotData\Data\IBacklashBotContext.cs(106,33): warning CS1591: Missing XML comment for publicly visible type or member 'IBacklashBotContext.GetBrainInstanceByName(string?)' [c:\Users\Peter\Documents\GitHub\kalshi-trading-bot\BacklashInterfaces\BacklashInterfaces.csproj]
c:\Users\Peter\Documents\GitHub\kalshi-trading-bot\BacklashInterfaces\KalshiBotData\Data\IBacklashBotContext.cs(107,33): warning CS1591: Missing XML comment for publicly visible type or member 'IBacklashBotContext.GetBrainInstance(string?)' [c:\Users\Peter\Documents\GitHub\kalshi-trading-bot\BacklashInterfaces\BacklashInterfaces.csproj]
c:\Users\Peter\Documents\GitHub\kalshi-trading-bot\BacklashInterfaces\KalshiBotData\Data\IBacklashBotContext.cs(108,38): warning CS1591: Missing XML comment for publicly visible type or member 'IBacklashBotContext.GetBrainInstancesFiltered(string?, bool?)' [c:\Users\Peter\Documents\GitHub\kalshi-trading-bot\BacklashInterfaces\BacklashInterfaces.csproj]
c:\Users\Peter\Documents\GitHub\kalshi-trading-bot\BacklashInterfaces\KalshiBotData\Data\IBacklashBotContext.cs(109,38): warning CS1591: Missing XML comment for publicly visible type or member 'IBacklashBotContext.GetStaleBrains(Guid)' [c:\Users\Peter\Documents\GitHub\kalshi-trading-bot\BacklashInterfaces\BacklashInterfaces.csproj]
c:\Users\Peter\Documents\GitHub\kalshi-trading-bot\BacklashInterfaces\KalshiBotData\Data\IBacklashBotContext.cs(110,14): warning CS1591: Missing XML comment for publicly visible type or member 'IBacklashBotContext.AddOrUpdateBrainInstance(BrainInstanceDTO)' [c:\Users\Peter\Documents\GitHub\kalshi-trading-bot\BacklashInterfaces\BacklashInterfaces.csproj]
c:\Users\Peter\Documents\GitHub\kalshi-trading-bot\BacklashInterfaces\KalshiBotData\Data\IBacklashBotContext.cs(111,14): warning CS1591: Missing XML comment for publicly visible type or member 'IBacklashBotContext.SaveBrainPersistence(string, string)' [c:\Users\Peter\Documents\GitHub\kalshi-trading-bot\BacklashInterfaces\BacklashInterfaces.csproj]
c:\Users\Peter\Documents\GitHub\kalshi-trading-bot\BacklashInterfaces\KalshiBotData\Data\IBacklashBotContext.cs(112,23): warning CS1591: Missing XML comment for publicly visible type or member 'IBacklashBotContext.LoadBrainPersistence(string)' [c:\Users\Peter\Documents\GitHub\kalshi-trading-bot\BacklashInterfaces\BacklashInterfaces.csproj]
c:\Users\Peter\Documents\GitHub\kalshi-trading-bot\BacklashInterfaces\KalshiBotData\Data\IBacklashBotContext.cs(113,14): warning CS1591: Missing XML comment for publicly visible type or member 'IBacklashBotContext.DeleteBrainPersistence(string)' [c:\Users\Peter\Documents\GitHub\kalshi-trading-bot\BacklashInterfaces\BacklashInterfaces.csproj]
c:\Users\Peter\Documents\GitHub\kalshi-trading-bot\BacklashInterfaces\KalshiBotData\Data\IBacklashBotContext.cs(114,28): warning CS1591: Missing XML comment for publicly visible type or member 'IBacklashBotContext.GetAllBrainPersistenceNames()' [c:\Users\Peter\Documents\GitHub\kalshi-trading-bot\BacklashInterfaces\BacklashInterfaces.csproj]
c:\Users\Peter\Documents\GitHub\kalshi-trading-bot\BacklashInterfaces\KalshiBotData\Data\IBacklashBotContext.cs(118,38): warning CS1591: Missing XML comment for publicly visible type or member 'IBacklashBotContext.GetSnapshotGroups(List<string>?, int?)' [c:\Users\Peter\Documents\GitHub\kalshi-trading-bot\BacklashInterfaces\BacklashInterfaces.csproj]
c:\Users\Peter\Documents\GitHub\kalshi-trading-bot\BacklashInterfaces\KalshiBotData\Data\IBacklashBotContext.cs(119,31): warning CS1591: Missing XML comment for publicly visible type or member 'IBacklashBotContext.GetSnapshotGroupNames()' [c:\Users\Peter\Documents\GitHub\kalshi-trading-bot\BacklashInterfaces\BacklashInterfaces.csproj]
c:\Users\Peter\Documents\GitHub\kalshi-trading-bot\BacklashInterfaces\KalshiBotData\Data\IBacklashBotContext.cs(120,33): warning CS1591: Missing XML comment for publicly visible type or member 'IBacklashBotContext.GetUngroupedSnapshots(int)' [c:\Users\Peter\Documents\GitHub\kalshi-trading-bot\BacklashInterfaces\BacklashInterfaces.csproj]
c:\Users\Peter\Documents\GitHub\kalshi-trading-bot\BacklashInterfaces\KalshiBotData\Data\IBacklashBotContext.cs(121,14): warning CS1591: Missing XML comment for publicly visible type or member 'IBacklashBotContext.AddOrUpdateSnapshotGroups(List<SnapshotGroupDTO>)' [c:\Users\Peter\Documents\GitHub\kalshi-trading-bot\BacklashInterfaces\BacklashInterfaces.csproj]
c:\Users\Peter\Documents\GitHub\kalshi-trading-bot\BacklashInterfaces\KalshiBotData\Data\IBacklashBotContext.cs(122,14): warning CS1591: Missing XML comment for publicly visible type or member 'IBacklashBotContext.AddOrUpdateSnapshotGroup(SnapshotGroupDTO)' [c:\Users\Peter\Documents\GitHub\kalshi-trading-bot\BacklashInterfaces\BacklashInterfaces.csproj]
c:\Users\Peter\Documents\GitHub\kalshi-trading-bot\BacklashInterfaces\KalshiBotData\Data\IBacklashBotContext.cs(126,14): warning CS1591: Missing XML comment for publicly visible type or member 'IBacklashBotContext.AddLogEntry(LogEntryDTO)' [c:\Users\Peter\Documents\GitHub\kalshi-trading-bot\BacklashInterfaces\BacklashInterfaces.csproj]
c:\Users\Peter\Documents\GitHub\kalshi-trading-bot\BacklashInterfaces\KalshiBotData\Data\IBacklashBotContext.cs(127,14): warning CS1591: Missing XML comment for publicly visible type or member 'IBacklashBotContext.AddOverseerLogEntry(LogEntryDTO)' [c:\Users\Peter\Documents\GitHub\kalshi-trading-bot\BacklashInterfaces\BacklashInterfaces.csproj]
c:\Users\Peter\Documents\GitHub\kalshi-trading-bot\BacklashInterfaces\KalshiBotData\Data\IBacklashBotContext.cs(128,33): warning CS1591: Missing XML comment for publicly visible type or member 'IBacklashBotContext.GetLogEntries(string?, string?, DateTime?, DateTime?, int?)' [c:\Users\Peter\Documents\GitHub\kalshi-trading-bot\BacklashInterfaces\BacklashInterfaces.csproj]
c:\Users\Peter\Documents\GitHub\kalshi-trading-bot\BacklashInterfaces\KalshiBotData\Data\IBacklashBotContext.cs(130,33): warning CS1591: Missing XML comment for publicly visible type or member 'IBacklashBotContext.GetLogEntriesFiltered(string?, string?, DateTime?, DateTime?, int?)' [c:\Users\Peter\Documents\GitHub\kalshi-trading-bot\BacklashInterfaces\BacklashInterfaces.csproj]
c:\Users\Peter\Documents\GitHub\kalshi-trading-bot\BacklashInterfaces\KalshiBotData\Data\IBacklashBotContext.cs(135,29): warning CS1591: Missing XML comment for publicly visible type or member 'IBacklashBotContext.GetWeightSetByStrategyName(string)' [c:\Users\Peter\Documents\GitHub\kalshi-trading-bot\BacklashInterfaces\BacklashInterfaces.csproj]
c:\Users\Peter\Documents\GitHub\kalshi-trading-bot\BacklashInterfaces\KalshiBotData\Data\IBacklashBotContext.cs(136,34): warning CS1591: Missing XML comment for publicly visible type or member 'IBacklashBotContext.GetWeightSets(HashSet<string>?)' [c:\Users\Peter\Documents\GitHub\kalshi-trading-bot\BacklashInterfaces\BacklashInterfaces.csproj]
c:\Users\Peter\Documents\GitHub\kalshi-trading-bot\BacklashInterfaces\KalshiBotData\Data\IBacklashBotContext.cs(137,34): warning CS1591: Missing XML comment for publicly visible type or member 'IBacklashBotContext.GetWeightSetsByMarketTicker(string)' [c:\Users\Peter\Documents\GitHub\kalshi-trading-bot\BacklashInterfaces\BacklashInterfaces.csproj]
c:\Users\Peter\Documents\GitHub\kalshi-trading-bot\BacklashInterfaces\KalshiBotData\Data\IBacklashBotContext.cs(138,14): warning CS1591: Missing XML comment for publicly visible type or member 'IBacklashBotContext.AddOrUpdateWeightSet(WeightSetDTO)' [c:\Users\Peter\Documents\GitHub\kalshi-trading-bot\BacklashInterfaces\BacklashInterfaces.csproj]
c:\Users\Peter\Documents\GitHub\kalshi-trading-bot\BacklashInterfaces\KalshiBotData\Data\IBacklashBotContext.cs(139,14): warning CS1591: Missing XML comment for publicly visible type or member 'IBacklashBotContext.AddOrUpdateWeightSets(List<WeightSetDTO>)' [c:\Users\Peter\Documents\GitHub\kalshi-trading-bot\BacklashInterfaces\BacklashInterfaces.csproj]
c:\Users\Peter\Documents\GitHub\kalshi-trading-bot\BacklashInterfaces\KalshiBotData\Data\IBacklashBotContext.cs(140,14): warning CS1591: Missing XML comment for publicly visible type or member 'IBacklashBotContext.DeleteWeightSet(string)' [c:\Users\Peter\Documents\GitHub\kalshi-trading-bot\BacklashInterfaces\BacklashInterfaces.csproj]
c:\Users\Peter\Documents\GitHub\kalshi-trading-bot\BacklashInterfaces\KalshiBotData\Data\IBacklashBotContext.cs(144,14): warning CS1591: Missing XML comment for publicly visible type or member 'IBacklashBotContext.AddAnnouncements(List<AnnouncementDTO>)' [c:\Users\Peter\Documents\GitHub\kalshi-trading-bot\BacklashInterfaces\BacklashInterfaces.csproj]
c:\Users\Peter\Documents\GitHub\kalshi-trading-bot\BacklashInterfaces\KalshiBotData\Data\IBacklashBotContext.cs(148,14): warning CS1591: Missing XML comment for publicly visible type or member 'IBacklashBotContext.AddExchangeSchedule(ExchangeScheduleDTO)' [c:\Users\Peter\Documents\GitHub\kalshi-trading-bot\BacklashInterfaces\BacklashInterfaces.csproj]
c:\Users\Peter\Documents\GitHub\kalshi-trading-bot\BacklashInterfaces\KalshiBotData\Data\IBacklashBotContext.cs(152,45): warning CS1591: Missing XML comment for publicly visible type or member 'IBacklashBotContext.GetMarketLiquidityStates()' [c:\Users\Peter\Documents\GitHub\kalshi-trading-bot\BacklashInterfaces\BacklashInterfaces.csproj]
c:\Users\Peter\Documents\GitHub\kalshi-trading-bot\BacklashInterfaces\KalshiBotData\Data\IBacklashBotContext.cs(156,35): warning CS1591: Missing XML comment for publicly visible type or member 'IBacklashBotContext.GetSignalRClients(string?, string?, bool?)' [c:\Users\Peter\Documents\GitHub\kalshi-trading-bot\BacklashInterfaces\BacklashInterfaces.csproj]
c:\Users\Peter\Documents\GitHub\kalshi-trading-bot\BacklashInterfaces\KalshiBotData\Data\IBacklashBotContext.cs(157,30): warning CS1591: Missing XML comment for publicly visible type or member 'IBacklashBotContext.GetSignalRClientById(string)' [c:\Users\Peter\Documents\GitHub\kalshi-trading-bot\BacklashInterfaces\BacklashInterfaces.csproj]
c:\Users\Peter\Documents\GitHub\kalshi-trading-bot\BacklashInterfaces\KalshiBotData\Data\IBacklashBotContext.cs(158,30): warning CS1591: Missing XML comment for publicly visible type or member 'IBacklashBotContext.GetSignalRClient(string)' [c:\Users\Peter\Documents\GitHub\kalshi-trading-bot\BacklashInterfaces\BacklashInterfaces.csproj]
c:\Users\Peter\Documents\GitHub\kalshi-trading-bot\BacklashInterfaces\KalshiBotData\Data\IBacklashBotContext.cs(159,14): warning CS1591: Missing XML comment for publicly visible type or member 'IBacklashBotContext.AddOrUpdateSignalRClient(SignalRClient)' [c:\Users\Peter\Documents\GitHub\kalshi-trading-bot\BacklashInterfaces\BacklashInterfaces.csproj]
c:\Users\Peter\Documents\GitHub\kalshi-trading-bot\BacklashInterfaces\KalshiBotData\Data\IBacklashBotContext.cs(160,14): warning CS1591: Missing XML comment for publicly visible type or member 'IBacklashBotContext.UpdateSignalRClientConnection(string, string)' [c:\Users\Peter\Documents\GitHub\kalshi-trading-bot\BacklashInterfaces\BacklashInterfaces.csproj]
c:\Users\Peter\Documents\GitHub\kalshi-trading-bot\BacklashInterfaces\KalshiBotData\Data\IBacklashBotContext.cs(161,14): warning CS1591: Missing XML comment for publicly visible type or member 'IBacklashBotContext.UpdateSignalRClientLastSeen(string)' [c:\Users\Peter\Documents\GitHub\kalshi-trading-bot\BacklashInterfaces\BacklashInterfaces.csproj]
c:\Users\Peter\Documents\GitHub\kalshi-trading-bot\BacklashInterfaces\KalshiBotData\Data\IBacklashBotContext.cs(162,14): warning CS1591: Missing XML comment for publicly visible type or member 'IBacklashBotContext.DeactivateSignalRClient(string)' [c:\Users\Peter\Documents\GitHub\kalshi-trading-bot\BacklashInterfaces\BacklashInterfaces.csproj]
c:\Users\Peter\Documents\GitHub\kalshi-trading-bot\BacklashInterfaces\KalshiBotData\Data\IBacklashBotContext.cs(166,14): warning CS1591: Missing XML comment for publicly visible type or member 'IBacklashBotContext.AddOrUpdateOverseerInfo(OverseerInfo)' [c:\Users\Peter\Documents\GitHub\kalshi-trading-bot\BacklashInterfaces\BacklashInterfaces.csproj]
c:\Users\Peter\Documents\GitHub\kalshi-trading-bot\BacklashInterfaces\KalshiBotData\Data\IBacklashBotContext.cs(167,52): warning CS1591: Missing XML comment for publicly visible type or member 'IBacklashBotContext.GetActiveOverseerInfos()' [c:\Users\Peter\Documents\GitHub\kalshi-trading-bot\BacklashInterfaces\BacklashInterfaces.csproj]
c:\Users\Peter\Documents\GitHub\kalshi-trading-bot\BacklashInterfaces\KalshiBotData\Data\IBacklashBotContext.cs(168,47): warning CS1591: Missing XML comment for publicly visible type or member 'IBacklashBotContext.GetOverseerInfoByHostName(string)' [c:\Users\Peter\Documents\GitHub\kalshi-trading-bot\BacklashInterfaces\BacklashInterfaces.csproj]
c:\Users\Peter\Documents\GitHub\kalshi-trading-bot\BacklashInterfaces\KalshiBotData\Data\IBacklashBotContext.cs(172,117): warning CS1591: Missing XML comment for publicly visible type or member 'IBacklashBotContext.GetPerformanceMetrics()' [c:\Users\Peter\Documents\GitHub\kalshi-trading-bot\BacklashInterfaces\BacklashInterfaces.csproj]
c:\Users\Peter\Documents\GitHub\kalshi-trading-bot\BacklashInterfaces\KalshiBotData\Data\IBacklashBotContext.cs(173,14): warning CS1591: Missing XML comment for publicly visible type or member 'IBacklashBotContext.ResetPerformanceMetrics()' [c:\Users\Peter\Documents\GitHub\kalshi-trading-bot\BacklashInterfaces\BacklashInterfaces.csproj]
c:\Users\Peter\Documents\GitHub\kalshi-trading-bot\BacklashInterfaces\SmokehouseBot\KalshiAPI\IKalshiAPIService.cs(5,22): warning CS1591: Missing XML comment for publicly visible type or member 'IKalshiAPIService' [c:\Users\Peter\Documents\GitHub\kalshi-trading-bot\BacklashInterfaces\BacklashInterfaces.csproj]
c:\Users\Peter\Documents\GitHub\kalshi-trading-bot\BacklashInterfaces\SmokehouseBot\KalshiAPI\IKalshiAPIService.cs(7,52): warning CS1591: Missing XML comment for publicly visible type or member 'IKalshiAPIService.FetchMarketsAsync(string?, string?, string?, string?, string?, string[]?, bool)' [c:\Users\Peter\Documents\GitHub\kalshi-trading-bot\BacklashInterfaces\BacklashInterfaces.csproj]
c:\Users\Peter\Documents\GitHub\kalshi-trading-bot\BacklashInterfaces\SmokehouseBot\KalshiAPI\IKalshiAPIService.cs(11,31): warning CS1591: Missing XML comment for publicly visible type or member 'IKalshiAPIService.FetchSeriesAsync(string)' [c:\Users\Peter\Documents\GitHub\kalshi-trading-bot\BacklashInterfaces\BacklashInterfaces.csproj]
c:\Users\Peter\Documents\GitHub\kalshi-trading-bot\BacklashInterfaces\SmokehouseBot\KalshiAPI\IKalshiAPIService.cs(13,30): warning CS1591: Missing XML comment for publicly visible type or member 'IKalshiAPIService.FetchEventAsync(string, bool)' [c:\Users\Peter\Documents\GitHub\kalshi-trading-bot\BacklashInterfaces\BacklashInterfaces.csproj]
c:\Users\Peter\Documents\GitHub\kalshi-trading-bot\BacklashInterfaces\SmokehouseBot\KalshiAPI\IKalshiAPIService.cs(15,52): warning CS1591: Missing XML comment for publicly visible type or member 'IKalshiAPIService.FetchPositionsAsync(string?, int?, string?, string?)' [c:\Users\Peter\Documents\GitHub\kalshi-trading-bot\BacklashInterfaces\BacklashInterfaces.csproj]
c:\Users\Peter\Documents\GitHub\kalshi-trading-bot\BacklashInterfaces\SmokehouseBot\KalshiAPI\IKalshiAPIService.cs(18,52): warning CS1591: Missing XML comment for publicly visible type or member 'IKalshiAPIService.FetchCandlesticksAsync(string, string, string, long, long?, bool)' [c:\Users\Peter\Documents\GitHub\kalshi-trading-bot\BacklashInterfaces\BacklashInterfaces.csproj]
c:\Users\Peter\Documents\GitHub\kalshi-trading-bot\BacklashInterfaces\SmokehouseBot\KalshiAPI\IKalshiAPIService.cs(21,20): warning CS1591: Missing XML comment for publicly visible type or member 'IKalshiAPIService.GetBalanceAsync()' [c:\Users\Peter\Documents\GitHub\kalshi-trading-bot\BacklashInterfaces\BacklashInterfaces.csproj]
c:\Users\Peter\Documents\GitHub\kalshi-trading-bot\BacklashInterfaces\SmokehouseBot\KalshiAPI\IKalshiAPIService.cs(23,30): warning CS1591: Missing XML comment for publicly visible type or member 'IKalshiAPIService.GetExchangeStatusAsync()' [c:\Users\Peter\Documents\GitHub\kalshi-trading-bot\BacklashInterfaces\BacklashInterfaces.csproj]
c:\Users\Peter\Documents\GitHub\kalshi-trading-bot\BacklashInterfaces\SmokehouseBot\KalshiAPI\IKalshiAPIService.cs(25,40): warning CS1591: Missing XML comment for publicly visible type or member 'IKalshiAPIService.GetExchangeScheduleAsync()' [c:\Users\Peter\Documents\GitHub\kalshi-trading-bot\BacklashInterfaces\BacklashInterfaces.csproj]
c:\Users\Peter\Documents\GitHub\kalshi-trading-bot\BacklashInterfaces\SmokehouseBot\KalshiAPI\IKalshiAPIService.cs(27,52): warning CS1591: Missing XML comment for publicly visible type or member 'IKalshiAPIService.FetchOrdersAsync(string?, string?, long?, long?, string?, string?, int?)' [c:\Users\Peter\Documents\GitHub\kalshi-trading-bot\BacklashInterfaces\BacklashInterfaces.csproj]
c:\Users\Peter\Documents\GitHub\kalshi-trading-bot\BacklashInterfaces\SmokehouseBot\KalshiAPI\IKalshiAPIService.cs(31,52): warning CS1591: Missing XML comment for publicly visible type or member 'IKalshiAPIService.FetchAnnouncementsAsync()' [c:\Users\Peter\Documents\GitHub\kalshi-trading-bot\BacklashInterfaces\BacklashInterfaces.csproj]
c:\Users\Peter\Documents\GitHub\kalshi-trading-bot\BacklashInterfaces\SmokehouseBot\KalshiAPI\IKalshiAPIService.cs(33,52): warning CS1591: Missing XML comment for publicly visible type or member 'IKalshiAPIService.FetchExchangeScheduleAsync()' [c:\Users\Peter\Documents\GitHub\kalshi-trading-bot\BacklashInterfaces\BacklashInterfaces.csproj]
c:\Users\Peter\Documents\GitHub\kalshi-trading-bot\BacklashInterfaces\SmokehouseBot\Management\IBrainStatusService.cs(3,22): warning CS1591: Missing XML comment for publicly visible type or member 'IBrainStatusService' [c:\Users\Peter\Documents\GitHub\kalshi-trading-bot\BacklashInterfaces\BacklashInterfaces.csproj]
c:\Users\Peter\Documents\GitHub\kalshi-trading-bot\BacklashInterfaces\SmokehouseBot\Management\IBrainStatusService.cs(5,14): warning CS1591: Missing XML comment for publicly visible type or member 'IBrainStatusService.BrainLock' [c:\Users\Peter\Documents\GitHub\kalshi-trading-bot\BacklashInterfaces\BacklashInterfaces.csproj]
c:\Users\Peter\Documents\GitHub\kalshi-trading-bot\BacklashInterfaces\SmokehouseBot\Management\IBrainStatusService.cs(6,16): warning CS1591: Missing XML comment for publicly visible type or member 'IBrainStatusService.SessionIdentifier' [c:\Users\Peter\Documents\GitHub\kalshi-trading-bot\BacklashInterfaces\BacklashInterfaces.csproj]
c:\Users\Peter\Documents\GitHub\kalshi-trading-bot\BacklashInterfaces\SmokehouseBot\Management\IBrainStatusService.cs(7,14): warning CS1591: Missing XML comment for publicly visible type or member 'IBrainStatusService.EnsureInitializedAsync()' [c:\Users\Peter\Documents\GitHub\kalshi-trading-bot\BacklashInterfaces\BacklashInterfaces.csproj]
c:\Users\Peter\Documents\GitHub\kalshi-trading-bot\BacklashInterfaces\SmokehouseBot\Management\ICentralBrain.cs(5,22): warning CS1591: Missing XML comment for publicly visible type or member 'ICentralBrain' [c:\Users\Peter\Documents\GitHub\kalshi-trading-bot\BacklashInterfaces\BacklashInterfaces.csproj]
c:\Users\Peter\Documents\GitHub\kalshi-trading-bot\BacklashInterfaces\SmokehouseBot\Management\ICentralBrain.cs(7,14): warning CS1591: Missing XML comment for publicly visible type or member 'ICentralBrain.IsServicesStopped' [c:\Users\Peter\Documents\GitHub\kalshi-trading-bot\BacklashInterfaces\BacklashInterfaces.csproj]
c:\Users\Peter\Documents\GitHub\kalshi-trading-bot\BacklashInterfaces\SmokehouseBot\Management\ICentralBrain.cs(8,14): warning CS1591: Missing XML comment for publicly visible type or member 'ICentralBrain.IsStartingUp' [c:\Users\Peter\Documents\GitHub\kalshi-trading-bot\BacklashInterfaces\BacklashInterfaces.csproj]
c:\Users\Peter\Documents\GitHub\kalshi-trading-bot\BacklashInterfaces\SmokehouseBot\Management\ICentralBrain.cs(9,14): warning CS1591: Missing XML comment for publicly visible type or member 'ICentralBrain.IsShuttingDown' [c:\Users\Peter\Documents\GitHub\kalshi-trading-bot\BacklashInterfaces\BacklashInterfaces.csproj]
c:\Users\Peter\Documents\GitHub\kalshi-trading-bot\BacklashInterfaces\SmokehouseBot\Management\ICentralBrain.cs(11,14): warning CS1591: Missing XML comment for publicly visible type or member 'ICentralBrain.StartDashboard()' [c:\Users\Peter\Documents\GitHub\kalshi-trading-bot\BacklashInterfaces\BacklashInterfaces.csproj]
c:\Users\Peter\Documents\GitHub\kalshi-trading-bot\BacklashInterfaces\SmokehouseBot\Management\ICentralBrain.cs(12,14): warning CS1591: Missing XML comment for publicly visible type or member 'ICentralBrain.ShutdownDashboardAsync()' [c:\Users\Peter\Documents\GitHub\kalshi-trading-bot\BacklashInterfaces\BacklashInterfaces.csproj]
c:\Users\Peter\Documents\GitHub\kalshi-trading-bot\BacklashInterfaces\SmokehouseBot\Management\ICentralErrorHandler.cs(6,22): warning CS1591: Missing XML comment for publicly visible type or member 'ICentralErrorHandler' [c:\Users\Peter\Documents\GitHub\kalshi-trading-bot\BacklashInterfaces\BacklashInterfaces.csproj]
c:\Users\Peter\Documents\GitHub\kalshi-trading-bot\BacklashInterfaces\SmokehouseBot\Management\ICentralErrorHandler.cs(8,47): warning CS1591: Missing XML comment for publicly visible type or member 'ICentralErrorHandler.Warnings' [c:\Users\Peter\Documents\GitHub\kalshi-trading-bot\BacklashInterfaces\BacklashInterfaces.csproj]
c:\Users\Peter\Documents\GitHub\kalshi-trading-bot\BacklashInterfaces\SmokehouseBot\Management\ICentralErrorHandler.cs(9,47): warning CS1591: Missing XML comment for publicly visible type or member 'ICentralErrorHandler.Errors' [c:\Users\Peter\Documents\GitHub\kalshi-trading-bot\BacklashInterfaces\BacklashInterfaces.csproj]
c:\Users\Peter\Documents\GitHub\kalshi-trading-bot\BacklashInterfaces\SmokehouseBot\Management\ICentralErrorHandler.cs(10,21): warning CS1591: Missing XML comment for publicly visible type or member 'ICentralErrorHandler.CatastrophicErrorAlreadyDetected' [c:\Users\Peter\Documents\GitHub\kalshi-trading-bot\BacklashInterfaces\BacklashInterfaces.csproj]
c:\Users\Peter\Documents\GitHub\kalshi-trading-bot\BacklashInterfaces\SmokehouseBot\Management\ICentralErrorHandler.cs(11,18): warning CS1591: Missing XML comment for publicly visible type or member 'ICentralErrorHandler.LastSuccessfulSnapshot' [c:\Users\Peter\Documents\GitHub\kalshi-trading-bot\BacklashInterfaces\BacklashInterfaces.csproj]
c:\Users\Peter\Documents\GitHub\kalshi-trading-bot\BacklashInterfaces\SmokehouseBot\Management\ICentralErrorHandler.cs(12,18): warning CS1591: Missing XML comment for publicly visible type or member 'ICentralErrorHandler.LastErrorDate' [c:\Users\Peter\Documents\GitHub\kalshi-trading-bot\BacklashInterfaces\BacklashInterfaces.csproj]
c:\Users\Peter\Documents\GitHub\kalshi-trading-bot\BacklashInterfaces\SmokehouseBot\Management\ICentralErrorHandler.cs(13,20): warning CS1591: Missing XML comment for publicly visible type or member 'ICentralErrorHandler.HandleErrors()' [c:\Users\Peter\Documents\GitHub\kalshi-trading-bot\BacklashInterfaces\BacklashInterfaces.csproj]
c:\Users\Peter\Documents\GitHub\kalshi-trading-bot\BacklashInterfaces\SmokehouseBot\Management\ICentralErrorHandler.cs(14,20): warning CS1591: Missing XML comment for publicly visible type or member 'ICentralErrorHandler.CheckInternetConnection()' [c:\Users\Peter\Documents\GitHub\kalshi-trading-bot\BacklashInterfaces\BacklashInterfaces.csproj]
c:\Users\Peter\Documents\GitHub\kalshi-trading-bot\BacklashInterfaces\SmokehouseBot\Management\ICentralErrorHandler.cs(15,14): warning CS1591: Missing XML comment for publicly visible type or member 'ICentralErrorHandler.AddWarning(Exception, string, string?)' [c:\Users\Peter\Documents\GitHub\kalshi-trading-bot\BacklashInterfaces\BacklashInterfaces.csproj]
c:\Users\Peter\Documents\GitHub\kalshi-trading-bot\BacklashInterfaces\SmokehouseBot\Management\ICentralErrorHandler.cs(16,14): warning CS1591: Missing XML comment for publicly visible type or member 'ICentralErrorHandler.AddError(Exception, string, string?)' [c:\Users\Peter\Documents\GitHub\kalshi-trading-bot\BacklashInterfaces\BacklashInterfaces.csproj]
c:\Users\Peter\Documents\GitHub\kalshi-trading-bot\BacklashInterfaces\SmokehouseBot\Management\ICentralErrorHandler.cs(17,14): warning CS1591: Missing XML comment for publicly visible type or member 'ICentralErrorHandler.WarningCount' [c:\Users\Peter\Documents\GitHub\kalshi-trading-bot\BacklashInterfaces\BacklashInterfaces.csproj]
c:\Users\Peter\Documents\GitHub\kalshi-trading-bot\BacklashInterfaces\SmokehouseBot\Management\ICentralErrorHandler.cs(18,14): warning CS1591: Missing XML comment for publicly visible type or member 'ICentralErrorHandler.ErrorCount' [c:\Users\Peter\Documents\GitHub\kalshi-trading-bot\BacklashInterfaces\BacklashInterfaces.csproj]
c:\Users\Peter\Documents\GitHub\kalshi-trading-bot\BacklashInterfaces\SmokehouseBot\Management\ICentralPerformanceMonitor.cs(3,22): warning CS1591: Missing XML comment for publicly visible type or member 'ICentralPerformanceMonitor' [c:\Users\Peter\Documents\GitHub\kalshi-trading-bot\BacklashInterfaces\BacklashInterfaces.csproj]
c:\Users\Peter\Documents\GitHub\kalshi-trading-bot\BacklashInterfaces\SmokehouseBot\Management\ICentralPerformanceMonitor.cs(5,14): warning CS1591: Missing XML comment for publicly visible type or member 'ICentralPerformanceMonitor.RecordExecutionTime(string, long)' [c:\Users\Peter\Documents\GitHub\kalshi-trading-bot\BacklashInterfaces\BacklashInterfaces.csproj]
c:\Users\Peter\Documents\GitHub\kalshi-trading-bot\BacklashInterfaces\SmokehouseBot\Management\ICentralPerformanceMonitor.cs(6,14): warning CS1591: Missing XML comment for publicly visible type or member 'ICentralPerformanceMonitor.StartTimer()' [c:\Users\Peter\Documents\GitHub\kalshi-trading-bot\BacklashInterfaces\BacklashInterfaces.csproj]
c:\Users\Peter\Documents\GitHub\kalshi-trading-bot\BacklashInterfaces\SmokehouseBot\Management\ICentralPerformanceMonitor.cs(7,110): warning CS1591: Missing XML comment for publicly visible type or member 'ICentralPerformanceMonitor.GetQueueCountRollingAverages()' [c:\Users\Peter\Documents\GitHub\kalshi-trading-bot\BacklashInterfaces\BacklashInterfaces.csproj]
c:\Users\Peter\Documents\GitHub\kalshi-trading-bot\BacklashInterfaces\SmokehouseBot\Management\ICentralPerformanceMonitor.cs(8,16): warning CS1591: Missing XML comment for publicly visible type or member 'ICentralPerformanceMonitor.CalculateAverageWebsocketEventsReceived(string)' [c:\Users\Peter\Documents\GitHub\kalshi-trading-bot\BacklashInterfaces\BacklashInterfaces.csproj]
c:\Users\Peter\Documents\GitHub\kalshi-trading-bot\BacklashInterfaces\SmokehouseBot\Management\ICentralPerformanceMonitor.cs(9,16): warning CS1591: Missing XML comment for publicly visible type or member 'ICentralPerformanceMonitor.GetQueueHighCountPercentage()' [c:\Users\Peter\Documents\GitHub\kalshi-trading-bot\BacklashInterfaces\BacklashInterfaces.csproj]
c:\Users\Peter\Documents\GitHub\kalshi-trading-bot\BacklashInterfaces\SmokehouseBot\Management\ICentralPerformanceMonitor.cs(11,16): warning CS1591: Missing XML comment for publicly visible type or member 'ICentralPerformanceMonitor.LastRefreshCycleSeconds' [c:\Users\Peter\Documents\GitHub\kalshi-trading-bot\BacklashInterfaces\BacklashInterfaces.csproj]
c:\Users\Peter\Documents\GitHub\kalshi-trading-bot\BacklashInterfaces\SmokehouseBot\Management\ICentralPerformanceMonitor.cs(12,16): warning CS1591: Missing XML comment for publicly visible type or member 'ICentralPerformanceMonitor.LastRefreshCycleInterval' [c:\Users\Peter\Documents\GitHub\kalshi-trading-bot\BacklashInterfaces\BacklashInterfaces.csproj]
c:\Users\Peter\Documents\GitHub\kalshi-trading-bot\BacklashInterfaces\SmokehouseBot\Management\ICentralPerformanceMonitor.cs(13,13): warning CS1591: Missing XML comment for publicly visible type or member 'ICentralPerformanceMonitor.LastRefreshMarketCount' [c:\Users\Peter\Documents\GitHub\kalshi-trading-bot\BacklashInterfaces\BacklashInterfaces.csproj]
c:\Users\Peter\Documents\GitHub\kalshi-trading-bot\BacklashInterfaces\SmokehouseBot\Management\ICentralPerformanceMonitor.cs(14,16): warning CS1591: Missing XML comment for publicly visible type or member 'ICentralPerformanceMonitor.LastRefreshUsagePercentage' [c:\Users\Peter\Documents\GitHub\kalshi-trading-bot\BacklashInterfaces\BacklashInterfaces.csproj]
c:\Users\Peter\Documents\GitHub\kalshi-trading-bot\BacklashInterfaces\SmokehouseBot\Management\ICentralPerformanceMonitor.cs(15,14): warning CS1591: Missing XML comment for publicly visible type or member 'ICentralPerformanceMonitor.LastRefreshTimeAcceptable' [c:\Users\Peter\Documents\GitHub\kalshi-trading-bot\BacklashInterfaces\BacklashInterfaces.csproj]
c:\Users\Peter\Documents\GitHub\kalshi-trading-bot\BacklashInterfaces\SmokehouseBot\Management\ICentralPerformanceMonitor.cs(16,14): warning CS1591: Missing XML comment for publicly visible type or member 'ICentralPerformanceMonitor.IsStartingUp' [c:\Users\Peter\Documents\GitHub\kalshi-trading-bot\BacklashInterfaces\BacklashInterfaces.csproj]
c:\Users\Peter\Documents\GitHub\kalshi-trading-bot\BacklashInterfaces\SmokehouseBot\Management\ICentralPerformanceMonitor.cs(17,14): warning CS1591: Missing XML comment for publicly visible type or member 'ICentralPerformanceMonitor.IsShuttingDown' [c:\Users\Peter\Documents\GitHub\kalshi-trading-bot\BacklashInterfaces\BacklashInterfaces.csproj]
c:\Users\Peter\Documents\GitHub\kalshi-trading-bot\BacklashInterfaces\SmokehouseBot\Management\ICentralPerformanceMonitor.cs(18,19): warning CS1591: Missing XML comment for publicly visible type or member 'ICentralPerformanceMonitor.LastPerformanceSampleDate' [c:\Users\Peter\Documents\GitHub\kalshi-trading-bot\BacklashInterfaces\BacklashInterfaces.csproj]
c:\Users\Peter\Documents\GitHub\kalshi-trading-bot\BacklashInterfaces\SmokehouseBot\Management\ICentralPerformanceMonitor.cs(19,16): warning CS1591: Missing XML comment for publicly visible type or member 'ICentralPerformanceMonitor.BrainInstance' [c:\Users\Peter\Documents\GitHub\kalshi-trading-bot\BacklashInterfaces\BacklashInterfaces.csproj]
c:\Users\Peter\Documents\GitHub\kalshi-trading-bot\BacklashInterfaces\SmokehouseBot\Management\IInterestScoreService.cs(6,22): warning CS1591: Missing XML comment for publicly visible type or member 'IInterestScoreService' [c:\Users\Peter\Documents\GitHub\kalshi-trading-bot\BacklashInterfaces\BacklashInterfaces.csproj]
c:\Users\Peter\Documents\GitHub\kalshi-trading-bot\BacklashInterfaces\SmokehouseBot\Management\IInterestScoreService.cs(8,51): warning CS1591: Missing XML comment for publicly visible type or member 'IInterestScoreService.GetMarketInterestScores(IServiceScopeFactory, IEnumerable<string>, double, double, double, double, double, double)' [c:\Users\Peter\Documents\GitHub\kalshi-trading-bot\BacklashInterfaces\BacklashInterfaces.csproj]
c:\Users\Peter\Documents\GitHub\kalshi-trading-bot\BacklashInterfaces\SmokehouseBot\Management\IInterestScoreService.cs(20,9): warning CS1591: Missing XML comment for publicly visible type or member 'IInterestScoreService.CalculateMarketInterestScoreAsync(IBacklashBotContext, string, double, double, double, double, double, double, double)' [c:\Users\Peter\Documents\GitHub\kalshi-trading-bot\BacklashInterfaces\BacklashInterfaces.csproj]
c:\Users\Peter\Documents\GitHub\kalshi-trading-bot\BacklashInterfaces\SmokehouseBot\Management\IMarketAnalysisHelper.cs(3,22): warning CS1591: Missing XML comment for publicly visible type or member 'IMarketAnalysisHelper' [c:\Users\Peter\Documents\GitHub\kalshi-trading-bot\BacklashInterfaces\BacklashInterfaces.csproj]
c:\Users\Peter\Documents\GitHub\kalshi-trading-bot\BacklashInterfaces\SmokehouseBot\Management\IMarketAnalysisHelper.cs(5,14): warning CS1591: Missing XML comment for publicly visible type or member 'IMarketAnalysisHelper.GenerateSnapshotGroups()' [c:\Users\Peter\Documents\GitHub\kalshi-trading-bot\BacklashInterfaces\BacklashInterfaces.csproj]
c:\Users\Peter\Documents\GitHub\kalshi-trading-bot\BacklashInterfaces\SmokehouseBot\Management\IMarketManagerService.cs(6,22): warning CS1591: Missing XML comment for publicly visible type or member 'IMarketManagerService' [c:\Users\Peter\Documents\GitHub\kalshi-trading-bot\BacklashInterfaces\BacklashInterfaces.csproj]
c:\Users\Peter\Documents\GitHub\kalshi-trading-bot\BacklashInterfaces\SmokehouseBot\Management\IMarketManagerService.cs(8,14): warning CS1591: Missing XML comment for publicly visible type or member 'IMarketManagerService.ClearMarketsToReset()' [c:\Users\Peter\Documents\GitHub\kalshi-trading-bot\BacklashInterfaces\BacklashInterfaces.csproj]
c:\Users\Peter\Documents\GitHub\kalshi-trading-bot\BacklashInterfaces\SmokehouseBot\Management\IMarketManagerService.cs(9,14): warning CS1591: Missing XML comment for publicly visible type or member 'IMarketManagerService.HandleMarketResets()' [c:\Users\Peter\Documents\GitHub\kalshi-trading-bot\BacklashInterfaces\BacklashInterfaces.csproj]
c:\Users\Peter\Documents\GitHub\kalshi-trading-bot\BacklashInterfaces\SmokehouseBot\Management\IMarketManagerService.cs(10,14): warning CS1591: Missing XML comment for publicly visible type or member 'IMarketManagerService.TriggerMarketReset(string)' [c:\Users\Peter\Documents\GitHub\kalshi-trading-bot\BacklashInterfaces\BacklashInterfaces.csproj]
c:\Users\Peter\Documents\GitHub\kalshi-trading-bot\BacklashInterfaces\SmokehouseBot\Management\IMarketManagerService.cs(11,14): warning CS1591: Missing XML comment for publicly visible type or member 'IMarketManagerService.MonitorWatchList(BrainInstanceDTO, PerformanceMetrics)' [c:\Users\Peter\Documents\GitHub\kalshi-trading-bot\BacklashInterfaces\BacklashInterfaces.csproj]
c:\Users\Peter\Documents\GitHub\kalshi-trading-bot\BacklashInterfaces\SmokehouseBot\Management\IOvernightActivitiesHelper.cs(5,22): warning CS1591: Missing XML comment for publicly visible type or member 'IOvernightActivitiesHelper' [c:\Users\Peter\Documents\GitHub\kalshi-trading-bot\BacklashInterfaces\BacklashInterfaces.csproj]
c:\Users\Peter\Documents\GitHub\kalshi-trading-bot\BacklashInterfaces\SmokehouseBot\Management\IOvernightActivitiesHelper.cs(7,14): warning CS1591: Missing XML comment for publicly visible type or member 'IOvernightActivitiesHelper.RunOvernightTasks(IServiceScopeFactory, CancellationToken)' [c:\Users\Peter\Documents\GitHub\kalshi-trading-bot\BacklashInterfaces\BacklashInterfaces.csproj]
c:\Users\Peter\Documents\GitHub\kalshi-trading-bot\BacklashInterfaces\SmokehouseBot\Management\IOvernightActivitiesHelper.cs(8,14): warning CS1591: Missing XML comment for publicly visible type or member 'IOvernightActivitiesHelper.DeleteUnrecordedMarkets(IServiceScopeFactory, CancellationToken)' [c:\Users\Peter\Documents\GitHub\kalshi-trading-bot\BacklashInterfaces\BacklashInterfaces.csproj]
c:\Users\Peter\Documents\GitHub\kalshi-trading-bot\BacklashInterfaces\SmokehouseBot\Management\IOvernightActivitiesHelper.cs(9,14): warning CS1591: Missing XML comment for publicly visible type or member 'IOvernightActivitiesHelper.DeleteProcessedSnapshots(IServiceScopeFactory, CancellationToken)' [c:\Users\Peter\Documents\GitHub\kalshi-trading-bot\BacklashInterfaces\BacklashInterfaces.csproj]
c:\Users\Peter\Documents\GitHub\kalshi-trading-bot\BacklashInterfaces\SmokehouseBot\Services\IBroadcastService.cs(3,22): warning CS1591: Missing XML comment for publicly visible type or member 'IBroadcastService' [c:\Users\Peter\Documents\GitHub\kalshi-trading-bot\BacklashInterfaces\BacklashInterfaces.csproj]
c:\Users\Peter\Documents\GitHub\kalshi-trading-bot\BacklashInterfaces\SmokehouseBot\Services\IBroadcastService.cs(5,14): warning CS1591: Missing XML comment for publicly visible type or member 'IBroadcastService.StartServicesAsync()' [c:\Users\Peter\Documents\GitHub\kalshi-trading-bot\BacklashInterfaces\BacklashInterfaces.csproj]
c:\Users\Peter\Documents\GitHub\kalshi-trading-bot\BacklashInterfaces\SmokehouseBot\Services\IBroadcastService.cs(6,14): warning CS1591: Missing XML comment for publicly visible type or member 'IBroadcastService.StopServicesAsync()' [c:\Users\Peter\Documents\GitHub\kalshi-trading-bot\BacklashInterfaces\BacklashInterfaces.csproj]
c:\Users\Peter\Documents\GitHub\kalshi-trading-bot\BacklashInterfaces\SmokehouseBot\Services\ICandlestickService.cs(5,22): warning CS1591: Missing XML comment for publicly visible type or member 'ICandlestickService' [c:\Users\Peter\Documents\GitHub\kalshi-trading-bot\BacklashInterfaces\BacklashInterfaces.csproj]
c:\Users\Peter\Documents\GitHub\kalshi-trading-bot\BacklashInterfaces\SmokehouseBot\Services\ICandlestickService.cs(7,14): warning CS1591: Missing XML comment for publicly visible type or member 'ICandlestickService.UpdateCandlesticksAsync(string)' [c:\Users\Peter\Documents\GitHub\kalshi-trading-bot\BacklashInterfaces\BacklashInterfaces.csproj]
c:\Users\Peter\Documents\GitHub\kalshi-trading-bot\BacklashInterfaces\SmokehouseBot\Services\ICandlestickService.cs(8,14): warning CS1591: Missing XML comment for publicly visible type or member 'ICandlestickService.PopulateMarketDataAsync(string)' [c:\Users\Peter\Documents\GitHub\kalshi-trading-bot\BacklashInterfaces\BacklashInterfaces.csproj]
c:\Users\Peter\Documents\GitHub\kalshi-trading-bot\BacklashInterfaces\SmokehouseBot\Services\ICandlestickService.cs(9,31): warning CS1591: Missing XML comment for publicly visible type or member 'ICandlestickService.RetrieveHistoricalCandlesticksAsync(string, string)' [c:\Users\Peter\Documents\GitHub\kalshi-trading-bot\BacklashInterfaces\BacklashInterfaces.csproj]
c:\Users\Peter\Documents\GitHub\kalshi-trading-bot\BacklashInterfaces\SmokehouseBot\Services\IMarketDataInitializer.cs(4,22): warning CS1591: Missing XML comment for publicly visible type or member 'IMarketDataInitializer' [c:\Users\Peter\Documents\GitHub\kalshi-trading-bot\BacklashInterfaces\BacklashInterfaces.csproj]
c:\Users\Peter\Documents\GitHub\kalshi-trading-bot\BacklashInterfaces\SmokehouseBot\Services\IMarketDataInitializer.cs(6,14): warning CS1591: Missing XML comment for publicly visible type or member 'IMarketDataInitializer.SetupAsync()' [c:\Users\Peter\Documents\GitHub\kalshi-trading-bot\BacklashInterfaces\BacklashInterfaces.csproj]
c:\Users\Peter\Documents\GitHub\kalshi-trading-bot\BacklashInterfaces\SmokehouseBot\Services\IMarketDataService.cs(8,22): warning CS1591: Missing XML comment for publicly visible type or member 'IMarketDataService' [c:\Users\Peter\Documents\GitHub\kalshi-trading-bot\BacklashInterfaces\BacklashInterfaces.csproj]
c:\Users\Peter\Documents\GitHub\kalshi-trading-bot\BacklashInterfaces\SmokehouseBot\Services\IMarketDataService.cs(10,36): warning CS1591: Missing XML comment for publicly visible type or member 'IMarketDataService.MarketDataUpdated' [c:\Users\Peter\Documents\GitHub\kalshi-trading-bot\BacklashInterfaces\BacklashInterfaces.csproj]
c:\Users\Peter\Documents\GitHub\kalshi-trading-bot\BacklashInterfaces\SmokehouseBot\Services\IMarketDataService.cs(11,36): warning CS1591: Missing XML comment for publicly visible type or member 'IMarketDataService.PositionDataUpdated' [c:\Users\Peter\Documents\GitHub\kalshi-trading-bot\BacklashInterfaces\BacklashInterfaces.csproj]
c:\Users\Peter\Documents\GitHub\kalshi-trading-bot\BacklashInterfaces\SmokehouseBot\Services\IMarketDataService.cs(12,28): warning CS1591: Missing XML comment for publicly visible type or member 'IMarketDataService.WatchListChanged' [c:\Users\Peter\Documents\GitHub\kalshi-trading-bot\BacklashInterfaces\BacklashInterfaces.csproj]
c:\Users\Peter\Documents\GitHub\kalshi-trading-bot\BacklashInterfaces\SmokehouseBot\Services\IMarketDataService.cs(13,36): warning CS1591: Missing XML comment for publicly visible type or member 'IMarketDataService.TickerAdded' [c:\Users\Peter\Documents\GitHub\kalshi-trading-bot\BacklashInterfaces\BacklashInterfaces.csproj]
c:\Users\Peter\Documents\GitHub\kalshi-trading-bot\BacklashInterfaces\SmokehouseBot\Services\IMarketDataService.cs(14,36): warning CS1591: Missing XML comment for publicly visible type or member 'IMarketDataService.AccountBalanceUpdated' [c:\Users\Peter\Documents\GitHub\kalshi-trading-bot\BacklashInterfaces\BacklashInterfaces.csproj]
c:\Users\Peter\Documents\GitHub\kalshi-trading-bot\BacklashInterfaces\SmokehouseBot\Services\IMarketDataService.cs(16,22): warning CS1591: Missing XML comment for publicly visible type or member 'IMarketDataService.MarketsToRefresh' [c:\Users\Peter\Documents\GitHub\kalshi-trading-bot\BacklashInterfaces\BacklashInterfaces.csproj]
c:\Users\Peter\Documents\GitHub\kalshi-trading-bot\BacklashInterfaces\SmokehouseBot\Services\IMarketDataService.cs(17,14): warning CS1591: Missing XML comment for publicly visible type or member 'IMarketDataService.AddMarketToWatchList(string, double?)' [c:\Users\Peter\Documents\GitHub\kalshi-trading-bot\BacklashInterfaces\BacklashInterfaces.csproj]
c:\Users\Peter\Documents\GitHub\kalshi-trading-bot\BacklashInterfaces\SmokehouseBot\Services\IMarketDataService.cs(18,19): warning CS1591: Missing XML comment for publicly visible type or member 'IMarketDataService.GetLatestOrderbookTimestamp(string)' [c:\Users\Peter\Documents\GitHub\kalshi-trading-bot\BacklashInterfaces\BacklashInterfaces.csproj]
c:\Users\Peter\Documents\GitHub\kalshi-trading-bot\BacklashInterfaces\SmokehouseBot\Services\IMarketDataService.cs(19,14): warning CS1591: Missing XML comment for publicly visible type or member 'IMarketDataService.GetExchangeStatus()' [c:\Users\Peter\Documents\GitHub\kalshi-trading-bot\BacklashInterfaces\BacklashInterfaces.csproj]
c:\Users\Peter\Documents\GitHub\kalshi-trading-bot\BacklashInterfaces\SmokehouseBot\Services\IMarketDataService.cs(20,14): warning CS1591: Missing XML comment for publicly visible type or member 'IMarketDataService.GetTradingStatus()' [c:\Users\Peter\Documents\GitHub\kalshi-trading-bot\BacklashInterfaces\BacklashInterfaces.csproj]
c:\Users\Peter\Documents\GitHub\kalshi-trading-bot\BacklashInterfaces\SmokehouseBot\Services\IMarketDataService.cs(21,14): warning CS1591: Missing XML comment for publicly visible type or member 'IMarketDataService.UnwatchMarket(string)' [c:\Users\Peter\Documents\GitHub\kalshi-trading-bot\BacklashInterfaces\BacklashInterfaces.csproj]
c:\Users\Peter\Documents\GitHub\kalshi-trading-bot\BacklashInterfaces\SmokehouseBot\Services\IMarketDataService.cs(22,14): warning CS1591: Missing XML comment for publicly visible type or member 'IMarketDataService.UpdateMarketSubscriptionAsync(string, string[])' [c:\Users\Peter\Documents\GitHub\kalshi-trading-bot\BacklashInterfaces\BacklashInterfaces.csproj]
c:\Users\Peter\Documents\GitHub\kalshi-trading-bot\BacklashInterfaces\SmokehouseBot\Services\IMarketDataService.cs(23,14): warning CS1591: Missing XML comment for publicly visible type or member 'IMarketDataService.StopServicesAsync()' [c:\Users\Peter\Documents\GitHub\kalshi-trading-bot\BacklashInterfaces\BacklashInterfaces.csproj]
c:\Users\Peter\Documents\GitHub\kalshi-trading-bot\BacklashInterfaces\SmokehouseBot\Services\IMarketDataService.cs(24,14): warning CS1591: Missing XML comment for publicly visible type or member 'IMarketDataService.SyncMarketDataAsync(string)' [c:\Users\Peter\Documents\GitHub\kalshi-trading-bot\BacklashInterfaces\BacklashInterfaces.csproj]
c:\Users\Peter\Documents\GitHub\kalshi-trading-bot\BacklashInterfaces\SmokehouseBot\Services\IMarketDataService.cs(25,26): warning CS1591: Missing XML comment for publicly visible type or member 'IMarketDataService.EnsureMarketDataAsync(string)' [c:\Users\Peter\Documents\GitHub\kalshi-trading-bot\BacklashInterfaces\BacklashInterfaces.csproj]
c:\Users\Peter\Documents\GitHub\kalshi-trading-bot\BacklashInterfaces\SmokehouseBot\Services\IMarketDataService.cs(26,14): warning CS1591: Missing XML comment for publicly visible type or member 'IMarketDataService.UpdateWatchedMarketsAsync()' [c:\Users\Peter\Documents\GitHub\kalshi-trading-bot\BacklashInterfaces\BacklashInterfaces.csproj]
c:\Users\Peter\Documents\GitHub\kalshi-trading-bot\BacklashInterfaces\SmokehouseBot\Services\IMarketDataService.cs(27,28): warning CS1591: Missing XML comment for publicly visible type or member 'IMarketDataService.FetchWatchedMarketsAsync()' [c:\Users\Peter\Documents\GitHub\kalshi-trading-bot\BacklashInterfaces\BacklashInterfaces.csproj]
c:\Users\Peter\Documents\GitHub\kalshi-trading-bot\BacklashInterfaces\SmokehouseBot\Services\IMarketDataService.cs(28,29): warning CS1591: Missing XML comment for publicly visible type or member 'IMarketDataService.GetCurrentOrderBook(string)' [c:\Users\Peter\Documents\GitHub\kalshi-trading-bot\BacklashInterfaces\BacklashInterfaces.csproj]
c:\Users\Peter\Documents\GitHub\kalshi-trading-bot\BacklashInterfaces\SmokehouseBot\Services\IMarketDataService.cs(29,21): warning CS1591: Missing XML comment for publicly visible type or member 'IMarketDataService.GetMarketDetails(string)' [c:\Users\Peter\Documents\GitHub\kalshi-trading-bot\BacklashInterfaces\BacklashInterfaces.csproj]
c:\Users\Peter\Documents\GitHub\kalshi-trading-bot\BacklashInterfaces\SmokehouseBot\Services\IMarketDataService.cs(30,47): warning CS1591: Missing XML comment for publicly visible type or member 'IMarketDataService.GetMarketDetailsBatchAsync(IEnumerable<string>, CancellationToken)' [c:\Users\Peter\Documents\GitHub\kalshi-trading-bot\BacklashInterfaces\BacklashInterfaces.csproj]
c:\Users\Peter\Documents\GitHub\kalshi-trading-bot\BacklashInterfaces\SmokehouseBot\Services\IMarketDataService.cs(31,16): warning CS1591: Missing XML comment for publicly visible type or member 'IMarketDataService.GetAccountBalance()' [c:\Users\Peter\Documents\GitHub\kalshi-trading-bot\BacklashInterfaces\BacklashInterfaces.csproj]
c:\Users\Peter\Documents\GitHub\kalshi-trading-bot\BacklashInterfaces\SmokehouseBot\Services\IMarketDataService.cs(32,16): warning CS1591: Missing XML comment for publicly visible type or member 'IMarketDataService.GetPortfolioValue()' [c:\Users\Peter\Documents\GitHub\kalshi-trading-bot\BacklashInterfaces\BacklashInterfaces.csproj]
c:\Users\Peter\Documents\GitHub\kalshi-trading-bot\BacklashInterfaces\SmokehouseBot\Services\IMarketDataService.cs(33,18): warning CS1591: Missing XML comment for publicly visible type or member 'IMarketDataService.GetLatestWebSocketTimestamp()' [c:\Users\Peter\Documents\GitHub\kalshi-trading-bot\BacklashInterfaces\BacklashInterfaces.csproj]
c:\Users\Peter\Documents\GitHub\kalshi-trading-bot\BacklashInterfaces\SmokehouseBot\Services\IMarketDataService.cs(34,14): warning CS1591: Missing XML comment for publicly visible type or member 'IMarketDataService.UpdateAccountBalanceAsync()' [c:\Users\Peter\Documents\GitHub\kalshi-trading-bot\BacklashInterfaces\BacklashInterfaces.csproj]
c:\Users\Peter\Documents\GitHub\kalshi-trading-bot\BacklashInterfaces\SmokehouseBot\Services\IMarketDataService.cs(35,14): warning CS1591: Missing XML comment for publicly visible type or member 'IMarketDataService.ProcessTickerUpdate(string, Guid, int, int, int, int, int, int, int, long, DateTime, DateTime?)' [c:\Users\Peter\Documents\GitHub\kalshi-trading-bot\BacklashInterfaces\BacklashInterfaces.csproj]
c:\Users\Peter\Documents\GitHub\kalshi-trading-bot\BacklashInterfaces\SmokehouseBot\Services\IMarketDataService.cs(36,14): warning CS1591: Missing XML comment for publicly visible type or member 'IMarketDataService.NotifyMarketDataUpdated(string)' [c:\Users\Peter\Documents\GitHub\kalshi-trading-bot\BacklashInterfaces\BacklashInterfaces.csproj]
c:\Users\Peter\Documents\GitHub\kalshi-trading-bot\BacklashInterfaces\SmokehouseBot\Services\IMarketDataService.cs(37,14): warning CS1591: Missing XML comment for publicly visible type or member 'IMarketDataService.NotifyPositionDataUpdated(string)' [c:\Users\Peter\Documents\GitHub\kalshi-trading-bot\BacklashInterfaces\BacklashInterfaces.csproj]
c:\Users\Peter\Documents\GitHub\kalshi-trading-bot\BacklashInterfaces\SmokehouseBot\Services\IMarketDataService.cs(38,14): warning CS1591: Missing XML comment for publicly visible type or member 'IMarketDataService.NotifyTickerAdded(string)' [c:\Users\Peter\Documents\GitHub\kalshi-trading-bot\BacklashInterfaces\BacklashInterfaces.csproj]
c:\Users\Peter\Documents\GitHub\kalshi-trading-bot\BacklashInterfaces\SmokehouseBot\Services\IMarketDataService.cs(39,14): warning CS1591: Missing XML comment for publicly visible type or member 'IMarketDataService.NotifyAccountBalanceUpdated(string)' [c:\Users\Peter\Documents\GitHub\kalshi-trading-bot\BacklashInterfaces\BacklashInterfaces.csproj]
c:\Users\Peter\Documents\GitHub\kalshi-trading-bot\BacklashInterfaces\SmokehouseBot\Services\IMarketDataService.cs(40,31): warning CS1591: Missing XML comment for publicly visible type or member 'IMarketDataService.ForwardFillCandlesticks(List<CandlestickData>, string)' [c:\Users\Peter\Documents\GitHub\kalshi-trading-bot\BacklashInterfaces\BacklashInterfaces.csproj]
c:\Users\Peter\Documents\GitHub\kalshi-trading-bot\BacklashInterfaces\SmokehouseBot\Services\IMarketDataService.cs(41,14): warning CS1591: Missing XML comment for publicly visible type or member 'IMarketDataService.ConfigureWebSocketEventHandlers()' [c:\Users\Peter\Documents\GitHub\kalshi-trading-bot\BacklashInterfaces\BacklashInterfaces.csproj]
c:\Users\Peter\Documents\GitHub\kalshi-trading-bot\BacklashInterfaces\SmokehouseBot\Services\IMarketDataService.cs(42,14): warning CS1591: Missing XML comment for publicly visible type or member 'IMarketDataService.RetrieveAndUpdatePositionsAsync()' [c:\Users\Peter\Documents\GitHub\kalshi-trading-bot\BacklashInterfaces\BacklashInterfaces.csproj]
c:\Users\Peter\Documents\GitHub\kalshi-trading-bot\BacklashInterfaces\SmokehouseBot\Services\IMarketDataService.cs(43,14): warning CS1591: Missing XML comment for publicly visible type or member 'IMarketDataService.SubscribeToMarketChannelsAsync(string)' [c:\Users\Peter\Documents\GitHub\kalshi-trading-bot\BacklashInterfaces\BacklashInterfaces.csproj]
c:\Users\Peter\Documents\GitHub\kalshi-trading-bot\BacklashInterfaces\SmokehouseBot\Services\IMarketRefreshService.cs(3,22): warning CS1591: Missing XML comment for publicly visible type or member 'IMarketRefreshService' [c:\Users\Peter\Documents\GitHub\kalshi-trading-bot\BacklashInterfaces\BacklashInterfaces.csproj]
c:\Users\Peter\Documents\GitHub\kalshi-trading-bot\BacklashInterfaces\SmokehouseBot\Services\IMarketRefreshService.cs(5,14): warning CS1591: Missing XML comment for publicly visible type or member 'IMarketRefreshService.ExecuteServicesAsync(CancellationToken)' [c:\Users\Peter\Documents\GitHub\kalshi-trading-bot\BacklashInterfaces\BacklashInterfaces.csproj]
c:\Users\Peter\Documents\GitHub\kalshi-trading-bot\BacklashInterfaces\SmokehouseBot\Services\IMarketRefreshService.cs(6,14): warning CS1591: Missing XML comment for publicly visible type or member 'IMarketRefreshService.TriggerImmediateRefreshAsync(string)' [c:\Users\Peter\Documents\GitHub\kalshi-trading-bot\BacklashInterfaces\BacklashInterfaces.csproj]
c:\Users\Peter\Documents\GitHub\kalshi-trading-bot\BacklashInterfaces\SmokehouseBot\Services\IMarketRefreshService.cs(7,14): warning CS1591: Missing XML comment for publicly visible type or member 'IMarketRefreshService.IsRunning()' [c:\Users\Peter\Documents\GitHub\kalshi-trading-bot\BacklashInterfaces\BacklashInterfaces.csproj]
c:\Users\Peter\Documents\GitHub\kalshi-trading-bot\BacklashInterfaces\SmokehouseBot\Services\IMarketRefreshService.cs(8,14): warning CS1591: Missing XML comment for publicly visible type or member 'IMarketRefreshService.StopAsync(CancellationToken)' [c:\Users\Peter\Documents\GitHub\kalshi-trading-bot\BacklashInterfaces\BacklashInterfaces.csproj]
c:\Users\Peter\Documents\GitHub\kalshi-trading-bot\BacklashInterfaces\SmokehouseBot\Services\IMarketRefreshService.cs(10,18): warning CS1591: Missing XML comment for publicly visible type or member 'IMarketRefreshService.LastWorkDuration' [c:\Users\Peter\Documents\GitHub\kalshi-trading-bot\BacklashInterfaces\BacklashInterfaces.csproj]
c:\Users\Peter\Documents\GitHub\kalshi-trading-bot\BacklashInterfaces\SmokehouseBot\Services\IMarketRefreshService.cs(11,13): warning CS1591: Missing XML comment for publicly visible type or member 'IMarketRefreshService.LastWorkMarketCount' [c:\Users\Peter\Documents\GitHub\kalshi-trading-bot\BacklashInterfaces\BacklashInterfaces.csproj]
c:\Users\Peter\Documents\GitHub\kalshi-trading-bot\BacklashInterfaces\SmokehouseBot\Services\IMarketRefreshService.cs(12,14): warning CS1591: Missing XML comment for publicly visible type or member 'IMarketRefreshService.TotalRefreshOperations' [c:\Users\Peter\Documents\GitHub\kalshi-trading-bot\BacklashInterfaces\BacklashInterfaces.csproj]
c:\Users\Peter\Documents\GitHub\kalshi-trading-bot\BacklashInterfaces\SmokehouseBot\Services\IMarketRefreshService.cs(13,18): warning CS1591: Missing XML comment for publicly visible type or member 'IMarketRefreshService.AverageRefreshTimePerMarket' [c:\Users\Peter\Documents\GitHub\kalshi-trading-bot\BacklashInterfaces\BacklashInterfaces.csproj]
c:\Users\Peter\Documents\GitHub\kalshi-trading-bot\BacklashInterfaces\SmokehouseBot\Services\IMarketRefreshService.cs(14,13): warning CS1591: Missing XML comment for publicly visible type or member 'IMarketRefreshService.LastRefreshCount' [c:\Users\Peter\Documents\GitHub\kalshi-trading-bot\BacklashInterfaces\BacklashInterfaces.csproj]
c:\Users\Peter\Documents\GitHub\kalshi-trading-bot\BacklashInterfaces\SmokehouseBot\Services\IMarketRefreshService.cs(15,18): warning CS1591: Missing XML comment for publicly visible type or member 'IMarketRefreshService.LastCpuTime' [c:\Users\Peter\Documents\GitHub\kalshi-trading-bot\BacklashInterfaces\BacklashInterfaces.csproj]
c:\Users\Peter\Documents\GitHub\kalshi-trading-bot\BacklashInterfaces\SmokehouseBot\Services\IMarketRefreshService.cs(16,14): warning CS1591: Missing XML comment for publicly visible type or member 'IMarketRefreshService.LastMemoryUsage' [c:\Users\Peter\Documents\GitHub\kalshi-trading-bot\BacklashInterfaces\BacklashInterfaces.csproj]
c:\Users\Peter\Documents\GitHub\kalshi-trading-bot\BacklashInterfaces\SmokehouseBot\Services\IMarketRefreshService.cs(17,16): warning CS1591: Missing XML comment for publicly visible type or member 'IMarketRefreshService.RefreshThroughput' [c:\Users\Peter\Documents\GitHub\kalshi-trading-bot\BacklashInterfaces\BacklashInterfaces.csproj]
c:\Users\Peter\Documents\GitHub\kalshi-trading-bot\BacklashInterfaces\SmokehouseBot\Services\IOrderbookChangeTracker.cs(6,22): warning CS1591: Missing XML comment for publicly visible type or member 'IOrderbookChangeTracker' [c:\Users\Peter\Documents\GitHub\kalshi-trading-bot\BacklashInterfaces\BacklashInterfaces.csproj]
c:\Users\Peter\Documents\GitHub\kalshi-trading-bot\BacklashInterfaces\SmokehouseBot\Services\IOrderbookChangeTracker.cs(8,21): warning CS1591: Missing XML comment for publicly visible type or member 'IOrderbookChangeTracker.Market' [c:\Users\Peter\Documents\GitHub\kalshi-trading-bot\BacklashInterfaces\BacklashInterfaces.csproj]
c:\Users\Peter\Documents\GitHub\kalshi-trading-bot\BacklashInterfaces\SmokehouseBot\Services\IOrderbookChangeTracker.cs(9,14): warning CS1591: Missing XML comment for publicly visible type or member 'IOrderbookChangeTracker.IsMature' [c:\Users\Peter\Documents\GitHub\kalshi-trading-bot\BacklashInterfaces\BacklashInterfaces.csproj]
c:\Users\Peter\Documents\GitHub\kalshi-trading-bot\BacklashInterfaces\SmokehouseBot\Services\IOrderbookChangeTracker.cs(10,18): warning CS1591: Missing XML comment for publicly visible type or member 'IOrderbookChangeTracker.ChangeWindowDuration' [c:\Users\Peter\Documents\GitHub\kalshi-trading-bot\BacklashInterfaces\BacklashInterfaces.csproj]
c:\Users\Peter\Documents\GitHub\kalshi-trading-bot\BacklashInterfaces\SmokehouseBot\Services\IOrderbookChangeTracker.cs(11,18): warning CS1591: Missing XML comment for publicly visible type or member 'IOrderbookChangeTracker.TradeMatchingWindow' [c:\Users\Peter\Documents\GitHub\kalshi-trading-bot\BacklashInterfaces\BacklashInterfaces.csproj]
c:\Users\Peter\Documents\GitHub\kalshi-trading-bot\BacklashInterfaces\SmokehouseBot\Services\IOrderbookChangeTracker.cs(12,18): warning CS1591: Missing XML comment for publicly visible type or member 'IOrderbookChangeTracker.OrderbookCancelWindow' [c:\Users\Peter\Documents\GitHub\kalshi-trading-bot\BacklashInterfaces\BacklashInterfaces.csproj]
c:\Users\Peter\Documents\GitHub\kalshi-trading-bot\BacklashInterfaces\SmokehouseBot\Services\IOrderbookChangeTracker.cs(13,18): warning CS1591: Missing XML comment for publicly visible type or member 'IOrderbookChangeTracker.LastMarketOpenTime' [c:\Users\Peter\Documents\GitHub\kalshi-trading-bot\BacklashInterfaces\BacklashInterfaces.csproj]
c:\Users\Peter\Documents\GitHub\kalshi-trading-bot\BacklashInterfaces\SmokehouseBot\Services\IOrderbookChangeTracker.cs(14,14): warning CS1591: Missing XML comment for publicly visible type or member 'IOrderbookChangeTracker.UpdateMarketStatus(bool, bool)' [c:\Users\Peter\Documents\GitHub\kalshi-trading-bot\BacklashInterfaces\BacklashInterfaces.csproj]
c:\Users\Peter\Documents\GitHub\kalshi-trading-bot\BacklashInterfaces\SmokehouseBot\Services\IOrderbookChangeTracker.cs(15,14): warning CS1591: Missing XML comment for publicly visible type or member 'IOrderbookChangeTracker.Stop()' [c:\Users\Peter\Documents\GitHub\kalshi-trading-bot\BacklashInterfaces\BacklashInterfaces.csproj]
c:\Users\Peter\Documents\GitHub\kalshi-trading-bot\BacklashInterfaces\SmokehouseBot\Services\IOrderbookChangeTracker.cs(16,14): warning CS1591: Missing XML comment for publicly visible type or member 'IOrderbookChangeTracker.ProcessOrderbookSnapshot(List<OrderbookData>, List<OrderbookData>)' [c:\Users\Peter\Documents\GitHub\kalshi-trading-bot\BacklashInterfaces\BacklashInterfaces.csproj]
c:\Users\Peter\Documents\GitHub\kalshi-trading-bot\BacklashInterfaces\SmokehouseBot\Services\IOrderbookChangeTracker.cs(17,14): warning CS1591: Missing XML comment for publicly visible type or member 'IOrderbookChangeTracker.RecordOrderbookChange(string, int, int)' [c:\Users\Peter\Documents\GitHub\kalshi-trading-bot\BacklashInterfaces\BacklashInterfaces.csproj]
c:\Users\Peter\Documents\GitHub\kalshi-trading-bot\BacklashInterfaces\SmokehouseBot\Services\IOrderbookChangeTracker.cs(18,14): warning CS1591: Missing XML comment for publicly visible type or member 'IOrderbookChangeTracker.RecordTrade(string, int, int, int, DateTime)' [c:\Users\Peter\Documents\GitHub\kalshi-trading-bot\BacklashInterfaces\BacklashInterfaces.csproj]
c:\Users\Peter\Documents\GitHub\kalshi-trading-bot\BacklashInterfaces\SmokehouseBot\Services\IOrderbookChangeTracker.cs(19,37): warning CS1591: Missing XML comment for publicly visible type or member 'IOrderbookChangeTracker.GetBottomNoVelocityPerMinute(List<OrderbookData>, List<OrderbookChange>, int)' [c:\Users\Peter\Documents\GitHub\kalshi-trading-bot\BacklashInterfaces\BacklashInterfaces.csproj]
c:\Users\Peter\Documents\GitHub\kalshi-trading-bot\BacklashInterfaces\SmokehouseBot\Services\IOrderbookChangeTracker.cs(20,37): warning CS1591: Missing XML comment for publicly visible type or member 'IOrderbookChangeTracker.GetBottomYesVelocityPerMinute(List<OrderbookData>, List<OrderbookChange>, int)' [c:\Users\Peter\Documents\GitHub\kalshi-trading-bot\BacklashInterfaces\BacklashInterfaces.csproj]
c:\Users\Peter\Documents\GitHub\kalshi-trading-bot\BacklashInterfaces\SmokehouseBot\Services\IOrderbookChangeTracker.cs(21,37): warning CS1591: Missing XML comment for publicly visible type or member 'IOrderbookChangeTracker.GetTopNoVelocityPerMinute(List<OrderbookData>, List<OrderbookChange>, int)' [c:\Users\Peter\Documents\GitHub\kalshi-trading-bot\BacklashInterfaces\BacklashInterfaces.csproj]
c:\Users\Peter\Documents\GitHub\kalshi-trading-bot\BacklashInterfaces\SmokehouseBot\Services\IOrderbookChangeTracker.cs(22,37): warning CS1591: Missing XML comment for publicly visible type or member 'IOrderbookChangeTracker.GetTopYesVelocityPerMinute(List<OrderbookData>, List<OrderbookChange>, int)' [c:\Users\Peter\Documents\GitHub\kalshi-trading-bot\BacklashInterfaces\BacklashInterfaces.csproj]
c:\Users\Peter\Documents\GitHub\kalshi-trading-bot\BacklashInterfaces\SmokehouseBot\Services\IOrderbookChangeTracker.cs(23,36): warning CS1591: Missing XML comment for publicly visible type or member 'IOrderbookChangeTracker.GetYesNetOrderVolumePerMinute(List<OrderbookChange>)' [c:\Users\Peter\Documents\GitHub\kalshi-trading-bot\BacklashInterfaces\BacklashInterfaces.csproj]
c:\Users\Peter\Documents\GitHub\kalshi-trading-bot\BacklashInterfaces\SmokehouseBot\Services\IOrderbookChangeTracker.cs(24,36): warning CS1591: Missing XML comment for publicly visible type or member 'IOrderbookChangeTracker.GetNoNetOrderVolumePerMinute(List<OrderbookChange>)' [c:\Users\Peter\Documents\GitHub\kalshi-trading-bot\BacklashInterfaces\BacklashInterfaces.csproj]
c:\Users\Peter\Documents\GitHub\kalshi-trading-bot\BacklashInterfaces\SmokehouseBot\Services\IOrderbookChangeTracker.cs(25,38): warning CS1591: Missing XML comment for publicly visible type or member 'IOrderbookChangeTracker.GetTradeRatePerMinute_MakerYes(List<OrderbookChange>)' [c:\Users\Peter\Documents\GitHub\kalshi-trading-bot\BacklashInterfaces\BacklashInterfaces.csproj]
c:\Users\Peter\Documents\GitHub\kalshi-trading-bot\BacklashInterfaces\SmokehouseBot\Services\IOrderbookChangeTracker.cs(26,38): warning CS1591: Missing XML comment for publicly visible type or member 'IOrderbookChangeTracker.GetTradeRatePerMinute_MakerNo(List<OrderbookChange>)' [c:\Users\Peter\Documents\GitHub\kalshi-trading-bot\BacklashInterfaces\BacklashInterfaces.csproj]
c:\Users\Peter\Documents\GitHub\kalshi-trading-bot\BacklashInterfaces\SmokehouseBot\Services\IOrderbookChangeTracker.cs(27,16): warning CS1591: Missing XML comment for publicly visible type or member 'IOrderbookChangeTracker.GetAverageTradeSize_MakerYes(List<OrderbookChange>)' [c:\Users\Peter\Documents\GitHub\kalshi-trading-bot\BacklashInterfaces\BacklashInterfaces.csproj]
c:\Users\Peter\Documents\GitHub\kalshi-trading-bot\BacklashInterfaces\SmokehouseBot\Services\IOrderbookChangeTracker.cs(28,16): warning CS1591: Missing XML comment for publicly visible type or member 'IOrderbookChangeTracker.GetAverageTradeSize_MakerNo(List<OrderbookChange>)' [c:\Users\Peter\Documents\GitHub\kalshi-trading-bot\BacklashInterfaces\BacklashInterfaces.csproj]
c:\Users\Peter\Documents\GitHub\kalshi-trading-bot\BacklashInterfaces\SmokehouseBot\Services\IOrderbookChangeTracker.cs(29,13): warning CS1591: Missing XML comment for publicly visible type or member 'IOrderbookChangeTracker.GetTradeCount_MakerYes()' [c:\Users\Peter\Documents\GitHub\kalshi-trading-bot\BacklashInterfaces\BacklashInterfaces.csproj]
c:\Users\Peter\Documents\GitHub\kalshi-trading-bot\BacklashInterfaces\SmokehouseBot\Services\IOrderbookChangeTracker.cs(30,13): warning CS1591: Missing XML comment for publicly visible type or member 'IOrderbookChangeTracker.GetTradeCount_MakerNo()' [c:\Users\Peter\Documents\GitHub\kalshi-trading-bot\BacklashInterfaces\BacklashInterfaces.csproj]
c:\Users\Peter\Documents\GitHub\kalshi-trading-bot\BacklashInterfaces\SmokehouseBot\Services\IOrderbookChangeTracker.cs(31,13): warning CS1591: Missing XML comment for publicly visible type or member 'IOrderbookChangeTracker.GetTopLevels(List<OrderbookData>, int)' [c:\Users\Peter\Documents\GitHub\kalshi-trading-bot\BacklashInterfaces\BacklashInterfaces.csproj]
c:\Users\Peter\Documents\GitHub\kalshi-trading-bot\BacklashInterfaces\SmokehouseBot\Services\IOrderbookChangeTracker.cs(32,13): warning CS1591: Missing XML comment for publicly visible type or member 'IOrderbookChangeTracker.GetBottomLevels(List<OrderbookData>, int)' [c:\Users\Peter\Documents\GitHub\kalshi-trading-bot\BacklashInterfaces\BacklashInterfaces.csproj]
c:\Users\Peter\Documents\GitHub\kalshi-trading-bot\BacklashInterfaces\SmokehouseBot\Services\IOrderbookChangeTracker.cs(33,14): warning CS1591: Missing XML comment for publicly visible type or member 'IOrderbookChangeTracker.RecalculateAllMetrics()' [c:\Users\Peter\Documents\GitHub\kalshi-trading-bot\BacklashInterfaces\BacklashInterfaces.csproj]
c:\Users\Peter\Documents\GitHub\kalshi-trading-bot\BacklashInterfaces\SmokehouseBot\Services\IOrderbookChangeTracker.cs(34,14): warning CS1591: Missing XML comment for publicly visible type or member 'IOrderbookChangeTracker.Shutdown()' [c:\Users\Peter\Documents\GitHub\kalshi-trading-bot\BacklashInterfaces\BacklashInterfaces.csproj]
c:\Users\Peter\Documents\GitHub\kalshi-trading-bot\BacklashInterfaces\SmokehouseBot\Services\IOrderBookService.cs(5,22): warning CS1591: Missing XML comment for publicly visible type or member 'IOrderBookService' [c:\Users\Peter\Documents\GitHub\kalshi-trading-bot\BacklashInterfaces\BacklashInterfaces.csproj]
c:\Users\Peter\Documents\GitHub\kalshi-trading-bot\BacklashInterfaces\SmokehouseBot\Services\IOrderBookService.cs(7,36): warning CS1591: Missing XML comment for publicly visible type or member 'IOrderBookService.OrderBookUpdated' [c:\Users\Peter\Documents\GitHub\kalshi-trading-bot\BacklashInterfaces\BacklashInterfaces.csproj]
c:\Users\Peter\Documents\GitHub\kalshi-trading-bot\BacklashInterfaces\SmokehouseBot\Services\IOrderBookService.cs(8,14): warning CS1591: Missing XML comment for publicly visible type or member 'IOrderBookService.ConfigureWebSocketEventHandlers()' [c:\Users\Peter\Documents\GitHub\kalshi-trading-bot\BacklashInterfaces\BacklashInterfaces.csproj]
c:\Users\Peter\Documents\GitHub\kalshi-trading-bot\BacklashInterfaces\SmokehouseBot\Services\IOrderBookService.cs(9,29): warning CS1591: Missing XML comment for publicly visible type or member 'IOrderBookService.GetCurrentOrderBook(string)' [c:\Users\Peter\Documents\GitHub\kalshi-trading-bot\BacklashInterfaces\BacklashInterfaces.csproj]
c:\Users\Peter\Documents\GitHub\kalshi-trading-bot\BacklashInterfaces\SmokehouseBot\Services\IOrderBookService.cs(10,14): warning CS1591: Missing XML comment for publicly visible type or member 'IOrderBookService.SyncOrderBookAsync(string)' [c:\Users\Peter\Documents\GitHub\kalshi-trading-bot\BacklashInterfaces\BacklashInterfaces.csproj]
c:\Users\Peter\Documents\GitHub\kalshi-trading-bot\BacklashInterfaces\SmokehouseBot\Services\IOrderBookService.cs(11,14): warning CS1591: Missing XML comment for publicly visible type or member 'IOrderBookService.ClearQueueForMarketAsync(string)' [c:\Users\Peter\Documents\GitHub\kalshi-trading-bot\BacklashInterfaces\BacklashInterfaces.csproj]
c:\Users\Peter\Documents\GitHub\kalshi-trading-bot\BacklashInterfaces\SmokehouseBot\Services\IOrderBookService.cs(12,14): warning CS1591: Missing XML comment for publicly visible type or member 'IOrderBookService.StartServicesAsync()' [c:\Users\Peter\Documents\GitHub\kalshi-trading-bot\BacklashInterfaces\BacklashInterfaces.csproj]
c:\Users\Peter\Documents\GitHub\kalshi-trading-bot\BacklashInterfaces\SmokehouseBot\Services\IOrderBookService.cs(14,14): warning CS1591: Missing XML comment for publicly visible type or member 'IOrderBookService.IsEventQueueUnderLimit(int)' [c:\Users\Peter\Documents\GitHub\kalshi-trading-bot\BacklashInterfaces\BacklashInterfaces.csproj]
c:\Users\Peter\Documents\GitHub\kalshi-trading-bot\BacklashInterfaces\SmokehouseBot\Services\IOrderBookService.cs(16,14): warning CS1591: Missing XML comment for publicly visible type or member 'IOrderBookService.StopServicesAsync()' [c:\Users\Peter\Documents\GitHub\kalshi-trading-bot\BacklashInterfaces\BacklashInterfaces.csproj]
c:\Users\Peter\Documents\GitHub\kalshi-trading-bot\BacklashInterfaces\SmokehouseBot\Services\IOrderBookService.cs(18,81): warning CS1591: Missing XML comment for publicly visible type or member 'IOrderBookService.GetQueueCounts()' [c:\Users\Peter\Documents\GitHub\kalshi-trading-bot\BacklashInterfaces\BacklashInterfaces.csproj]
c:\Users\Peter\Documents\GitHub\kalshi-trading-bot\BacklashInterfaces\SmokehouseBot\Services\IScopeManagerService.cs(5,22): warning CS1591: Missing XML comment for publicly visible type or member 'IScopeManagerService' [c:\Users\Peter\Documents\GitHub\kalshi-trading-bot\BacklashInterfaces\BacklashInterfaces.csproj]
c:\Users\Peter\Documents\GitHub\kalshi-trading-bot\BacklashInterfaces\SmokehouseBot\Services\IScopeManagerService.cs(7,14): warning CS1591: Missing XML comment for publicly visible type or member 'IScopeManagerService.InitializeScope()' [c:\Users\Peter\Documents\GitHub\kalshi-trading-bot\BacklashInterfaces\BacklashInterfaces.csproj]
c:\Users\Peter\Documents\GitHub\kalshi-trading-bot\BacklashInterfaces\SmokehouseBot\Services\IScopeManagerService.cs(8,14): warning CS1591: Missing XML comment for publicly visible type or member 'IScopeManagerService.ResetAll()' [c:\Users\Peter\Documents\GitHub\kalshi-trading-bot\BacklashInterfaces\BacklashInterfaces.csproj]
c:\Users\Peter\Documents\GitHub\kalshi-trading-bot\BacklashInterfaces\SmokehouseBot\Services\IScopeManagerService.cs(9,23): warning CS1591: Missing XML comment for publicly visible type or member 'IScopeManagerService.Scope' [c:\Users\Peter\Documents\GitHub\kalshi-trading-bot\BacklashInterfaces\BacklashInterfaces.csproj]
c:\Users\Peter\Documents\GitHub\kalshi-trading-bot\BacklashInterfaces\SmokehouseBot\Services\IScopeManagerService.cs(10,23): warning CS1591: Missing XML comment for publicly visible type or member 'IScopeManagerService.CreateScope()' [c:\Users\Peter\Documents\GitHub\kalshi-trading-bot\BacklashInterfaces\BacklashInterfaces.csproj]
c:\Users\Peter\Documents\GitHub\kalshi-trading-bot\BacklashInterfaces\SmokehouseBot\Services\IServiceFactory.cs(9,22): warning CS1591: Missing XML comment for publicly visible type or member 'IServiceFactory' [c:\Users\Peter\Documents\GitHub\kalshi-trading-bot\BacklashInterfaces\BacklashInterfaces.csproj]
c:\Users\Peter\Documents\GitHub\kalshi-trading-bot\BacklashInterfaces\SmokehouseBot\Services\IServiceFactory.cs(11,33): warning CS1591: Missing XML comment for publicly visible type or member 'IServiceFactory.GetKalshiWebSocketClient()' [c:\Users\Peter\Documents\GitHub\kalshi-trading-bot\BacklashInterfaces\BacklashInterfaces.csproj]
c:\Users\Peter\Documents\GitHub\kalshi-trading-bot\BacklashInterfaces\SmokehouseBot\Services\IServiceFactory.cs(12,32): warning CS1591: Missing XML comment for publicly visible type or member 'IServiceFactory.GetInterestScoreService()' [c:\Users\Peter\Documents\GitHub\kalshi-trading-bot\BacklashInterfaces\BacklashInterfaces.csproj]
c:\Users\Peter\Documents\GitHub\kalshi-trading-bot\BacklashInterfaces\SmokehouseBot\Services\IServiceFactory.cs(13,26): warning CS1591: Missing XML comment for publicly visible type or member 'IServiceFactory.GetSqlDataService()' [c:\Users\Peter\Documents\GitHub\kalshi-trading-bot\BacklashInterfaces\BacklashInterfaces.csproj]
c:\Users\Peter\Documents\GitHub\kalshi-trading-bot\BacklashInterfaces\SmokehouseBot\Services\IServiceFactory.cs(14,34): warning CS1591: Missing XML comment for publicly visible type or member 'IServiceFactory.GetTradingSnapshotService()' [c:\Users\Peter\Documents\GitHub\kalshi-trading-bot\BacklashInterfaces\BacklashInterfaces.csproj]
c:\Users\Peter\Documents\GitHub\kalshi-trading-bot\BacklashInterfaces\SmokehouseBot\Services\IServiceFactory.cs(15,29): warning CS1591: Missing XML comment for publicly visible type or member 'IServiceFactory.GetMarketDataService()' [c:\Users\Peter\Documents\GitHub\kalshi-trading-bot\BacklashInterfaces\BacklashInterfaces.csproj]
c:\Users\Peter\Documents\GitHub\kalshi-trading-bot\BacklashInterfaces\SmokehouseBot\Services\IServiceFactory.cs(16,29): warning CS1591: Missing XML comment for publicly visible type or member 'IServiceFactory.GetTradingCalculator()' [c:\Users\Peter\Documents\GitHub\kalshi-trading-bot\BacklashInterfaces\BacklashInterfaces.csproj]
c:\Users\Peter\Documents\GitHub\kalshi-trading-bot\BacklashInterfaces\SmokehouseBot\Services\IServiceFactory.cs(17,28): warning CS1591: Missing XML comment for publicly visible type or member 'IServiceFactory.GetOrderBookService()' [c:\Users\Peter\Documents\GitHub\kalshi-trading-bot\BacklashInterfaces\BacklashInterfaces.csproj]
c:\Users\Peter\Documents\GitHub\kalshi-trading-bot\BacklashInterfaces\SmokehouseBot\Services\IServiceFactory.cs(18,37): warning CS1591: Missing XML comment for publicly visible type or member 'IServiceFactory.GetPerformanceMonitor()' [c:\Users\Peter\Documents\GitHub\kalshi-trading-bot\BacklashInterfaces\BacklashInterfaces.csproj]
c:\Users\Peter\Documents\GitHub\kalshi-trading-bot\BacklashInterfaces\SmokehouseBot\Services\IServiceFactory.cs(19,21): warning CS1591: Missing XML comment for publicly visible type or member 'IServiceFactory.GetDataCache()' [c:\Users\Peter\Documents\GitHub\kalshi-trading-bot\BacklashInterfaces\BacklashInterfaces.csproj]
c:\Users\Peter\Documents\GitHub\kalshi-trading-bot\BacklashInterfaces\SmokehouseBot\Services\IServiceFactory.cs(20,33): warning CS1591: Missing XML comment for publicly visible type or member 'IServiceFactory.GetMarketDataInitializer()' [c:\Users\Peter\Documents\GitHub\kalshi-trading-bot\BacklashInterfaces\BacklashInterfaces.csproj]
c:\Users\Peter\Documents\GitHub\kalshi-trading-bot\BacklashInterfaces\SmokehouseBot\Services\IServiceFactory.cs(21,30): warning CS1591: Missing XML comment for publicly visible type or member 'IServiceFactory.GetCandlestickService()' [c:\Users\Peter\Documents\GitHub\kalshi-trading-bot\BacklashInterfaces\BacklashInterfaces.csproj]
c:\Users\Peter\Documents\GitHub\kalshi-trading-bot\BacklashInterfaces\SmokehouseBot\Services\IServiceFactory.cs(22,28): warning CS1591: Missing XML comment for publicly visible type or member 'IServiceFactory.GetBroadcastService()' [c:\Users\Peter\Documents\GitHub\kalshi-trading-bot\BacklashInterfaces\BacklashInterfaces.csproj]
c:\Users\Peter\Documents\GitHub\kalshi-trading-bot\BacklashInterfaces\SmokehouseBot\Services\IServiceFactory.cs(23,32): warning CS1591: Missing XML comment for publicly visible type or member 'IServiceFactory.GetMarketRefreshService()' [c:\Users\Peter\Documents\GitHub\kalshi-trading-bot\BacklashInterfaces\BacklashInterfaces.csproj]
c:\Users\Peter\Documents\GitHub\kalshi-trading-bot\BacklashInterfaces\SmokehouseBot\Services\IServiceFactory.cs(24,35): warning CS1591: Missing XML comment for publicly visible type or member 'IServiceFactory.GetWebSocketHostedService()' [c:\Users\Peter\Documents\GitHub\kalshi-trading-bot\BacklashInterfaces\BacklashInterfaces.csproj]
c:\Users\Peter\Documents\GitHub\kalshi-trading-bot\BacklashInterfaces\SmokehouseBot\Services\IServiceFactory.cs(25,31): warning CS1591: Missing XML comment for publicly visible type or member 'IServiceFactory.GetBacklashErrorHandler()' [c:\Users\Peter\Documents\GitHub\kalshi-trading-bot\BacklashInterfaces\BacklashInterfaces.csproj]
c:\Users\Peter\Documents\GitHub\kalshi-trading-bot\BacklashInterfaces\SmokehouseBot\Services\IServiceFactory.cs(26,33): warning CS1591: Missing XML comment for publicly visible type or member 'IServiceFactory.GetOverseerClientService()' [c:\Users\Peter\Documents\GitHub\kalshi-trading-bot\BacklashInterfaces\BacklashInterfaces.csproj]
c:\Users\Peter\Documents\GitHub\kalshi-trading-bot\BacklashInterfaces\SmokehouseBot\Services\IServiceFactory.cs(27,30): warning CS1591: Missing XML comment for publicly visible type or member 'IServiceFactory.GetScopeManager()' [c:\Users\Peter\Documents\GitHub\kalshi-trading-bot\BacklashInterfaces\BacklashInterfaces.csproj]
c:\Users\Peter\Documents\GitHub\kalshi-trading-bot\BacklashInterfaces\SmokehouseBot\Services\IServiceFactory.cs(28,14): warning CS1591: Missing XML comment for publicly visible type or member 'IServiceFactory.ResetAll()' [c:\Users\Peter\Documents\GitHub\kalshi-trading-bot\BacklashInterfaces\BacklashInterfaces.csproj]
c:\Users\Peter\Documents\GitHub\kalshi-trading-bot\BacklashInterfaces\SmokehouseBot\Services\IServiceFactory.cs(29,14): warning CS1591: Missing XML comment for publicly visible type or member 'IServiceFactory.InitializeServices(Guid)' [c:\Users\Peter\Documents\GitHub\kalshi-trading-bot\BacklashInterfaces\BacklashInterfaces.csproj]
c:\Users\Peter\Documents\GitHub\kalshi-trading-bot\BacklashInterfaces\SmokehouseBot\Services\ISqlDataService.cs(5,22): warning CS1591: Missing XML comment for publicly visible type or member 'ISqlDataService' [c:\Users\Peter\Documents\GitHub\kalshi-trading-bot\BacklashInterfaces\BacklashInterfaces.csproj]
c:\Users\Peter\Documents\GitHub\kalshi-trading-bot\BacklashInterfaces\SmokehouseBot\Services\ISqlDataService.cs(7,14): warning CS1591: Missing XML comment for publicly visible type or member 'ISqlDataService.StoreOrderBookAsync(JsonElement, string)' [c:\Users\Peter\Documents\GitHub\kalshi-trading-bot\BacklashInterfaces\BacklashInterfaces.csproj]
c:\Users\Peter\Documents\GitHub\kalshi-trading-bot\BacklashInterfaces\SmokehouseBot\Services\ISqlDataService.cs(8,14): warning CS1591: Missing XML comment for publicly visible type or member 'ISqlDataService.StoreTickerAsync(JsonElement)' [c:\Users\Peter\Documents\GitHub\kalshi-trading-bot\BacklashInterfaces\BacklashInterfaces.csproj]
c:\Users\Peter\Documents\GitHub\kalshi-trading-bot\BacklashInterfaces\SmokehouseBot\Services\ISqlDataService.cs(9,14): warning CS1591: Missing XML comment for publicly visible type or member 'ISqlDataService.StoreTradeAsync(JsonElement)' [c:\Users\Peter\Documents\GitHub\kalshi-trading-bot\BacklashInterfaces\BacklashInterfaces.csproj]
c:\Users\Peter\Documents\GitHub\kalshi-trading-bot\BacklashInterfaces\SmokehouseBot\Services\ISqlDataService.cs(10,14): warning CS1591: Missing XML comment for publicly visible type or member 'ISqlDataService.StoreFillAsync(JsonElement)' [c:\Users\Peter\Documents\GitHub\kalshi-trading-bot\BacklashInterfaces\BacklashInterfaces.csproj]
c:\Users\Peter\Documents\GitHub\kalshi-trading-bot\BacklashInterfaces\SmokehouseBot\Services\ISqlDataService.cs(11,14): warning CS1591: Missing XML comment for publicly visible type or member 'ISqlDataService.StoreEventLifecycleAsync(JsonElement)' [c:\Users\Peter\Documents\GitHub\kalshi-trading-bot\BacklashInterfaces\BacklashInterfaces.csproj]
c:\Users\Peter\Documents\GitHub\kalshi-trading-bot\BacklashInterfaces\SmokehouseBot\Services\ISqlDataService.cs(12,14): warning CS1591: Missing XML comment for publicly visible type or member 'ISqlDataService.StoreMarketLifecycleAsync(JsonElement)' [c:\Users\Peter\Documents\GitHub\kalshi-trading-bot\BacklashInterfaces\BacklashInterfaces.csproj]
c:\Users\Peter\Documents\GitHub\kalshi-trading-bot\BacklashInterfaces\SmokehouseBot\Services\ISqlDataService.cs(13,14): warning CS1591: Missing XML comment for publicly visible type or member 'ISqlDataService.ExecuteSnapshotImportJobAsync(CancellationToken)' [c:\Users\Peter\Documents\GitHub\kalshi-trading-bot\BacklashInterfaces\BacklashInterfaces.csproj]
c:\Users\Peter\Documents\GitHub\kalshi-trading-bot\BacklashInterfaces\SmokehouseBot\Services\ITradingSnapshotService.cs(6,22): warning CS1591: Missing XML comment for publicly visible type or member 'ITradingSnapshotService' [c:\Users\Peter\Documents\GitHub\kalshi-trading-bot\BacklashInterfaces\BacklashInterfaces.csproj]
c:\Users\Peter\Documents\GitHub\kalshi-trading-bot\BacklashInterfaces\SmokehouseBot\Services\ITradingSnapshotService.cs(8,28): warning CS1591: Missing XML comment for publicly visible type or member 'ITradingSnapshotService.SaveSnapshotAsync(string, CacheSnapshot)' [c:\Users\Peter\Documents\GitHub\kalshi-trading-bot\BacklashInterfaces\BacklashInterfaces.csproj]
c:\Users\Peter\Documents\GitHub\kalshi-trading-bot\BacklashInterfaces\SmokehouseBot\Services\ITradingSnapshotService.cs(9,56): warning CS1591: Missing XML comment for publicly visible type or member 'ITradingSnapshotService.LoadManySnapshots(List<SnapshotDTO>, bool)' [c:\Users\Peter\Documents\GitHub\kalshi-trading-bot\BacklashInterfaces\BacklashInterfaces.csproj]
c:\Users\Peter\Documents\GitHub\kalshi-trading-bot\BacklashInterfaces\SmokehouseBot\Services\ITradingSnapshotService.cs(10,14): warning CS1591: Missing XML comment for publicly visible type or member 'ITradingSnapshotService.ValidateMarketSnapshot(MarketSnapshot)' [c:\Users\Peter\Documents\GitHub\kalshi-trading-bot\BacklashInterfaces\BacklashInterfaces.csproj]
c:\Users\Peter\Documents\GitHub\kalshi-trading-bot\BacklashInterfaces\SmokehouseBot\Services\ITradingSnapshotService.cs(11,14): warning CS1591: Missing XML comment for publicly visible type or member 'ITradingSnapshotService.ResetSnapshotTracking()' [c:\Users\Peter\Documents\GitHub\kalshi-trading-bot\BacklashInterfaces\BacklashInterfaces.csproj]
c:\Users\Peter\Documents\GitHub\kalshi-trading-bot\BacklashInterfaces\SmokehouseBot\Services\ITradingSnapshotService.cs(12,20): warning CS1591: Missing XML comment for publicly visible type or member 'ITradingSnapshotService.ValidateSnapshotSchema()' [c:\Users\Peter\Documents\GitHub\kalshi-trading-bot\BacklashInterfaces\BacklashInterfaces.csproj]
c:\Users\Peter\Documents\GitHub\kalshi-trading-bot\BacklashInterfaces\SmokehouseBot\Services\ITradingSnapshotService.cs(13,16): warning CS1591: Missing XML comment for publicly visible type or member 'ITradingSnapshotService.SanitizeSnapshotJson(int, string)' [c:\Users\Peter\Documents\GitHub\kalshi-trading-bot\BacklashInterfaces\BacklashInterfaces.csproj]
c:\Users\Peter\Documents\GitHub\kalshi-trading-bot\BacklashInterfaces\SmokehouseBot\Services\ITradingSnapshotService.cs(14,26): warning CS1591: Missing XML comment for publicly visible type or member 'ITradingSnapshotService.NextExpectedSnapshotTimestamp' [c:\Users\Peter\Documents\GitHub\kalshi-trading-bot\BacklashInterfaces\BacklashInterfaces.csproj]
c:\Users\Peter\Documents\GitHub\kalshi-trading-bot\BacklashInterfaces\SmokehouseBot\Services\IWebSocketMonitorService.cs(3,22): warning CS1591: Missing XML comment for publicly visible type or member 'IWebSocketMonitorService' [c:\Users\Peter\Documents\GitHub\kalshi-trading-bot\BacklashInterfaces\BacklashInterfaces.csproj]
c:\Users\Peter\Documents\GitHub\kalshi-trading-bot\BacklashInterfaces\SmokehouseBot\Services\IWebSocketMonitorService.cs(5,14): warning CS1591: Missing XML comment for publicly visible type or member 'IWebSocketMonitorService.StartServices(CancellationToken)' [c:\Users\Peter\Documents\GitHub\kalshi-trading-bot\BacklashInterfaces\BacklashInterfaces.csproj]
c:\Users\Peter\Documents\GitHub\kalshi-trading-bot\BacklashInterfaces\SmokehouseBot\Services\IWebSocketMonitorService.cs(6,14): warning CS1591: Missing XML comment for publicly visible type or member 'IWebSocketMonitorService.ShutdownAsync(CancellationToken)' [c:\Users\Peter\Documents\GitHub\kalshi-trading-bot\BacklashInterfaces\BacklashInterfaces.csproj]
c:\Users\Peter\Documents\GitHub\kalshi-trading-bot\BacklashInterfaces\SmokehouseBot\Services\IWebSocketMonitorService.cs(7,14): warning CS1591: Missing XML comment for publicly visible type or member 'IWebSocketMonitorService.TriggerConnectionCheckAsync()' [c:\Users\Peter\Documents\GitHub\kalshi-trading-bot\BacklashInterfaces\BacklashInterfaces.csproj]
c:\Users\Peter\Documents\GitHub\kalshi-trading-bot\BacklashInterfaces\SmokehouseBot\Services\IWebSocketMonitorService.cs(8,14): warning CS1591: Missing XML comment for publicly visible type or member 'IWebSocketMonitorService.IsConnected()' [c:\Users\Peter\Documents\GitHub\kalshi-trading-bot\BacklashInterfaces\BacklashInterfaces.csproj]
c:\Users\Peter\Documents\GitHub\kalshi-trading-bot\BacklashInterfaces\SmokehouseBot\State\IBotReadyStatus.cs(3,22): warning CS1591: Missing XML comment for publicly visible type or member 'IBotReadyStatus' [c:\Users\Peter\Documents\GitHub\kalshi-trading-bot\BacklashInterfaces\BacklashInterfaces.csproj]
c:\Users\Peter\Documents\GitHub\kalshi-trading-bot\BacklashInterfaces\SmokehouseBot\State\IBotReadyStatus.cs(5,36): warning CS1591: Missing XML comment for publicly visible type or member 'IBotReadyStatus.InitializationCompleted' [c:\Users\Peter\Documents\GitHub\kalshi-trading-bot\BacklashInterfaces\BacklashInterfaces.csproj]
c:\Users\Peter\Documents\GitHub\kalshi-trading-bot\BacklashInterfaces\SmokehouseBot\State\IBotReadyStatus.cs(6,36): warning CS1591: Missing XML comment for publicly visible type or member 'IBotReadyStatus.BrowserReady' [c:\Users\Peter\Documents\GitHub\kalshi-trading-bot\BacklashInterfaces\BacklashInterfaces.csproj]
c:\Users\Peter\Documents\GitHub\kalshi-trading-bot\BacklashInterfaces\SmokehouseBot\State\IBotReadyStatus.cs(7,14): warning CS1591: Missing XML comment for publicly visible type or member 'IBotReadyStatus.ResetAll()' [c:\Users\Peter\Documents\GitHub\kalshi-trading-bot\BacklashInterfaces\BacklashInterfaces.csproj]
c:\Users\Peter\Documents\GitHub\kalshi-trading-bot\BacklashInterfaces\SmokehouseBot\State\IDataCache.cs(6,22): warning CS1591: Missing XML comment for publicly visible type or member 'IDataCache' [c:\Users\Peter\Documents\GitHub\kalshi-trading-bot\BacklashInterfaces\BacklashInterfaces.csproj]
c:\Users\Peter\Documents\GitHub\kalshi-trading-bot\BacklashInterfaces\SmokehouseBot\State\IDataCache.cs(8,51): warning CS1591: Missing XML comment for publicly visible type or member 'IDataCache.Markets' [c:\Users\Peter\Documents\GitHub\kalshi-trading-bot\BacklashInterfaces\BacklashInterfaces.csproj]
c:\Users\Peter\Documents\GitHub\kalshi-trading-bot\BacklashInterfaces\SmokehouseBot\State\IDataCache.cs(10,25): warning CS1591: Missing XML comment for publicly visible type or member 'IDataCache.WatchedMarkets' [c:\Users\Peter\Documents\GitHub\kalshi-trading-bot\BacklashInterfaces\BacklashInterfaces.csproj]
c:\Users\Peter\Documents\GitHub\kalshi-trading-bot\BacklashInterfaces\SmokehouseBot\State\IDataCache.cs(11,16): warning CS1591: Missing XML comment for publicly visible type or member 'IDataCache.AccountBalance' [c:\Users\Peter\Documents\GitHub\kalshi-trading-bot\BacklashInterfaces\BacklashInterfaces.csproj]
c:\Users\Peter\Documents\GitHub\kalshi-trading-bot\BacklashInterfaces\SmokehouseBot\State\IDataCache.cs(12,18): warning CS1591: Missing XML comment for publicly visible type or member 'IDataCache.LastWebSocketTimestamp' [c:\Users\Peter\Documents\GitHub\kalshi-trading-bot\BacklashInterfaces\BacklashInterfaces.csproj]
c:\Users\Peter\Documents\GitHub\kalshi-trading-bot\BacklashInterfaces\SmokehouseBot\State\IDataCache.cs(13,14): warning CS1591: Missing XML comment for publicly visible type or member 'IDataCache.ExchangeStatus' [c:\Users\Peter\Documents\GitHub\kalshi-trading-bot\BacklashInterfaces\BacklashInterfaces.csproj]
c:\Users\Peter\Documents\GitHub\kalshi-trading-bot\BacklashInterfaces\SmokehouseBot\State\IDataCache.cs(14,14): warning CS1591: Missing XML comment for publicly visible type or member 'IDataCache.TradingStatus' [c:\Users\Peter\Documents\GitHub\kalshi-trading-bot\BacklashInterfaces\BacklashInterfaces.csproj]
c:\Users\Peter\Documents\GitHub\kalshi-trading-bot\BacklashInterfaces\SmokehouseBot\State\IDataCache.cs(15,16): warning CS1591: Missing XML comment for publicly visible type or member 'IDataCache.SoftwareVersion' [c:\Users\Peter\Documents\GitHub\kalshi-trading-bot\BacklashInterfaces\BacklashInterfaces.csproj]
c:\Users\Peter\Documents\GitHub\kalshi-trading-bot\BacklashInterfaces\SmokehouseBot\State\IDataCache.cs(16,52): warning CS1591: Missing XML comment for publicly visible type or member 'IDataCache.ExchangeStatusChanged' [c:\Users\Peter\Documents\GitHub\kalshi-trading-bot\BacklashInterfaces\BacklashInterfaces.csproj]
c:\Users\Peter\Documents\GitHub\kalshi-trading-bot\BacklashInterfaces\SmokehouseBot\State\IDataCache.cs(17,16): warning CS1591: Missing XML comment for publicly visible type or member 'IDataCache.PortfolioValue' [c:\Users\Peter\Documents\GitHub\kalshi-trading-bot\BacklashInterfaces\BacklashInterfaces.csproj]
c:\Users\Peter\Documents\GitHub\kalshi-trading-bot\BacklashInterfaces\SmokehouseBot\State\IDataCache.cs(18,25): warning CS1591: Missing XML comment for publicly visible type or member 'IDataCache.RecentlyRemovedMarkets' [c:\Users\Peter\Documents\GitHub\kalshi-trading-bot\BacklashInterfaces\BacklashInterfaces.csproj]
c:\Users\Peter\Documents\GitHub\kalshi-trading-bot\BacklashInterfaces\SmokehouseBot\State\IMarketData.cs(10,22): warning CS1591: Missing XML comment for publicly visible type or member 'IMarketData' [c:\Users\Peter\Documents\GitHub\kalshi-trading-bot\BacklashInterfaces\BacklashInterfaces.csproj]
c:\Users\Peter\Documents\GitHub\kalshi-trading-bot\BacklashInterfaces\SmokehouseBot\State\IMarketData.cs(12,18): warning CS1591: Missing XML comment for publicly visible type or member 'IMarketData.LastSuccessfulSync' [c:\Users\Peter\Documents\GitHub\kalshi-trading-bot\BacklashInterfaces\BacklashInterfaces.csproj]
c:\Users\Peter\Documents\GitHub\kalshi-trading-bot\BacklashInterfaces\SmokehouseBot\State\IMarketData.cs(13,16): warning CS1591: Missing XML comment for publicly visible type or member 'IMarketData.MarketTicker' [c:\Users\Peter\Documents\GitHub\kalshi-trading-bot\BacklashInterfaces\BacklashInterfaces.csproj]
c:\Users\Peter\Documents\GitHub\kalshi-trading-bot\BacklashInterfaces\SmokehouseBot\State\IMarketData.cs(14,16): warning CS1591: Missing XML comment for publicly visible type or member 'IMarketData.MarketType' [c:\Users\Peter\Documents\GitHub\kalshi-trading-bot\BacklashInterfaces\BacklashInterfaces.csproj]
c:\Users\Peter\Documents\GitHub\kalshi-trading-bot\BacklashInterfaces\SmokehouseBot\State\IMarketData.cs(15,19): warning CS1591: Missing XML comment for publicly visible type or member 'IMarketData.MarketInfo' [c:\Users\Peter\Documents\GitHub\kalshi-trading-bot\BacklashInterfaces\BacklashInterfaces.csproj]
c:\Users\Peter\Documents\GitHub\kalshi-trading-bot\BacklashInterfaces\SmokehouseBot\State\IMarketData.cs(16,51): warning CS1591: Missing XML comment for publicly visible type or member 'IMarketData.Candlesticks' [c:\Users\Peter\Documents\GitHub\kalshi-trading-bot\BacklashInterfaces\BacklashInterfaces.csproj]
c:\Users\Peter\Documents\GitHub\kalshi-trading-bot\BacklashInterfaces\SmokehouseBot\State\IMarketData.cs(17,34): warning CS1591: Missing XML comment for publicly visible type or member 'IMarketData.Tickers' [c:\Users\Peter\Documents\GitHub\kalshi-trading-bot\BacklashInterfaces\BacklashInterfaces.csproj]
c:\Users\Peter\Documents\GitHub\kalshi-trading-bot\BacklashInterfaces\SmokehouseBot\State\IMarketData.cs(18,29): warning CS1591: Missing XML comment for publicly visible type or member 'IMarketData.OrderbookData' [c:\Users\Peter\Documents\GitHub\kalshi-trading-bot\BacklashInterfaces\BacklashInterfaces.csproj]
c:\Users\Peter\Documents\GitHub\kalshi-trading-bot\BacklashInterfaces\SmokehouseBot\State\IMarketData.cs(19,18): warning CS1591: Missing XML comment for publicly visible type or member 'IMarketData.LastWebSocketMessageReceived' [c:\Users\Peter\Documents\GitHub\kalshi-trading-bot\BacklashInterfaces\BacklashInterfaces.csproj]
c:\Users\Peter\Documents\GitHub\kalshi-trading-bot\BacklashInterfaces\SmokehouseBot\State\IMarketData.cs(20,18): warning CS1591: Missing XML comment for publicly visible type or member 'IMarketData.LastOrderbookEventTimestamp' [c:\Users\Peter\Documents\GitHub\kalshi-trading-bot\BacklashInterfaces\BacklashInterfaces.csproj]
c:\Users\Peter\Documents\GitHub\kalshi-trading-bot\BacklashInterfaces\SmokehouseBot\State\IMarketData.cs(21,18): warning CS1591: Missing XML comment for publicly visible type or member 'IMarketData.LastSnapshotTaken' [c:\Users\Peter\Documents\GitHub\kalshi-trading-bot\BacklashInterfaces\BacklashInterfaces.csproj]
c:\Users\Peter\Documents\GitHub\kalshi-trading-bot\BacklashInterfaces\SmokehouseBot\State\IMarketData.cs(22,16): warning CS1591: Missing XML comment for publicly visible type or member 'IMarketData.CurrentPriceSource' [c:\Users\Peter\Documents\GitHub\kalshi-trading-bot\BacklashInterfaces\BacklashInterfaces.csproj]
c:\Users\Peter\Documents\GitHub\kalshi-trading-bot\BacklashInterfaces\SmokehouseBot\State\IMarketData.cs(23,43): warning CS1591: Missing XML comment for publicly visible type or member 'IMarketData.TickerPriceYes' [c:\Users\Peter\Documents\GitHub\kalshi-trading-bot\BacklashInterfaces\BacklashInterfaces.csproj]
c:\Users\Peter\Documents\GitHub\kalshi-trading-bot\BacklashInterfaces\SmokehouseBot\State\IMarketData.cs(24,43): warning CS1591: Missing XML comment for publicly visible type or member 'IMarketData.TickerPriceNo' [c:\Users\Peter\Documents\GitHub\kalshi-trading-bot\BacklashInterfaces\BacklashInterfaces.csproj]
c:\Users\Peter\Documents\GitHub\kalshi-trading-bot\BacklashInterfaces\SmokehouseBot\State\IMarketData.cs(25,34): warning CS1591: Missing XML comment for publicly visible type or member 'IMarketData.AllTimeHighYes_Bid' [c:\Users\Peter\Documents\GitHub\kalshi-trading-bot\BacklashInterfaces\BacklashInterfaces.csproj]
c:\Users\Peter\Documents\GitHub\kalshi-trading-bot\BacklashInterfaces\SmokehouseBot\State\IMarketData.cs(26,34): warning CS1591: Missing XML comment for publicly visible type or member 'IMarketData.AllTimeHighNo_Bid' [c:\Users\Peter\Documents\GitHub\kalshi-trading-bot\BacklashInterfaces\BacklashInterfaces.csproj]
c:\Users\Peter\Documents\GitHub\kalshi-trading-bot\BacklashInterfaces\SmokehouseBot\State\IMarketData.cs(27,34): warning CS1591: Missing XML comment for publicly visible type or member 'IMarketData.AllTimeLowYes_Bid' [c:\Users\Peter\Documents\GitHub\kalshi-trading-bot\BacklashInterfaces\BacklashInterfaces.csproj]
c:\Users\Peter\Documents\GitHub\kalshi-trading-bot\BacklashInterfaces\SmokehouseBot\State\IMarketData.cs(28,34): warning CS1591: Missing XML comment for publicly visible type or member 'IMarketData.AllTimeLowNo_Bid' [c:\Users\Peter\Documents\GitHub\kalshi-trading-bot\BacklashInterfaces\BacklashInterfaces.csproj]
c:\Users\Peter\Documents\GitHub\kalshi-trading-bot\BacklashInterfaces\SmokehouseBot\State\IMarketData.cs(29,34): warning CS1591: Missing XML comment for publicly visible type or member 'IMarketData.RecentHighYes_Bid' [c:\Users\Peter\Documents\GitHub\kalshi-trading-bot\BacklashInterfaces\BacklashInterfaces.csproj]
c:\Users\Peter\Documents\GitHub\kalshi-trading-bot\BacklashInterfaces\SmokehouseBot\State\IMarketData.cs(30,34): warning CS1591: Missing XML comment for publicly visible type or member 'IMarketData.RecentHighNo_Bid' [c:\Users\Peter\Documents\GitHub\kalshi-trading-bot\BacklashInterfaces\BacklashInterfaces.csproj]
c:\Users\Peter\Documents\GitHub\kalshi-trading-bot\BacklashInterfaces\SmokehouseBot\State\IMarketData.cs(31,34): warning CS1591: Missing XML comment for publicly visible type or member 'IMarketData.RecentLowYes_Bid' [c:\Users\Peter\Documents\GitHub\kalshi-trading-bot\BacklashInterfaces\BacklashInterfaces.csproj]
c:\Users\Peter\Documents\GitHub\kalshi-trading-bot\BacklashInterfaces\SmokehouseBot\State\IMarketData.cs(32,34): warning CS1591: Missing XML comment for publicly visible type or member 'IMarketData.RecentLowNo_Bid' [c:\Users\Peter\Documents\GitHub\kalshi-trading-bot\BacklashInterfaces\BacklashInterfaces.csproj]
c:\Users\Peter\Documents\GitHub\kalshi-trading-bot\BacklashInterfaces\SmokehouseBot\State\IMarketData.cs(33,16): warning CS1591: Missing XML comment for publicly visible type or member 'IMarketData.GoodBadPriceYes' [c:\Users\Peter\Documents\GitHub\kalshi-trading-bot\BacklashInterfaces\BacklashInterfaces.csproj]
c:\Users\Peter\Documents\GitHub\kalshi-trading-bot\BacklashInterfaces\SmokehouseBot\State\IMarketData.cs(34,16): warning CS1591: Missing XML comment for publicly visible type or member 'IMarketData.GoodBadPriceNo' [c:\Users\Peter\Documents\GitHub\kalshi-trading-bot\BacklashInterfaces\BacklashInterfaces.csproj]
c:\Users\Peter\Documents\GitHub\kalshi-trading-bot\BacklashInterfaces\SmokehouseBot\State\IMarketData.cs(35,16): warning CS1591: Missing XML comment for publicly visible type or member 'IMarketData.MarketBehaviorYes' [c:\Users\Peter\Documents\GitHub\kalshi-trading-bot\BacklashInterfaces\BacklashInterfaces.csproj]
c:\Users\Peter\Documents\GitHub\kalshi-trading-bot\BacklashInterfaces\SmokehouseBot\State\IMarketData.cs(36,16): warning CS1591: Missing XML comment for publicly visible type or member 'IMarketData.MarketBehaviorNo' [c:\Users\Peter\Documents\GitHub\kalshi-trading-bot\BacklashInterfaces\BacklashInterfaces.csproj]
c:\Users\Peter\Documents\GitHub\kalshi-trading-bot\BacklashInterfaces\SmokehouseBot\State\IMarketData.cs(37,33): warning CS1591: Missing XML comment for publicly visible type or member 'IMarketData.Positions' [c:\Users\Peter\Documents\GitHub\kalshi-trading-bot\BacklashInterfaces\BacklashInterfaces.csproj]
c:\Users\Peter\Documents\GitHub\kalshi-trading-bot\BacklashInterfaces\SmokehouseBot\State\IMarketData.cs(38,13): warning CS1591: Missing XML comment for publicly visible type or member 'IMarketData.PositionSize' [c:\Users\Peter\Documents\GitHub\kalshi-trading-bot\BacklashInterfaces\BacklashInterfaces.csproj]
c:\Users\Peter\Documents\GitHub\kalshi-trading-bot\BacklashInterfaces\SmokehouseBot\State\IMarketData.cs(39,16): warning CS1591: Missing XML comment for publicly visible type or member 'IMarketData.PositionSide' [c:\Users\Peter\Documents\GitHub\kalshi-trading-bot\BacklashInterfaces\BacklashInterfaces.csproj]
c:\Users\Peter\Documents\GitHub\kalshi-trading-bot\BacklashInterfaces\SmokehouseBot\State\IMarketData.cs(40,16): warning CS1591: Missing XML comment for publicly visible type or member 'IMarketData.MarketExposure' [c:\Users\Peter\Documents\GitHub\kalshi-trading-bot\BacklashInterfaces\BacklashInterfaces.csproj]
c:\Users\Peter\Documents\GitHub\kalshi-trading-bot\BacklashInterfaces\SmokehouseBot\State\IMarketData.cs(41,16): warning CS1591: Missing XML comment for publicly visible type or member 'IMarketData.BuyinPrice' [c:\Users\Peter\Documents\GitHub\kalshi-trading-bot\BacklashInterfaces\BacklashInterfaces.csproj]
c:\Users\Peter\Documents\GitHub\kalshi-trading-bot\BacklashInterfaces\SmokehouseBot\State\IMarketData.cs(42,16): warning CS1591: Missing XML comment for publicly visible type or member 'IMarketData.PositionUpside' [c:\Users\Peter\Documents\GitHub\kalshi-trading-bot\BacklashInterfaces\BacklashInterfaces.csproj]
c:\Users\Peter\Documents\GitHub\kalshi-trading-bot\BacklashInterfaces\SmokehouseBot\State\IMarketData.cs(43,16): warning CS1591: Missing XML comment for publicly visible type or member 'IMarketData.PositionDownside' [c:\Users\Peter\Documents\GitHub\kalshi-trading-bot\BacklashInterfaces\BacklashInterfaces.csproj]
c:\Users\Peter\Documents\GitHub\kalshi-trading-bot\BacklashInterfaces\SmokehouseBot\State\IMarketData.cs(44,16): warning CS1591: Missing XML comment for publicly visible type or member 'IMarketData.PositionROIAmt' [c:\Users\Peter\Documents\GitHub\kalshi-trading-bot\BacklashInterfaces\BacklashInterfaces.csproj]
c:\Users\Peter\Documents\GitHub\kalshi-trading-bot\BacklashInterfaces\SmokehouseBot\State\IMarketData.cs(45,14): warning CS1591: Missing XML comment for publicly visible type or member 'IMarketData.TotalPositionTraded' [c:\Users\Peter\Documents\GitHub\kalshi-trading-bot\BacklashInterfaces\BacklashInterfaces.csproj]
c:\Users\Peter\Documents\GitHub\kalshi-trading-bot\BacklashInterfaces\SmokehouseBot\State\IMarketData.cs(46,16): warning CS1591: Missing XML comment for publicly visible type or member 'IMarketData.RealizedPnl' [c:\Users\Peter\Documents\GitHub\kalshi-trading-bot\BacklashInterfaces\BacklashInterfaces.csproj]
c:\Users\Peter\Documents\GitHub\kalshi-trading-bot\BacklashInterfaces\SmokehouseBot\State\IMarketData.cs(47,16): warning CS1591: Missing XML comment for publicly visible type or member 'IMarketData.FeesPaid' [c:\Users\Peter\Documents\GitHub\kalshi-trading-bot\BacklashInterfaces\BacklashInterfaces.csproj]
c:\Users\Peter\Documents\GitHub\kalshi-trading-bot\BacklashInterfaces\SmokehouseBot\State\IMarketData.cs(48,24): warning CS1591: Missing XML comment for publicly visible type or member 'IMarketData.RestingOrders' [c:\Users\Peter\Documents\GitHub\kalshi-trading-bot\BacklashInterfaces\BacklashInterfaces.csproj]
c:\Users\Peter\Documents\GitHub\kalshi-trading-bot\BacklashInterfaces\SmokehouseBot\State\IMarketData.cs(49,16): warning CS1591: Missing XML comment for publicly visible type or member 'IMarketData.PositionROI' [c:\Users\Peter\Documents\GitHub\kalshi-trading-bot\BacklashInterfaces\BacklashInterfaces.csproj]
c:\Users\Peter\Documents\GitHub\kalshi-trading-bot\BacklashInterfaces\SmokehouseBot\State\IMarketData.cs(50,16): warning CS1591: Missing XML comment for publicly visible type or member 'IMarketData.ExpectedFees' [c:\Users\Peter\Documents\GitHub\kalshi-trading-bot\BacklashInterfaces\BacklashInterfaces.csproj]
c:\Users\Peter\Documents\GitHub\kalshi-trading-bot\BacklashInterfaces\SmokehouseBot\State\IMarketData.cs(51,16): warning CS1591: Missing XML comment for publicly visible type or member 'IMarketData.TolerancePercentage' [c:\Users\Peter\Documents\GitHub\kalshi-trading-bot\BacklashInterfaces\BacklashInterfaces.csproj]
c:\Users\Peter\Documents\GitHub\kalshi-trading-bot\BacklashInterfaces\SmokehouseBot\State\IMarketData.cs(52,33): warning CS1591: Missing XML comment for publicly visible type or member 'IMarketData.ChangeTracker' [c:\Users\Peter\Documents\GitHub\kalshi-trading-bot\BacklashInterfaces\BacklashInterfaces.csproj]
c:\Users\Peter\Documents\GitHub\kalshi-trading-bot\BacklashInterfaces\SmokehouseBot\State\IMarketData.cs(53,14): warning CS1591: Missing XML comment for publicly visible type or member 'IMarketData.ChangeMetricsMature' [c:\Users\Peter\Documents\GitHub\kalshi-trading-bot\BacklashInterfaces\BacklashInterfaces.csproj]
c:\Users\Peter\Documents\GitHub\kalshi-trading-bot\BacklashInterfaces\SmokehouseBot\State\IMarketData.cs(54,16): warning CS1591: Missing XML comment for publicly visible type or member 'IMarketData.MarketCategory' [c:\Users\Peter\Documents\GitHub\kalshi-trading-bot\BacklashInterfaces\BacklashInterfaces.csproj]
c:\Users\Peter\Documents\GitHub\kalshi-trading-bot\BacklashInterfaces\SmokehouseBot\State\IMarketData.cs(55,16): warning CS1591: Missing XML comment for publicly visible type or member 'IMarketData.MarketStatus' [c:\Users\Peter\Documents\GitHub\kalshi-trading-bot\BacklashInterfaces\BacklashInterfaces.csproj]
c:\Users\Peter\Documents\GitHub\kalshi-trading-bot\BacklashInterfaces\SmokehouseBot\State\IMarketData.cs(56,16): warning CS1591: Missing XML comment for publicly visible type or member 'IMarketData.AverageTradeSize_Yes' [c:\Users\Peter\Documents\GitHub\kalshi-trading-bot\BacklashInterfaces\BacklashInterfaces.csproj]
c:\Users\Peter\Documents\GitHub\kalshi-trading-bot\BacklashInterfaces\SmokehouseBot\State\IMarketData.cs(57,16): warning CS1591: Missing XML comment for publicly visible type or member 'IMarketData.AverageTradeSize_No' [c:\Users\Peter\Documents\GitHub\kalshi-trading-bot\BacklashInterfaces\BacklashInterfaces.csproj]
c:\Users\Peter\Documents\GitHub\kalshi-trading-bot\BacklashInterfaces\SmokehouseBot\State\IMarketData.cs(58,13): warning CS1591: Missing XML comment for publicly visible type or member 'IMarketData.TradeCount_Yes' [c:\Users\Peter\Documents\GitHub\kalshi-trading-bot\BacklashInterfaces\BacklashInterfaces.csproj]
c:\Users\Peter\Documents\GitHub\kalshi-trading-bot\BacklashInterfaces\SmokehouseBot\State\IMarketData.cs(59,13): warning CS1591: Missing XML comment for publicly visible type or member 'IMarketData.TradeCount_No' [c:\Users\Peter\Documents\GitHub\kalshi-trading-bot\BacklashInterfaces\BacklashInterfaces.csproj]
c:\Users\Peter\Documents\GitHub\kalshi-trading-bot\BacklashInterfaces\SmokehouseBot\State\IMarketData.cs(60,13): warning CS1591: Missing XML comment for publicly visible type or member 'IMarketData.NonTradeRelatedOrderCount_Yes' [c:\Users\Peter\Documents\GitHub\kalshi-trading-bot\BacklashInterfaces\BacklashInterfaces.csproj]
c:\Users\Peter\Documents\GitHub\kalshi-trading-bot\BacklashInterfaces\SmokehouseBot\State\IMarketData.cs(61,13): warning CS1591: Missing XML comment for publicly visible type or member 'IMarketData.NonTradeRelatedOrderCount_No' [c:\Users\Peter\Documents\GitHub\kalshi-trading-bot\BacklashInterfaces\BacklashInterfaces.csproj]
c:\Users\Peter\Documents\GitHub\kalshi-trading-bot\BacklashInterfaces\SmokehouseBot\State\IMarketData.cs(62,13): warning CS1591: Missing XML comment for publicly visible type or member 'IMarketData.LevelCount_Top_Yes_Bid' [c:\Users\Peter\Documents\GitHub\kalshi-trading-bot\BacklashInterfaces\BacklashInterfaces.csproj]
c:\Users\Peter\Documents\GitHub\kalshi-trading-bot\BacklashInterfaces\SmokehouseBot\State\IMarketData.cs(63,13): warning CS1591: Missing XML comment for publicly visible type or member 'IMarketData.LevelCount_Top_No_Bid' [c:\Users\Peter\Documents\GitHub\kalshi-trading-bot\BacklashInterfaces\BacklashInterfaces.csproj]
c:\Users\Peter\Documents\GitHub\kalshi-trading-bot\BacklashInterfaces\SmokehouseBot\State\IMarketData.cs(64,13): warning CS1591: Missing XML comment for publicly visible type or member 'IMarketData.LevelCount_Bottom_Yes_Bid' [c:\Users\Peter\Documents\GitHub\kalshi-trading-bot\BacklashInterfaces\BacklashInterfaces.csproj]
c:\Users\Peter\Documents\GitHub\kalshi-trading-bot\BacklashInterfaces\SmokehouseBot\State\IMarketData.cs(65,13): warning CS1591: Missing XML comment for publicly visible type or member 'IMarketData.LevelCount_Bottom_No_Bid' [c:\Users\Peter\Documents\GitHub\kalshi-trading-bot\BacklashInterfaces\BacklashInterfaces.csproj]
c:\Users\Peter\Documents\GitHub\kalshi-trading-bot\BacklashInterfaces\SmokehouseBot\State\IMarketData.cs(66,16): warning CS1591: Missing XML comment for publicly visible type or member 'IMarketData.VelocityPerMinute_Top_Yes_Bid' [c:\Users\Peter\Documents\GitHub\kalshi-trading-bot\BacklashInterfaces\BacklashInterfaces.csproj]
c:\Users\Peter\Documents\GitHub\kalshi-trading-bot\BacklashInterfaces\SmokehouseBot\State\IMarketData.cs(67,16): warning CS1591: Missing XML comment for publicly visible type or member 'IMarketData.VelocityPerMinute_Top_No_Bid' [c:\Users\Peter\Documents\GitHub\kalshi-trading-bot\BacklashInterfaces\BacklashInterfaces.csproj]
c:\Users\Peter\Documents\GitHub\kalshi-trading-bot\BacklashInterfaces\SmokehouseBot\State\IMarketData.cs(68,16): warning CS1591: Missing XML comment for publicly visible type or member 'IMarketData.VelocityPerMinute_Bottom_Yes_Bid' [c:\Users\Peter\Documents\GitHub\kalshi-trading-bot\BacklashInterfaces\BacklashInterfaces.csproj]
c:\Users\Peter\Documents\GitHub\kalshi-trading-bot\BacklashInterfaces\SmokehouseBot\State\IMarketData.cs(69,16): warning CS1591: Missing XML comment for publicly visible type or member 'IMarketData.VelocityPerMinute_Bottom_No_Bid' [c:\Users\Peter\Documents\GitHub\kalshi-trading-bot\BacklashInterfaces\BacklashInterfaces.csproj]
c:\Users\Peter\Documents\GitHub\kalshi-trading-bot\BacklashInterfaces\SmokehouseBot\State\IMarketData.cs(70,16): warning CS1591: Missing XML comment for publicly visible type or member 'IMarketData.TradeVolumePerMinute_Yes' [c:\Users\Peter\Documents\GitHub\kalshi-trading-bot\BacklashInterfaces\BacklashInterfaces.csproj]
c:\Users\Peter\Documents\GitHub\kalshi-trading-bot\BacklashInterfaces\SmokehouseBot\State\IMarketData.cs(71,16): warning CS1591: Missing XML comment for publicly visible type or member 'IMarketData.TradeVolumePerMinute_No' [c:\Users\Peter\Documents\GitHub\kalshi-trading-bot\BacklashInterfaces\BacklashInterfaces.csproj]
c:\Users\Peter\Documents\GitHub\kalshi-trading-bot\BacklashInterfaces\SmokehouseBot\State\IMarketData.cs(72,16): warning CS1591: Missing XML comment for publicly visible type or member 'IMarketData.TradeRatePerMinute_Yes' [c:\Users\Peter\Documents\GitHub\kalshi-trading-bot\BacklashInterfaces\BacklashInterfaces.csproj]
c:\Users\Peter\Documents\GitHub\kalshi-trading-bot\BacklashInterfaces\SmokehouseBot\State\IMarketData.cs(73,16): warning CS1591: Missing XML comment for publicly visible type or member 'IMarketData.TradeRatePerMinute_No' [c:\Users\Peter\Documents\GitHub\kalshi-trading-bot\BacklashInterfaces\BacklashInterfaces.csproj]
c:\Users\Peter\Documents\GitHub\kalshi-trading-bot\BacklashInterfaces\SmokehouseBot\State\IMarketData.cs(74,16): warning CS1591: Missing XML comment for publicly visible type or member 'IMarketData.OrderVolumePerMinute_YesBid' [c:\Users\Peter\Documents\GitHub\kalshi-trading-bot\BacklashInterfaces\BacklashInterfaces.csproj]
c:\Users\Peter\Documents\GitHub\kalshi-trading-bot\BacklashInterfaces\SmokehouseBot\State\IMarketData.cs(75,16): warning CS1591: Missing XML comment for publicly visible type or member 'IMarketData.OrderVolumePerMinute_NoBid' [c:\Users\Peter\Documents\GitHub\kalshi-trading-bot\BacklashInterfaces\BacklashInterfaces.csproj]
c:\Users\Peter\Documents\GitHub\kalshi-trading-bot\BacklashInterfaces\SmokehouseBot\State\IMarketData.cs(76,13): warning CS1591: Missing XML comment for publicly visible type or member 'IMarketData.BestYesBid' [c:\Users\Peter\Documents\GitHub\kalshi-trading-bot\BacklashInterfaces\BacklashInterfaces.csproj]
c:\Users\Peter\Documents\GitHub\kalshi-trading-bot\BacklashInterfaces\SmokehouseBot\State\IMarketData.cs(77,13): warning CS1591: Missing XML comment for publicly visible type or member 'IMarketData.BestNoBid' [c:\Users\Peter\Documents\GitHub\kalshi-trading-bot\BacklashInterfaces\BacklashInterfaces.csproj]
c:\Users\Peter\Documents\GitHub\kalshi-trading-bot\BacklashInterfaces\SmokehouseBot\State\IMarketData.cs(78,13): warning CS1591: Missing XML comment for publicly visible type or member 'IMarketData.BestYesAsk' [c:\Users\Peter\Documents\GitHub\kalshi-trading-bot\BacklashInterfaces\BacklashInterfaces.csproj]
c:\Users\Peter\Documents\GitHub\kalshi-trading-bot\BacklashInterfaces\SmokehouseBot\State\IMarketData.cs(79,13): warning CS1591: Missing XML comment for publicly visible type or member 'IMarketData.BestNoAsk' [c:\Users\Peter\Documents\GitHub\kalshi-trading-bot\BacklashInterfaces\BacklashInterfaces.csproj]
c:\Users\Peter\Documents\GitHub\kalshi-trading-bot\BacklashInterfaces\SmokehouseBot\State\IMarketData.cs(80,13): warning CS1591: Missing XML comment for publicly visible type or member 'IMarketData.YesSpread' [c:\Users\Peter\Documents\GitHub\kalshi-trading-bot\BacklashInterfaces\BacklashInterfaces.csproj]
c:\Users\Peter\Documents\GitHub\kalshi-trading-bot\BacklashInterfaces\SmokehouseBot\State\IMarketData.cs(81,13): warning CS1591: Missing XML comment for publicly visible type or member 'IMarketData.NoSpread' [c:\Users\Peter\Documents\GitHub\kalshi-trading-bot\BacklashInterfaces\BacklashInterfaces.csproj]
c:\Users\Peter\Documents\GitHub\kalshi-trading-bot\BacklashInterfaces\SmokehouseBot\State\IMarketData.cs(82,13): warning CS1591: Missing XML comment for publicly visible type or member 'IMarketData.DepthAtBestYesBid' [c:\Users\Peter\Documents\GitHub\kalshi-trading-bot\BacklashInterfaces\BacklashInterfaces.csproj]
c:\Users\Peter\Documents\GitHub\kalshi-trading-bot\BacklashInterfaces\SmokehouseBot\State\IMarketData.cs(83,13): warning CS1591: Missing XML comment for publicly visible type or member 'IMarketData.DepthAtBestNoBid' [c:\Users\Peter\Documents\GitHub\kalshi-trading-bot\BacklashInterfaces\BacklashInterfaces.csproj]
c:\Users\Peter\Documents\GitHub\kalshi-trading-bot\BacklashInterfaces\SmokehouseBot\State\IMarketData.cs(84,13): warning CS1591: Missing XML comment for publicly visible type or member 'IMarketData.TopTenPercentLevelDepth_Yes' [c:\Users\Peter\Documents\GitHub\kalshi-trading-bot\BacklashInterfaces\BacklashInterfaces.csproj]
c:\Users\Peter\Documents\GitHub\kalshi-trading-bot\BacklashInterfaces\SmokehouseBot\State\IMarketData.cs(85,13): warning CS1591: Missing XML comment for publicly visible type or member 'IMarketData.TopTenPercentLevelDepth_No' [c:\Users\Peter\Documents\GitHub\kalshi-trading-bot\BacklashInterfaces\BacklashInterfaces.csproj]
c:\Users\Peter\Documents\GitHub\kalshi-trading-bot\BacklashInterfaces\SmokehouseBot\State\IMarketData.cs(86,13): warning CS1591: Missing XML comment for publicly visible type or member 'IMarketData.BidRange_Yes' [c:\Users\Peter\Documents\GitHub\kalshi-trading-bot\BacklashInterfaces\BacklashInterfaces.csproj]
c:\Users\Peter\Documents\GitHub\kalshi-trading-bot\BacklashInterfaces\SmokehouseBot\State\IMarketData.cs(87,13): warning CS1591: Missing XML comment for publicly visible type or member 'IMarketData.BidRange_No' [c:\Users\Peter\Documents\GitHub\kalshi-trading-bot\BacklashInterfaces\BacklashInterfaces.csproj]
c:\Users\Peter\Documents\GitHub\kalshi-trading-bot\BacklashInterfaces\SmokehouseBot\State\IMarketData.cs(88,13): warning CS1591: Missing XML comment for publicly visible type or member 'IMarketData.TotalBidContracts_Yes' [c:\Users\Peter\Documents\GitHub\kalshi-trading-bot\BacklashInterfaces\BacklashInterfaces.csproj]
c:\Users\Peter\Documents\GitHub\kalshi-trading-bot\BacklashInterfaces\SmokehouseBot\State\IMarketData.cs(89,13): warning CS1591: Missing XML comment for publicly visible type or member 'IMarketData.TotalBidContracts_No' [c:\Users\Peter\Documents\GitHub\kalshi-trading-bot\BacklashInterfaces\BacklashInterfaces.csproj]
c:\Users\Peter\Documents\GitHub\kalshi-trading-bot\BacklashInterfaces\SmokehouseBot\State\IMarketData.cs(90,13): warning CS1591: Missing XML comment for publicly visible type or member 'IMarketData.BidCountImbalance' [c:\Users\Peter\Documents\GitHub\kalshi-trading-bot\BacklashInterfaces\BacklashInterfaces.csproj]
c:\Users\Peter\Documents\GitHub\kalshi-trading-bot\BacklashInterfaces\SmokehouseBot\State\IMarketData.cs(91,16): warning CS1591: Missing XML comment for publicly visible type or member 'IMarketData.TotalBidVolume_Yes' [c:\Users\Peter\Documents\GitHub\kalshi-trading-bot\BacklashInterfaces\BacklashInterfaces.csproj]
c:\Users\Peter\Documents\GitHub\kalshi-trading-bot\BacklashInterfaces\SmokehouseBot\State\IMarketData.cs(92,16): warning CS1591: Missing XML comment for publicly visible type or member 'IMarketData.TotalBidVolume_No' [c:\Users\Peter\Documents\GitHub\kalshi-trading-bot\BacklashInterfaces\BacklashInterfaces.csproj]
c:\Users\Peter\Documents\GitHub\kalshi-trading-bot\BacklashInterfaces\SmokehouseBot\State\IMarketData.cs(93,16): warning CS1591: Missing XML comment for publicly visible type or member 'IMarketData.BidVolumeImbalance' [c:\Users\Peter\Documents\GitHub\kalshi-trading-bot\BacklashInterfaces\BacklashInterfaces.csproj]
c:\Users\Peter\Documents\GitHub\kalshi-trading-bot\BacklashInterfaces\SmokehouseBot\State\IMarketData.cs(94,16): warning CS1591: Missing XML comment for publicly visible type or member 'IMarketData.HighestVolume_Day' [c:\Users\Peter\Documents\GitHub\kalshi-trading-bot\BacklashInterfaces\BacklashInterfaces.csproj]
c:\Users\Peter\Documents\GitHub\kalshi-trading-bot\BacklashInterfaces\SmokehouseBot\State\IMarketData.cs(95,16): warning CS1591: Missing XML comment for publicly visible type or member 'IMarketData.HighestVolume_Hour' [c:\Users\Peter\Documents\GitHub\kalshi-trading-bot\BacklashInterfaces\BacklashInterfaces.csproj]
c:\Users\Peter\Documents\GitHub\kalshi-trading-bot\BacklashInterfaces\SmokehouseBot\State\IMarketData.cs(96,16): warning CS1591: Missing XML comment for publicly visible type or member 'IMarketData.HighestVolume_Minute' [c:\Users\Peter\Documents\GitHub\kalshi-trading-bot\BacklashInterfaces\BacklashInterfaces.csproj]
c:\Users\Peter\Documents\GitHub\kalshi-trading-bot\BacklashInterfaces\SmokehouseBot\State\IMarketData.cs(97,16): warning CS1591: Missing XML comment for publicly visible type or member 'IMarketData.RecentVolume_LastHour' [c:\Users\Peter\Documents\GitHub\kalshi-trading-bot\BacklashInterfaces\BacklashInterfaces.csproj]
c:\Users\Peter\Documents\GitHub\kalshi-trading-bot\BacklashInterfaces\SmokehouseBot\State\IMarketData.cs(98,16): warning CS1591: Missing XML comment for publicly visible type or member 'IMarketData.RecentVolume_LastThreeHours' [c:\Users\Peter\Documents\GitHub\kalshi-trading-bot\BacklashInterfaces\BacklashInterfaces.csproj]
c:\Users\Peter\Documents\GitHub\kalshi-trading-bot\BacklashInterfaces\SmokehouseBot\State\IMarketData.cs(99,16): warning CS1591: Missing XML comment for publicly visible type or member 'IMarketData.RecentVolume_LastMonth' [c:\Users\Peter\Documents\GitHub\kalshi-trading-bot\BacklashInterfaces\BacklashInterfaces.csproj]
c:\Users\Peter\Documents\GitHub\kalshi-trading-bot\BacklashInterfaces\SmokehouseBot\State\IMarketData.cs(100,13): warning CS1591: Missing XML comment for publicly visible type or member 'IMarketData.DepthAtTop4YesBids' [c:\Users\Peter\Documents\GitHub\kalshi-trading-bot\BacklashInterfaces\BacklashInterfaces.csproj]
c:\Users\Peter\Documents\GitHub\kalshi-trading-bot\BacklashInterfaces\SmokehouseBot\State\IMarketData.cs(101,13): warning CS1591: Missing XML comment for publicly visible type or member 'IMarketData.DepthAtTop4NoBids' [c:\Users\Peter\Documents\GitHub\kalshi-trading-bot\BacklashInterfaces\BacklashInterfaces.csproj]
c:\Users\Peter\Documents\GitHub\kalshi-trading-bot\BacklashInterfaces\SmokehouseBot\State\IMarketData.cs(102,16): warning CS1591: Missing XML comment for publicly visible type or member 'IMarketData.YesBidCenterOfMass' [c:\Users\Peter\Documents\GitHub\kalshi-trading-bot\BacklashInterfaces\BacklashInterfaces.csproj]
c:\Users\Peter\Documents\GitHub\kalshi-trading-bot\BacklashInterfaces\SmokehouseBot\State\IMarketData.cs(103,16): warning CS1591: Missing XML comment for publicly visible type or member 'IMarketData.NoBidCenterOfMass' [c:\Users\Peter\Documents\GitHub\kalshi-trading-bot\BacklashInterfaces\BacklashInterfaces.csproj]
c:\Users\Peter\Documents\GitHub\kalshi-trading-bot\BacklashInterfaces\SmokehouseBot\State\IMarketData.cs(104,17): warning CS1591: Missing XML comment for publicly visible type or member 'IMarketData.RSI_Short' [c:\Users\Peter\Documents\GitHub\kalshi-trading-bot\BacklashInterfaces\BacklashInterfaces.csproj]
c:\Users\Peter\Documents\GitHub\kalshi-trading-bot\BacklashInterfaces\SmokehouseBot\State\IMarketData.cs(105,17): warning CS1591: Missing XML comment for publicly visible type or member 'IMarketData.RSI_Medium' [c:\Users\Peter\Documents\GitHub\kalshi-trading-bot\BacklashInterfaces\BacklashInterfaces.csproj]
c:\Users\Peter\Documents\GitHub\kalshi-trading-bot\BacklashInterfaces\SmokehouseBot\State\IMarketData.cs(106,17): warning CS1591: Missing XML comment for publicly visible type or member 'IMarketData.RSI_Long' [c:\Users\Peter\Documents\GitHub\kalshi-trading-bot\BacklashInterfaces\BacklashInterfaces.csproj]
c:\Users\Peter\Documents\GitHub\kalshi-trading-bot\BacklashInterfaces\SmokehouseBot\State\IMarketData.cs(107,59): warning CS1591: Missing XML comment for publicly visible type or member 'IMarketData.MACD_Medium' [c:\Users\Peter\Documents\GitHub\kalshi-trading-bot\BacklashInterfaces\BacklashInterfaces.csproj]
c:\Users\Peter\Documents\GitHub\kalshi-trading-bot\BacklashInterfaces\SmokehouseBot\State\IMarketData.cs(108,59): warning CS1591: Missing XML comment for publicly visible type or member 'IMarketData.MACD_Long' [c:\Users\Peter\Documents\GitHub\kalshi-trading-bot\BacklashInterfaces\BacklashInterfaces.csproj]
c:\Users\Peter\Documents\GitHub\kalshi-trading-bot\BacklashInterfaces\SmokehouseBot\State\IMarketData.cs(109,17): warning CS1591: Missing XML comment for publicly visible type or member 'IMarketData.EMA_Medium' [c:\Users\Peter\Documents\GitHub\kalshi-trading-bot\BacklashInterfaces\BacklashInterfaces.csproj]
c:\Users\Peter\Documents\GitHub\kalshi-trading-bot\BacklashInterfaces\SmokehouseBot\State\IMarketData.cs(110,17): warning CS1591: Missing XML comment for publicly visible type or member 'IMarketData.EMA_Long' [c:\Users\Peter\Documents\GitHub\kalshi-trading-bot\BacklashInterfaces\BacklashInterfaces.csproj]
c:\Users\Peter\Documents\GitHub\kalshi-trading-bot\BacklashInterfaces\SmokehouseBot\State\IMarketData.cs(111,56): warning CS1591: Missing XML comment for publicly visible type or member 'IMarketData.BollingerBands_Medium' [c:\Users\Peter\Documents\GitHub\kalshi-trading-bot\BacklashInterfaces\BacklashInterfaces.csproj]
c:\Users\Peter\Documents\GitHub\kalshi-trading-bot\BacklashInterfaces\SmokehouseBot\State\IMarketData.cs(112,56): warning CS1591: Missing XML comment for publicly visible type or member 'IMarketData.BollingerBands_Long' [c:\Users\Peter\Documents\GitHub\kalshi-trading-bot\BacklashInterfaces\BacklashInterfaces.csproj]
c:\Users\Peter\Documents\GitHub\kalshi-trading-bot\BacklashInterfaces\SmokehouseBot\State\IMarketData.cs(113,17): warning CS1591: Missing XML comment for publicly visible type or member 'IMarketData.ATR_Medium' [c:\Users\Peter\Documents\GitHub\kalshi-trading-bot\BacklashInterfaces\BacklashInterfaces.csproj]
c:\Users\Peter\Documents\GitHub\kalshi-trading-bot\BacklashInterfaces\SmokehouseBot\State\IMarketData.cs(114,17): warning CS1591: Missing XML comment for publicly visible type or member 'IMarketData.ATR_Long' [c:\Users\Peter\Documents\GitHub\kalshi-trading-bot\BacklashInterfaces\BacklashInterfaces.csproj]
c:\Users\Peter\Documents\GitHub\kalshi-trading-bot\BacklashInterfaces\SmokehouseBot\State\IMarketData.cs(115,17): warning CS1591: Missing XML comment for publicly visible type or member 'IMarketData.VWAP_Short' [c:\Users\Peter\Documents\GitHub\kalshi-trading-bot\BacklashInterfaces\BacklashInterfaces.csproj]
c:\Users\Peter\Documents\GitHub\kalshi-trading-bot\BacklashInterfaces\SmokehouseBot\State\IMarketData.cs(116,17): warning CS1591: Missing XML comment for publicly visible type or member 'IMarketData.VWAP_Medium' [c:\Users\Peter\Documents\GitHub\kalshi-trading-bot\BacklashInterfaces\BacklashInterfaces.csproj]
c:\Users\Peter\Documents\GitHub\kalshi-trading-bot\BacklashInterfaces\SmokehouseBot\State\IMarketData.cs(117,32): warning CS1591: Missing XML comment for publicly visible type or member 'IMarketData.StochasticOscillator_Short' [c:\Users\Peter\Documents\GitHub\kalshi-trading-bot\BacklashInterfaces\BacklashInterfaces.csproj]
c:\Users\Peter\Documents\GitHub\kalshi-trading-bot\BacklashInterfaces\SmokehouseBot\State\IMarketData.cs(118,32): warning CS1591: Missing XML comment for publicly visible type or member 'IMarketData.StochasticOscillator_Medium' [c:\Users\Peter\Documents\GitHub\kalshi-trading-bot\BacklashInterfaces\BacklashInterfaces.csproj]
c:\Users\Peter\Documents\GitHub\kalshi-trading-bot\BacklashInterfaces\SmokehouseBot\State\IMarketData.cs(119,32): warning CS1591: Missing XML comment for publicly visible type or member 'IMarketData.StochasticOscillator_Long' [c:\Users\Peter\Documents\GitHub\kalshi-trading-bot\BacklashInterfaces\BacklashInterfaces.csproj]
c:\Users\Peter\Documents\GitHub\kalshi-trading-bot\BacklashInterfaces\SmokehouseBot\State\IMarketData.cs(120,14): warning CS1591: Missing XML comment for publicly visible type or member 'IMarketData.OBV_Medium' [c:\Users\Peter\Documents\GitHub\kalshi-trading-bot\BacklashInterfaces\BacklashInterfaces.csproj]
c:\Users\Peter\Documents\GitHub\kalshi-trading-bot\BacklashInterfaces\SmokehouseBot\State\IMarketData.cs(121,14): warning CS1591: Missing XML comment for publicly visible type or member 'IMarketData.OBV_Long' [c:\Users\Peter\Documents\GitHub\kalshi-trading-bot\BacklashInterfaces\BacklashInterfaces.csproj]
c:\Users\Peter\Documents\GitHub\kalshi-trading-bot\BacklashInterfaces\SmokehouseBot\State\IMarketData.cs(122,14): warning CS1591: Missing XML comment for publicly visible type or member 'IMarketData.ReceivedFirstSnapshot' [c:\Users\Peter\Documents\GitHub\kalshi-trading-bot\BacklashInterfaces\BacklashInterfaces.csproj]
c:\Users\Peter\Documents\GitHub\kalshi-trading-bot\BacklashInterfaces\SmokehouseBot\State\IMarketData.cs(123,19): warning CS1591: Missing XML comment for publicly visible type or member 'IMarketData.HoldTime' [c:\Users\Peter\Documents\GitHub\kalshi-trading-bot\BacklashInterfaces\BacklashInterfaces.csproj]
c:\Users\Peter\Documents\GitHub\kalshi-trading-bot\BacklashInterfaces\SmokehouseBot\State\IMarketData.cs(124,19): warning CS1591: Missing XML comment for publicly visible type or member 'IMarketData.MarketAge' [c:\Users\Peter\Documents\GitHub\kalshi-trading-bot\BacklashInterfaces\BacklashInterfaces.csproj]
c:\Users\Peter\Documents\GitHub\kalshi-trading-bot\BacklashInterfaces\SmokehouseBot\State\IMarketData.cs(125,19): warning CS1591: Missing XML comment for publicly visible type or member 'IMarketData.TimeLeft' [c:\Users\Peter\Documents\GitHub\kalshi-trading-bot\BacklashInterfaces\BacklashInterfaces.csproj]
c:\Users\Peter\Documents\GitHub\kalshi-trading-bot\BacklashInterfaces\SmokehouseBot\State\IMarketData.cs(126,14): warning CS1591: Missing XML comment for publicly visible type or member 'IMarketData.CanCloseEarly' [c:\Users\Peter\Documents\GitHub\kalshi-trading-bot\BacklashInterfaces\BacklashInterfaces.csproj]
c:\Users\Peter\Documents\GitHub\kalshi-trading-bot\BacklashInterfaces\SmokehouseBot\State\IMarketData.cs(127,38): warning CS1591: Missing XML comment for publicly visible type or member 'IMarketData.AllSupportResistanceLevels' [c:\Users\Peter\Documents\GitHub\kalshi-trading-bot\BacklashInterfaces\BacklashInterfaces.csproj]
c:\Users\Peter\Documents\GitHub\kalshi-trading-bot\BacklashInterfaces\SmokehouseBot\State\IMarketData.cs(128,29): warning CS1591: Missing XML comment for publicly visible type or member 'IMarketData.GetBids(string)' [c:\Users\Peter\Documents\GitHub\kalshi-trading-bot\BacklashInterfaces\BacklashInterfaces.csproj]
c:\Users\Peter\Documents\GitHub\kalshi-trading-bot\BacklashInterfaces\SmokehouseBot\State\IMarketData.cs(129,14): warning CS1591: Missing XML comment for publicly visible type or member 'IMarketData.UpdateCurrentPrice(int, int, DateTime, string)' [c:\Users\Peter\Documents\GitHub\kalshi-trading-bot\BacklashInterfaces\BacklashInterfaces.csproj]
c:\Users\Peter\Documents\GitHub\kalshi-trading-bot\BacklashInterfaces\SmokehouseBot\State\IMarketData.cs(130,14): warning CS1591: Missing XML comment for publicly visible type or member 'IMarketData.RefreshAllMetadata()' [c:\Users\Peter\Documents\GitHub\kalshi-trading-bot\BacklashInterfaces\BacklashInterfaces.csproj]
c:\Users\Peter\Documents\GitHub\kalshi-trading-bot\BacklashInterfaces\SmokehouseBot\State\IMarketData.cs(131,14): warning CS1591: Missing XML comment for publicly visible type or member 'IMarketData.RefreshCandlestickMetadata()' [c:\Users\Peter\Documents\GitHub\kalshi-trading-bot\BacklashInterfaces\BacklashInterfaces.csproj]
c:\Users\Peter\Documents\GitHub\kalshi-trading-bot\BacklashInterfaces\SmokehouseBot\State\IMarketData.cs(132,14): warning CS1591: Missing XML comment for publicly visible type or member 'IMarketData.RefreshTickerMetadata()' [c:\Users\Peter\Documents\GitHub\kalshi-trading-bot\BacklashInterfaces\BacklashInterfaces.csproj]
c:\Users\Peter\Documents\GitHub\kalshi-trading-bot\BacklashInterfaces\SmokehouseBot\State\IMarketData.cs(133,14): warning CS1591: Missing XML comment for publicly visible type or member 'IMarketData.RefreshPositionMetadata()' [c:\Users\Peter\Documents\GitHub\kalshi-trading-bot\BacklashInterfaces\BacklashInterfaces.csproj]
c:\Users\Peter\Documents\GitHub\kalshi-trading-bot\BacklashInterfaces\SmokehouseBot\State\IMarketData.cs(134,14): warning CS1591: Missing XML comment for publicly visible type or member 'IMarketData.RecalculateOrderbookChangeMetrics()' [c:\Users\Peter\Documents\GitHub\kalshi-trading-bot\BacklashInterfaces\BacklashInterfaces.csproj]
c:\Users\Peter\Documents\GitHub\kalshi-trading-bot\BacklashInterfaces\SmokehouseBot\State\IMarketData.cs(135,39): warning CS1591: Missing XML comment for publicly visible type or member 'IMarketData.BuildPseudoCandlesticks(string, int)' [c:\Users\Peter\Documents\GitHub\kalshi-trading-bot\BacklashInterfaces\BacklashInterfaces.csproj]
c:\Users\Peter\Documents\GitHub\kalshi-trading-bot\BacklashInterfaces\SmokehouseBot\State\IMarketData.cs(136,38): warning CS1591: Missing XML comment for publicly visible type or member 'IMarketData.GetFilteredSupportResistanceLevels()' [c:\Users\Peter\Documents\GitHub\kalshi-trading-bot\BacklashInterfaces\BacklashInterfaces.csproj]
c:\Users\Peter\Documents\GitHub\kalshi-trading-bot\BacklashInterfaces\SmokehouseBot\State\IMarketData.cs(137,14): warning CS1591: Missing XML comment for publicly visible type or member 'IMarketData.UpdateTradingMetrics()' [c:\Users\Peter\Documents\GitHub\kalshi-trading-bot\BacklashInterfaces\BacklashInterfaces.csproj]
c:\Users\Peter\Documents\GitHub\kalshi-trading-bot\BacklashInterfaces\SmokehouseBot\State\IMarketData.cs(139,16): warning CS1591: Missing XML comment for publicly visible type or member 'IMarketData.YesBidSlopePerMinute_Short' [c:\Users\Peter\Documents\GitHub\kalshi-trading-bot\BacklashInterfaces\BacklashInterfaces.csproj]
c:\Users\Peter\Documents\GitHub\kalshi-trading-bot\BacklashInterfaces\SmokehouseBot\State\IMarketData.cs(140,16): warning CS1591: Missing XML comment for publicly visible type or member 'IMarketData.NoBidSlopePerMinute_Short' [c:\Users\Peter\Documents\GitHub\kalshi-trading-bot\BacklashInterfaces\BacklashInterfaces.csproj]
c:\Users\Peter\Documents\GitHub\kalshi-trading-bot\BacklashInterfaces\SmokehouseBot\State\IMarketData.cs(141,16): warning CS1591: Missing XML comment for publicly visible type or member 'IMarketData.YesBidSlopePerMinute_Medium' [c:\Users\Peter\Documents\GitHub\kalshi-trading-bot\BacklashInterfaces\BacklashInterfaces.csproj]
c:\Users\Peter\Documents\GitHub\kalshi-trading-bot\BacklashInterfaces\SmokehouseBot\State\IMarketData.cs(142,16): warning CS1591: Missing XML comment for publicly visible type or member 'IMarketData.NoBidSlopePerMinute_Medium' [c:\Users\Peter\Documents\GitHub\kalshi-trading-bot\BacklashInterfaces\BacklashInterfaces.csproj]
c:\Users\Peter\Documents\GitHub\kalshi-trading-bot\BacklashInterfaces\SmokehouseBot\State\IMarketData.cs(144,24): warning CS1591: Missing XML comment for publicly visible type or member 'IMarketData.PSAR' [c:\Users\Peter\Documents\GitHub\kalshi-trading-bot\BacklashInterfaces\BacklashInterfaces.csproj]
c:\Users\Peter\Documents\GitHub\kalshi-trading-bot\BacklashInterfaces\SmokehouseBot\State\IMarketData.cs(145,24): warning CS1591: Missing XML comment for publicly visible type or member 'IMarketData.ADX' [c:\Users\Peter\Documents\GitHub\kalshi-trading-bot\BacklashInterfaces\BacklashInterfaces.csproj]
c:\Users\Peter\Documents\GitHub\kalshi-trading-bot\BacklashInterfaces\SmokehouseBot\State\IMarketData.cs(146,24): warning CS1591: Missing XML comment for publicly visible type or member 'IMarketData.PlusDI' [c:\Users\Peter\Documents\GitHub\kalshi-trading-bot\BacklashInterfaces\BacklashInterfaces.csproj]
c:\Users\Peter\Documents\GitHub\kalshi-trading-bot\BacklashInterfaces\SmokehouseBot\State\IMarketData.cs(147,24): warning CS1591: Missing XML comment for publicly visible type or member 'IMarketData.MinusDI' [c:\Users\Peter\Documents\GitHub\kalshi-trading-bot\BacklashInterfaces\BacklashInterfaces.csproj]
c:\Users\Peter\Documents\GitHub\kalshi-trading-bot\BacklashInterfaces\SmokehouseBot\State\IMarketData.cs(148,16): warning CS1591: Missing XML comment for publicly visible type or member 'IMarketData.CurrentTradeRatePerMinute_Yes' [c:\Users\Peter\Documents\GitHub\kalshi-trading-bot\BacklashInterfaces\BacklashInterfaces.csproj]
c:\Users\Peter\Documents\GitHub\kalshi-trading-bot\BacklashInterfaces\SmokehouseBot\State\IMarketData.cs(149,16): warning CS1591: Missing XML comment for publicly visible type or member 'IMarketData.CurrentTradeRatePerMinute_No' [c:\Users\Peter\Documents\GitHub\kalshi-trading-bot\BacklashInterfaces\BacklashInterfaces.csproj]
c:\Users\Peter\Documents\GitHub\kalshi-trading-bot\BacklashInterfaces\SmokehouseBot\State\IMarketData.cs(150,16): warning CS1591: Missing XML comment for publicly visible type or member 'IMarketData.CurrentTradeVolumePerMinute_No' [c:\Users\Peter\Documents\GitHub\kalshi-trading-bot\BacklashInterfaces\BacklashInterfaces.csproj]
c:\Users\Peter\Documents\GitHub\kalshi-trading-bot\BacklashInterfaces\SmokehouseBot\State\IMarketData.cs(151,16): warning CS1591: Missing XML comment for publicly visible type or member 'IMarketData.CurrentTradeVolumePerMinute_Yes' [c:\Users\Peter\Documents\GitHub\kalshi-trading-bot\BacklashInterfaces\BacklashInterfaces.csproj]
c:\Users\Peter\Documents\GitHub\kalshi-trading-bot\BacklashInterfaces\SmokehouseBot\State\IMarketData.cs(152,16): warning CS1591: Missing XML comment for publicly visible type or member 'IMarketData.CurrentTradeCount_Yes' [c:\Users\Peter\Documents\GitHub\kalshi-trading-bot\BacklashInterfaces\BacklashInterfaces.csproj]
c:\Users\Peter\Documents\GitHub\kalshi-trading-bot\BacklashInterfaces\SmokehouseBot\State\IMarketData.cs(153,16): warning CS1591: Missing XML comment for publicly visible type or member 'IMarketData.CurrentTradeCount_No' [c:\Users\Peter\Documents\GitHub\kalshi-trading-bot\BacklashInterfaces\BacklashInterfaces.csproj]
c:\Users\Peter\Documents\GitHub\kalshi-trading-bot\BacklashInterfaces\SmokehouseBot\State\IMarketData.cs(154,16): warning CS1591: Missing XML comment for publicly visible type or member 'IMarketData.CurrentOrderVolumePerMinute_YesBid' [c:\Users\Peter\Documents\GitHub\kalshi-trading-bot\BacklashInterfaces\BacklashInterfaces.csproj]
c:\Users\Peter\Documents\GitHub\kalshi-trading-bot\BacklashInterfaces\SmokehouseBot\State\IMarketData.cs(155,16): warning CS1591: Missing XML comment for publicly visible type or member 'IMarketData.CurrentOrderVolumePerMinute_NoBid' [c:\Users\Peter\Documents\GitHub\kalshi-trading-bot\BacklashInterfaces\BacklashInterfaces.csproj]
c:\Users\Peter\Documents\GitHub\kalshi-trading-bot\BacklashInterfaces\SmokehouseBot\State\IMarketData.cs(156,16): warning CS1591: Missing XML comment for publicly visible type or member 'IMarketData.CurrentNonTradeRelatedOrderCount_Yes' [c:\Users\Peter\Documents\GitHub\kalshi-trading-bot\BacklashInterfaces\BacklashInterfaces.csproj]
c:\Users\Peter\Documents\GitHub\kalshi-trading-bot\BacklashInterfaces\SmokehouseBot\State\IMarketData.cs(157,16): warning CS1591: Missing XML comment for publicly visible type or member 'IMarketData.CurrentNonTradeRelatedOrderCount_No' [c:\Users\Peter\Documents\GitHub\kalshi-trading-bot\BacklashInterfaces\BacklashInterfaces.csproj]
c:\Users\Peter\Documents\GitHub\kalshi-trading-bot\BacklashInterfaces\SmokehouseBot\State\IMarketData.cs(158,16): warning CS1591: Missing XML comment for publicly visible type or member 'IMarketData.CurrentAverageTradeSize_Yes' [c:\Users\Peter\Documents\GitHub\kalshi-trading-bot\BacklashInterfaces\BacklashInterfaces.csproj]
c:\Users\Peter\Documents\GitHub\kalshi-trading-bot\BacklashInterfaces\SmokehouseBot\State\IMarketData.cs(159,16): warning CS1591: Missing XML comment for publicly visible type or member 'IMarketData.CurrentAverageTradeSize_No' [c:\Users\Peter\Documents\GitHub\kalshi-trading-bot\BacklashInterfaces\BacklashInterfaces.csproj]
c:\Users\Peter\Documents\GitHub\kalshi-trading-bot\BacklashInterfaces\SmokehouseBot\State\IMarketData.cs(160,33): warning CS1591: Missing XML comment for publicly visible type or member 'IMarketData.RecentCandlesticks' [c:\Users\Peter\Documents\GitHub\kalshi-trading-bot\BacklashInterfaces\BacklashInterfaces.csproj]
c:\Users\Peter\Documents\GitHub\kalshi-trading-bot\BacklashInterfaces\SmokehouseBot\State\IStatusTrackerService.cs(3,22): warning CS1591: Missing XML comment for publicly visible type or member 'IStatusTrackerService' [c:\Users\Peter\Documents\GitHub\kalshi-trading-bot\BacklashInterfaces\BacklashInterfaces.csproj]
c:\Users\Peter\Documents\GitHub\kalshi-trading-bot\BacklashInterfaces\SmokehouseBot\State\IStatusTrackerService.cs(5,27): warning CS1591: Missing XML comment for publicly visible type or member 'IStatusTrackerService.GetCancellationToken()' [c:\Users\Peter\Documents\GitHub\kalshi-trading-bot\BacklashInterfaces\BacklashInterfaces.csproj]
c:\Users\Peter\Documents\GitHub\kalshi-trading-bot\BacklashInterfaces\SmokehouseBot\State\IStatusTrackerService.cs(6,14): warning CS1591: Missing XML comment for publicly visible type or member 'IStatusTrackerService.CancelAll()' [c:\Users\Peter\Documents\GitHub\kalshi-trading-bot\BacklashInterfaces\BacklashInterfaces.csproj]
c:\Users\Peter\Documents\GitHub\kalshi-trading-bot\BacklashInterfaces\SmokehouseBot\State\IStatusTrackerService.cs(7,14): warning CS1591: Missing XML comment for publicly visible type or member 'IStatusTrackerService.ResetAll()' [c:\Users\Peter\Documents\GitHub\kalshi-trading-bot\BacklashInterfaces\BacklashInterfaces.csproj]
c:\Users\Peter\Documents\GitHub\kalshi-trading-bot\BacklashInterfaces\SmokehouseBot\KalshiAPI\IKalshiWebSocketClient.cs(7,22): warning CS1591: Missing XML comment for publicly visible type or member 'IKalshiWebSocketClient' [c:\Users\Peter\Documents\GitHub\kalshi-trading-bot\BacklashInterfaces\BacklashInterfaces.csproj]
c:\Users\Peter\Documents\GitHub\kalshi-trading-bot\BacklashInterfaces\SmokehouseBot\KalshiAPI\IKalshiWebSocketClient.cs(9,48): warning CS1591: Missing XML comment for publicly visible type or member 'IKalshiWebSocketClient.OrderBookReceived' [c:\Users\Peter\Documents\GitHub\kalshi-trading-bot\BacklashInterfaces\BacklashInterfaces.csproj]
c:\Users\Peter\Documents\GitHub\kalshi-trading-bot\BacklashInterfaces\SmokehouseBot\KalshiAPI\IKalshiWebSocketClient.cs(10,45): warning CS1591: Missing XML comment for publicly visible type or member 'IKalshiWebSocketClient.TickerReceived' [c:\Users\Peter\Documents\GitHub\kalshi-trading-bot\BacklashInterfaces\BacklashInterfaces.csproj]
c:\Users\Peter\Documents\GitHub\kalshi-trading-bot\BacklashInterfaces\SmokehouseBot\KalshiAPI\IKalshiWebSocketClient.cs(11,44): warning CS1591: Missing XML comment for publicly visible type or member 'IKalshiWebSocketClient.TradeReceived' [c:\Users\Peter\Documents\GitHub\kalshi-trading-bot\BacklashInterfaces\BacklashInterfaces.csproj]
c:\Users\Peter\Documents\GitHub\kalshi-trading-bot\BacklashInterfaces\SmokehouseBot\KalshiAPI\IKalshiWebSocketClient.cs(12,43): warning CS1591: Missing XML comment for publicly visible type or member 'IKalshiWebSocketClient.FillReceived' [c:\Users\Peter\Documents\GitHub\kalshi-trading-bot\BacklashInterfaces\BacklashInterfaces.csproj]
c:\Users\Peter\Documents\GitHub\kalshi-trading-bot\BacklashInterfaces\SmokehouseBot\KalshiAPI\IKalshiWebSocketClient.cs(13,54): warning CS1591: Missing XML comment for publicly visible type or member 'IKalshiWebSocketClient.MarketLifecycleReceived' [c:\Users\Peter\Documents\GitHub\kalshi-trading-bot\BacklashInterfaces\BacklashInterfaces.csproj]
c:\Users\Peter\Documents\GitHub\kalshi-trading-bot\BacklashInterfaces\SmokehouseBot\KalshiAPI\IKalshiWebSocketClient.cs(14,53): warning CS1591: Missing XML comment for publicly visible type or member 'IKalshiWebSocketClient.EventLifecycleReceived' [c:\Users\Peter\Documents\GitHub\kalshi-trading-bot\BacklashInterfaces\BacklashInterfaces.csproj]
c:\Users\Peter\Documents\GitHub\kalshi-trading-bot\BacklashInterfaces\SmokehouseBot\KalshiAPI\IKalshiWebSocketClient.cs(15,38): warning CS1591: Missing XML comment for publicly visible type or member 'IKalshiWebSocketClient.MessageReceived' [c:\Users\Peter\Documents\GitHub\kalshi-trading-bot\BacklashInterfaces\BacklashInterfaces.csproj]
c:\Users\Peter\Documents\GitHub\kalshi-trading-bot\BacklashInterfaces\SmokehouseBot\KalshiAPI\IKalshiWebSocketClient.cs(17,14): warning CS1591: Missing XML comment for publicly visible type or member 'IKalshiWebSocketClient.IsTradingActive' [c:\Users\Peter\Documents\GitHub\kalshi-trading-bot\BacklashInterfaces\BacklashInterfaces.csproj]
c:\Users\Peter\Documents\GitHub\kalshi-trading-bot\BacklashInterfaces\SmokehouseBot\KalshiAPI\IKalshiWebSocketClient.cs(18,44): warning CS1591: Missing XML comment for publicly visible type or member 'IKalshiWebSocketClient.EventCounts' [c:\Users\Peter\Documents\GitHub\kalshi-trading-bot\BacklashInterfaces\BacklashInterfaces.csproj]
c:\Users\Peter\Documents\GitHub\kalshi-trading-bot\BacklashInterfaces\SmokehouseBot\KalshiAPI\IKalshiWebSocketClient.cs(19,13): warning CS1591: Missing XML comment for publicly visible type or member 'IKalshiWebSocketClient.ConnectSemaphoreCount' [c:\Users\Peter\Documents\GitHub\kalshi-trading-bot\BacklashInterfaces\BacklashInterfaces.csproj]
c:\Users\Peter\Documents\GitHub\kalshi-trading-bot\BacklashInterfaces\SmokehouseBot\KalshiAPI\IKalshiWebSocketClient.cs(20,13): warning CS1591: Missing XML comment for publicly visible type or member 'IKalshiWebSocketClient.SubscriptionUpdateSemaphoreCount' [c:\Users\Peter\Documents\GitHub\kalshi-trading-bot\BacklashInterfaces\BacklashInterfaces.csproj]
c:\Users\Peter\Documents\GitHub\kalshi-trading-bot\BacklashInterfaces\SmokehouseBot\KalshiAPI\IKalshiWebSocketClient.cs(21,13): warning CS1591: Missing XML comment for publicly visible type or member 'IKalshiWebSocketClient.ChannelSubscriptionSemaphoreCount' [c:\Users\Peter\Documents\GitHub\kalshi-trading-bot\BacklashInterfaces\BacklashInterfaces.csproj]
c:\Users\Peter\Documents\GitHub\kalshi-trading-bot\BacklashInterfaces\SmokehouseBot\KalshiAPI\IKalshiWebSocketClient.cs(22,13): warning CS1591: Missing XML comment for publicly visible type or member 'IKalshiWebSocketClient.QueuedSubscriptionUpdatesCount' [c:\Users\Peter\Documents\GitHub\kalshi-trading-bot\BacklashInterfaces\BacklashInterfaces.csproj]
c:\Users\Peter\Documents\GitHub\kalshi-trading-bot\BacklashInterfaces\SmokehouseBot\KalshiAPI\IKalshiWebSocketClient.cs(23,13): warning CS1591: Missing XML comment for publicly visible type or member 'IKalshiWebSocketClient.OrderBookMessageQueueCount' [c:\Users\Peter\Documents\GitHub\kalshi-trading-bot\BacklashInterfaces\BacklashInterfaces.csproj]
c:\Users\Peter\Documents\GitHub\kalshi-trading-bot\BacklashInterfaces\SmokehouseBot\KalshiAPI\IKalshiWebSocketClient.cs(24,13): warning CS1591: Missing XML comment for publicly visible type or member 'IKalshiWebSocketClient.PendingConfirmsCount' [c:\Users\Peter\Documents\GitHub\kalshi-trading-bot\BacklashInterfaces\BacklashInterfaces.csproj]
c:\Users\Peter\Documents\GitHub\kalshi-trading-bot\BacklashInterfaces\SmokehouseBot\KalshiAPI\IKalshiWebSocketClient.cs(25,25): warning CS1591: Missing XML comment for publicly visible type or member 'IKalshiWebSocketClient.WatchedMarkets' [c:\Users\Peter\Documents\GitHub\kalshi-trading-bot\BacklashInterfaces\BacklashInterfaces.csproj]
c:\Users\Peter\Documents\GitHub\kalshi-trading-bot\BacklashInterfaces\SmokehouseBot\KalshiAPI\IKalshiWebSocketClient.cs(27,14): warning CS1591: Missing XML comment for publicly visible type or member 'IKalshiWebSocketClient.ConnectAsync(int)' [c:\Users\Peter\Documents\GitHub\kalshi-trading-bot\BacklashInterfaces\BacklashInterfaces.csproj]
c:\Users\Peter\Documents\GitHub\kalshi-trading-bot\BacklashInterfaces\SmokehouseBot\KalshiAPI\IKalshiWebSocketClient.cs(28,14): warning CS1591: Missing XML comment for publicly visible type or member 'IKalshiWebSocketClient.SubscribeToWatchedMarketsAsync()' [c:\Users\Peter\Documents\GitHub\kalshi-trading-bot\BacklashInterfaces\BacklashInterfaces.csproj]
c:\Users\Peter\Documents\GitHub\kalshi-trading-bot\BacklashInterfaces\SmokehouseBot\KalshiAPI\IKalshiWebSocketClient.cs(29,14): warning CS1591: Missing XML comment for publicly visible type or member 'IKalshiWebSocketClient.SubscribeToChannelAsync(string, string[])' [c:\Users\Peter\Documents\GitHub\kalshi-trading-bot\BacklashInterfaces\BacklashInterfaces.csproj]
c:\Users\Peter\Documents\GitHub\kalshi-trading-bot\BacklashInterfaces\SmokehouseBot\KalshiAPI\IKalshiWebSocketClient.cs(30,14): warning CS1591: Missing XML comment for publicly visible type or member 'IKalshiWebSocketClient.UnsubscribeFromChannelAsync(string)' [c:\Users\Peter\Documents\GitHub\kalshi-trading-bot\BacklashInterfaces\BacklashInterfaces.csproj]
c:\Users\Peter\Documents\GitHub\kalshi-trading-bot\BacklashInterfaces\SmokehouseBot\KalshiAPI\IKalshiWebSocketClient.cs(31,14): warning CS1591: Missing XML comment for publicly visible type or member 'IKalshiWebSocketClient.UnsubscribeFromAllAsync()' [c:\Users\Peter\Documents\GitHub\kalshi-trading-bot\BacklashInterfaces\BacklashInterfaces.csproj]
c:\Users\Peter\Documents\GitHub\kalshi-trading-bot\BacklashInterfaces\SmokehouseBot\KalshiAPI\IKalshiWebSocketClient.cs(32,14): warning CS1591: Missing XML comment for publicly visible type or member 'IKalshiWebSocketClient.UpdateSubscriptionAsync(string, string[], string)' [c:\Users\Peter\Documents\GitHub\kalshi-trading-bot\BacklashInterfaces\BacklashInterfaces.csproj]
c:\Users\Peter\Documents\GitHub\kalshi-trading-bot\BacklashInterfaces\SmokehouseBot\KalshiAPI\IKalshiWebSocketClient.cs(33,14): warning CS1591: Missing XML comment for publicly visible type or member 'IKalshiWebSocketClient.ResetConnectionAsync()' [c:\Users\Peter\Documents\GitHub\kalshi-trading-bot\BacklashInterfaces\BacklashInterfaces.csproj]
c:\Users\Peter\Documents\GitHub\kalshi-trading-bot\BacklashInterfaces\SmokehouseBot\KalshiAPI\IKalshiWebSocketClient.cs(34,14): warning CS1591: Missing XML comment for publicly visible type or member 'IKalshiWebSocketClient.ShutdownAsync()' [c:\Users\Peter\Documents\GitHub\kalshi-trading-bot\BacklashInterfaces\BacklashInterfaces.csproj]
c:\Users\Peter\Documents\GitHub\kalshi-trading-bot\BacklashInterfaces\SmokehouseBot\KalshiAPI\IKalshiWebSocketClient.cs(35,14): warning CS1591: Missing XML comment for publicly visible type or member 'IKalshiWebSocketClient.WaitForEmptyOrderBookQueueAsync(string, TimeSpan)' [c:\Users\Peter\Documents\GitHub\kalshi-trading-bot\BacklashInterfaces\BacklashInterfaces.csproj]
c:\Users\Peter\Documents\GitHub\kalshi-trading-bot\BacklashInterfaces\SmokehouseBot\KalshiAPI\IKalshiWebSocketClient.cs(36,14): warning CS1591: Missing XML comment for publicly visible type or member 'IKalshiWebSocketClient.IsConnected()' [c:\Users\Peter\Documents\GitHub\kalshi-trading-bot\BacklashInterfaces\BacklashInterfaces.csproj]
c:\Users\Peter\Documents\GitHub\kalshi-trading-bot\BacklashInterfaces\SmokehouseBot\KalshiAPI\IKalshiWebSocketClient.cs(37,14): warning CS1591: Missing XML comment for publicly visible type or member 'IKalshiWebSocketClient.IsSubscribed(string, string)' [c:\Users\Peter\Documents\GitHub\kalshi-trading-bot\BacklashInterfaces\BacklashInterfaces.csproj]
c:\Users\Peter\Documents\GitHub\kalshi-trading-bot\BacklashInterfaces\SmokehouseBot\KalshiAPI\IKalshiWebSocketClient.cs(38,14): warning CS1591: Missing XML comment for publicly visible type or member 'IKalshiWebSocketClient.CanSubscribeToMarket(string, string)' [c:\Users\Peter\Documents\GitHub\kalshi-trading-bot\BacklashInterfaces\BacklashInterfaces.csproj]
c:\Users\Peter\Documents\GitHub\kalshi-trading-bot\BacklashInterfaces\SmokehouseBot\KalshiAPI\IKalshiWebSocketClient.cs(39,14): warning CS1591: Missing XML comment for publicly visible type or member 'IKalshiWebSocketClient.SetSubscriptionState(string, string, SubscriptionState)' [c:\Users\Peter\Documents\GitHub\kalshi-trading-bot\BacklashInterfaces\BacklashInterfaces.csproj]
c:\Users\Peter\Documents\GitHub\kalshi-trading-bot\BacklashInterfaces\SmokehouseBot\KalshiAPI\IKalshiWebSocketClient.cs(40,14): warning CS1591: Missing XML comment for publicly visible type or member 'IKalshiWebSocketClient.ClearOrderBookQueue(string)' [c:\Users\Peter\Documents\GitHub\kalshi-trading-bot\BacklashInterfaces\BacklashInterfaces.csproj]
c:\Users\Peter\Documents\GitHub\kalshi-trading-bot\BacklashInterfaces\SmokehouseBot\KalshiAPI\IKalshiWebSocketClient.cs(41,14): warning CS1591: Missing XML comment for publicly visible type or member 'IKalshiWebSocketClient.DisableReconnect()' [c:\Users\Peter\Documents\GitHub\kalshi-trading-bot\BacklashInterfaces\BacklashInterfaces.csproj]
c:\Users\Peter\Documents\GitHub\kalshi-trading-bot\BacklashInterfaces\SmokehouseBot\KalshiAPI\IKalshiWebSocketClient.cs(42,14): warning CS1591: Missing XML comment for publicly visible type or member 'IKalshiWebSocketClient.EnableReconnect()' [c:\Users\Peter\Documents\GitHub\kalshi-trading-bot\BacklashInterfaces\BacklashInterfaces.csproj]
c:\Users\Peter\Documents\GitHub\kalshi-trading-bot\BacklashInterfaces\SmokehouseBot\KalshiAPI\IKalshiWebSocketClient.cs(43,13): warning CS1591: Missing XML comment for publicly visible type or member 'IKalshiWebSocketClient.GenerateNextMessageId()' [c:\Users\Peter\Documents\GitHub\kalshi-trading-bot\BacklashInterfaces\BacklashInterfaces.csproj]
c:\Users\Peter\Documents\GitHub\kalshi-trading-bot\BacklashInterfaces\SmokehouseBot\KalshiAPI\IKalshiWebSocketClient.cs(44,14): warning CS1591: Missing XML comment for publicly visible type or member 'IKalshiWebSocketClient.ResetEventCounts()' [c:\Users\Peter\Documents\GitHub\kalshi-trading-bot\BacklashInterfaces\BacklashInterfaces.csproj]
c:\Users\Peter\Documents\GitHub\kalshi-trading-bot\BacklashInterfaces\SmokehouseBot\KalshiAPI\IKalshiWebSocketClient.cs(45,16): warning CS1591: Missing XML comment for publicly visible type or member 'IKalshiWebSocketClient.GetChannelName(string)' [c:\Users\Peter\Documents\GitHub\kalshi-trading-bot\BacklashInterfaces\BacklashInterfaces.csproj]
c:\Users\Peter\Documents\GitHub\kalshi-trading-bot\BacklashInterfaces\SmokehouseBot\KalshiAPI\IKalshiWebSocketClient.cs(46,14): warning CS1591: Missing XML comment for publicly visible type or member 'IKalshiWebSocketClient.SendMessageAsync(string)' [c:\Users\Peter\Documents\GitHub\kalshi-trading-bot\BacklashInterfaces\BacklashInterfaces.csproj]
c:\Users\Peter\Documents\GitHub\kalshi-trading-bot\BacklashInterfaces\SmokehouseBot\KalshiAPI\IKalshiWebSocketClient.cs(47,14): warning CS1591: Missing XML comment for publicly visible type or member 'IKalshiWebSocketClient.ResubscribeAsync(bool)' [c:\Users\Peter\Documents\GitHub\kalshi-trading-bot\BacklashInterfaces\BacklashInterfaces.csproj]
c:\Users\Peter\Documents\GitHub\kalshi-trading-bot\BacklashInterfaces\SmokehouseBot\KalshiAPI\IKalshiWebSocketClient.cs(49,66): warning CS1591: Missing XML comment for publicly visible type or member 'IKalshiWebSocketClient.GetEventCountsByMarket(string)' [c:\Users\Peter\Documents\GitHub\kalshi-trading-bot\BacklashInterfaces\BacklashInterfaces.csproj]
c:\Users\Peter\Documents\GitHub\kalshi-trading-bot\BacklashInterfaces\TradingStrategies\Classification\ISnapshotPeriodHelper.cs(5,22): warning CS1591: Missing XML comment for publicly visible type or member 'ISnapshotPeriodHelper' [c:\Users\Peter\Documents\GitHub\kalshi-trading-bot\BacklashInterfaces\BacklashInterfaces.csproj]
c:\Users\Peter\Documents\GitHub\kalshi-trading-bot\BacklashInterfaces\TradingStrategies\Classification\ISnapshotPeriodHelper.cs(7,38): warning CS1591: Missing XML comment for publicly visible type or member 'ISnapshotPeriodHelper.SplitIntoValidGroups(List<SnapshotDTO>, string, IProgress<double>?)' [c:\Users\Peter\Documents\GitHub\kalshi-trading-bot\BacklashInterfaces\BacklashInterfaces.csproj]
c:\Users\Peter\Documents\GitHub\kalshi-trading-bot\BacklashInterfaces\TradingStrategies\Classification\ISnapshotPeriodHelper.cs(8,33): warning CS1591: Missing XML comment for publicly visible type or member 'ISnapshotPeriodHelper.LoadSnapshotGroup(string)' [c:\Users\Peter\Documents\GitHub\kalshi-trading-bot\BacklashInterfaces\BacklashInterfaces.csproj]
c:\Users\Peter\Documents\GitHub\kalshi-trading-bot\BacklashInterfaces\TradingStrategies\Helpers\ITradingCalculator.cs(5,22): warning CS1591: Missing XML comment for publicly visible type or member 'ITradingCalculator' [c:\Users\Peter\Documents\GitHub\kalshi-trading-bot\BacklashInterfaces\BacklashInterfaces.csproj]
c:\Users\Peter\Documents\GitHub\kalshi-trading-bot\BacklashInterfaces\TradingStrategies\Helpers\ITradingCalculator.cs(7,17): warning CS1591: Missing XML comment for publicly visible type or member 'ITradingCalculator.CalculateRSI(List<PseudoCandlestick>, int)' [c:\Users\Peter\Documents\GitHub\kalshi-trading-bot\BacklashInterfaces\BacklashInterfaces.csproj]
c:\Users\Peter\Documents\GitHub\kalshi-trading-bot\BacklashInterfaces\TradingStrategies\Helpers\ITradingCalculator.cs(8,59): warning CS1591: Missing XML comment for publicly visible type or member 'ITradingCalculator.CalculateMACD(List<PseudoCandlestick>, int, int, int)' [c:\Users\Peter\Documents\GitHub\kalshi-trading-bot\BacklashInterfaces\BacklashInterfaces.csproj]
c:\Users\Peter\Documents\GitHub\kalshi-trading-bot\BacklashInterfaces\TradingStrategies\Helpers\ITradingCalculator.cs(9,56): warning CS1591: Missing XML comment for publicly visible type or member 'ITradingCalculator.CalculateBollingerBands(List<PseudoCandlestick>, int, double)' [c:\Users\Peter\Documents\GitHub\kalshi-trading-bot\BacklashInterfaces\BacklashInterfaces.csproj]
c:\Users\Peter\Documents\GitHub\kalshi-trading-bot\BacklashInterfaces\TradingStrategies\Helpers\ITradingCalculator.cs(10,32): warning CS1591: Missing XML comment for publicly visible type or member 'ITradingCalculator.CalculateStochastic(List<PseudoCandlestick>, int, int)' [c:\Users\Peter\Documents\GitHub\kalshi-trading-bot\BacklashInterfaces\BacklashInterfaces.csproj]
c:\Users\Peter\Documents\GitHub\kalshi-trading-bot\BacklashInterfaces\TradingStrategies\Helpers\ITradingCalculator.cs(11,17): warning CS1591: Missing XML comment for publicly visible type or member 'ITradingCalculator.CalculateATR(List<PseudoCandlestick>, int)' [c:\Users\Peter\Documents\GitHub\kalshi-trading-bot\BacklashInterfaces\BacklashInterfaces.csproj]
c:\Users\Peter\Documents\GitHub\kalshi-trading-bot\BacklashInterfaces\TradingStrategies\Helpers\ITradingCalculator.cs(12,18): warning CS1591: Missing XML comment for publicly visible type or member 'ITradingCalculator.CalculateVWAP(List<PseudoCandlestick>, int)' [c:\Users\Peter\Documents\GitHub\kalshi-trading-bot\BacklashInterfaces\BacklashInterfaces.csproj]
c:\Users\Peter\Documents\GitHub\kalshi-trading-bot\BacklashInterfaces\TradingStrategies\Helpers\ITradingCalculator.cs(13,17): warning CS1591: Missing XML comment for publicly visible type or member 'ITradingCalculator.CalculateOBV(List<PseudoCandlestick>)' [c:\Users\Peter\Documents\GitHub\kalshi-trading-bot\BacklashInterfaces\BacklashInterfaces.csproj]
c:\Users\Peter\Documents\GitHub\kalshi-trading-bot\BacklashInterfaces\TradingStrategies\Helpers\ITradingCalculator.cs(14,38): warning CS1591: Missing XML comment for publicly visible type or member 'ITradingCalculator.CalculateHistoricalSupportResistance(string, List<CandlestickData>, double, int, double, int)' [c:\Users\Peter\Documents\GitHub\kalshi-trading-bot\BacklashInterfaces\BacklashInterfaces.csproj]
c:\Users\Peter\Documents\GitHub\kalshi-trading-bot\BacklashInterfaces\TradingStrategies\Helpers\ITradingCalculator.cs(22,56): warning CS1591: Missing XML comment for publicly visible type or member 'ITradingCalculator.CalculateADX(List<PseudoCandlestick>)' [c:\Users\Peter\Documents\GitHub\kalshi-trading-bot\BacklashInterfaces\BacklashInterfaces.csproj]
c:\Users\Peter\Documents\GitHub\kalshi-trading-bot\BacklashInterfaces\TradingStrategies\Helpers\ITradingCalculator.cs(23,17): warning CS1591: Missing XML comment for publicly visible type or member 'ITradingCalculator.CalculatePSAR(List<PseudoCandlestick>)' [c:\Users\Peter\Documents\GitHub\kalshi-trading-bot\BacklashInterfaces\BacklashInterfaces.csproj]
c:\Users\Peter\Documents\GitHub\kalshi-trading-bot\BacklashPatterns\CandleMetrics.cs(5,26): error CS1591: Missing XML comment for publicly visible type or member 'CandleMetrics' [c:\Users\Peter\Documents\GitHub\kalshi-trading-bot\BacklashPatterns\BacklashPatterns.csproj]
c:\Users\Peter\Documents\GitHub\kalshi-trading-bot\BacklashPatterns\CandleMetrics.cs(9,28): error CS1591: Missing XML comment for publicly visible type or member 'CandleMetrics.SetLogger(ILogger)' [c:\Users\Peter\Documents\GitHub\kalshi-trading-bot\BacklashPatterns\BacklashPatterns.csproj]
c:\Users\Peter\Documents\GitHub\kalshi-trading-bot\BacklashPatterns\CandleMetrics.cs(11,23): error CS1591: Missing XML comment for publicly visible type or member 'CandleMetrics.BodySize' [c:\Users\Peter\Documents\GitHub\kalshi-trading-bot\BacklashPatterns\BacklashPatterns.csproj]
c:\Users\Peter\Documents\GitHub\kalshi-trading-bot\BacklashPatterns\CandleMetrics.cs(12,23): error CS1591: Missing XML comment for publicly visible type or member 'CandleMetrics.UpperWick' [c:\Users\Peter\Documents\GitHub\kalshi-trading-bot\BacklashPatterns\BacklashPatterns.csproj]
c:\Users\Peter\Documents\GitHub\kalshi-trading-bot\BacklashPatterns\CandleMetrics.cs(13,23): error CS1591: Missing XML comment for publicly visible type or member 'CandleMetrics.LowerWick' [c:\Users\Peter\Documents\GitHub\kalshi-trading-bot\BacklashPatterns\BacklashPatterns.csproj]
c:\Users\Peter\Documents\GitHub\kalshi-trading-bot\BacklashPatterns\CandleMetrics.cs(14,23): error CS1591: Missing XML comment for publicly visible type or member 'CandleMetrics.TotalRange' [c:\Users\Peter\Documents\GitHub\kalshi-trading-bot\BacklashPatterns\BacklashPatterns.csproj]
c:\Users\Peter\Documents\GitHub\kalshi-trading-bot\BacklashPatterns\CandleMetrics.cs(15,21): error CS1591: Missing XML comment for publicly visible type or member 'CandleMetrics.IsBullish' [c:\Users\Peter\Documents\GitHub\kalshi-trading-bot\BacklashPatterns\BacklashPatterns.csproj]
c:\Users\Peter\Documents\GitHub\kalshi-trading-bot\BacklashPatterns\CandleMetrics.cs(16,21): error CS1591: Missing XML comment for publicly visible type or member 'CandleMetrics.IsBearish' [c:\Users\Peter\Documents\GitHub\kalshi-trading-bot\BacklashPatterns\BacklashPatterns.csproj]
c:\Users\Peter\Documents\GitHub\kalshi-trading-bot\BacklashPatterns\CandleMetrics.cs(18,23): error CS1591: Missing XML comment for publicly visible type or member 'CandleMetrics.BodyToRangeRatio' [c:\Users\Peter\Documents\GitHub\kalshi-trading-bot\BacklashPatterns\BacklashPatterns.csproj]
c:\Users\Peter\Documents\GitHub\kalshi-trading-bot\BacklashPatterns\CandleMetrics.cs(19,23): error CS1591: Missing XML comment for publicly visible type or member 'CandleMetrics.MidPoint' [c:\Users\Peter\Documents\GitHub\kalshi-trading-bot\BacklashPatterns\BacklashPatterns.csproj]
c:\Users\Peter\Documents\GitHub\kalshi-trading-bot\BacklashPatterns\CandleMetrics.cs(20,21): error CS1591: Missing XML comment for publicly visible type or member 'CandleMetrics.HasNoUpperWick' [c:\Users\Peter\Documents\GitHub\kalshi-trading-bot\BacklashPatterns\BacklashPatterns.csproj]
c:\Users\Peter\Documents\GitHub\kalshi-trading-bot\BacklashPatterns\CandleMetrics.cs(21,21): error CS1591: Missing XML comment for publicly visible type or member 'CandleMetrics.HasNoLowerWick' [c:\Users\Peter\Documents\GitHub\kalshi-trading-bot\BacklashPatterns\BacklashPatterns.csproj]
c:\Users\Peter\Documents\GitHub\kalshi-trading-bot\BacklashPatterns\CandleMetrics.cs(22,23): error CS1591: Missing XML comment for publicly visible type or member 'CandleMetrics.BodyMidPoint' [c:\Users\Peter\Documents\GitHub\kalshi-trading-bot\BacklashPatterns\BacklashPatterns.csproj]
c:\Users\Peter\Documents\GitHub\kalshi-trading-bot\BacklashPatterns\CandleMetrics.cs(27,26): error CS1591: Missing XML comment for publicly visible type or member 'CandleMetrics.LookbackTrendConsistency' [c:\Users\Peter\Documents\GitHub\kalshi-trading-bot\BacklashPatterns\BacklashPatterns.csproj]
c:\Users\Peter\Documents\GitHub\kalshi-trading-bot\BacklashPatterns\CandleMetrics.cs(28,26): error CS1591: Missing XML comment for publicly visible type or member 'CandleMetrics.AvgVolumeVsLookback' [c:\Users\Peter\Documents\GitHub\kalshi-trading-bot\BacklashPatterns\BacklashPatterns.csproj]
c:\Users\Peter\Documents\GitHub\kalshi-trading-bot\BacklashPatterns\CandleMetrics.cs(29,26): error CS1591: Missing XML comment for publicly visible type or member 'CandleMetrics.LookbackAvgRange' [c:\Users\Peter\Documents\GitHub\kalshi-trading-bot\BacklashPatterns\BacklashPatterns.csproj]
c:\Users\Peter\Documents\GitHub\kalshi-trading-bot\BacklashPatterns\CandleMetrics.cs(30,26): error CS1591: Missing XML comment for publicly visible type or member 'CandleMetrics.BullishRatio' [c:\Users\Peter\Documents\GitHub\kalshi-trading-bot\BacklashPatterns\BacklashPatterns.csproj]
c:\Users\Peter\Documents\GitHub\kalshi-trading-bot\BacklashPatterns\CandleMetrics.cs(31,26): error CS1591: Missing XML comment for publicly visible type or member 'CandleMetrics.BearishRatio' [c:\Users\Peter\Documents\GitHub\kalshi-trading-bot\BacklashPatterns\BacklashPatterns.csproj]
c:\Users\Peter\Documents\GitHub\kalshi-trading-bot\BacklashPatterns\CandleMetrics.cs(32,20): error CS1591: Missing XML comment for publicly visible type or member 'CandleMetrics.IntervalType' [c:\Users\Peter\Documents\GitHub\kalshi-trading-bot\BacklashPatterns\BacklashPatterns.csproj]
c:\Users\Peter\Documents\GitHub\kalshi-trading-bot\BacklashPatterns\CandleMetrics.cs(38,23): error CS1591: Missing XML comment for publicly visible type or member 'CandleMetrics.GetLookbackMeanTrend(int)' [c:\Users\Peter\Documents\GitHub\kalshi-trading-bot\BacklashPatterns\BacklashPatterns.csproj]
c:\Users\Peter\Documents\GitHub\kalshi-trading-bot\BacklashPatterns\CandleMetrics.cs(48,23): error CS1591: Missing XML comment for publicly visible type or member 'CandleMetrics.GetLookbackTrendConsistency(int)' [c:\Users\Peter\Documents\GitHub\kalshi-trading-bot\BacklashPatterns\BacklashPatterns.csproj]
c:\Users\Peter\Documents\GitHub\kalshi-trading-bot\BacklashPatterns\CandleMetrics.cs(58,23): error CS1591: Missing XML comment for publicly visible type or member 'CandleMetrics.GetAvgVolumeVsLookback(int)' [c:\Users\Peter\Documents\GitHub\kalshi-trading-bot\BacklashPatterns\BacklashPatterns.csproj]
c:\Users\Peter\Documents\GitHub\kalshi-trading-bot\BacklashPatterns\CandleMetrics.cs(68,23): error CS1591: Missing XML comment for publicly visible type or member 'CandleMetrics.GetLookbackAvgRange(int)' [c:\Users\Peter\Documents\GitHub\kalshi-trading-bot\BacklashPatterns\BacklashPatterns.csproj]
c:\Users\Peter\Documents\GitHub\kalshi-trading-bot\BacklashPatterns\PatternDefinitions\AbandonedBabyPattern.cs(41,29): error CS1591: Missing XML comment for publicly visible type or member 'AbandonedBabyPattern.BaseName' [c:\Users\Peter\Documents\GitHub\kalshi-trading-bot\BacklashPatterns\BacklashPatterns.csproj]
c:\Users\Peter\Documents\GitHub\kalshi-trading-bot\BacklashPatterns\PatternDefinitions\AbandonedBabyPattern.cs(43,32): error CS1591: Missing XML comment for publicly visible type or member 'AbandonedBabyPattern.Name' [c:\Users\Peter\Documents\GitHub\kalshi-trading-bot\BacklashPatterns\BacklashPatterns.csproj]
c:\Users\Peter\Documents\GitHub\kalshi-trading-bot\BacklashPatterns\PatternDefinitions\AbandonedBabyPattern.cs(44,32): error CS1591: Missing XML comment for publicly visible type or member 'AbandonedBabyPattern.Strength' [c:\Users\Peter\Documents\GitHub\kalshi-trading-bot\BacklashPatterns\BacklashPatterns.csproj]
c:\Users\Peter\Documents\GitHub\kalshi-trading-bot\BacklashPatterns\PatternDefinitions\AbandonedBabyPattern.cs(45,32): error CS1591: Missing XML comment for publicly visible type or member 'AbandonedBabyPattern.Certainty' [c:\Users\Peter\Documents\GitHub\kalshi-trading-bot\BacklashPatterns\BacklashPatterns.csproj]
c:\Users\Peter\Documents\GitHub\kalshi-trading-bot\BacklashPatterns\PatternDefinitions\AbandonedBabyPattern.cs(46,32): error CS1591: Missing XML comment for publicly visible type or member 'AbandonedBabyPattern.Uncertainty' [c:\Users\Peter\Documents\GitHub\kalshi-trading-bot\BacklashPatterns\BacklashPatterns.csproj]
c:\Users\Peter\Documents\GitHub\kalshi-trading-bot\BacklashPatterns\PatternDefinitions\AbandonedBabyPattern.cs(49,16): error CS1591: Missing XML comment for publicly visible type or member 'AbandonedBabyPattern.AbandonedBabyPattern(List<int>, CandleMids[], double, bool)' [c:\Users\Peter\Documents\GitHub\kalshi-trading-bot\BacklashPatterns\BacklashPatterns.csproj]
c:\Users\Peter\Documents\GitHub\kalshi-trading-bot\BacklashPatterns\PatternDefinitions\AbandonedBabyPattern.cs(55,57): error CS1591: Missing XML comment for publicly visible type or member 'AbandonedBabyPattern.IsPatternAsync(int, int, Dictionary<int, CandleMetrics>, CandleMids[], bool)' [c:\Users\Peter\Documents\GitHub\kalshi-trading-bot\BacklashPatterns\BacklashPatterns.csproj]
c:\Users\Peter\Documents\GitHub\kalshi-trading-bot\BacklashPatterns\PatternDefinitions\AbandonedBabyPattern.cs(114,21): error CS1591: Missing XML comment for publicly visible type or member 'AbandonedBabyPattern.CalculateStrength(Dictionary<int, CandleMetrics>, CandleMids[], double)' [c:\Users\Peter\Documents\GitHub\kalshi-trading-bot\BacklashPatterns\BacklashPatterns.csproj]
c:\Users\Peter\Documents\GitHub\kalshi-trading-bot\BacklashPatterns\PatternDefinitions\BeltHoldPattern.cs(102,29): error CS1591: Missing XML comment for publicly visible type or member 'BeltHoldPattern.BaseName' [c:\Users\Peter\Documents\GitHub\kalshi-trading-bot\BacklashPatterns\BacklashPatterns.csproj]
c:\Users\Peter\Documents\GitHub\kalshi-trading-bot\BacklashPatterns\PatternDefinitions\BeltHoldPattern_old.cs(71,29): error CS1591: Missing XML comment for publicly visible type or member 'BeltHoldPattern_old.BaseName' [c:\Users\Peter\Documents\GitHub\kalshi-trading-bot\BacklashPatterns\BacklashPatterns.csproj]
c:\Users\Peter\Documents\GitHub\kalshi-trading-bot\BacklashPatterns\PatternDefinitions\BeltHoldPattern_old.cs(72,32): error CS1591: Missing XML comment for publicly visible type or member 'BeltHoldPattern_old.Name' [c:\Users\Peter\Documents\GitHub\kalshi-trading-bot\BacklashPatterns\BacklashPatterns.csproj]
c:\Users\Peter\Documents\GitHub\kalshi-trading-bot\BacklashPatterns\PatternDefinitions\BeltHoldPattern_old.cs(74,32): error CS1591: Missing XML comment for publicly visible type or member 'BeltHoldPattern_old.Strength' [c:\Users\Peter\Documents\GitHub\kalshi-trading-bot\BacklashPatterns\BacklashPatterns.csproj]
c:\Users\Peter\Documents\GitHub\kalshi-trading-bot\BacklashPatterns\PatternDefinitions\BeltHoldPattern_old.cs(75,32): error CS1591: Missing XML comment for publicly visible type or member 'BeltHoldPattern_old.Certainty' [c:\Users\Peter\Documents\GitHub\kalshi-trading-bot\BacklashPatterns\BacklashPatterns.csproj]
c:\Users\Peter\Documents\GitHub\kalshi-trading-bot\BacklashPatterns\PatternDefinitions\BeltHoldPattern_old.cs(76,32): error CS1591: Missing XML comment for publicly visible type or member 'BeltHoldPattern_old.Uncertainty' [c:\Users\Peter\Documents\GitHub\kalshi-trading-bot\BacklashPatterns\BacklashPatterns.csproj]
c:\Users\Peter\Documents\GitHub\kalshi-trading-bot\BacklashPatterns\PatternDefinitions\BeltHoldPattern_old.cs(78,16): error CS1591: Missing XML comment for publicly visible type or member 'BeltHoldPattern_old.BeltHoldPattern_old(List<int>, bool)' [c:\Users\Peter\Documents\GitHub\kalshi-trading-bot\BacklashPatterns\BacklashPatterns.csproj]
c:\Users\Peter\Documents\GitHub\kalshi-trading-bot\BacklashPatterns\PatternDefinitions\BeltHoldPattern_old.cs(83,52): error CS1591: Missing XML comment for publicly visible type or member 'BeltHoldPattern_old.IsPatternAsync(int, int, CandleMids[], Dictionary<int, CandleMetrics>, bool)' [c:\Users\Peter\Documents\GitHub\kalshi-trading-bot\BacklashPatterns\BacklashPatterns.csproj]
c:\Users\Peter\Documents\GitHub\kalshi-trading-bot\BacklashPatterns\PatternDefinitions\BreakawayPattern.cs(66,29): error CS1591: Missing XML comment for publicly visible type or member 'BreakawayPattern.BaseName' [c:\Users\Peter\Documents\GitHub\kalshi-trading-bot\BacklashPatterns\BacklashPatterns.csproj]
c:\Users\Peter\Documents\GitHub\kalshi-trading-bot\BacklashPatterns\PatternDefinitions\BreakawayPattern.cs(67,32): error CS1591: Missing XML comment for publicly visible type or member 'BreakawayPattern.Name' [c:\Users\Peter\Documents\GitHub\kalshi-trading-bot\BacklashPatterns\BacklashPatterns.csproj]
c:\Users\Peter\Documents\GitHub\kalshi-trading-bot\BacklashPatterns\PatternDefinitions\BreakawayPattern.cs(69,32): error CS1591: Missing XML comment for publicly visible type or member 'BreakawayPattern.Strength' [c:\Users\Peter\Documents\GitHub\kalshi-trading-bot\BacklashPatterns\BacklashPatterns.csproj]
c:\Users\Peter\Documents\GitHub\kalshi-trading-bot\BacklashPatterns\PatternDefinitions\BreakawayPattern.cs(70,32): error CS1591: Missing XML comment for publicly visible type or member 'BreakawayPattern.Certainty' [c:\Users\Peter\Documents\GitHub\kalshi-trading-bot\BacklashPatterns\BacklashPatterns.csproj]
c:\Users\Peter\Documents\GitHub\kalshi-trading-bot\BacklashPatterns\PatternDefinitions\BreakawayPattern.cs(71,32): error CS1591: Missing XML comment for publicly visible type or member 'BreakawayPattern.Uncertainty' [c:\Users\Peter\Documents\GitHub\kalshi-trading-bot\BacklashPatterns\BacklashPatterns.csproj]
c:\Users\Peter\Documents\GitHub\kalshi-trading-bot\BacklashPatterns\PatternDefinitions\BreakawayPattern.cs(73,16): error CS1591: Missing XML comment for publicly visible type or member 'BreakawayPattern.BreakawayPattern(List<int>, bool)' [c:\Users\Peter\Documents\GitHub\kalshi-trading-bot\BacklashPatterns\BacklashPatterns.csproj]
c:\Users\Peter\Documents\GitHub\kalshi-trading-bot\BacklashPatterns\PatternDefinitions\BreakawayPattern_old.cs(46,29): error CS1591: Missing XML comment for publicly visible type or member 'BreakawayPattern_old.BaseName' [c:\Users\Peter\Documents\GitHub\kalshi-trading-bot\BacklashPatterns\BacklashPatterns.csproj]
c:\Users\Peter\Documents\GitHub\kalshi-trading-bot\BacklashPatterns\PatternDefinitions\BreakawayPattern_old.cs(47,32): error CS1591: Missing XML comment for publicly visible type or member 'BreakawayPattern_old.Name' [c:\Users\Peter\Documents\GitHub\kalshi-trading-bot\BacklashPatterns\BacklashPatterns.csproj]
c:\Users\Peter\Documents\GitHub\kalshi-trading-bot\BacklashPatterns\PatternDefinitions\BreakawayPattern_old.cs(49,32): error CS1591: Missing XML comment for publicly visible type or member 'BreakawayPattern_old.Strength' [c:\Users\Peter\Documents\GitHub\kalshi-trading-bot\BacklashPatterns\BacklashPatterns.csproj]
c:\Users\Peter\Documents\GitHub\kalshi-trading-bot\BacklashPatterns\PatternDefinitions\BreakawayPattern_old.cs(50,32): error CS1591: Missing XML comment for publicly visible type or member 'BreakawayPattern_old.Certainty' [c:\Users\Peter\Documents\GitHub\kalshi-trading-bot\BacklashPatterns\BacklashPatterns.csproj]
c:\Users\Peter\Documents\GitHub\kalshi-trading-bot\BacklashPatterns\PatternDefinitions\BreakawayPattern_old.cs(51,32): error CS1591: Missing XML comment for publicly visible type or member 'BreakawayPattern_old.Uncertainty' [c:\Users\Peter\Documents\GitHub\kalshi-trading-bot\BacklashPatterns\BacklashPatterns.csproj]
c:\Users\Peter\Documents\GitHub\kalshi-trading-bot\BacklashPatterns\PatternDefinitions\BreakawayPattern_old.cs(53,16): error CS1591: Missing XML comment for publicly visible type or member 'BreakawayPattern_old.BreakawayPattern_old(List<int>, bool)' [c:\Users\Peter\Documents\GitHub\kalshi-trading-bot\BacklashPatterns\BacklashPatterns.csproj]
c:\Users\Peter\Documents\GitHub\kalshi-trading-bot\BacklashPatterns\PatternDefinitions\BreakawayPattern_old.cs(58,53): error CS1591: Missing XML comment for publicly visible type or member 'BreakawayPattern_old.IsPatternAsync(int, CandleMids[], Dictionary<int, CandleMetrics>, bool, int)' [c:\Users\Peter\Documents\GitHub\kalshi-trading-bot\BacklashPatterns\BacklashPatterns.csproj]
c:\Users\Peter\Documents\GitHub\kalshi-trading-bot\BacklashPatterns\PatternDefinitions\ClosingMarubozuPattern.cs(44,29): error CS1591: Missing XML comment for publicly visible type or member 'ClosingMarubozuPattern.BaseName' [c:\Users\Peter\Documents\GitHub\kalshi-trading-bot\BacklashPatterns\BacklashPatterns.csproj]
c:\Users\Peter\Documents\GitHub\kalshi-trading-bot\BacklashPatterns\PatternDefinitions\ClosingMarubozuPattern.cs(45,32): error CS1591: Missing XML comment for publicly visible type or member 'ClosingMarubozuPattern.Name' [c:\Users\Peter\Documents\GitHub\kalshi-trading-bot\BacklashPatterns\BacklashPatterns.csproj]
c:\Users\Peter\Documents\GitHub\kalshi-trading-bot\BacklashPatterns\PatternDefinitions\ClosingMarubozuPattern.cs(48,32): error CS1591: Missing XML comment for publicly visible type or member 'ClosingMarubozuPattern.Strength' [c:\Users\Peter\Documents\GitHub\kalshi-trading-bot\BacklashPatterns\BacklashPatterns.csproj]
c:\Users\Peter\Documents\GitHub\kalshi-trading-bot\BacklashPatterns\PatternDefinitions\ClosingMarubozuPattern.cs(49,32): error CS1591: Missing XML comment for publicly visible type or member 'ClosingMarubozuPattern.Certainty' [c:\Users\Peter\Documents\GitHub\kalshi-trading-bot\BacklashPatterns\BacklashPatterns.csproj]
c:\Users\Peter\Documents\GitHub\kalshi-trading-bot\BacklashPatterns\PatternDefinitions\ClosingMarubozuPattern.cs(50,32): error CS1591: Missing XML comment for publicly visible type or member 'ClosingMarubozuPattern.Uncertainty' [c:\Users\Peter\Documents\GitHub\kalshi-trading-bot\BacklashPatterns\BacklashPatterns.csproj]
c:\Users\Peter\Documents\GitHub\kalshi-trading-bot\BacklashPatterns\PatternDefinitions\ClosingMarubozuPattern_old.cs(22,29): error CS1591: Missing XML comment for publicly visible type or member 'ClosingMarubozuPattern_old.BaseName' [c:\Users\Peter\Documents\GitHub\kalshi-trading-bot\BacklashPatterns\BacklashPatterns.csproj]
c:\Users\Peter\Documents\GitHub\kalshi-trading-bot\BacklashPatterns\PatternDefinitions\ClosingMarubozuPattern_old.cs(23,32): error CS1591: Missing XML comment for publicly visible type or member 'ClosingMarubozuPattern_old.Name' [c:\Users\Peter\Documents\GitHub\kalshi-trading-bot\BacklashPatterns\BacklashPatterns.csproj]
c:\Users\Peter\Documents\GitHub\kalshi-trading-bot\BacklashPatterns\PatternDefinitions\ClosingMarubozuPattern_old.cs(25,32): error CS1591: Missing XML comment for publicly visible type or member 'ClosingMarubozuPattern_old.Strength' [c:\Users\Peter\Documents\GitHub\kalshi-trading-bot\BacklashPatterns\BacklashPatterns.csproj]
c:\Users\Peter\Documents\GitHub\kalshi-trading-bot\BacklashPatterns\PatternDefinitions\ClosingMarubozuPattern_old.cs(26,32): error CS1591: Missing XML comment for publicly visible type or member 'ClosingMarubozuPattern_old.Certainty' [c:\Users\Peter\Documents\GitHub\kalshi-trading-bot\BacklashPatterns\BacklashPatterns.csproj]
c:\Users\Peter\Documents\GitHub\kalshi-trading-bot\BacklashPatterns\PatternDefinitions\ClosingMarubozuPattern_old.cs(27,32): error CS1591: Missing XML comment for publicly visible type or member 'ClosingMarubozuPattern_old.Uncertainty' [c:\Users\Peter\Documents\GitHub\kalshi-trading-bot\BacklashPatterns\BacklashPatterns.csproj]
c:\Users\Peter\Documents\GitHub\kalshi-trading-bot\BacklashPatterns\PatternDefinitions\ClosingMarubozuPattern_old.cs(29,16): error CS1591: Missing XML comment for publicly visible type or member 'ClosingMarubozuPattern_old.ClosingMarubozuPattern_old(List<int>, bool)' [c:\Users\Peter\Documents\GitHub\kalshi-trading-bot\BacklashPatterns\BacklashPatterns.csproj]
c:\Users\Peter\Documents\GitHub\kalshi-trading-bot\BacklashPatterns\PatternDefinitions\ClosingMarubozuPattern_old.cs(34,63): error CS1591: Missing XML comment for publicly visible type or member 'ClosingMarubozuPattern_old.IsPatternAsync(int, Dictionary<int, CandleMetrics>, CandleMids[], int, bool)' [c:\Users\Peter\Documents\GitHub\kalshi-trading-bot\BacklashPatterns\BacklashPatterns.csproj]
c:\Users\Peter\Documents\GitHub\kalshi-trading-bot\BacklashPatterns\PatternDefinitions\ConcealingBabySwallowPattern.cs(65,29): error CS1591: Missing XML comment for publicly visible type or member 'ConcealingBabySwallowPattern.BaseName' [c:\Users\Peter\Documents\GitHub\kalshi-trading-bot\BacklashPatterns\BacklashPatterns.csproj]
c:\Users\Peter\Documents\GitHub\kalshi-trading-bot\BacklashPatterns\PatternDefinitions\ConcealingBabySwallowPattern.cs(66,32): error CS1591: Missing XML comment for publicly visible type or member 'ConcealingBabySwallowPattern.Name' [c:\Users\Peter\Documents\GitHub\kalshi-trading-bot\BacklashPatterns\BacklashPatterns.csproj]
c:\Users\Peter\Documents\GitHub\kalshi-trading-bot\BacklashPatterns\PatternDefinitions\ConcealingBabySwallowPattern.cs(67,32): error CS1591: Missing XML comment for publicly visible type or member 'ConcealingBabySwallowPattern.Strength' [c:\Users\Peter\Documents\GitHub\kalshi-trading-bot\BacklashPatterns\BacklashPatterns.csproj]
c:\Users\Peter\Documents\GitHub\kalshi-trading-bot\BacklashPatterns\PatternDefinitions\ConcealingBabySwallowPattern.cs(68,32): error CS1591: Missing XML comment for publicly visible type or member 'ConcealingBabySwallowPattern.Certainty' [c:\Users\Peter\Documents\GitHub\kalshi-trading-bot\BacklashPatterns\BacklashPatterns.csproj]
c:\Users\Peter\Documents\GitHub\kalshi-trading-bot\BacklashPatterns\PatternDefinitions\ConcealingBabySwallowPattern.cs(69,32): error CS1591: Missing XML comment for publicly visible type or member 'ConcealingBabySwallowPattern.Uncertainty' [c:\Users\Peter\Documents\GitHub\kalshi-trading-bot\BacklashPatterns\BacklashPatterns.csproj]
c:\Users\Peter\Documents\GitHub\kalshi-trading-bot\BacklashPatterns\PatternDefinitions\ConcealingBabySwallowPattern.cs(71,16): error CS1591: Missing XML comment for publicly visible type or member 'ConcealingBabySwallowPattern.ConcealingBabySwallowPattern(List<int>)' [c:\Users\Peter\Documents\GitHub\kalshi-trading-bot\BacklashPatterns\BacklashPatterns.csproj]
c:\Users\Peter\Documents\GitHub\kalshi-trading-bot\BacklashPatterns\PatternDefinitions\ConcealingBabySwallowPattern_old.cs(46,29): error CS1591: Missing XML comment for publicly visible type or member 'ConcealingBabySwallowPattern_old.BaseName' [c:\Users\Peter\Documents\GitHub\kalshi-trading-bot\BacklashPatterns\BacklashPatterns.csproj]
c:\Users\Peter\Documents\GitHub\kalshi-trading-bot\BacklashPatterns\PatternDefinitions\ConcealingBabySwallowPattern_old.cs(47,32): error CS1591: Missing XML comment for publicly visible type or member 'ConcealingBabySwallowPattern_old.Name' [c:\Users\Peter\Documents\GitHub\kalshi-trading-bot\BacklashPatterns\BacklashPatterns.csproj]
c:\Users\Peter\Documents\GitHub\kalshi-trading-bot\BacklashPatterns\PatternDefinitions\ConcealingBabySwallowPattern_old.cs(48,32): error CS1591: Missing XML comment for publicly visible type or member 'ConcealingBabySwallowPattern_old.Strength' [c:\Users\Peter\Documents\GitHub\kalshi-trading-bot\BacklashPatterns\BacklashPatterns.csproj]
c:\Users\Peter\Documents\GitHub\kalshi-trading-bot\BacklashPatterns\PatternDefinitions\ConcealingBabySwallowPattern_old.cs(49,32): error CS1591: Missing XML comment for publicly visible type or member 'ConcealingBabySwallowPattern_old.Certainty' [c:\Users\Peter\Documents\GitHub\kalshi-trading-bot\BacklashPatterns\BacklashPatterns.csproj]
c:\Users\Peter\Documents\GitHub\kalshi-trading-bot\BacklashPatterns\PatternDefinitions\ConcealingBabySwallowPattern_old.cs(50,32): error CS1591: Missing XML comment for publicly visible type or member 'ConcealingBabySwallowPattern_old.Uncertainty' [c:\Users\Peter\Documents\GitHub\kalshi-trading-bot\BacklashPatterns\BacklashPatterns.csproj]
c:\Users\Peter\Documents\GitHub\kalshi-trading-bot\BacklashPatterns\PatternDefinitions\ConcealingBabySwallowPattern_old.cs(52,16): error CS1591: Missing XML comment for publicly visible type or member 'ConcealingBabySwallowPattern_old.ConcealingBabySwallowPattern_old(List<int>)' [c:\Users\Peter\Documents\GitHub\kalshi-trading-bot\BacklashPatterns\BacklashPatterns.csproj]
c:\Users\Peter\Documents\GitHub\kalshi-trading-bot\BacklashPatterns\PatternDefinitions\ConcealingBabySwallowPattern_old.cs(56,65): error CS1591: Missing XML comment for publicly visible type or member 'ConcealingBabySwallowPattern_old.IsPatternAsync(int, CandleMids[], Dictionary<int, CandleMetrics>, int)' [c:\Users\Peter\Documents\GitHub\kalshi-trading-bot\BacklashPatterns\BacklashPatterns.csproj]
c:\Users\Peter\Documents\GitHub\kalshi-trading-bot\BacklashPatterns\PatternDefinitions\CounterattackPattern.cs(120,29): error CS1591: Missing XML comment for publicly visible type or member 'CounterattackPattern2.BaseName' [c:\Users\Peter\Documents\GitHub\kalshi-trading-bot\BacklashPatterns\BacklashPatterns.csproj]
c:\Users\Peter\Documents\GitHub\kalshi-trading-bot\BacklashPatterns\PatternDefinitions\CounterattackPattern.cs(121,32): error CS1591: Missing XML comment for publicly visible type or member 'CounterattackPattern2.Name' [c:\Users\Peter\Documents\GitHub\kalshi-trading-bot\BacklashPatterns\BacklashPatterns.csproj]
c:\Users\Peter\Documents\GitHub\kalshi-trading-bot\BacklashPatterns\PatternDefinitions\CounterattackPattern.cs(123,32): error CS1591: Missing XML comment for publicly visible type or member 'CounterattackPattern2.Strength' [c:\Users\Peter\Documents\GitHub\kalshi-trading-bot\BacklashPatterns\BacklashPatterns.csproj]
c:\Users\Peter\Documents\GitHub\kalshi-trading-bot\BacklashPatterns\PatternDefinitions\CounterattackPattern.cs(124,32): error CS1591: Missing XML comment for publicly visible type or member 'CounterattackPattern2.Certainty' [c:\Users\Peter\Documents\GitHub\kalshi-trading-bot\BacklashPatterns\BacklashPatterns.csproj]
c:\Users\Peter\Documents\GitHub\kalshi-trading-bot\BacklashPatterns\PatternDefinitions\CounterattackPattern.cs(125,32): error CS1591: Missing XML comment for publicly visible type or member 'CounterattackPattern2.Uncertainty' [c:\Users\Peter\Documents\GitHub\kalshi-trading-bot\BacklashPatterns\BacklashPatterns.csproj]
c:\Users\Peter\Documents\GitHub\kalshi-trading-bot\BacklashPatterns\PatternDefinitions\CounterattackPattern.cs(127,16): error CS1591: Missing XML comment for publicly visible type or member 'CounterattackPattern2.CounterattackPattern2(List<int>, bool)' [c:\Users\Peter\Documents\GitHub\kalshi-trading-bot\BacklashPatterns\BacklashPatterns.csproj]
c:\Users\Peter\Documents\GitHub\kalshi-trading-bot\BacklashPatterns\PatternDefinitions\CounterattackPattern_old.cs(47,29): error CS1591: Missing XML comment for publicly visible type or member 'CounterattackPattern.BaseName' [c:\Users\Peter\Documents\GitHub\kalshi-trading-bot\BacklashPatterns\BacklashPatterns.csproj]
c:\Users\Peter\Documents\GitHub\kalshi-trading-bot\BacklashPatterns\PatternDefinitions\CounterattackPattern_old.cs(48,32): error CS1591: Missing XML comment for publicly visible type or member 'CounterattackPattern.Name' [c:\Users\Peter\Documents\GitHub\kalshi-trading-bot\BacklashPatterns\BacklashPatterns.csproj]
c:\Users\Peter\Documents\GitHub\kalshi-trading-bot\BacklashPatterns\PatternDefinitions\CounterattackPattern_old.cs(50,32): error CS1591: Missing XML comment for publicly visible type or member 'CounterattackPattern.Strength' [c:\Users\Peter\Documents\GitHub\kalshi-trading-bot\BacklashPatterns\BacklashPatterns.csproj]
c:\Users\Peter\Documents\GitHub\kalshi-trading-bot\BacklashPatterns\PatternDefinitions\CounterattackPattern_old.cs(51,32): error CS1591: Missing XML comment for publicly visible type or member 'CounterattackPattern.Certainty' [c:\Users\Peter\Documents\GitHub\kalshi-trading-bot\BacklashPatterns\BacklashPatterns.csproj]
c:\Users\Peter\Documents\GitHub\kalshi-trading-bot\BacklashPatterns\PatternDefinitions\CounterattackPattern_old.cs(52,32): error CS1591: Missing XML comment for publicly visible type or member 'CounterattackPattern.Uncertainty' [c:\Users\Peter\Documents\GitHub\kalshi-trading-bot\BacklashPatterns\BacklashPatterns.csproj]
c:\Users\Peter\Documents\GitHub\kalshi-trading-bot\BacklashPatterns\PatternDefinitions\CounterattackPattern_old.cs(54,16): error CS1591: Missing XML comment for publicly visible type or member 'CounterattackPattern.CounterattackPattern(List<int>, bool)' [c:\Users\Peter\Documents\GitHub\kalshi-trading-bot\BacklashPatterns\BacklashPatterns.csproj]
c:\Users\Peter\Documents\GitHub\kalshi-trading-bot\BacklashPatterns\PatternDefinitions\CounterattackPattern_old.cs(59,57): error CS1591: Missing XML comment for publicly visible type or member 'CounterattackPattern.IsPatternAsync(int, int, CandleMids[], Dictionary<int, CandleMetrics>, bool)' [c:\Users\Peter\Documents\GitHub\kalshi-trading-bot\BacklashPatterns\BacklashPatterns.csproj]
c:\Users\Peter\Documents\GitHub\kalshi-trading-bot\BacklashPatterns\PatternDefinitions\DarkCloudCoverPattern_old.cs(36,29): error CS1591: Missing XML comment for publicly visible type or member 'DarkCloudCoverPattern.BaseName' [c:\Users\Peter\Documents\GitHub\kalshi-trading-bot\BacklashPatterns\BacklashPatterns.csproj]
c:\Users\Peter\Documents\GitHub\kalshi-trading-bot\BacklashPatterns\PatternDefinitions\DarkCloudCoverPattern_old.cs(37,32): error CS1591: Missing XML comment for publicly visible type or member 'DarkCloudCoverPattern.Name' [c:\Users\Peter\Documents\GitHub\kalshi-trading-bot\BacklashPatterns\BacklashPatterns.csproj]
c:\Users\Peter\Documents\GitHub\kalshi-trading-bot\BacklashPatterns\PatternDefinitions\DarkCloudCoverPattern_old.cs(38,32): error CS1591: Missing XML comment for publicly visible type or member 'DarkCloudCoverPattern.Strength' [c:\Users\Peter\Documents\GitHub\kalshi-trading-bot\BacklashPatterns\BacklashPatterns.csproj]
c:\Users\Peter\Documents\GitHub\kalshi-trading-bot\BacklashPatterns\PatternDefinitions\DarkCloudCoverPattern_old.cs(39,32): error CS1591: Missing XML comment for publicly visible type or member 'DarkCloudCoverPattern.Certainty' [c:\Users\Peter\Documents\GitHub\kalshi-trading-bot\BacklashPatterns\BacklashPatterns.csproj]
c:\Users\Peter\Documents\GitHub\kalshi-trading-bot\BacklashPatterns\PatternDefinitions\DarkCloudCoverPattern_old.cs(40,32): error CS1591: Missing XML comment for publicly visible type or member 'DarkCloudCoverPattern.Uncertainty' [c:\Users\Peter\Documents\GitHub\kalshi-trading-bot\BacklashPatterns\BacklashPatterns.csproj]
c:\Users\Peter\Documents\GitHub\kalshi-trading-bot\BacklashPatterns\PatternDefinitions\DarkCloudCoverPattern_old.cs(42,16): error CS1591: Missing XML comment for publicly visible type or member 'DarkCloudCoverPattern.DarkCloudCoverPattern(List<int>)' [c:\Users\Peter\Documents\GitHub\kalshi-trading-bot\BacklashPatterns\BacklashPatterns.csproj]
c:\Users\Peter\Documents\GitHub\kalshi-trading-bot\BacklashPatterns\PatternDefinitions\DarkCloudCoverPattern_old.cs(46,58): error CS1591: Missing XML comment for publicly visible type or member 'DarkCloudCoverPattern.IsPatternAsync(int, CandleMids[], int, Dictionary<int, CandleMetrics>)' [c:\Users\Peter\Documents\GitHub\kalshi-trading-bot\BacklashPatterns\BacklashPatterns.csproj]
c:\Users\Peter\Documents\GitHub\kalshi-trading-bot\BacklashPatterns\PatternDefinitions\DojiPattern.cs(64,29): error CS1591: Missing XML comment for publicly visible type or member 'DojiPattern.BaseName' [c:\Users\Peter\Documents\GitHub\kalshi-trading-bot\BacklashPatterns\BacklashPatterns.csproj]
c:\Users\Peter\Documents\GitHub\kalshi-trading-bot\BacklashPatterns\PatternDefinitions\DojiPattern.cs(65,32): error CS1591: Missing XML comment for publicly visible type or member 'DojiPattern.Name' [c:\Users\Peter\Documents\GitHub\kalshi-trading-bot\BacklashPatterns\BacklashPatterns.csproj]
c:\Users\Peter\Documents\GitHub\kalshi-trading-bot\BacklashPatterns\PatternDefinitions\DojiPattern.cs(66,32): error CS1591: Missing XML comment for publicly visible type or member 'DojiPattern.Strength' [c:\Users\Peter\Documents\GitHub\kalshi-trading-bot\BacklashPatterns\BacklashPatterns.csproj]
c:\Users\Peter\Documents\GitHub\kalshi-trading-bot\BacklashPatterns\PatternDefinitions\DojiPattern.cs(67,32): error CS1591: Missing XML comment for publicly visible type or member 'DojiPattern.Certainty' [c:\Users\Peter\Documents\GitHub\kalshi-trading-bot\BacklashPatterns\BacklashPatterns.csproj]
c:\Users\Peter\Documents\GitHub\kalshi-trading-bot\BacklashPatterns\PatternDefinitions\DojiPattern.cs(68,32): error CS1591: Missing XML comment for publicly visible type or member 'DojiPattern.Uncertainty' [c:\Users\Peter\Documents\GitHub\kalshi-trading-bot\BacklashPatterns\BacklashPatterns.csproj]
c:\Users\Peter\Documents\GitHub\kalshi-trading-bot\BacklashPatterns\PatternDefinitions\EveningDojiStarPattern.cs(6,18): error CS1591: Missing XML comment for publicly visible type or member 'EveningDojiStarPattern' [c:\Users\Peter\Documents\GitHub\kalshi-trading-bot\BacklashPatterns\BacklashPatterns.csproj]
c:\Users\Peter\Documents\GitHub\kalshi-trading-bot\BacklashPatterns\PatternDefinitions\EveningDojiStarPattern.cs(35,29): error CS1591: Missing XML comment for publicly visible type or member 'EveningDojiStarPattern.BaseName' [c:\Users\Peter\Documents\GitHub\kalshi-trading-bot\BacklashPatterns\BacklashPatterns.csproj]
c:\Users\Peter\Documents\GitHub\kalshi-trading-bot\BacklashPatterns\PatternDefinitions\EveningDojiStarPattern.cs(36,32): error CS1591: Missing XML comment for publicly visible type or member 'EveningDojiStarPattern.Name' [c:\Users\Peter\Documents\GitHub\kalshi-trading-bot\BacklashPatterns\BacklashPatterns.csproj]
c:\Users\Peter\Documents\GitHub\kalshi-trading-bot\BacklashPatterns\PatternDefinitions\EveningDojiStarPattern.cs(37,32): error CS1591: Missing XML comment for publicly visible type or member 'EveningDojiStarPattern.Strength' [c:\Users\Peter\Documents\GitHub\kalshi-trading-bot\BacklashPatterns\BacklashPatterns.csproj]
c:\Users\Peter\Documents\GitHub\kalshi-trading-bot\BacklashPatterns\PatternDefinitions\EveningDojiStarPattern.cs(38,32): error CS1591: Missing XML comment for publicly visible type or member 'EveningDojiStarPattern.Certainty' [c:\Users\Peter\Documents\GitHub\kalshi-trading-bot\BacklashPatterns\BacklashPatterns.csproj]
c:\Users\Peter\Documents\GitHub\kalshi-trading-bot\BacklashPatterns\PatternDefinitions\EveningDojiStarPattern.cs(39,32): error CS1591: Missing XML comment for publicly visible type or member 'EveningDojiStarPattern.Uncertainty' [c:\Users\Peter\Documents\GitHub\kalshi-trading-bot\BacklashPatterns\BacklashPatterns.csproj]
c:\Users\Peter\Documents\GitHub\kalshi-trading-bot\BacklashPatterns\PatternDefinitions\EveningDojiStarPattern.cs(40,16): error CS1591: Missing XML comment for publicly visible type or member 'EveningDojiStarPattern.EveningDojiStarPattern(List<int>)' [c:\Users\Peter\Documents\GitHub\kalshi-trading-bot\BacklashPatterns\BacklashPatterns.csproj]
c:\Users\Peter\Documents\GitHub\kalshi-trading-bot\BacklashPatterns\PatternDefinitions\EveningDojiStarPattern.cs(44,59): error CS1591: Missing XML comment for publicly visible type or member 'EveningDojiStarPattern.IsPatternAsync(int, int, CandleMids[], Dictionary<int, CandleMetrics>)' [c:\Users\Peter\Documents\GitHub\kalshi-trading-bot\BacklashPatterns\BacklashPatterns.csproj]
c:\Users\Peter\Documents\GitHub\kalshi-trading-bot\BacklashPatterns\PatternDefinitions\HangingManPattern.cs(50,29): error CS1591: Missing XML comment for publicly visible type or member 'HangingManPattern.BaseName' [c:\Users\Peter\Documents\GitHub\kalshi-trading-bot\BacklashPatterns\BacklashPatterns.csproj]
c:\Users\Peter\Documents\GitHub\kalshi-trading-bot\BacklashPatterns\PatternDefinitions\HangingManPattern.cs(51,32): error CS1591: Missing XML comment for publicly visible type or member 'HangingManPattern.Name' [c:\Users\Peter\Documents\GitHub\kalshi-trading-bot\BacklashPatterns\BacklashPatterns.csproj]
c:\Users\Peter\Documents\GitHub\kalshi-trading-bot\BacklashPatterns\PatternDefinitions\HangingManPattern.cs(52,32): error CS1591: Missing XML comment for publicly visible type or member 'HangingManPattern.Strength' [c:\Users\Peter\Documents\GitHub\kalshi-trading-bot\BacklashPatterns\BacklashPatterns.csproj]
c:\Users\Peter\Documents\GitHub\kalshi-trading-bot\BacklashPatterns\PatternDefinitions\HangingManPattern.cs(53,32): error CS1591: Missing XML comment for publicly visible type or member 'HangingManPattern.Certainty' [c:\Users\Peter\Documents\GitHub\kalshi-trading-bot\BacklashPatterns\BacklashPatterns.csproj]
c:\Users\Peter\Documents\GitHub\kalshi-trading-bot\BacklashPatterns\PatternDefinitions\HangingManPattern.cs(54,32): error CS1591: Missing XML comment for publicly visible type or member 'HangingManPattern.Uncertainty' [c:\Users\Peter\Documents\GitHub\kalshi-trading-bot\BacklashPatterns\BacklashPatterns.csproj]
c:\Users\Peter\Documents\GitHub\kalshi-trading-bot\BacklashPatterns\PatternDefinitions\HangingManPattern.cs(56,16): error CS1591: Missing XML comment for publicly visible type or member 'HangingManPattern.HangingManPattern(List<int>)' [c:\Users\Peter\Documents\GitHub\kalshi-trading-bot\BacklashPatterns\BacklashPatterns.csproj]
c:\Users\Peter\Documents\GitHub\kalshi-trading-bot\BacklashPatterns\PatternDefinitions\HangingManPattern.cs(60,54): error CS1591: Missing XML comment for publicly visible type or member 'HangingManPattern.IsPatternAsync(Dictionary<int, CandleMetrics>, int, CandleMids[], int)' [c:\Users\Peter\Documents\GitHub\kalshi-trading-bot\BacklashPatterns\BacklashPatterns.csproj]
c:\Users\Peter\Documents\GitHub\kalshi-trading-bot\BacklashPatterns\PatternDefinitions\HaramiPattern.cs(43,29): error CS1591: Missing XML comment for publicly visible type or member 'HaramiPattern.BaseName' [c:\Users\Peter\Documents\GitHub\kalshi-trading-bot\BacklashPatterns\BacklashPatterns.csproj]
c:\Users\Peter\Documents\GitHub\kalshi-trading-bot\BacklashPatterns\PatternDefinitions\HaramiPattern.cs(44,32): error CS1591: Missing XML comment for publicly visible type or member 'HaramiPattern.Name' [c:\Users\Peter\Documents\GitHub\kalshi-trading-bot\BacklashPatterns\BacklashPatterns.csproj]
c:\Users\Peter\Documents\GitHub\kalshi-trading-bot\BacklashPatterns\PatternDefinitions\HaramiPattern.cs(46,32): error CS1591: Missing XML comment for publicly visible type or member 'HaramiPattern.Strength' [c:\Users\Peter\Documents\GitHub\kalshi-trading-bot\BacklashPatterns\BacklashPatterns.csproj]
c:\Users\Peter\Documents\GitHub\kalshi-trading-bot\BacklashPatterns\PatternDefinitions\HaramiPattern.cs(47,32): error CS1591: Missing XML comment for publicly visible type or member 'HaramiPattern.Certainty' [c:\Users\Peter\Documents\GitHub\kalshi-trading-bot\BacklashPatterns\BacklashPatterns.csproj]
c:\Users\Peter\Documents\GitHub\kalshi-trading-bot\BacklashPatterns\PatternDefinitions\HaramiPattern.cs(48,32): error CS1591: Missing XML comment for publicly visible type or member 'HaramiPattern.Uncertainty' [c:\Users\Peter\Documents\GitHub\kalshi-trading-bot\BacklashPatterns\BacklashPatterns.csproj]
c:\Users\Peter\Documents\GitHub\kalshi-trading-bot\BacklashPatterns\PatternDefinitions\HaramiPattern.cs(50,16): error CS1591: Missing XML comment for publicly visible type or member 'HaramiPattern.HaramiPattern(List<int>, bool)' [c:\Users\Peter\Documents\GitHub\kalshi-trading-bot\BacklashPatterns\BacklashPatterns.csproj]
c:\Users\Peter\Documents\GitHub\kalshi-trading-bot\BacklashPatterns\PatternDefinitions\HaramiPattern.cs(55,50): error CS1591: Missing XML comment for publicly visible type or member 'HaramiPattern.IsPatternAsync(int, int, Dictionary<int, CandleMetrics>, CandleMids[], bool)' [c:\Users\Peter\Documents\GitHub\kalshi-trading-bot\BacklashPatterns\BacklashPatterns.csproj]
c:\Users\Peter\Documents\GitHub\kalshi-trading-bot\BacklashPatterns\PatternDefinitions\HighWaveCandlePattern.cs(50,29): error CS1591: Missing XML comment for publicly visible type or member 'HighWaveCandlePattern.BaseName' [c:\Users\Peter\Documents\GitHub\kalshi-trading-bot\BacklashPatterns\BacklashPatterns.csproj]
c:\Users\Peter\Documents\GitHub\kalshi-trading-bot\BacklashPatterns\PatternDefinitions\HighWaveCandlePattern.cs(51,32): error CS1591: Missing XML comment for publicly visible type or member 'HighWaveCandlePattern.Name' [c:\Users\Peter\Documents\GitHub\kalshi-trading-bot\BacklashPatterns\BacklashPatterns.csproj]
c:\Users\Peter\Documents\GitHub\kalshi-trading-bot\BacklashPatterns\PatternDefinitions\HighWaveCandlePattern.cs(52,32): error CS1591: Missing XML comment for publicly visible type or member 'HighWaveCandlePattern.Strength' [c:\Users\Peter\Documents\GitHub\kalshi-trading-bot\BacklashPatterns\BacklashPatterns.csproj]
c:\Users\Peter\Documents\GitHub\kalshi-trading-bot\BacklashPatterns\PatternDefinitions\HighWaveCandlePattern.cs(53,32): error CS1591: Missing XML comment for publicly visible type or member 'HighWaveCandlePattern.Certainty' [c:\Users\Peter\Documents\GitHub\kalshi-trading-bot\BacklashPatterns\BacklashPatterns.csproj]
c:\Users\Peter\Documents\GitHub\kalshi-trading-bot\BacklashPatterns\PatternDefinitions\HighWaveCandlePattern.cs(54,32): error CS1591: Missing XML comment for publicly visible type or member 'HighWaveCandlePattern.Uncertainty' [c:\Users\Peter\Documents\GitHub\kalshi-trading-bot\BacklashPatterns\BacklashPatterns.csproj]
c:\Users\Peter\Documents\GitHub\kalshi-trading-bot\BacklashPatterns\PatternDefinitions\HighWaveCandlePattern.cs(56,16): error CS1591: Missing XML comment for publicly visible type or member 'HighWaveCandlePattern.HighWaveCandlePattern(List<int>)' [c:\Users\Peter\Documents\GitHub\kalshi-trading-bot\BacklashPatterns\BacklashPatterns.csproj]
c:\Users\Peter\Documents\GitHub\kalshi-trading-bot\BacklashPatterns\PatternDefinitions\HighWaveCandlePattern.cs(60,58): error CS1591: Missing XML comment for publicly visible type or member 'HighWaveCandlePattern.IsPatternAsync(int, int, CandleMids[], Dictionary<int, CandleMetrics>)' [c:\Users\Peter\Documents\GitHub\kalshi-trading-bot\BacklashPatterns\BacklashPatterns.csproj]
c:\Users\Peter\Documents\GitHub\kalshi-trading-bot\BacklashPatterns\PatternDefinitions\HikkakePattern.cs(39,29): error CS1591: Missing XML comment for publicly visible type or member 'HikkakePattern.BaseName' [c:\Users\Peter\Documents\GitHub\kalshi-trading-bot\BacklashPatterns\BacklashPatterns.csproj]
c:\Users\Peter\Documents\GitHub\kalshi-trading-bot\BacklashPatterns\PatternDefinitions\HikkakePattern.cs(40,32): error CS1591: Missing XML comment for publicly visible type or member 'HikkakePattern.Name' [c:\Users\Peter\Documents\GitHub\kalshi-trading-bot\BacklashPatterns\BacklashPatterns.csproj]
c:\Users\Peter\Documents\GitHub\kalshi-trading-bot\BacklashPatterns\PatternDefinitions\HikkakePattern.cs(42,32): error CS1591: Missing XML comment for publicly visible type or member 'HikkakePattern.Strength' [c:\Users\Peter\Documents\GitHub\kalshi-trading-bot\BacklashPatterns\BacklashPatterns.csproj]
c:\Users\Peter\Documents\GitHub\kalshi-trading-bot\BacklashPatterns\PatternDefinitions\HikkakePattern.cs(43,32): error CS1591: Missing XML comment for publicly visible type or member 'HikkakePattern.Certainty' [c:\Users\Peter\Documents\GitHub\kalshi-trading-bot\BacklashPatterns\BacklashPatterns.csproj]
c:\Users\Peter\Documents\GitHub\kalshi-trading-bot\BacklashPatterns\PatternDefinitions\HikkakePattern.cs(44,32): error CS1591: Missing XML comment for publicly visible type or member 'HikkakePattern.Uncertainty' [c:\Users\Peter\Documents\GitHub\kalshi-trading-bot\BacklashPatterns\BacklashPatterns.csproj]
c:\Users\Peter\Documents\GitHub\kalshi-trading-bot\BacklashPatterns\PatternDefinitions\HikkakePattern.cs(46,16): error CS1591: Missing XML comment for publicly visible type or member 'HikkakePattern.HikkakePattern(List<int>, bool)' [c:\Users\Peter\Documents\GitHub\kalshi-trading-bot\BacklashPatterns\BacklashPatterns.csproj]
c:\Users\Peter\Documents\GitHub\kalshi-trading-bot\BacklashPatterns\PatternDefinitions\HikkakePattern.cs(51,51): error CS1591: Missing XML comment for publicly visible type or member 'HikkakePattern.IsPatternAsync(int, int, bool, CandleMids[], Dictionary<int, CandleMetrics>)' [c:\Users\Peter\Documents\GitHub\kalshi-trading-bot\BacklashPatterns\BacklashPatterns.csproj]
c:\Users\Peter\Documents\GitHub\kalshi-trading-bot\BacklashPatterns\PatternDefinitions\HomingPigeonPattern.cs(43,29): error CS1591: Missing XML comment for publicly visible type or member 'HomingPigeonPattern.BaseName' [c:\Users\Peter\Documents\GitHub\kalshi-trading-bot\BacklashPatterns\BacklashPatterns.csproj]
c:\Users\Peter\Documents\GitHub\kalshi-trading-bot\BacklashPatterns\PatternDefinitions\HomingPigeonPattern.cs(44,32): error CS1591: Missing XML comment for publicly visible type or member 'HomingPigeonPattern.Name' [c:\Users\Peter\Documents\GitHub\kalshi-trading-bot\BacklashPatterns\BacklashPatterns.csproj]
c:\Users\Peter\Documents\GitHub\kalshi-trading-bot\BacklashPatterns\PatternDefinitions\HomingPigeonPattern.cs(45,32): error CS1591: Missing XML comment for publicly visible type or member 'HomingPigeonPattern.Strength' [c:\Users\Peter\Documents\GitHub\kalshi-trading-bot\BacklashPatterns\BacklashPatterns.csproj]
c:\Users\Peter\Documents\GitHub\kalshi-trading-bot\BacklashPatterns\PatternDefinitions\HomingPigeonPattern.cs(46,32): error CS1591: Missing XML comment for publicly visible type or member 'HomingPigeonPattern.Certainty' [c:\Users\Peter\Documents\GitHub\kalshi-trading-bot\BacklashPatterns\BacklashPatterns.csproj]
c:\Users\Peter\Documents\GitHub\kalshi-trading-bot\BacklashPatterns\PatternDefinitions\HomingPigeonPattern.cs(47,32): error CS1591: Missing XML comment for publicly visible type or member 'HomingPigeonPattern.Uncertainty' [c:\Users\Peter\Documents\GitHub\kalshi-trading-bot\BacklashPatterns\BacklashPatterns.csproj]
c:\Users\Peter\Documents\GitHub\kalshi-trading-bot\BacklashPatterns\PatternDefinitions\HomingPigeonPattern.cs(49,16): error CS1591: Missing XML comment for publicly visible type or member 'HomingPigeonPattern.HomingPigeonPattern(List<int>)' [c:\Users\Peter\Documents\GitHub\kalshi-trading-bot\BacklashPatterns\BacklashPatterns.csproj]
c:\Users\Peter\Documents\GitHub\kalshi-trading-bot\BacklashPatterns\PatternDefinitions\HomingPigeonPattern.cs(53,56): error CS1591: Missing XML comment for publicly visible type or member 'HomingPigeonPattern.IsPatternAsync(int, int, Dictionary<int, CandleMetrics>, CandleMids[])' [c:\Users\Peter\Documents\GitHub\kalshi-trading-bot\BacklashPatterns\BacklashPatterns.csproj]
c:\Users\Peter\Documents\GitHub\kalshi-trading-bot\BacklashPatterns\PatternDefinitions\IdenticalThreeCrowsPattern.cs(49,29): error CS1591: Missing XML comment for publicly visible type or member 'IdenticalThreeCrowsPattern.BaseName' [c:\Users\Peter\Documents\GitHub\kalshi-trading-bot\BacklashPatterns\BacklashPatterns.csproj]
c:\Users\Peter\Documents\GitHub\kalshi-trading-bot\BacklashPatterns\PatternDefinitions\IdenticalThreeCrowsPattern.cs(50,32): error CS1591: Missing XML comment for publicly visible type or member 'IdenticalThreeCrowsPattern.Name' [c:\Users\Peter\Documents\GitHub\kalshi-trading-bot\BacklashPatterns\BacklashPatterns.csproj]
c:\Users\Peter\Documents\GitHub\kalshi-trading-bot\BacklashPatterns\PatternDefinitions\IdenticalThreeCrowsPattern.cs(51,32): error CS1591: Missing XML comment for publicly visible type or member 'IdenticalThreeCrowsPattern.Strength' [c:\Users\Peter\Documents\GitHub\kalshi-trading-bot\BacklashPatterns\BacklashPatterns.csproj]
c:\Users\Peter\Documents\GitHub\kalshi-trading-bot\BacklashPatterns\PatternDefinitions\IdenticalThreeCrowsPattern.cs(52,32): error CS1591: Missing XML comment for publicly visible type or member 'IdenticalThreeCrowsPattern.Certainty' [c:\Users\Peter\Documents\GitHub\kalshi-trading-bot\BacklashPatterns\BacklashPatterns.csproj]
c:\Users\Peter\Documents\GitHub\kalshi-trading-bot\BacklashPatterns\PatternDefinitions\IdenticalThreeCrowsPattern.cs(53,32): error CS1591: Missing XML comment for publicly visible type or member 'IdenticalThreeCrowsPattern.Uncertainty' [c:\Users\Peter\Documents\GitHub\kalshi-trading-bot\BacklashPatterns\BacklashPatterns.csproj]
c:\Users\Peter\Documents\GitHub\kalshi-trading-bot\BacklashPatterns\PatternDefinitions\IdenticalThreeCrowsPattern.cs(55,16): error CS1591: Missing XML comment for publicly visible type or member 'IdenticalThreeCrowsPattern.IdenticalThreeCrowsPattern(List<int>)' [c:\Users\Peter\Documents\GitHub\kalshi-trading-bot\BacklashPatterns\BacklashPatterns.csproj]
c:\Users\Peter\Documents\GitHub\kalshi-trading-bot\BacklashPatterns\PatternDefinitions\IdenticalThreeCrowsPattern.cs(59,63): error CS1591: Missing XML comment for publicly visible type or member 'IdenticalThreeCrowsPattern.IsPatternAsync(int, CandleMids[], int, Dictionary<int, CandleMetrics>)' [c:\Users\Peter\Documents\GitHub\kalshi-trading-bot\BacklashPatterns\BacklashPatterns.csproj]
c:\Users\Peter\Documents\GitHub\kalshi-trading-bot\BacklashPatterns\PatternDefinitions\InNeckPattern.cs(53,29): error CS1591: Missing XML comment for publicly visible type or member 'InNeckPattern.BaseName' [c:\Users\Peter\Documents\GitHub\kalshi-trading-bot\BacklashPatterns\BacklashPatterns.csproj]
c:\Users\Peter\Documents\GitHub\kalshi-trading-bot\BacklashPatterns\PatternDefinitions\InNeckPattern.cs(54,32): error CS1591: Missing XML comment for publicly visible type or member 'InNeckPattern.Name' [c:\Users\Peter\Documents\GitHub\kalshi-trading-bot\BacklashPatterns\BacklashPatterns.csproj]
c:\Users\Peter\Documents\GitHub\kalshi-trading-bot\BacklashPatterns\PatternDefinitions\InNeckPattern.cs(55,32): error CS1591: Missing XML comment for publicly visible type or member 'InNeckPattern.Strength' [c:\Users\Peter\Documents\GitHub\kalshi-trading-bot\BacklashPatterns\BacklashPatterns.csproj]
c:\Users\Peter\Documents\GitHub\kalshi-trading-bot\BacklashPatterns\PatternDefinitions\InNeckPattern.cs(56,32): error CS1591: Missing XML comment for publicly visible type or member 'InNeckPattern.Certainty' [c:\Users\Peter\Documents\GitHub\kalshi-trading-bot\BacklashPatterns\BacklashPatterns.csproj]
c:\Users\Peter\Documents\GitHub\kalshi-trading-bot\BacklashPatterns\PatternDefinitions\InNeckPattern.cs(57,32): error CS1591: Missing XML comment for publicly visible type or member 'InNeckPattern.Uncertainty' [c:\Users\Peter\Documents\GitHub\kalshi-trading-bot\BacklashPatterns\BacklashPatterns.csproj]
c:\Users\Peter\Documents\GitHub\kalshi-trading-bot\BacklashPatterns\PatternDefinitions\InNeckPattern.cs(59,16): error CS1591: Missing XML comment for publicly visible type or member 'InNeckPattern.InNeckPattern(List<int>)' [c:\Users\Peter\Documents\GitHub\kalshi-trading-bot\BacklashPatterns\BacklashPatterns.csproj]
c:\Users\Peter\Documents\GitHub\kalshi-trading-bot\BacklashPatterns\PatternDefinitions\InNeckPattern.cs(63,50): error CS1591: Missing XML comment for publicly visible type or member 'InNeckPattern.IsPatternAsync(int, int, Dictionary<int, CandleMetrics>, CandleMids[])' [c:\Users\Peter\Documents\GitHub\kalshi-trading-bot\BacklashPatterns\BacklashPatterns.csproj]
c:\Users\Peter\Documents\GitHub\kalshi-trading-bot\BacklashPatterns\PatternDefinitions\InvertedHammerPattern.cs(61,29): error CS1591: Missing XML comment for publicly visible type or member 'InvertedHammerPattern.BaseName' [c:\Users\Peter\Documents\GitHub\kalshi-trading-bot\BacklashPatterns\BacklashPatterns.csproj]
c:\Users\Peter\Documents\GitHub\kalshi-trading-bot\BacklashPatterns\PatternDefinitions\InvertedHammerPattern.cs(62,32): error CS1591: Missing XML comment for publicly visible type or member 'InvertedHammerPattern.Name' [c:\Users\Peter\Documents\GitHub\kalshi-trading-bot\BacklashPatterns\BacklashPatterns.csproj]
c:\Users\Peter\Documents\GitHub\kalshi-trading-bot\BacklashPatterns\PatternDefinitions\InvertedHammerPattern.cs(63,32): error CS1591: Missing XML comment for publicly visible type or member 'InvertedHammerPattern.Strength' [c:\Users\Peter\Documents\GitHub\kalshi-trading-bot\BacklashPatterns\BacklashPatterns.csproj]
c:\Users\Peter\Documents\GitHub\kalshi-trading-bot\BacklashPatterns\PatternDefinitions\InvertedHammerPattern.cs(64,32): error CS1591: Missing XML comment for publicly visible type or member 'InvertedHammerPattern.Certainty' [c:\Users\Peter\Documents\GitHub\kalshi-trading-bot\BacklashPatterns\BacklashPatterns.csproj]
c:\Users\Peter\Documents\GitHub\kalshi-trading-bot\BacklashPatterns\PatternDefinitions\InvertedHammerPattern.cs(65,32): error CS1591: Missing XML comment for publicly visible type or member 'InvertedHammerPattern.Uncertainty' [c:\Users\Peter\Documents\GitHub\kalshi-trading-bot\BacklashPatterns\BacklashPatterns.csproj]
c:\Users\Peter\Documents\GitHub\kalshi-trading-bot\BacklashPatterns\PatternDefinitions\InvertedHammerPattern.cs(67,16): error CS1591: Missing XML comment for publicly visible type or member 'InvertedHammerPattern.InvertedHammerPattern(List<int>)' [c:\Users\Peter\Documents\GitHub\kalshi-trading-bot\BacklashPatterns\BacklashPatterns.csproj]
c:\Users\Peter\Documents\GitHub\kalshi-trading-bot\BacklashPatterns\PatternDefinitions\InvertedHammerPattern.cs(71,58): error CS1591: Missing XML comment for publicly visible type or member 'InvertedHammerPattern.IsPatternAsync(Dictionary<int, CandleMetrics>, int, int, CandleMids[])' [c:\Users\Peter\Documents\GitHub\kalshi-trading-bot\BacklashPatterns\BacklashPatterns.csproj]
c:\Users\Peter\Documents\GitHub\kalshi-trading-bot\BacklashPatterns\PatternDefinitions\KickingByLengthPattern.cs(6,18): error CS1591: Missing XML comment for publicly visible type or member 'KickingByLengthPattern' [c:\Users\Peter\Documents\GitHub\kalshi-trading-bot\BacklashPatterns\BacklashPatterns.csproj]
c:\Users\Peter\Documents\GitHub\kalshi-trading-bot\BacklashPatterns\PatternDefinitions\KickingByLengthPattern.cs(39,29): error CS1591: Missing XML comment for publicly visible type or member 'KickingByLengthPattern.BaseName' [c:\Users\Peter\Documents\GitHub\kalshi-trading-bot\BacklashPatterns\BacklashPatterns.csproj]
c:\Users\Peter\Documents\GitHub\kalshi-trading-bot\BacklashPatterns\PatternDefinitions\KickingByLengthPattern.cs(40,32): error CS1591: Missing XML comment for publicly visible type or member 'KickingByLengthPattern.Name' [c:\Users\Peter\Documents\GitHub\kalshi-trading-bot\BacklashPatterns\BacklashPatterns.csproj]
c:\Users\Peter\Documents\GitHub\kalshi-trading-bot\BacklashPatterns\PatternDefinitions\KickingByLengthPattern.cs(42,32): error CS1591: Missing XML comment for publicly visible type or member 'KickingByLengthPattern.Strength' [c:\Users\Peter\Documents\GitHub\kalshi-trading-bot\BacklashPatterns\BacklashPatterns.csproj]
c:\Users\Peter\Documents\GitHub\kalshi-trading-bot\BacklashPatterns\PatternDefinitions\KickingByLengthPattern.cs(43,32): error CS1591: Missing XML comment for publicly visible type or member 'KickingByLengthPattern.Certainty' [c:\Users\Peter\Documents\GitHub\kalshi-trading-bot\BacklashPatterns\BacklashPatterns.csproj]
c:\Users\Peter\Documents\GitHub\kalshi-trading-bot\BacklashPatterns\PatternDefinitions\KickingByLengthPattern.cs(44,32): error CS1591: Missing XML comment for publicly visible type or member 'KickingByLengthPattern.Uncertainty' [c:\Users\Peter\Documents\GitHub\kalshi-trading-bot\BacklashPatterns\BacklashPatterns.csproj]
c:\Users\Peter\Documents\GitHub\kalshi-trading-bot\BacklashPatterns\PatternDefinitions\KickingByLengthPattern.cs(46,16): error CS1591: Missing XML comment for publicly visible type or member 'KickingByLengthPattern.KickingByLengthPattern(List<int>, bool)' [c:\Users\Peter\Documents\GitHub\kalshi-trading-bot\BacklashPatterns\BacklashPatterns.csproj]
c:\Users\Peter\Documents\GitHub\kalshi-trading-bot\BacklashPatterns\PatternDefinitions\KickingPattern.cs(6,18): error CS1591: Missing XML comment for publicly visible type or member 'KickingPattern' [c:\Users\Peter\Documents\GitHub\kalshi-trading-bot\BacklashPatterns\BacklashPatterns.csproj]
c:\Users\Peter\Documents\GitHub\kalshi-trading-bot\BacklashPatterns\PatternDefinitions\KickingPattern.cs(39,29): error CS1591: Missing XML comment for publicly visible type or member 'KickingPattern.BaseName' [c:\Users\Peter\Documents\GitHub\kalshi-trading-bot\BacklashPatterns\BacklashPatterns.csproj]
c:\Users\Peter\Documents\GitHub\kalshi-trading-bot\BacklashPatterns\PatternDefinitions\KickingPattern.cs(40,32): error CS1591: Missing XML comment for publicly visible type or member 'KickingPattern.Name' [c:\Users\Peter\Documents\GitHub\kalshi-trading-bot\BacklashPatterns\BacklashPatterns.csproj]
c:\Users\Peter\Documents\GitHub\kalshi-trading-bot\BacklashPatterns\PatternDefinitions\KickingPattern.cs(42,32): error CS1591: Missing XML comment for publicly visible type or member 'KickingPattern.Strength' [c:\Users\Peter\Documents\GitHub\kalshi-trading-bot\BacklashPatterns\BacklashPatterns.csproj]
c:\Users\Peter\Documents\GitHub\kalshi-trading-bot\BacklashPatterns\PatternDefinitions\KickingPattern.cs(43,32): error CS1591: Missing XML comment for publicly visible type or member 'KickingPattern.Certainty' [c:\Users\Peter\Documents\GitHub\kalshi-trading-bot\BacklashPatterns\BacklashPatterns.csproj]
c:\Users\Peter\Documents\GitHub\kalshi-trading-bot\BacklashPatterns\PatternDefinitions\KickingPattern.cs(44,32): error CS1591: Missing XML comment for publicly visible type or member 'KickingPattern.Uncertainty' [c:\Users\Peter\Documents\GitHub\kalshi-trading-bot\BacklashPatterns\BacklashPatterns.csproj]
c:\Users\Peter\Documents\GitHub\kalshi-trading-bot\BacklashPatterns\PatternDefinitions\KickingPattern.cs(46,16): error CS1591: Missing XML comment for publicly visible type or member 'KickingPattern.KickingPattern(List<int>, bool)' [c:\Users\Peter\Documents\GitHub\kalshi-trading-bot\BacklashPatterns\BacklashPatterns.csproj]
c:\Users\Peter\Documents\GitHub\kalshi-trading-bot\BacklashPatterns\PatternDefinitions\LadderBottomPattern.cs(6,18): error CS1591: Missing XML comment for publicly visible type or member 'LadderBottomPattern' [c:\Users\Peter\Documents\GitHub\kalshi-trading-bot\BacklashPatterns\BacklashPatterns.csproj]
c:\Users\Peter\Documents\GitHub\kalshi-trading-bot\BacklashPatterns\PatternDefinitions\LadderBottomPattern.cs(31,29): error CS1591: Missing XML comment for publicly visible type or member 'LadderBottomPattern.BaseName' [c:\Users\Peter\Documents\GitHub\kalshi-trading-bot\BacklashPatterns\BacklashPatterns.csproj]
c:\Users\Peter\Documents\GitHub\kalshi-trading-bot\BacklashPatterns\PatternDefinitions\LadderBottomPattern.cs(32,32): error CS1591: Missing XML comment for publicly visible type or member 'LadderBottomPattern.Name' [c:\Users\Peter\Documents\GitHub\kalshi-trading-bot\BacklashPatterns\BacklashPatterns.csproj]
c:\Users\Peter\Documents\GitHub\kalshi-trading-bot\BacklashPatterns\PatternDefinitions\LadderBottomPattern.cs(33,32): error CS1591: Missing XML comment for publicly visible type or member 'LadderBottomPattern.Strength' [c:\Users\Peter\Documents\GitHub\kalshi-trading-bot\BacklashPatterns\BacklashPatterns.csproj]
c:\Users\Peter\Documents\GitHub\kalshi-trading-bot\BacklashPatterns\PatternDefinitions\LadderBottomPattern.cs(34,32): error CS1591: Missing XML comment for publicly visible type or member 'LadderBottomPattern.Certainty' [c:\Users\Peter\Documents\GitHub\kalshi-trading-bot\BacklashPatterns\BacklashPatterns.csproj]
c:\Users\Peter\Documents\GitHub\kalshi-trading-bot\BacklashPatterns\PatternDefinitions\LadderBottomPattern.cs(35,32): error CS1591: Missing XML comment for publicly visible type or member 'LadderBottomPattern.Uncertainty' [c:\Users\Peter\Documents\GitHub\kalshi-trading-bot\BacklashPatterns\BacklashPatterns.csproj]
c:\Users\Peter\Documents\GitHub\kalshi-trading-bot\BacklashPatterns\PatternDefinitions\LadderBottomPattern.cs(37,16): error CS1591: Missing XML comment for publicly visible type or member 'LadderBottomPattern.LadderBottomPattern(List<int>)' [c:\Users\Peter\Documents\GitHub\kalshi-trading-bot\BacklashPatterns\BacklashPatterns.csproj]
c:\Users\Peter\Documents\GitHub\kalshi-trading-bot\BacklashPatterns\PatternDefinitions\LongLeggedDojiPattern.cs(6,18): error CS1591: Missing XML comment for publicly visible type or member 'LongLeggedDojiPattern' [c:\Users\Peter\Documents\GitHub\kalshi-trading-bot\BacklashPatterns\BacklashPatterns.csproj]
c:\Users\Peter\Documents\GitHub\kalshi-trading-bot\BacklashPatterns\PatternDefinitions\LongLeggedDojiPattern.cs(48,29): error CS1591: Missing XML comment for publicly visible type or member 'LongLeggedDojiPattern.BaseName' [c:\Users\Peter\Documents\GitHub\kalshi-trading-bot\BacklashPatterns\BacklashPatterns.csproj]
c:\Users\Peter\Documents\GitHub\kalshi-trading-bot\BacklashPatterns\PatternDefinitions\LongLeggedDojiPattern.cs(49,32): error CS1591: Missing XML comment for publicly visible type or member 'LongLeggedDojiPattern.Name' [c:\Users\Peter\Documents\GitHub\kalshi-trading-bot\BacklashPatterns\BacklashPatterns.csproj]
c:\Users\Peter\Documents\GitHub\kalshi-trading-bot\BacklashPatterns\PatternDefinitions\LongLeggedDojiPattern.cs(50,32): error CS1591: Missing XML comment for publicly visible type or member 'LongLeggedDojiPattern.Strength' [c:\Users\Peter\Documents\GitHub\kalshi-trading-bot\BacklashPatterns\BacklashPatterns.csproj]
c:\Users\Peter\Documents\GitHub\kalshi-trading-bot\BacklashPatterns\PatternDefinitions\LongLeggedDojiPattern.cs(51,32): error CS1591: Missing XML comment for publicly visible type or member 'LongLeggedDojiPattern.Certainty' [c:\Users\Peter\Documents\GitHub\kalshi-trading-bot\BacklashPatterns\BacklashPatterns.csproj]
c:\Users\Peter\Documents\GitHub\kalshi-trading-bot\BacklashPatterns\PatternDefinitions\LongLeggedDojiPattern.cs(52,32): error CS1591: Missing XML comment for publicly visible type or member 'LongLeggedDojiPattern.Uncertainty' [c:\Users\Peter\Documents\GitHub\kalshi-trading-bot\BacklashPatterns\BacklashPatterns.csproj]
c:\Users\Peter\Documents\GitHub\kalshi-trading-bot\BacklashPatterns\PatternDefinitions\LongLeggedDojiPattern.cs(54,16): error CS1591: Missing XML comment for publicly visible type or member 'LongLeggedDojiPattern.LongLeggedDojiPattern(List<int>)' [c:\Users\Peter\Documents\GitHub\kalshi-trading-bot\BacklashPatterns\BacklashPatterns.csproj]
c:\Users\Peter\Documents\GitHub\kalshi-trading-bot\BacklashPatterns\PatternDefinitions\LongLineCandlePattern.cs(6,18): error CS1591: Missing XML comment for publicly visible type or member 'LongLineCandlePattern' [c:\Users\Peter\Documents\GitHub\kalshi-trading-bot\BacklashPatterns\BacklashPatterns.csproj]
c:\Users\Peter\Documents\GitHub\kalshi-trading-bot\BacklashPatterns\PatternDefinitions\LongLineCandlePattern.cs(37,29): error CS1591: Missing XML comment for publicly visible type or member 'LongLineCandlePattern.BaseName' [c:\Users\Peter\Documents\GitHub\kalshi-trading-bot\BacklashPatterns\BacklashPatterns.csproj]
c:\Users\Peter\Documents\GitHub\kalshi-trading-bot\BacklashPatterns\PatternDefinitions\LongLineCandlePattern.cs(38,32): error CS1591: Missing XML comment for publicly visible type or member 'LongLineCandlePattern.Name' [c:\Users\Peter\Documents\GitHub\kalshi-trading-bot\BacklashPatterns\BacklashPatterns.csproj]
c:\Users\Peter\Documents\GitHub\kalshi-trading-bot\BacklashPatterns\PatternDefinitions\LongLineCandlePattern.cs(39,32): error CS1591: Missing XML comment for publicly visible type or member 'LongLineCandlePattern.Strength' [c:\Users\Peter\Documents\GitHub\kalshi-trading-bot\BacklashPatterns\BacklashPatterns.csproj]
c:\Users\Peter\Documents\GitHub\kalshi-trading-bot\BacklashPatterns\PatternDefinitions\LongLineCandlePattern.cs(40,32): error CS1591: Missing XML comment for publicly visible type or member 'LongLineCandlePattern.Certainty' [c:\Users\Peter\Documents\GitHub\kalshi-trading-bot\BacklashPatterns\BacklashPatterns.csproj]
c:\Users\Peter\Documents\GitHub\kalshi-trading-bot\BacklashPatterns\PatternDefinitions\LongLineCandlePattern.cs(41,32): error CS1591: Missing XML comment for publicly visible type or member 'LongLineCandlePattern.Uncertainty' [c:\Users\Peter\Documents\GitHub\kalshi-trading-bot\BacklashPatterns\BacklashPatterns.csproj]
c:\Users\Peter\Documents\GitHub\kalshi-trading-bot\BacklashPatterns\PatternDefinitions\LongLineCandlePattern.cs(44,16): error CS1591: Missing XML comment for publicly visible type or member 'LongLineCandlePattern.LongLineCandlePattern(List<int>, bool)' [c:\Users\Peter\Documents\GitHub\kalshi-trading-bot\BacklashPatterns\BacklashPatterns.csproj]
c:\Users\Peter\Documents\GitHub\kalshi-trading-bot\BacklashPatterns\PatternDefinitions\MarubozuPattern.cs(6,18): error CS1591: Missing XML comment for publicly visible type or member 'MarubozuPattern' [c:\Users\Peter\Documents\GitHub\kalshi-trading-bot\BacklashPatterns\BacklashPatterns.csproj]
c:\Users\Peter\Documents\GitHub\kalshi-trading-bot\BacklashPatterns\PatternDefinitions\MarubozuPattern.cs(19,29): error CS1591: Missing XML comment for publicly visible type or member 'MarubozuPattern.BaseName' [c:\Users\Peter\Documents\GitHub\kalshi-trading-bot\BacklashPatterns\BacklashPatterns.csproj]
c:\Users\Peter\Documents\GitHub\kalshi-trading-bot\BacklashPatterns\PatternDefinitions\MarubozuPattern.cs(20,32): error CS1591: Missing XML comment for publicly visible type or member 'MarubozuPattern.Name' [c:\Users\Peter\Documents\GitHub\kalshi-trading-bot\BacklashPatterns\BacklashPatterns.csproj]
c:\Users\Peter\Documents\GitHub\kalshi-trading-bot\BacklashPatterns\PatternDefinitions\MarubozuPattern.cs(21,32): error CS1591: Missing XML comment for publicly visible type or member 'MarubozuPattern.Strength' [c:\Users\Peter\Documents\GitHub\kalshi-trading-bot\BacklashPatterns\BacklashPatterns.csproj]
c:\Users\Peter\Documents\GitHub\kalshi-trading-bot\BacklashPatterns\PatternDefinitions\MarubozuPattern.cs(22,32): error CS1591: Missing XML comment for publicly visible type or member 'MarubozuPattern.Certainty' [c:\Users\Peter\Documents\GitHub\kalshi-trading-bot\BacklashPatterns\BacklashPatterns.csproj]
c:\Users\Peter\Documents\GitHub\kalshi-trading-bot\BacklashPatterns\PatternDefinitions\MarubozuPattern.cs(23,32): error CS1591: Missing XML comment for publicly visible type or member 'MarubozuPattern.Uncertainty' [c:\Users\Peter\Documents\GitHub\kalshi-trading-bot\BacklashPatterns\BacklashPatterns.csproj]
c:\Users\Peter\Documents\GitHub\kalshi-trading-bot\BacklashPatterns\PatternDefinitions\MarubozuPattern.cs(26,16): error CS1591: Missing XML comment for publicly visible type or member 'MarubozuPattern.MarubozuPattern(List<int>, bool)' [c:\Users\Peter\Documents\GitHub\kalshi-trading-bot\BacklashPatterns\BacklashPatterns.csproj]
c:\Users\Peter\Documents\GitHub\kalshi-trading-bot\BacklashPatterns\PatternDefinitions\MatHoldPattern.cs(6,18): error CS1591: Missing XML comment for publicly visible type or member 'MatHoldPattern' [c:\Users\Peter\Documents\GitHub\kalshi-trading-bot\BacklashPatterns\BacklashPatterns.csproj]
c:\Users\Peter\Documents\GitHub\kalshi-trading-bot\BacklashPatterns\PatternDefinitions\MatHoldPattern.cs(42,29): error CS1591: Missing XML comment for publicly visible type or member 'MatHoldPattern.BaseName' [c:\Users\Peter\Documents\GitHub\kalshi-trading-bot\BacklashPatterns\BacklashPatterns.csproj]
c:\Users\Peter\Documents\GitHub\kalshi-trading-bot\BacklashPatterns\PatternDefinitions\MatHoldPattern.cs(43,32): error CS1591: Missing XML comment for publicly visible type or member 'MatHoldPattern.Name' [c:\Users\Peter\Documents\GitHub\kalshi-trading-bot\BacklashPatterns\BacklashPatterns.csproj]
c:\Users\Peter\Documents\GitHub\kalshi-trading-bot\BacklashPatterns\PatternDefinitions\MatHoldPattern.cs(44,32): error CS1591: Missing XML comment for publicly visible type or member 'MatHoldPattern.Strength' [c:\Users\Peter\Documents\GitHub\kalshi-trading-bot\BacklashPatterns\BacklashPatterns.csproj]
c:\Users\Peter\Documents\GitHub\kalshi-trading-bot\BacklashPatterns\PatternDefinitions\MatHoldPattern.cs(45,32): error CS1591: Missing XML comment for publicly visible type or member 'MatHoldPattern.Certainty' [c:\Users\Peter\Documents\GitHub\kalshi-trading-bot\BacklashPatterns\BacklashPatterns.csproj]
c:\Users\Peter\Documents\GitHub\kalshi-trading-bot\BacklashPatterns\PatternDefinitions\MatHoldPattern.cs(46,32): error CS1591: Missing XML comment for publicly visible type or member 'MatHoldPattern.Uncertainty' [c:\Users\Peter\Documents\GitHub\kalshi-trading-bot\BacklashPatterns\BacklashPatterns.csproj]
c:\Users\Peter\Documents\GitHub\kalshi-trading-bot\BacklashPatterns\PatternDefinitions\MatHoldPattern.cs(49,16): error CS1591: Missing XML comment for publicly visible type or member 'MatHoldPattern.MatHoldPattern(List<int>, bool)' [c:\Users\Peter\Documents\GitHub\kalshi-trading-bot\BacklashPatterns\BacklashPatterns.csproj]
c:\Users\Peter\Documents\GitHub\kalshi-trading-bot\BacklashPatterns\PatternDefinitions\ModifiedHikkakePattern.cs(6,18): error CS1591: Missing XML comment for publicly visible type or member 'ModifiedHikkakePattern' [c:\Users\Peter\Documents\GitHub\kalshi-trading-bot\BacklashPatterns\BacklashPatterns.csproj]
c:\Users\Peter\Documents\GitHub\kalshi-trading-bot\BacklashPatterns\PatternDefinitions\ModifiedHikkakePattern.cs(14,29): error CS1591: Missing XML comment for publicly visible type or member 'ModifiedHikkakePattern.BaseName' [c:\Users\Peter\Documents\GitHub\kalshi-trading-bot\BacklashPatterns\BacklashPatterns.csproj]
c:\Users\Peter\Documents\GitHub\kalshi-trading-bot\BacklashPatterns\PatternDefinitions\ModifiedHikkakePattern.cs(15,32): error CS1591: Missing XML comment for publicly visible type or member 'ModifiedHikkakePattern.Name' [c:\Users\Peter\Documents\GitHub\kalshi-trading-bot\BacklashPatterns\BacklashPatterns.csproj]
c:\Users\Peter\Documents\GitHub\kalshi-trading-bot\BacklashPatterns\PatternDefinitions\ModifiedHikkakePattern.cs(16,32): error CS1591: Missing XML comment for publicly visible type or member 'ModifiedHikkakePattern.Strength' [c:\Users\Peter\Documents\GitHub\kalshi-trading-bot\BacklashPatterns\BacklashPatterns.csproj]
c:\Users\Peter\Documents\GitHub\kalshi-trading-bot\BacklashPatterns\PatternDefinitions\ModifiedHikkakePattern.cs(17,32): error CS1591: Missing XML comment for publicly visible type or member 'ModifiedHikkakePattern.Certainty' [c:\Users\Peter\Documents\GitHub\kalshi-trading-bot\BacklashPatterns\BacklashPatterns.csproj]
c:\Users\Peter\Documents\GitHub\kalshi-trading-bot\BacklashPatterns\PatternDefinitions\ModifiedHikkakePattern.cs(18,32): error CS1591: Missing XML comment for publicly visible type or member 'ModifiedHikkakePattern.Uncertainty' [c:\Users\Peter\Documents\GitHub\kalshi-trading-bot\BacklashPatterns\BacklashPatterns.csproj]
c:\Users\Peter\Documents\GitHub\kalshi-trading-bot\BacklashPatterns\PatternDefinitions\ModifiedHikkakePattern.cs(21,16): error CS1591: Missing XML comment for publicly visible type or member 'ModifiedHikkakePattern.ModifiedHikkakePattern(List<int>, bool)' [c:\Users\Peter\Documents\GitHub\kalshi-trading-bot\BacklashPatterns\BacklashPatterns.csproj]
c:\Users\Peter\Documents\GitHub\kalshi-trading-bot\BacklashPatterns\PatternDefinitions\MorningDojiStarPattern.cs(17,18): error CS1591: Missing XML comment for publicly visible type or member 'MorningDojiStarPattern' [c:\Users\Peter\Documents\GitHub\kalshi-trading-bot\BacklashPatterns\BacklashPatterns.csproj]
c:\Users\Peter\Documents\GitHub\kalshi-trading-bot\BacklashPatterns\PatternDefinitions\MorningDojiStarPattern.cs(53,29): error CS1591: Missing XML comment for publicly visible type or member 'MorningDojiStarPattern.BaseName' [c:\Users\Peter\Documents\GitHub\kalshi-trading-bot\BacklashPatterns\BacklashPatterns.csproj]
c:\Users\Peter\Documents\GitHub\kalshi-trading-bot\BacklashPatterns\PatternDefinitions\MorningDojiStarPattern.cs(54,32): error CS1591: Missing XML comment for publicly visible type or member 'MorningDojiStarPattern.Name' [c:\Users\Peter\Documents\GitHub\kalshi-trading-bot\BacklashPatterns\BacklashPatterns.csproj]
c:\Users\Peter\Documents\GitHub\kalshi-trading-bot\BacklashPatterns\PatternDefinitions\MorningDojiStarPattern.cs(55,32): error CS1591: Missing XML comment for publicly visible type or member 'MorningDojiStarPattern.Strength' [c:\Users\Peter\Documents\GitHub\kalshi-trading-bot\BacklashPatterns\BacklashPatterns.csproj]
c:\Users\Peter\Documents\GitHub\kalshi-trading-bot\BacklashPatterns\PatternDefinitions\MorningDojiStarPattern.cs(56,32): error CS1591: Missing XML comment for publicly visible type or member 'MorningDojiStarPattern.Certainty' [c:\Users\Peter\Documents\GitHub\kalshi-trading-bot\BacklashPatterns\BacklashPatterns.csproj]
c:\Users\Peter\Documents\GitHub\kalshi-trading-bot\BacklashPatterns\PatternDefinitions\MorningDojiStarPattern.cs(57,32): error CS1591: Missing XML comment for publicly visible type or member 'MorningDojiStarPattern.Uncertainty' [c:\Users\Peter\Documents\GitHub\kalshi-trading-bot\BacklashPatterns\BacklashPatterns.csproj]
c:\Users\Peter\Documents\GitHub\kalshi-trading-bot\BacklashPatterns\PatternDefinitions\MorningDojiStarPattern.cs(58,16): error CS1591: Missing XML comment for publicly visible type or member 'MorningDojiStarPattern.MorningDojiStarPattern(List<int>)' [c:\Users\Peter\Documents\GitHub\kalshi-trading-bot\BacklashPatterns\BacklashPatterns.csproj]
c:\Users\Peter\Documents\GitHub\kalshi-trading-bot\BacklashPatterns\PatternDefinitions\MorningDojiStarPattern.cs(62,59): error CS1591: Missing XML comment for publicly visible type or member 'MorningDojiStarPattern.IsPatternAsync(int, int, CandleMids[], Dictionary<int, CandleMetrics>)' [c:\Users\Peter\Documents\GitHub\kalshi-trading-bot\BacklashPatterns\BacklashPatterns.csproj]
c:\Users\Peter\Documents\GitHub\kalshi-trading-bot\BacklashPatterns\PatternDefinitions\MorningStarPattern.cs(17,18): error CS1591: Missing XML comment for publicly visible type or member 'MorningStarPattern' [c:\Users\Peter\Documents\GitHub\kalshi-trading-bot\BacklashPatterns\BacklashPatterns.csproj]
c:\Users\Peter\Documents\GitHub\kalshi-trading-bot\BacklashPatterns\PatternDefinitions\MorningStarPattern.cs(60,29): error CS1591: Missing XML comment for publicly visible type or member 'MorningStarPattern.BaseName' [c:\Users\Peter\Documents\GitHub\kalshi-trading-bot\BacklashPatterns\BacklashPatterns.csproj]
c:\Users\Peter\Documents\GitHub\kalshi-trading-bot\BacklashPatterns\PatternDefinitions\MorningStarPattern.cs(61,32): error CS1591: Missing XML comment for publicly visible type or member 'MorningStarPattern.Name' [c:\Users\Peter\Documents\GitHub\kalshi-trading-bot\BacklashPatterns\BacklashPatterns.csproj]
c:\Users\Peter\Documents\GitHub\kalshi-trading-bot\BacklashPatterns\PatternDefinitions\MorningStarPattern.cs(62,32): error CS1591: Missing XML comment for publicly visible type or member 'MorningStarPattern.Strength' [c:\Users\Peter\Documents\GitHub\kalshi-trading-bot\BacklashPatterns\BacklashPatterns.csproj]
c:\Users\Peter\Documents\GitHub\kalshi-trading-bot\BacklashPatterns\PatternDefinitions\MorningStarPattern.cs(63,32): error CS1591: Missing XML comment for publicly visible type or member 'MorningStarPattern.Certainty' [c:\Users\Peter\Documents\GitHub\kalshi-trading-bot\BacklashPatterns\BacklashPatterns.csproj]
c:\Users\Peter\Documents\GitHub\kalshi-trading-bot\BacklashPatterns\PatternDefinitions\MorningStarPattern.cs(64,32): error CS1591: Missing XML comment for publicly visible type or member 'MorningStarPattern.Uncertainty' [c:\Users\Peter\Documents\GitHub\kalshi-trading-bot\BacklashPatterns\BacklashPatterns.csproj]
c:\Users\Peter\Documents\GitHub\kalshi-trading-bot\BacklashPatterns\PatternDefinitions\MorningStarPattern.cs(65,16): error CS1591: Missing XML comment for publicly visible type or member 'MorningStarPattern.MorningStarPattern(List<int>)' [c:\Users\Peter\Documents\GitHub\kalshi-trading-bot\BacklashPatterns\BacklashPatterns.csproj]
c:\Users\Peter\Documents\GitHub\kalshi-trading-bot\BacklashPatterns\PatternDefinitions\MorningStarPattern.cs(69,55): error CS1591: Missing XML comment for publicly visible type or member 'MorningStarPattern.IsPatternAsync(int, int, CandleMids[], Dictionary<int, CandleMetrics>)' [c:\Users\Peter\Documents\GitHub\kalshi-trading-bot\BacklashPatterns\BacklashPatterns.csproj]
c:\Users\Peter\Documents\GitHub\kalshi-trading-bot\BacklashPatterns\PatternDefinitions\OnNeckPattern.cs(17,18): error CS1591: Missing XML comment for publicly visible type or member 'OnNeckPattern' [c:\Users\Peter\Documents\GitHub\kalshi-trading-bot\BacklashPatterns\BacklashPatterns.csproj]
c:\Users\Peter\Documents\GitHub\kalshi-trading-bot\BacklashPatterns\PatternDefinitions\OnNeckPattern.cs(46,29): error CS1591: Missing XML comment for publicly visible type or member 'OnNeckPattern.BaseName' [c:\Users\Peter\Documents\GitHub\kalshi-trading-bot\BacklashPatterns\BacklashPatterns.csproj]
c:\Users\Peter\Documents\GitHub\kalshi-trading-bot\BacklashPatterns\PatternDefinitions\OnNeckPattern.cs(47,32): error CS1591: Missing XML comment for publicly visible type or member 'OnNeckPattern.Name' [c:\Users\Peter\Documents\GitHub\kalshi-trading-bot\BacklashPatterns\BacklashPatterns.csproj]
c:\Users\Peter\Documents\GitHub\kalshi-trading-bot\BacklashPatterns\PatternDefinitions\OnNeckPattern.cs(48,32): error CS1591: Missing XML comment for publicly visible type or member 'OnNeckPattern.Strength' [c:\Users\Peter\Documents\GitHub\kalshi-trading-bot\BacklashPatterns\BacklashPatterns.csproj]
c:\Users\Peter\Documents\GitHub\kalshi-trading-bot\BacklashPatterns\PatternDefinitions\OnNeckPattern.cs(49,32): error CS1591: Missing XML comment for publicly visible type or member 'OnNeckPattern.Certainty' [c:\Users\Peter\Documents\GitHub\kalshi-trading-bot\BacklashPatterns\BacklashPatterns.csproj]
c:\Users\Peter\Documents\GitHub\kalshi-trading-bot\BacklashPatterns\PatternDefinitions\OnNeckPattern.cs(50,32): error CS1591: Missing XML comment for publicly visible type or member 'OnNeckPattern.Uncertainty' [c:\Users\Peter\Documents\GitHub\kalshi-trading-bot\BacklashPatterns\BacklashPatterns.csproj]
c:\Users\Peter\Documents\GitHub\kalshi-trading-bot\BacklashPatterns\PatternDefinitions\OnNeckPattern.cs(51,16): error CS1591: Missing XML comment for publicly visible type or member 'OnNeckPattern.OnNeckPattern(List<int>)' [c:\Users\Peter\Documents\GitHub\kalshi-trading-bot\BacklashPatterns\BacklashPatterns.csproj]
c:\Users\Peter\Documents\GitHub\kalshi-trading-bot\BacklashPatterns\PatternDefinitions\OnNeckPattern.cs(55,50): error CS1591: Missing XML comment for publicly visible type or member 'OnNeckPattern.IsPatternAsync(int, int, Dictionary<int, CandleMetrics>, CandleMids[])' [c:\Users\Peter\Documents\GitHub\kalshi-trading-bot\BacklashPatterns\BacklashPatterns.csproj]
c:\Users\Peter\Documents\GitHub\kalshi-trading-bot\BacklashPatterns\PatternDefinitions\PatternDefinition.cs(3,27): error CS1591: Missing XML comment for publicly visible type or member 'PatternDefinition' [c:\Users\Peter\Documents\GitHub\kalshi-trading-bot\BacklashPatterns\BacklashPatterns.csproj]
c:\Users\Peter\Documents\GitHub\kalshi-trading-bot\BacklashPatterns\PatternDefinitions\PatternDefinition.cs(7,32): error CS1591: Missing XML comment for publicly visible type or member 'PatternDefinition.Name' [c:\Users\Peter\Documents\GitHub\kalshi-trading-bot\BacklashPatterns\BacklashPatterns.csproj]
c:\Users\Peter\Documents\GitHub\kalshi-trading-bot\BacklashPatterns\PatternDefinitions\PatternDefinition.cs(8,32): error CS1591: Missing XML comment for publicly visible type or member 'PatternDefinition.Strength' [c:\Users\Peter\Documents\GitHub\kalshi-trading-bot\BacklashPatterns\BacklashPatterns.csproj]
c:\Users\Peter\Documents\GitHub\kalshi-trading-bot\BacklashPatterns\PatternDefinitions\PatternDefinition.cs(9,32): error CS1591: Missing XML comment for publicly visible type or member 'PatternDefinition.Certainty' [c:\Users\Peter\Documents\GitHub\kalshi-trading-bot\BacklashPatterns\BacklashPatterns.csproj]
c:\Users\Peter\Documents\GitHub\kalshi-trading-bot\BacklashPatterns\PatternDefinitions\PatternDefinition.cs(10,32): error CS1591: Missing XML comment for publicly visible type or member 'PatternDefinition.Uncertainty' [c:\Users\Peter\Documents\GitHub\kalshi-trading-bot\BacklashPatterns\BacklashPatterns.csproj]
c:\Users\Peter\Documents\GitHub\kalshi-trading-bot\BacklashPatterns\PatternDefinitions\PatternDefinition.cs(13,26): error CS1591: Missing XML comment for publicly visible type or member 'PatternDefinition.Candles' [c:\Users\Peter\Documents\GitHub\kalshi-trading-bot\BacklashPatterns\BacklashPatterns.csproj]
c:\Users\Peter\Documents\GitHub\kalshi-trading-bot\BacklashPatterns\PatternDefinitions\PatternDefinition.cs(16,19): error CS1591: Missing XML comment for publicly visible type or member 'PatternDefinition.PatternDefinition(List<int>)' [c:\Users\Peter\Documents\GitHub\kalshi-trading-bot\BacklashPatterns\BacklashPatterns.csproj]
c:\Users\Peter\Documents\GitHub\kalshi-trading-bot\BacklashPatterns\PatternDefinitions\PiercingPattern.cs(6,18): error CS1591: Missing XML comment for publicly visible type or member 'PiercingPattern' [c:\Users\Peter\Documents\GitHub\kalshi-trading-bot\BacklashPatterns\BacklashPatterns.csproj]
c:\Users\Peter\Documents\GitHub\kalshi-trading-bot\BacklashPatterns\PatternDefinitions\PiercingPattern.cs(49,29): error CS1591: Missing XML comment for publicly visible type or member 'PiercingPattern.BaseName' [c:\Users\Peter\Documents\GitHub\kalshi-trading-bot\BacklashPatterns\BacklashPatterns.csproj]
c:\Users\Peter\Documents\GitHub\kalshi-trading-bot\BacklashPatterns\PatternDefinitions\PiercingPattern.cs(50,32): error CS1591: Missing XML comment for publicly visible type or member 'PiercingPattern.Name' [c:\Users\Peter\Documents\GitHub\kalshi-trading-bot\BacklashPatterns\BacklashPatterns.csproj]
c:\Users\Peter\Documents\GitHub\kalshi-trading-bot\BacklashPatterns\PatternDefinitions\PiercingPattern.cs(51,32): error CS1591: Missing XML comment for publicly visible type or member 'PiercingPattern.Strength' [c:\Users\Peter\Documents\GitHub\kalshi-trading-bot\BacklashPatterns\BacklashPatterns.csproj]
c:\Users\Peter\Documents\GitHub\kalshi-trading-bot\BacklashPatterns\PatternDefinitions\PiercingPattern.cs(52,32): error CS1591: Missing XML comment for publicly visible type or member 'PiercingPattern.Certainty' [c:\Users\Peter\Documents\GitHub\kalshi-trading-bot\BacklashPatterns\BacklashPatterns.csproj]
c:\Users\Peter\Documents\GitHub\kalshi-trading-bot\BacklashPatterns\PatternDefinitions\PiercingPattern.cs(53,32): error CS1591: Missing XML comment for publicly visible type or member 'PiercingPattern.Uncertainty' [c:\Users\Peter\Documents\GitHub\kalshi-trading-bot\BacklashPatterns\BacklashPatterns.csproj]
c:\Users\Peter\Documents\GitHub\kalshi-trading-bot\BacklashPatterns\PatternDefinitions\PiercingPattern.cs(55,16): error CS1591: Missing XML comment for publicly visible type or member 'PiercingPattern.PiercingPattern(List<int>)' [c:\Users\Peter\Documents\GitHub\kalshi-trading-bot\BacklashPatterns\BacklashPatterns.csproj]
c:\Users\Peter\Documents\GitHub\kalshi-trading-bot\BacklashPatterns\PatternDefinitions\RickshawManPattern.cs(6,18): error CS1591: Missing XML comment for publicly visible type or member 'RickshawManPattern' [c:\Users\Peter\Documents\GitHub\kalshi-trading-bot\BacklashPatterns\BacklashPatterns.csproj]
c:\Users\Peter\Documents\GitHub\kalshi-trading-bot\BacklashPatterns\PatternDefinitions\RickshawManPattern.cs(63,29): error CS1591: Missing XML comment for publicly visible type or member 'RickshawManPattern.BaseName' [c:\Users\Peter\Documents\GitHub\kalshi-trading-bot\BacklashPatterns\BacklashPatterns.csproj]
c:\Users\Peter\Documents\GitHub\kalshi-trading-bot\BacklashPatterns\PatternDefinitions\RickshawManPattern.cs(64,32): error CS1591: Missing XML comment for publicly visible type or member 'RickshawManPattern.Name' [c:\Users\Peter\Documents\GitHub\kalshi-trading-bot\BacklashPatterns\BacklashPatterns.csproj]
c:\Users\Peter\Documents\GitHub\kalshi-trading-bot\BacklashPatterns\PatternDefinitions\RickshawManPattern.cs(65,32): error CS1591: Missing XML comment for publicly visible type or member 'RickshawManPattern.Strength' [c:\Users\Peter\Documents\GitHub\kalshi-trading-bot\BacklashPatterns\BacklashPatterns.csproj]
c:\Users\Peter\Documents\GitHub\kalshi-trading-bot\BacklashPatterns\PatternDefinitions\RickshawManPattern.cs(66,32): error CS1591: Missing XML comment for publicly visible type or member 'RickshawManPattern.Certainty' [c:\Users\Peter\Documents\GitHub\kalshi-trading-bot\BacklashPatterns\BacklashPatterns.csproj]
c:\Users\Peter\Documents\GitHub\kalshi-trading-bot\BacklashPatterns\PatternDefinitions\RickshawManPattern.cs(67,32): error CS1591: Missing XML comment for publicly visible type or member 'RickshawManPattern.Uncertainty' [c:\Users\Peter\Documents\GitHub\kalshi-trading-bot\BacklashPatterns\BacklashPatterns.csproj]
c:\Users\Peter\Documents\GitHub\kalshi-trading-bot\BacklashPatterns\PatternDefinitions\RickshawManPattern.cs(69,16): error CS1591: Missing XML comment for publicly visible type or member 'RickshawManPattern.RickshawManPattern(List<int>)' [c:\Users\Peter\Documents\GitHub\kalshi-trading-bot\BacklashPatterns\BacklashPatterns.csproj]
c:\Users\Peter\Documents\GitHub\kalshi-trading-bot\BacklashPatterns\PatternDefinitions\RisingFallingThreeMethodsPattern.cs(6,18): error CS1591: Missing XML comment for publicly visible type or member 'RisingFallingThreeMethodsPattern' [c:\Users\Peter\Documents\GitHub\kalshi-trading-bot\BacklashPatterns\BacklashPatterns.csproj]
c:\Users\Peter\Documents\GitHub\kalshi-trading-bot\BacklashPatterns\PatternDefinitions\RisingFallingThreeMethodsPattern.cs(43,29): error CS1591: Missing XML comment for publicly visible type or member 'RisingFallingThreeMethodsPattern.BaseName' [c:\Users\Peter\Documents\GitHub\kalshi-trading-bot\BacklashPatterns\BacklashPatterns.csproj]
c:\Users\Peter\Documents\GitHub\kalshi-trading-bot\BacklashPatterns\PatternDefinitions\RisingFallingThreeMethodsPattern.cs(44,32): error CS1591: Missing XML comment for publicly visible type or member 'RisingFallingThreeMethodsPattern.Name' [c:\Users\Peter\Documents\GitHub\kalshi-trading-bot\BacklashPatterns\BacklashPatterns.csproj]
c:\Users\Peter\Documents\GitHub\kalshi-trading-bot\BacklashPatterns\PatternDefinitions\RisingFallingThreeMethodsPattern.cs(45,32): error CS1591: Missing XML comment for publicly visible type or member 'RisingFallingThreeMethodsPattern.Strength' [c:\Users\Peter\Documents\GitHub\kalshi-trading-bot\BacklashPatterns\BacklashPatterns.csproj]
c:\Users\Peter\Documents\GitHub\kalshi-trading-bot\BacklashPatterns\PatternDefinitions\RisingFallingThreeMethodsPattern.cs(46,32): error CS1591: Missing XML comment for publicly visible type or member 'RisingFallingThreeMethodsPattern.Certainty' [c:\Users\Peter\Documents\GitHub\kalshi-trading-bot\BacklashPatterns\BacklashPatterns.csproj]
c:\Users\Peter\Documents\GitHub\kalshi-trading-bot\BacklashPatterns\PatternDefinitions\RisingFallingThreeMethodsPattern.cs(47,32): error CS1591: Missing XML comment for publicly visible type or member 'RisingFallingThreeMethodsPattern.Uncertainty' [c:\Users\Peter\Documents\GitHub\kalshi-trading-bot\BacklashPatterns\BacklashPatterns.csproj]
c:\Users\Peter\Documents\GitHub\kalshi-trading-bot\BacklashPatterns\PatternDefinitions\RisingFallingThreeMethodsPattern.cs(49,16): error CS1591: Missing XML comment for publicly visible type or member 'RisingFallingThreeMethodsPattern.RisingFallingThreeMethodsPattern(List<int>)' [c:\Users\Peter\Documents\GitHub\kalshi-trading-bot\BacklashPatterns\BacklashPatterns.csproj]
c:\Users\Peter\Documents\GitHub\kalshi-trading-bot\BacklashPatterns\PatternDefinitions\SeparatingLinesPattern.cs(6,18): error CS1591: Missing XML comment for publicly visible type or member 'SeparatingLinesPattern' [c:\Users\Peter\Documents\GitHub\kalshi-trading-bot\BacklashPatterns\BacklashPatterns.csproj]
c:\Users\Peter\Documents\GitHub\kalshi-trading-bot\BacklashPatterns\PatternDefinitions\SeparatingLinesPattern.cs(26,29): error CS1591: Missing XML comment for publicly visible type or member 'SeparatingLinesPattern.BaseName' [c:\Users\Peter\Documents\GitHub\kalshi-trading-bot\BacklashPatterns\BacklashPatterns.csproj]
c:\Users\Peter\Documents\GitHub\kalshi-trading-bot\BacklashPatterns\PatternDefinitions\SeparatingLinesPattern.cs(27,32): error CS1591: Missing XML comment for publicly visible type or member 'SeparatingLinesPattern.Name' [c:\Users\Peter\Documents\GitHub\kalshi-trading-bot\BacklashPatterns\BacklashPatterns.csproj]
c:\Users\Peter\Documents\GitHub\kalshi-trading-bot\BacklashPatterns\PatternDefinitions\SeparatingLinesPattern.cs(28,32): error CS1591: Missing XML comment for publicly visible type or member 'SeparatingLinesPattern.Strength' [c:\Users\Peter\Documents\GitHub\kalshi-trading-bot\BacklashPatterns\BacklashPatterns.csproj]
c:\Users\Peter\Documents\GitHub\kalshi-trading-bot\BacklashPatterns\PatternDefinitions\SeparatingLinesPattern.cs(29,32): error CS1591: Missing XML comment for publicly visible type or member 'SeparatingLinesPattern.Certainty' [c:\Users\Peter\Documents\GitHub\kalshi-trading-bot\BacklashPatterns\BacklashPatterns.csproj]
c:\Users\Peter\Documents\GitHub\kalshi-trading-bot\BacklashPatterns\PatternDefinitions\SeparatingLinesPattern.cs(30,32): error CS1591: Missing XML comment for publicly visible type or member 'SeparatingLinesPattern.Uncertainty' [c:\Users\Peter\Documents\GitHub\kalshi-trading-bot\BacklashPatterns\BacklashPatterns.csproj]
c:\Users\Peter\Documents\GitHub\kalshi-trading-bot\BacklashPatterns\PatternDefinitions\SeparatingLinesPattern.cs(33,16): error CS1591: Missing XML comment for publicly visible type or member 'SeparatingLinesPattern.SeparatingLinesPattern(List<int>, bool)' [c:\Users\Peter\Documents\GitHub\kalshi-trading-bot\BacklashPatterns\BacklashPatterns.csproj]
c:\Users\Peter\Documents\GitHub\kalshi-trading-bot\BacklashPatterns\PatternDefinitions\ShootingStarPattern.cs(60,29): error CS1591: Missing XML comment for publicly visible type or member 'ShootingStarPattern.BaseName' [c:\Users\Peter\Documents\GitHub\kalshi-trading-bot\BacklashPatterns\BacklashPatterns.csproj]
c:\Users\Peter\Documents\GitHub\kalshi-trading-bot\BacklashPatterns\PatternDefinitions\ShootingStarPattern.cs(61,32): error CS1591: Missing XML comment for publicly visible type or member 'ShootingStarPattern.Name' [c:\Users\Peter\Documents\GitHub\kalshi-trading-bot\BacklashPatterns\BacklashPatterns.csproj]
c:\Users\Peter\Documents\GitHub\kalshi-trading-bot\BacklashPatterns\PatternDefinitions\ShootingStarPattern.cs(62,32): error CS1591: Missing XML comment for publicly visible type or member 'ShootingStarPattern.Strength' [c:\Users\Peter\Documents\GitHub\kalshi-trading-bot\BacklashPatterns\BacklashPatterns.csproj]
c:\Users\Peter\Documents\GitHub\kalshi-trading-bot\BacklashPatterns\PatternDefinitions\ShootingStarPattern.cs(63,32): error CS1591: Missing XML comment for publicly visible type or member 'ShootingStarPattern.Certainty' [c:\Users\Peter\Documents\GitHub\kalshi-trading-bot\BacklashPatterns\BacklashPatterns.csproj]
c:\Users\Peter\Documents\GitHub\kalshi-trading-bot\BacklashPatterns\PatternDefinitions\ShootingStarPattern.cs(64,32): error CS1591: Missing XML comment for publicly visible type or member 'ShootingStarPattern.Uncertainty' [c:\Users\Peter\Documents\GitHub\kalshi-trading-bot\BacklashPatterns\BacklashPatterns.csproj]
c:\Users\Peter\Documents\GitHub\kalshi-trading-bot\BacklashPatterns\PatternDefinitions\ShootingStarPattern.cs(65,16): error CS1591: Missing XML comment for publicly visible type or member 'ShootingStarPattern.ShootingStarPattern(List<int>)' [c:\Users\Peter\Documents\GitHub\kalshi-trading-bot\BacklashPatterns\BacklashPatterns.csproj]
c:\Users\Peter\Documents\GitHub\kalshi-trading-bot\BacklashPatterns\PatternDefinitions\ShootingStarPattern.cs(69,56): error CS1591: Missing XML comment for publicly visible type or member 'ShootingStarPattern.IsPatternAsync(Dictionary<int, CandleMetrics>, int, int, CandleMids[])' [c:\Users\Peter\Documents\GitHub\kalshi-trading-bot\BacklashPatterns\BacklashPatterns.csproj]
c:\Users\Peter\Documents\GitHub\kalshi-trading-bot\BacklashPatterns\PatternDefinitions\ShortLineCandlePattern.cs(41,29): error CS1591: Missing XML comment for publicly visible type or member 'ShortLineCandlePattern.BaseName' [c:\Users\Peter\Documents\GitHub\kalshi-trading-bot\BacklashPatterns\BacklashPatterns.csproj]
c:\Users\Peter\Documents\GitHub\kalshi-trading-bot\BacklashPatterns\PatternDefinitions\ShortLineCandlePattern.cs(42,32): error CS1591: Missing XML comment for publicly visible type or member 'ShortLineCandlePattern.Name' [c:\Users\Peter\Documents\GitHub\kalshi-trading-bot\BacklashPatterns\BacklashPatterns.csproj]
c:\Users\Peter\Documents\GitHub\kalshi-trading-bot\BacklashPatterns\PatternDefinitions\ShortLineCandlePattern.cs(43,32): error CS1591: Missing XML comment for publicly visible type or member 'ShortLineCandlePattern.Strength' [c:\Users\Peter\Documents\GitHub\kalshi-trading-bot\BacklashPatterns\BacklashPatterns.csproj]
c:\Users\Peter\Documents\GitHub\kalshi-trading-bot\BacklashPatterns\PatternDefinitions\ShortLineCandlePattern.cs(44,32): error CS1591: Missing XML comment for publicly visible type or member 'ShortLineCandlePattern.Certainty' [c:\Users\Peter\Documents\GitHub\kalshi-trading-bot\BacklashPatterns\BacklashPatterns.csproj]
c:\Users\Peter\Documents\GitHub\kalshi-trading-bot\BacklashPatterns\PatternDefinitions\ShortLineCandlePattern.cs(45,32): error CS1591: Missing XML comment for publicly visible type or member 'ShortLineCandlePattern.Uncertainty' [c:\Users\Peter\Documents\GitHub\kalshi-trading-bot\BacklashPatterns\BacklashPatterns.csproj]
c:\Users\Peter\Documents\GitHub\kalshi-trading-bot\BacklashPatterns\PatternDefinitions\ShortLineCandlePattern.cs(48,16): error CS1591: Missing XML comment for publicly visible type or member 'ShortLineCandlePattern.ShortLineCandlePattern(List<int>, bool)' [c:\Users\Peter\Documents\GitHub\kalshi-trading-bot\BacklashPatterns\BacklashPatterns.csproj]
c:\Users\Peter\Documents\GitHub\kalshi-trading-bot\BacklashPatterns\PatternDefinitions\ShortLineCandlePattern.cs(53,59): error CS1591: Missing XML comment for publicly visible type or member 'ShortLineCandlePattern.IsPatternAsync(int, int, bool, Dictionary<int, CandleMetrics>, CandleMids[])' [c:\Users\Peter\Documents\GitHub\kalshi-trading-bot\BacklashPatterns\BacklashPatterns.csproj]
c:\Users\Peter\Documents\GitHub\kalshi-trading-bot\BacklashPatterns\PatternDefinitions\SpinningTopPattern.cs(52,29): error CS1591: Missing XML comment for publicly visible type or member 'SpinningTopPattern.BaseName' [c:\Users\Peter\Documents\GitHub\kalshi-trading-bot\BacklashPatterns\BacklashPatterns.csproj]
c:\Users\Peter\Documents\GitHub\kalshi-trading-bot\BacklashPatterns\PatternDefinitions\SpinningTopPattern.cs(53,32): error CS1591: Missing XML comment for publicly visible type or member 'SpinningTopPattern.Name' [c:\Users\Peter\Documents\GitHub\kalshi-trading-bot\BacklashPatterns\BacklashPatterns.csproj]
c:\Users\Peter\Documents\GitHub\kalshi-trading-bot\BacklashPatterns\PatternDefinitions\SpinningTopPattern.cs(54,32): error CS1591: Missing XML comment for publicly visible type or member 'SpinningTopPattern.Strength' [c:\Users\Peter\Documents\GitHub\kalshi-trading-bot\BacklashPatterns\BacklashPatterns.csproj]
c:\Users\Peter\Documents\GitHub\kalshi-trading-bot\BacklashPatterns\PatternDefinitions\SpinningTopPattern.cs(55,32): error CS1591: Missing XML comment for publicly visible type or member 'SpinningTopPattern.Certainty' [c:\Users\Peter\Documents\GitHub\kalshi-trading-bot\BacklashPatterns\BacklashPatterns.csproj]
c:\Users\Peter\Documents\GitHub\kalshi-trading-bot\BacklashPatterns\PatternDefinitions\SpinningTopPattern.cs(56,32): error CS1591: Missing XML comment for publicly visible type or member 'SpinningTopPattern.Uncertainty' [c:\Users\Peter\Documents\GitHub\kalshi-trading-bot\BacklashPatterns\BacklashPatterns.csproj]
c:\Users\Peter\Documents\GitHub\kalshi-trading-bot\BacklashPatterns\PatternDefinitions\SpinningTopPattern.cs(57,16): error CS1591: Missing XML comment for publicly visible type or member 'SpinningTopPattern.SpinningTopPattern(List<int>)' [c:\Users\Peter\Documents\GitHub\kalshi-trading-bot\BacklashPatterns\BacklashPatterns.csproj]
c:\Users\Peter\Documents\GitHub\kalshi-trading-bot\BacklashPatterns\PatternDefinitions\SpinningTopPattern.cs(61,55): error CS1591: Missing XML comment for publicly visible type or member 'SpinningTopPattern.IsPatternAsync(Dictionary<int, CandleMetrics>, int, int, CandleMids[])' [c:\Users\Peter\Documents\GitHub\kalshi-trading-bot\BacklashPatterns\BacklashPatterns.csproj]
c:\Users\Peter\Documents\GitHub\kalshi-trading-bot\BacklashPatterns\PatternDefinitions\StalledPattern.cs(43,29): error CS1591: Missing XML comment for publicly visible type or member 'StalledPattern.BaseName' [c:\Users\Peter\Documents\GitHub\kalshi-trading-bot\BacklashPatterns\BacklashPatterns.csproj]
c:\Users\Peter\Documents\GitHub\kalshi-trading-bot\BacklashPatterns\PatternDefinitions\StalledPattern.cs(44,32): error CS1591: Missing XML comment for publicly visible type or member 'StalledPattern.Name' [c:\Users\Peter\Documents\GitHub\kalshi-trading-bot\BacklashPatterns\BacklashPatterns.csproj]
c:\Users\Peter\Documents\GitHub\kalshi-trading-bot\BacklashPatterns\PatternDefinitions\StalledPattern.cs(45,32): error CS1591: Missing XML comment for publicly visible type or member 'StalledPattern.Strength' [c:\Users\Peter\Documents\GitHub\kalshi-trading-bot\BacklashPatterns\BacklashPatterns.csproj]
c:\Users\Peter\Documents\GitHub\kalshi-trading-bot\BacklashPatterns\PatternDefinitions\StalledPattern.cs(46,32): error CS1591: Missing XML comment for publicly visible type or member 'StalledPattern.Certainty' [c:\Users\Peter\Documents\GitHub\kalshi-trading-bot\BacklashPatterns\BacklashPatterns.csproj]
c:\Users\Peter\Documents\GitHub\kalshi-trading-bot\BacklashPatterns\PatternDefinitions\StalledPattern.cs(47,32): error CS1591: Missing XML comment for publicly visible type or member 'StalledPattern.Uncertainty' [c:\Users\Peter\Documents\GitHub\kalshi-trading-bot\BacklashPatterns\BacklashPatterns.csproj]
c:\Users\Peter\Documents\GitHub\kalshi-trading-bot\BacklashPatterns\PatternDefinitions\StalledPattern.cs(48,16): error CS1591: Missing XML comment for publicly visible type or member 'StalledPattern.StalledPattern(List<int>)' [c:\Users\Peter\Documents\GitHub\kalshi-trading-bot\BacklashPatterns\BacklashPatterns.csproj]
c:\Users\Peter\Documents\GitHub\kalshi-trading-bot\BacklashPatterns\PatternDefinitions\StalledPattern.cs(52,51): error CS1591: Missing XML comment for publicly visible type or member 'StalledPattern.IsPatternAsync(int, int, CandleMids[], Dictionary<int, CandleMetrics>)' [c:\Users\Peter\Documents\GitHub\kalshi-trading-bot\BacklashPatterns\BacklashPatterns.csproj]
c:\Users\Peter\Documents\GitHub\kalshi-trading-bot\BacklashPatterns\PatternDefinitions\StickSandwichPattern.cs(6,18): error CS1591: Missing XML comment for publicly visible type or member 'StickSandwichPattern' [c:\Users\Peter\Documents\GitHub\kalshi-trading-bot\BacklashPatterns\BacklashPatterns.csproj]
c:\Users\Peter\Documents\GitHub\kalshi-trading-bot\BacklashPatterns\PatternDefinitions\StickSandwichPattern.cs(25,29): error CS1591: Missing XML comment for publicly visible type or member 'StickSandwichPattern.BaseName' [c:\Users\Peter\Documents\GitHub\kalshi-trading-bot\BacklashPatterns\BacklashPatterns.csproj]
c:\Users\Peter\Documents\GitHub\kalshi-trading-bot\BacklashPatterns\PatternDefinitions\StickSandwichPattern.cs(26,32): error CS1591: Missing XML comment for publicly visible type or member 'StickSandwichPattern.Name' [c:\Users\Peter\Documents\GitHub\kalshi-trading-bot\BacklashPatterns\BacklashPatterns.csproj]
c:\Users\Peter\Documents\GitHub\kalshi-trading-bot\BacklashPatterns\PatternDefinitions\StickSandwichPattern.cs(27,32): error CS1591: Missing XML comment for publicly visible type or member 'StickSandwichPattern.Strength' [c:\Users\Peter\Documents\GitHub\kalshi-trading-bot\BacklashPatterns\BacklashPatterns.csproj]
c:\Users\Peter\Documents\GitHub\kalshi-trading-bot\BacklashPatterns\PatternDefinitions\StickSandwichPattern.cs(28,32): error CS1591: Missing XML comment for publicly visible type or member 'StickSandwichPattern.Certainty' [c:\Users\Peter\Documents\GitHub\kalshi-trading-bot\BacklashPatterns\BacklashPatterns.csproj]
c:\Users\Peter\Documents\GitHub\kalshi-trading-bot\BacklashPatterns\PatternDefinitions\StickSandwichPattern.cs(29,32): error CS1591: Missing XML comment for publicly visible type or member 'StickSandwichPattern.Uncertainty' [c:\Users\Peter\Documents\GitHub\kalshi-trading-bot\BacklashPatterns\BacklashPatterns.csproj]
c:\Users\Peter\Documents\GitHub\kalshi-trading-bot\BacklashPatterns\PatternDefinitions\StickSandwichPattern.cs(32,16): error CS1591: Missing XML comment for publicly visible type or member 'StickSandwichPattern.StickSandwichPattern(List<int>, bool)' [c:\Users\Peter\Documents\GitHub\kalshi-trading-bot\BacklashPatterns\BacklashPatterns.csproj]
c:\Users\Peter\Documents\GitHub\kalshi-trading-bot\BacklashPatterns\PatternDefinitions\TakuriPattern.cs(6,18): error CS1591: Missing XML comment for publicly visible type or member 'TakuriPattern' [c:\Users\Peter\Documents\GitHub\kalshi-trading-bot\BacklashPatterns\BacklashPatterns.csproj]
c:\Users\Peter\Documents\GitHub\kalshi-trading-bot\BacklashPatterns\PatternDefinitions\TakuriPattern.cs(43,29): error CS1591: Missing XML comment for publicly visible type or member 'TakuriPattern.BaseName' [c:\Users\Peter\Documents\GitHub\kalshi-trading-bot\BacklashPatterns\BacklashPatterns.csproj]
c:\Users\Peter\Documents\GitHub\kalshi-trading-bot\BacklashPatterns\PatternDefinitions\TakuriPattern.cs(44,32): error CS1591: Missing XML comment for publicly visible type or member 'TakuriPattern.Name' [c:\Users\Peter\Documents\GitHub\kalshi-trading-bot\BacklashPatterns\BacklashPatterns.csproj]
c:\Users\Peter\Documents\GitHub\kalshi-trading-bot\BacklashPatterns\PatternDefinitions\TakuriPattern.cs(45,32): error CS1591: Missing XML comment for publicly visible type or member 'TakuriPattern.Strength' [c:\Users\Peter\Documents\GitHub\kalshi-trading-bot\BacklashPatterns\BacklashPatterns.csproj]
c:\Users\Peter\Documents\GitHub\kalshi-trading-bot\BacklashPatterns\PatternDefinitions\TakuriPattern.cs(46,32): error CS1591: Missing XML comment for publicly visible type or member 'TakuriPattern.Certainty' [c:\Users\Peter\Documents\GitHub\kalshi-trading-bot\BacklashPatterns\BacklashPatterns.csproj]
c:\Users\Peter\Documents\GitHub\kalshi-trading-bot\BacklashPatterns\PatternDefinitions\TakuriPattern.cs(47,32): error CS1591: Missing XML comment for publicly visible type or member 'TakuriPattern.Uncertainty' [c:\Users\Peter\Documents\GitHub\kalshi-trading-bot\BacklashPatterns\BacklashPatterns.csproj]
c:\Users\Peter\Documents\GitHub\kalshi-trading-bot\BacklashPatterns\PatternDefinitions\TakuriPattern.cs(49,16): error CS1591: Missing XML comment for publicly visible type or member 'TakuriPattern.TakuriPattern(List<int>)' [c:\Users\Peter\Documents\GitHub\kalshi-trading-bot\BacklashPatterns\BacklashPatterns.csproj]
c:\Users\Peter\Documents\GitHub\kalshi-trading-bot\BacklashPatterns\PatternDefinitions\TasukiGapPattern.cs(6,18): error CS1591: Missing XML comment for publicly visible type or member 'TasukiGapPattern' [c:\Users\Peter\Documents\GitHub\kalshi-trading-bot\BacklashPatterns\BacklashPatterns.csproj]
c:\Users\Peter\Documents\GitHub\kalshi-trading-bot\BacklashPatterns\PatternDefinitions\TasukiGapPattern.cs(19,29): error CS1591: Missing XML comment for publicly visible type or member 'TasukiGapPattern.BaseName' [c:\Users\Peter\Documents\GitHub\kalshi-trading-bot\BacklashPatterns\BacklashPatterns.csproj]
c:\Users\Peter\Documents\GitHub\kalshi-trading-bot\BacklashPatterns\PatternDefinitions\TasukiGapPattern.cs(20,32): error CS1591: Missing XML comment for publicly visible type or member 'TasukiGapPattern.Name' [c:\Users\Peter\Documents\GitHub\kalshi-trading-bot\BacklashPatterns\BacklashPatterns.csproj]
c:\Users\Peter\Documents\GitHub\kalshi-trading-bot\BacklashPatterns\PatternDefinitions\TasukiGapPattern.cs(21,32): error CS1591: Missing XML comment for publicly visible type or member 'TasukiGapPattern.Strength' [c:\Users\Peter\Documents\GitHub\kalshi-trading-bot\BacklashPatterns\BacklashPatterns.csproj]
c:\Users\Peter\Documents\GitHub\kalshi-trading-bot\BacklashPatterns\PatternDefinitions\TasukiGapPattern.cs(22,32): error CS1591: Missing XML comment for publicly visible type or member 'TasukiGapPattern.Certainty' [c:\Users\Peter\Documents\GitHub\kalshi-trading-bot\BacklashPatterns\BacklashPatterns.csproj]
c:\Users\Peter\Documents\GitHub\kalshi-trading-bot\BacklashPatterns\PatternDefinitions\TasukiGapPattern.cs(23,32): error CS1591: Missing XML comment for publicly visible type or member 'TasukiGapPattern.Uncertainty' [c:\Users\Peter\Documents\GitHub\kalshi-trading-bot\BacklashPatterns\BacklashPatterns.csproj]
c:\Users\Peter\Documents\GitHub\kalshi-trading-bot\BacklashPatterns\PatternDefinitions\TasukiGapPattern.cs(26,16): error CS1591: Missing XML comment for publicly visible type or member 'TasukiGapPattern.TasukiGapPattern(List<int>, bool)' [c:\Users\Peter\Documents\GitHub\kalshi-trading-bot\BacklashPatterns\BacklashPatterns.csproj]
c:\Users\Peter\Documents\GitHub\kalshi-trading-bot\BacklashPatterns\PatternDefinitions\ThreeAdvancingWhiteSoldiersPattern.cs(6,18): error CS1591: Missing XML comment for publicly visible type or member 'ThreeAdvancingWhiteSoldiersPattern' [c:\Users\Peter\Documents\GitHub\kalshi-trading-bot\BacklashPatterns\BacklashPatterns.csproj]
c:\Users\Peter\Documents\GitHub\kalshi-trading-bot\BacklashPatterns\PatternDefinitions\ThreeAdvancingWhiteSoldiersPattern.cs(25,29): error CS1591: Missing XML comment for publicly visible type or member 'ThreeAdvancingWhiteSoldiersPattern.BaseName' [c:\Users\Peter\Documents\GitHub\kalshi-trading-bot\BacklashPatterns\BacklashPatterns.csproj]
c:\Users\Peter\Documents\GitHub\kalshi-trading-bot\BacklashPatterns\PatternDefinitions\ThreeAdvancingWhiteSoldiersPattern.cs(26,32): error CS1591: Missing XML comment for publicly visible type or member 'ThreeAdvancingWhiteSoldiersPattern.Name' [c:\Users\Peter\Documents\GitHub\kalshi-trading-bot\BacklashPatterns\BacklashPatterns.csproj]
c:\Users\Peter\Documents\GitHub\kalshi-trading-bot\BacklashPatterns\PatternDefinitions\ThreeAdvancingWhiteSoldiersPattern.cs(27,32): error CS1591: Missing XML comment for publicly visible type or member 'ThreeAdvancingWhiteSoldiersPattern.Strength' [c:\Users\Peter\Documents\GitHub\kalshi-trading-bot\BacklashPatterns\BacklashPatterns.csproj]
c:\Users\Peter\Documents\GitHub\kalshi-trading-bot\BacklashPatterns\PatternDefinitions\ThreeAdvancingWhiteSoldiersPattern.cs(28,32): error CS1591: Missing XML comment for publicly visible type or member 'ThreeAdvancingWhiteSoldiersPattern.Certainty' [c:\Users\Peter\Documents\GitHub\kalshi-trading-bot\BacklashPatterns\BacklashPatterns.csproj]
c:\Users\Peter\Documents\GitHub\kalshi-trading-bot\BacklashPatterns\PatternDefinitions\ThreeAdvancingWhiteSoldiersPattern.cs(29,32): error CS1591: Missing XML comment for publicly visible type or member 'ThreeAdvancingWhiteSoldiersPattern.Uncertainty' [c:\Users\Peter\Documents\GitHub\kalshi-trading-bot\BacklashPatterns\BacklashPatterns.csproj]
c:\Users\Peter\Documents\GitHub\kalshi-trading-bot\BacklashPatterns\PatternDefinitions\ThreeAdvancingWhiteSoldiersPattern.cs(31,16): error CS1591: Missing XML comment for publicly visible type or member 'ThreeAdvancingWhiteSoldiersPattern.ThreeAdvancingWhiteSoldiersPattern(List<int>)' [c:\Users\Peter\Documents\GitHub\kalshi-trading-bot\BacklashPatterns\BacklashPatterns.csproj]
c:\Users\Peter\Documents\GitHub\kalshi-trading-bot\BacklashPatterns\PatternDefinitions\ThreeBlackCrowsPattern.cs(36,29): error CS1591: Missing XML comment for publicly visible type or member 'ThreeBlackCrowsPattern.BaseName' [c:\Users\Peter\Documents\GitHub\kalshi-trading-bot\BacklashPatterns\BacklashPatterns.csproj]
c:\Users\Peter\Documents\GitHub\kalshi-trading-bot\BacklashPatterns\PatternDefinitions\ThreeBlackCrowsPattern.cs(37,32): error CS1591: Missing XML comment for publicly visible type or member 'ThreeBlackCrowsPattern.Name' [c:\Users\Peter\Documents\GitHub\kalshi-trading-bot\BacklashPatterns\BacklashPatterns.csproj]
c:\Users\Peter\Documents\GitHub\kalshi-trading-bot\BacklashPatterns\PatternDefinitions\ThreeBlackCrowsPattern.cs(38,32): error CS1591: Missing XML comment for publicly visible type or member 'ThreeBlackCrowsPattern.Strength' [c:\Users\Peter\Documents\GitHub\kalshi-trading-bot\BacklashPatterns\BacklashPatterns.csproj]
c:\Users\Peter\Documents\GitHub\kalshi-trading-bot\BacklashPatterns\PatternDefinitions\ThreeBlackCrowsPattern.cs(39,32): error CS1591: Missing XML comment for publicly visible type or member 'ThreeBlackCrowsPattern.Certainty' [c:\Users\Peter\Documents\GitHub\kalshi-trading-bot\BacklashPatterns\BacklashPatterns.csproj]
c:\Users\Peter\Documents\GitHub\kalshi-trading-bot\BacklashPatterns\PatternDefinitions\ThreeBlackCrowsPattern.cs(40,32): error CS1591: Missing XML comment for publicly visible type or member 'ThreeBlackCrowsPattern.Uncertainty' [c:\Users\Peter\Documents\GitHub\kalshi-trading-bot\BacklashPatterns\BacklashPatterns.csproj]
c:\Users\Peter\Documents\GitHub\kalshi-trading-bot\BacklashPatterns\PatternDefinitions\ThreeBlackCrowsPattern.cs(41,16): error CS1591: Missing XML comment for publicly visible type or member 'ThreeBlackCrowsPattern.ThreeBlackCrowsPattern(List<int>)' [c:\Users\Peter\Documents\GitHub\kalshi-trading-bot\BacklashPatterns\BacklashPatterns.csproj]
c:\Users\Peter\Documents\GitHub\kalshi-trading-bot\BacklashPatterns\PatternDefinitions\ThreeBlackCrowsPattern.cs(45,59): error CS1591: Missing XML comment for publicly visible type or member 'ThreeBlackCrowsPattern.IsPatternAsync(int, int, CandleMids[], Dictionary<int, CandleMetrics>)' [c:\Users\Peter\Documents\GitHub\kalshi-trading-bot\BacklashPatterns\BacklashPatterns.csproj]
c:\Users\Peter\Documents\GitHub\kalshi-trading-bot\BacklashPatterns\PatternDefinitions\ThreeInsidePattern.cs(49,29): error CS1591: Missing XML comment for publicly visible type or member 'ThreeInsidePattern.BaseName' [c:\Users\Peter\Documents\GitHub\kalshi-trading-bot\BacklashPatterns\BacklashPatterns.csproj]
c:\Users\Peter\Documents\GitHub\kalshi-trading-bot\BacklashPatterns\PatternDefinitions\ThreeInsidePattern.cs(50,32): error CS1591: Missing XML comment for publicly visible type or member 'ThreeInsidePattern.Name' [c:\Users\Peter\Documents\GitHub\kalshi-trading-bot\BacklashPatterns\BacklashPatterns.csproj]
c:\Users\Peter\Documents\GitHub\kalshi-trading-bot\BacklashPatterns\PatternDefinitions\ThreeInsidePattern.cs(51,32): error CS1591: Missing XML comment for publicly visible type or member 'ThreeInsidePattern.Strength' [c:\Users\Peter\Documents\GitHub\kalshi-trading-bot\BacklashPatterns\BacklashPatterns.csproj]
c:\Users\Peter\Documents\GitHub\kalshi-trading-bot\BacklashPatterns\PatternDefinitions\ThreeInsidePattern.cs(52,32): error CS1591: Missing XML comment for publicly visible type or member 'ThreeInsidePattern.Certainty' [c:\Users\Peter\Documents\GitHub\kalshi-trading-bot\BacklashPatterns\BacklashPatterns.csproj]
c:\Users\Peter\Documents\GitHub\kalshi-trading-bot\BacklashPatterns\PatternDefinitions\ThreeInsidePattern.cs(53,32): error CS1591: Missing XML comment for publicly visible type or member 'ThreeInsidePattern.Uncertainty' [c:\Users\Peter\Documents\GitHub\kalshi-trading-bot\BacklashPatterns\BacklashPatterns.csproj]
c:\Users\Peter\Documents\GitHub\kalshi-trading-bot\BacklashPatterns\PatternDefinitions\ThreeInsidePattern.cs(54,16): error CS1591: Missing XML comment for publicly visible type or member 'ThreeInsidePattern.ThreeInsidePattern(List<int>)' [c:\Users\Peter\Documents\GitHub\kalshi-trading-bot\BacklashPatterns\BacklashPatterns.csproj]
c:\Users\Peter\Documents\GitHub\kalshi-trading-bot\BacklashPatterns\PatternDefinitions\ThreeInsidePattern.cs(58,55): error CS1591: Missing XML comment for publicly visible type or member 'ThreeInsidePattern.IsPatternAsync(int, int, bool, CandleMids[], Dictionary<int, CandleMetrics>)' [c:\Users\Peter\Documents\GitHub\kalshi-trading-bot\BacklashPatterns\BacklashPatterns.csproj]
c:\Users\Peter\Documents\GitHub\kalshi-trading-bot\BacklashPatterns\PatternDefinitions\ThreeLineStrikePattern.cs(6,18): error CS1591: Missing XML comment for publicly visible type or member 'ThreeLineStrikePattern' [c:\Users\Peter\Documents\GitHub\kalshi-trading-bot\BacklashPatterns\BacklashPatterns.csproj]
c:\Users\Peter\Documents\GitHub\kalshi-trading-bot\BacklashPatterns\PatternDefinitions\ThreeLineStrikePattern.cs(27,32): error CS1591: Missing XML comment for publicly visible type or member 'ThreeLineStrikePattern.Name' [c:\Users\Peter\Documents\GitHub\kalshi-trading-bot\BacklashPatterns\BacklashPatterns.csproj]
c:\Users\Peter\Documents\GitHub\kalshi-trading-bot\BacklashPatterns\PatternDefinitions\ThreeLineStrikePattern.cs(28,32): error CS1591: Missing XML comment for publicly visible type or member 'ThreeLineStrikePattern.Strength' [c:\Users\Peter\Documents\GitHub\kalshi-trading-bot\BacklashPatterns\BacklashPatterns.csproj]
c:\Users\Peter\Documents\GitHub\kalshi-trading-bot\BacklashPatterns\PatternDefinitions\ThreeLineStrikePattern.cs(29,32): error CS1591: Missing XML comment for publicly visible type or member 'ThreeLineStrikePattern.Certainty' [c:\Users\Peter\Documents\GitHub\kalshi-trading-bot\BacklashPatterns\BacklashPatterns.csproj]
c:\Users\Peter\Documents\GitHub\kalshi-trading-bot\BacklashPatterns\PatternDefinitions\ThreeLineStrikePattern.cs(30,32): error CS1591: Missing XML comment for publicly visible type or member 'ThreeLineStrikePattern.Uncertainty' [c:\Users\Peter\Documents\GitHub\kalshi-trading-bot\BacklashPatterns\BacklashPatterns.csproj]
c:\Users\Peter\Documents\GitHub\kalshi-trading-bot\BacklashPatterns\PatternDefinitions\ThreeLineStrikePattern.cs(32,16): error CS1591: Missing XML comment for publicly visible type or member 'ThreeLineStrikePattern.ThreeLineStrikePattern(List<int>)' [c:\Users\Peter\Documents\GitHub\kalshi-trading-bot\BacklashPatterns\BacklashPatterns.csproj]
c:\Users\Peter\Documents\GitHub\kalshi-trading-bot\BacklashPatterns\PatternDefinitions\ThreeLineStrikePattern.cs(36,59): error CS1591: Missing XML comment for publicly visible type or member 'ThreeLineStrikePattern.IsPatternAsync(int, int, bool, CandleMids[], Dictionary<int, CandleMetrics>)' [c:\Users\Peter\Documents\GitHub\kalshi-trading-bot\BacklashPatterns\BacklashPatterns.csproj]
c:\Users\Peter\Documents\GitHub\kalshi-trading-bot\BacklashPatterns\PatternDefinitions\ThreeOutsidePattern.cs(6,18): error CS1591: Missing XML comment for publicly visible type or member 'ThreeOutsidePattern' [c:\Users\Peter\Documents\GitHub\kalshi-trading-bot\BacklashPatterns\BacklashPatterns.csproj]
c:\Users\Peter\Documents\GitHub\kalshi-trading-bot\BacklashPatterns\PatternDefinitions\ThreeOutsidePattern.cs(39,32): error CS1591: Missing XML comment for publicly visible type or member 'ThreeOutsidePattern.Name' [c:\Users\Peter\Documents\GitHub\kalshi-trading-bot\BacklashPatterns\BacklashPatterns.csproj]
c:\Users\Peter\Documents\GitHub\kalshi-trading-bot\BacklashPatterns\PatternDefinitions\ThreeOutsidePattern.cs(40,32): error CS1591: Missing XML comment for publicly visible type or member 'ThreeOutsidePattern.Strength' [c:\Users\Peter\Documents\GitHub\kalshi-trading-bot\BacklashPatterns\BacklashPatterns.csproj]
c:\Users\Peter\Documents\GitHub\kalshi-trading-bot\BacklashPatterns\PatternDefinitions\ThreeOutsidePattern.cs(41,32): error CS1591: Missing XML comment for publicly visible type or member 'ThreeOutsidePattern.Certainty' [c:\Users\Peter\Documents\GitHub\kalshi-trading-bot\BacklashPatterns\BacklashPatterns.csproj]
c:\Users\Peter\Documents\GitHub\kalshi-trading-bot\BacklashPatterns\PatternDefinitions\ThreeOutsidePattern.cs(42,32): error CS1591: Missing XML comment for publicly visible type or member 'ThreeOutsidePattern.Uncertainty' [c:\Users\Peter\Documents\GitHub\kalshi-trading-bot\BacklashPatterns\BacklashPatterns.csproj]
c:\Users\Peter\Documents\GitHub\kalshi-trading-bot\BacklashPatterns\PatternDefinitions\ThreeOutsidePattern.cs(44,16): error CS1591: Missing XML comment for publicly visible type or member 'ThreeOutsidePattern.ThreeOutsidePattern(List<int>)' [c:\Users\Peter\Documents\GitHub\kalshi-trading-bot\BacklashPatterns\BacklashPatterns.csproj]
c:\Users\Peter\Documents\GitHub\kalshi-trading-bot\BacklashPatterns\PatternDefinitions\ThreeOutsidePattern.cs(48,56): error CS1591: Missing XML comment for publicly visible type or member 'ThreeOutsidePattern.IsPatternAsync(int, int, bool, CandleMids[], Dictionary<int, CandleMetrics>)' [c:\Users\Peter\Documents\GitHub\kalshi-trading-bot\BacklashPatterns\BacklashPatterns.csproj]
c:\Users\Peter\Documents\GitHub\kalshi-trading-bot\BacklashPatterns\PatternDefinitions\ThreeStarsInTheSouthPattern.cs(6,18): error CS1591: Missing XML comment for publicly visible type or member 'ThreeStarsInTheSouthPattern' [c:\Users\Peter\Documents\GitHub\kalshi-trading-bot\BacklashPatterns\BacklashPatterns.csproj]
c:\Users\Peter\Documents\GitHub\kalshi-trading-bot\BacklashPatterns\PatternDefinitions\ThreeStarsInTheSouthPattern.cs(68,32): error CS1591: Missing XML comment for publicly visible type or member 'ThreeStarsInTheSouthPattern.Name' [c:\Users\Peter\Documents\GitHub\kalshi-trading-bot\BacklashPatterns\BacklashPatterns.csproj]
c:\Users\Peter\Documents\GitHub\kalshi-trading-bot\BacklashPatterns\PatternDefinitions\ThreeStarsInTheSouthPattern.cs(69,32): error CS1591: Missing XML comment for publicly visible type or member 'ThreeStarsInTheSouthPattern.Strength' [c:\Users\Peter\Documents\GitHub\kalshi-trading-bot\BacklashPatterns\BacklashPatterns.csproj]
c:\Users\Peter\Documents\GitHub\kalshi-trading-bot\BacklashPatterns\PatternDefinitions\ThreeStarsInTheSouthPattern.cs(70,32): error CS1591: Missing XML comment for publicly visible type or member 'ThreeStarsInTheSouthPattern.Certainty' [c:\Users\Peter\Documents\GitHub\kalshi-trading-bot\BacklashPatterns\BacklashPatterns.csproj]
c:\Users\Peter\Documents\GitHub\kalshi-trading-bot\BacklashPatterns\PatternDefinitions\ThreeStarsInTheSouthPattern.cs(71,32): error CS1591: Missing XML comment for publicly visible type or member 'ThreeStarsInTheSouthPattern.Uncertainty' [c:\Users\Peter\Documents\GitHub\kalshi-trading-bot\BacklashPatterns\BacklashPatterns.csproj]
c:\Users\Peter\Documents\GitHub\kalshi-trading-bot\BacklashPatterns\PatternDefinitions\ThreeStarsInTheSouthPattern.cs(73,16): error CS1591: Missing XML comment for publicly visible type or member 'ThreeStarsInTheSouthPattern.ThreeStarsInTheSouthPattern(List<int>)' [c:\Users\Peter\Documents\GitHub\kalshi-trading-bot\BacklashPatterns\BacklashPatterns.csproj]
c:\Users\Peter\Documents\GitHub\kalshi-trading-bot\BacklashPatterns\PatternDefinitions\ThreeStarsInTheSouthPattern.cs(77,64): error CS1591: Missing XML comment for publicly visible type or member 'ThreeStarsInTheSouthPattern.IsPatternAsync(int, int, CandleMids[], Dictionary<int, CandleMetrics>)' [c:\Users\Peter\Documents\GitHub\kalshi-trading-bot\BacklashPatterns\BacklashPatterns.csproj]
c:\Users\Peter\Documents\GitHub\kalshi-trading-bot\BacklashPatterns\PatternDefinitions\ThrustingPattern.cs(6,18): error CS1591: Missing XML comment for publicly visible type or member 'ThrustingPattern' [c:\Users\Peter\Documents\GitHub\kalshi-trading-bot\BacklashPatterns\BacklashPatterns.csproj]
c:\Users\Peter\Documents\GitHub\kalshi-trading-bot\BacklashPatterns\PatternDefinitions\ThrustingPattern.cs(39,32): error CS1591: Missing XML comment for publicly visible type or member 'ThrustingPattern.Name' [c:\Users\Peter\Documents\GitHub\kalshi-trading-bot\BacklashPatterns\BacklashPatterns.csproj]
c:\Users\Peter\Documents\GitHub\kalshi-trading-bot\BacklashPatterns\PatternDefinitions\ThrustingPattern.cs(41,32): error CS1591: Missing XML comment for publicly visible type or member 'ThrustingPattern.Strength' [c:\Users\Peter\Documents\GitHub\kalshi-trading-bot\BacklashPatterns\BacklashPatterns.csproj]
c:\Users\Peter\Documents\GitHub\kalshi-trading-bot\BacklashPatterns\PatternDefinitions\ThrustingPattern.cs(42,32): error CS1591: Missing XML comment for publicly visible type or member 'ThrustingPattern.Certainty' [c:\Users\Peter\Documents\GitHub\kalshi-trading-bot\BacklashPatterns\BacklashPatterns.csproj]
c:\Users\Peter\Documents\GitHub\kalshi-trading-bot\BacklashPatterns\PatternDefinitions\ThrustingPattern.cs(43,32): error CS1591: Missing XML comment for publicly visible type or member 'ThrustingPattern.Uncertainty' [c:\Users\Peter\Documents\GitHub\kalshi-trading-bot\BacklashPatterns\BacklashPatterns.csproj]
c:\Users\Peter\Documents\GitHub\kalshi-trading-bot\BacklashPatterns\PatternDefinitions\ThrustingPattern.cs(45,16): error CS1591: Missing XML comment for publicly visible type or member 'ThrustingPattern.ThrustingPattern(List<int>, bool)' [c:\Users\Peter\Documents\GitHub\kalshi-trading-bot\BacklashPatterns\BacklashPatterns.csproj]
c:\Users\Peter\Documents\GitHub\kalshi-trading-bot\BacklashPatterns\PatternDefinitions\ThrustingPattern.cs(50,53): error CS1591: Missing XML comment for publicly visible type or member 'ThrustingPattern.IsPatternAsync(int, int, bool, CandleMids[], Dictionary<int, CandleMetrics>)' [c:\Users\Peter\Documents\GitHub\kalshi-trading-bot\BacklashPatterns\BacklashPatterns.csproj]
c:\Users\Peter\Documents\GitHub\kalshi-trading-bot\BacklashPatterns\PatternDefinitions\TristarPattern.cs(6,18): error CS1591: Missing XML comment for publicly visible type or member 'TristarPattern' [c:\Users\Peter\Documents\GitHub\kalshi-trading-bot\BacklashPatterns\BacklashPatterns.csproj]
c:\Users\Peter\Documents\GitHub\kalshi-trading-bot\BacklashPatterns\PatternDefinitions\TristarPattern.cs(49,29): error CS1591: Missing XML comment for publicly visible type or member 'TristarPattern.BaseName' [c:\Users\Peter\Documents\GitHub\kalshi-trading-bot\BacklashPatterns\BacklashPatterns.csproj]
c:\Users\Peter\Documents\GitHub\kalshi-trading-bot\BacklashPatterns\PatternDefinitions\TristarPattern.cs(50,32): error CS1591: Missing XML comment for publicly visible type or member 'TristarPattern.Name' [c:\Users\Peter\Documents\GitHub\kalshi-trading-bot\BacklashPatterns\BacklashPatterns.csproj]
c:\Users\Peter\Documents\GitHub\kalshi-trading-bot\BacklashPatterns\PatternDefinitions\TristarPattern.cs(51,32): error CS1591: Missing XML comment for publicly visible type or member 'TristarPattern.Strength' [c:\Users\Peter\Documents\GitHub\kalshi-trading-bot\BacklashPatterns\BacklashPatterns.csproj]
c:\Users\Peter\Documents\GitHub\kalshi-trading-bot\BacklashPatterns\PatternDefinitions\TristarPattern.cs(52,32): error CS1591: Missing XML comment for publicly visible type or member 'TristarPattern.Certainty' [c:\Users\Peter\Documents\GitHub\kalshi-trading-bot\BacklashPatterns\BacklashPatterns.csproj]
c:\Users\Peter\Documents\GitHub\kalshi-trading-bot\BacklashPatterns\PatternDefinitions\TristarPattern.cs(53,32): error CS1591: Missing XML comment for publicly visible type or member 'TristarPattern.Uncertainty' [c:\Users\Peter\Documents\GitHub\kalshi-trading-bot\BacklashPatterns\BacklashPatterns.csproj]
c:\Users\Peter\Documents\GitHub\kalshi-trading-bot\BacklashPatterns\PatternDefinitions\TristarPattern.cs(56,16): error CS1591: Missing XML comment for publicly visible type or member 'TristarPattern.TristarPattern(List<int>, bool)' [c:\Users\Peter\Documents\GitHub\kalshi-trading-bot\BacklashPatterns\BacklashPatterns.csproj]
c:\Users\Peter\Documents\GitHub\kalshi-trading-bot\BacklashPatterns\PatternDefinitions\TwoCrowsPattern.cs(6,18): error CS1591: Missing XML comment for publicly visible type or member 'TwoCrowsPattern' [c:\Users\Peter\Documents\GitHub\kalshi-trading-bot\BacklashPatterns\BacklashPatterns.csproj]
c:\Users\Peter\Documents\GitHub\kalshi-trading-bot\BacklashPatterns\PatternDefinitions\TwoCrowsPattern.cs(26,29): error CS1591: Missing XML comment for publicly visible type or member 'TwoCrowsPattern.BaseName' [c:\Users\Peter\Documents\GitHub\kalshi-trading-bot\BacklashPatterns\BacklashPatterns.csproj]
c:\Users\Peter\Documents\GitHub\kalshi-trading-bot\BacklashPatterns\PatternDefinitions\TwoCrowsPattern.cs(27,32): error CS1591: Missing XML comment for publicly visible type or member 'TwoCrowsPattern.Name' [c:\Users\Peter\Documents\GitHub\kalshi-trading-bot\BacklashPatterns\BacklashPatterns.csproj]
c:\Users\Peter\Documents\GitHub\kalshi-trading-bot\BacklashPatterns\PatternDefinitions\TwoCrowsPattern.cs(28,32): error CS1591: Missing XML comment for publicly visible type or member 'TwoCrowsPattern.Strength' [c:\Users\Peter\Documents\GitHub\kalshi-trading-bot\BacklashPatterns\BacklashPatterns.csproj]
c:\Users\Peter\Documents\GitHub\kalshi-trading-bot\BacklashPatterns\PatternDefinitions\TwoCrowsPattern.cs(29,32): error CS1591: Missing XML comment for publicly visible type or member 'TwoCrowsPattern.Certainty' [c:\Users\Peter\Documents\GitHub\kalshi-trading-bot\BacklashPatterns\BacklashPatterns.csproj]
c:\Users\Peter\Documents\GitHub\kalshi-trading-bot\BacklashPatterns\PatternDefinitions\TwoCrowsPattern.cs(30,32): error CS1591: Missing XML comment for publicly visible type or member 'TwoCrowsPattern.Uncertainty' [c:\Users\Peter\Documents\GitHub\kalshi-trading-bot\BacklashPatterns\BacklashPatterns.csproj]
c:\Users\Peter\Documents\GitHub\kalshi-trading-bot\BacklashPatterns\PatternDefinitions\TwoCrowsPattern.cs(31,16): error CS1591: Missing XML comment for publicly visible type or member 'TwoCrowsPattern.TwoCrowsPattern(List<int>)' [c:\Users\Peter\Documents\GitHub\kalshi-trading-bot\BacklashPatterns\BacklashPatterns.csproj]
c:\Users\Peter\Documents\GitHub\kalshi-trading-bot\BacklashPatterns\PatternDefinitions\TwoCrowsPattern.cs(45,52): error CS1591: Missing XML comment for publicly visible type or member 'TwoCrowsPattern.IsPatternAsync(int, int, CandleMids[], Dictionary<int, CandleMetrics>)' [c:\Users\Peter\Documents\GitHub\kalshi-trading-bot\BacklashPatterns\BacklashPatterns.csproj]
c:\Users\Peter\Documents\GitHub\kalshi-trading-bot\BacklashPatterns\PatternDefinitions\Unique3RiverPattern.cs(6,18): error CS1591: Missing XML comment for publicly visible type or member 'Unique3RiverPattern' [c:\Users\Peter\Documents\GitHub\kalshi-trading-bot\BacklashPatterns\BacklashPatterns.csproj]
c:\Users\Peter\Documents\GitHub\kalshi-trading-bot\BacklashPatterns\PatternDefinitions\Unique3RiverPattern.cs(31,29): error CS1591: Missing XML comment for publicly visible type or member 'Unique3RiverPattern.BaseName' [c:\Users\Peter\Documents\GitHub\kalshi-trading-bot\BacklashPatterns\BacklashPatterns.csproj]
c:\Users\Peter\Documents\GitHub\kalshi-trading-bot\BacklashPatterns\PatternDefinitions\Unique3RiverPattern.cs(32,32): error CS1591: Missing XML comment for publicly visible type or member 'Unique3RiverPattern.Name' [c:\Users\Peter\Documents\GitHub\kalshi-trading-bot\BacklashPatterns\BacklashPatterns.csproj]
c:\Users\Peter\Documents\GitHub\kalshi-trading-bot\BacklashPatterns\PatternDefinitions\Unique3RiverPattern.cs(33,32): error CS1591: Missing XML comment for publicly visible type or member 'Unique3RiverPattern.Strength' [c:\Users\Peter\Documents\GitHub\kalshi-trading-bot\BacklashPatterns\BacklashPatterns.csproj]
c:\Users\Peter\Documents\GitHub\kalshi-trading-bot\BacklashPatterns\PatternDefinitions\Unique3RiverPattern.cs(34,32): error CS1591: Missing XML comment for publicly visible type or member 'Unique3RiverPattern.Certainty' [c:\Users\Peter\Documents\GitHub\kalshi-trading-bot\BacklashPatterns\BacklashPatterns.csproj]
c:\Users\Peter\Documents\GitHub\kalshi-trading-bot\BacklashPatterns\PatternDefinitions\Unique3RiverPattern.cs(35,32): error CS1591: Missing XML comment for publicly visible type or member 'Unique3RiverPattern.Uncertainty' [c:\Users\Peter\Documents\GitHub\kalshi-trading-bot\BacklashPatterns\BacklashPatterns.csproj]
c:\Users\Peter\Documents\GitHub\kalshi-trading-bot\BacklashPatterns\PatternDefinitions\Unique3RiverPattern.cs(36,16): error CS1591: Missing XML comment for publicly visible type or member 'Unique3RiverPattern.Unique3RiverPattern(List<int>)' [c:\Users\Peter\Documents\GitHub\kalshi-trading-bot\BacklashPatterns\BacklashPatterns.csproj]
c:\Users\Peter\Documents\GitHub\kalshi-trading-bot\BacklashPatterns\PatternDefinitions\Unique3RiverPattern.cs(50,56): error CS1591: Missing XML comment for publicly visible type or member 'Unique3RiverPattern.IsPatternAsync(int, int, CandleMids[], Dictionary<int, CandleMetrics>)' [c:\Users\Peter\Documents\GitHub\kalshi-trading-bot\BacklashPatterns\BacklashPatterns.csproj]
c:\Users\Peter\Documents\GitHub\kalshi-trading-bot\BacklashPatterns\PatternDefinitions\UpDownGapSideBySideWhiteLinesPattern.cs(6,18): error CS1591: Missing XML comment for publicly visible type or member 'UpDownGapSideBySideWhiteLinesPattern' [c:\Users\Peter\Documents\GitHub\kalshi-trading-bot\BacklashPatterns\BacklashPatterns.csproj]
c:\Users\Peter\Documents\GitHub\kalshi-trading-bot\BacklashPatterns\PatternDefinitions\UpDownGapSideBySideWhiteLinesPattern.cs(43,29): error CS1591: Missing XML comment for publicly visible type or member 'UpDownGapSideBySideWhiteLinesPattern.BaseName' [c:\Users\Peter\Documents\GitHub\kalshi-trading-bot\BacklashPatterns\BacklashPatterns.csproj]
c:\Users\Peter\Documents\GitHub\kalshi-trading-bot\BacklashPatterns\PatternDefinitions\UpDownGapSideBySideWhiteLinesPattern.cs(44,32): error CS1591: Missing XML comment for publicly visible type or member 'UpDownGapSideBySideWhiteLinesPattern.Name' [c:\Users\Peter\Documents\GitHub\kalshi-trading-bot\BacklashPatterns\BacklashPatterns.csproj]
c:\Users\Peter\Documents\GitHub\kalshi-trading-bot\BacklashPatterns\PatternDefinitions\UpDownGapSideBySideWhiteLinesPattern.cs(45,32): error CS1591: Missing XML comment for publicly visible type or member 'UpDownGapSideBySideWhiteLinesPattern.Strength' [c:\Users\Peter\Documents\GitHub\kalshi-trading-bot\BacklashPatterns\BacklashPatterns.csproj]
c:\Users\Peter\Documents\GitHub\kalshi-trading-bot\BacklashPatterns\PatternDefinitions\UpDownGapSideBySideWhiteLinesPattern.cs(46,32): error CS1591: Missing XML comment for publicly visible type or member 'UpDownGapSideBySideWhiteLinesPattern.Certainty' [c:\Users\Peter\Documents\GitHub\kalshi-trading-bot\BacklashPatterns\BacklashPatterns.csproj]
c:\Users\Peter\Documents\GitHub\kalshi-trading-bot\BacklashPatterns\PatternDefinitions\UpDownGapSideBySideWhiteLinesPattern.cs(47,32): error CS1591: Missing XML comment for publicly visible type or member 'UpDownGapSideBySideWhiteLinesPattern.Uncertainty' [c:\Users\Peter\Documents\GitHub\kalshi-trading-bot\BacklashPatterns\BacklashPatterns.csproj]
c:\Users\Peter\Documents\GitHub\kalshi-trading-bot\BacklashPatterns\PatternDefinitions\UpDownGapSideBySideWhiteLinesPattern.cs(48,16): error CS1591: Missing XML comment for publicly visible type or member 'UpDownGapSideBySideWhiteLinesPattern.UpDownGapSideBySideWhiteLinesPattern(List<int>)' [c:\Users\Peter\Documents\GitHub\kalshi-trading-bot\BacklashPatterns\BacklashPatterns.csproj]
c:\Users\Peter\Documents\GitHub\kalshi-trading-bot\BacklashPatterns\PatternDefinitions\UpDownGapSideBySideWhiteLinesPattern.cs(62,73): error CS1591: Missing XML comment for publicly visible type or member 'UpDownGapSideBySideWhiteLinesPattern.IsPatternAsync(int, int, bool, CandleMids[], Dictionary<int, CandleMetrics>)' [c:\Users\Peter\Documents\GitHub\kalshi-trading-bot\BacklashPatterns\BacklashPatterns.csproj]
c:\Users\Peter\Documents\GitHub\kalshi-trading-bot\BacklashPatterns\PatternDefinitions\UpsideGapTwoCrowsPattern.cs(6,18): error CS1591: Missing XML comment for publicly visible type or member 'UpsideGapTwoCrowsPattern' [c:\Users\Peter\Documents\GitHub\kalshi-trading-bot\BacklashPatterns\BacklashPatterns.csproj]
c:\Users\Peter\Documents\GitHub\kalshi-trading-bot\BacklashPatterns\PatternDefinitions\UpsideGapTwoCrowsPattern.cs(45,32): error CS1591: Missing XML comment for publicly visible type or member 'UpsideGapTwoCrowsPattern.Name' [c:\Users\Peter\Documents\GitHub\kalshi-trading-bot\BacklashPatterns\BacklashPatterns.csproj]
c:\Users\Peter\Documents\GitHub\kalshi-trading-bot\BacklashPatterns\PatternDefinitions\UpsideGapTwoCrowsPattern.cs(46,32): error CS1591: Missing XML comment for publicly visible type or member 'UpsideGapTwoCrowsPattern.Strength' [c:\Users\Peter\Documents\GitHub\kalshi-trading-bot\BacklashPatterns\BacklashPatterns.csproj]
c:\Users\Peter\Documents\GitHub\kalshi-trading-bot\BacklashPatterns\PatternDefinitions\UpsideGapTwoCrowsPattern.cs(47,32): error CS1591: Missing XML comment for publicly visible type or member 'UpsideGapTwoCrowsPattern.Certainty' [c:\Users\Peter\Documents\GitHub\kalshi-trading-bot\BacklashPatterns\BacklashPatterns.csproj]
c:\Users\Peter\Documents\GitHub\kalshi-trading-bot\BacklashPatterns\PatternDefinitions\UpsideGapTwoCrowsPattern.cs(48,32): error CS1591: Missing XML comment for publicly visible type or member 'UpsideGapTwoCrowsPattern.Uncertainty' [c:\Users\Peter\Documents\GitHub\kalshi-trading-bot\BacklashPatterns\BacklashPatterns.csproj]
c:\Users\Peter\Documents\GitHub\kalshi-trading-bot\BacklashPatterns\PatternDefinitions\UpsideGapTwoCrowsPattern.cs(49,16): error CS1591: Missing XML comment for publicly visible type or member 'UpsideGapTwoCrowsPattern.UpsideGapTwoCrowsPattern(List<int>)' [c:\Users\Peter\Documents\GitHub\kalshi-trading-bot\BacklashPatterns\BacklashPatterns.csproj]
c:\Users\Peter\Documents\GitHub\kalshi-trading-bot\BacklashPatterns\PatternDefinitions\UpsideGapTwoCrowsPattern.cs(53,61): error CS1591: Missing XML comment for publicly visible type or member 'UpsideGapTwoCrowsPattern.IsPatternAsync(int, int, CandleMids[], Dictionary<int, CandleMetrics>)' [c:\Users\Peter\Documents\GitHub\kalshi-trading-bot\BacklashPatterns\BacklashPatterns.csproj]
c:\Users\Peter\Documents\GitHub\kalshi-trading-bot\BacklashPatterns\PatternSearch.cs(111,21): error CS1591: Missing XML comment for publicly visible type or member 'PatternDetectionMetricsSummary.TotalDetectionTimeMs' [c:\Users\Peter\Documents\GitHub\kalshi-trading-bot\BacklashPatterns\BacklashPatterns.csproj]
c:\Users\Peter\Documents\GitHub\kalshi-trading-bot\BacklashPatterns\PatternSearch.cs(112,20): error CS1591: Missing XML comment for publicly visible type or member 'PatternDetectionMetricsSummary.TotalCandlesProcessed' [c:\Users\Peter\Documents\GitHub\kalshi-trading-bot\BacklashPatterns\BacklashPatterns.csproj]
c:\Users\Peter\Documents\GitHub\kalshi-trading-bot\BacklashPatterns\PatternSearch.cs(113,20): error CS1591: Missing XML comment for publicly visible type or member 'PatternDetectionMetricsSummary.TotalPatternsFound' [c:\Users\Peter\Documents\GitHub\kalshi-trading-bot\BacklashPatterns\BacklashPatterns.csproj]
c:\Users\Peter\Documents\GitHub\kalshi-trading-bot\BacklashPatterns\PatternSearch.cs(114,41): error CS1591: Missing XML comment for publicly visible type or member 'PatternDetectionMetricsSummary.PatternCheckTimes' [c:\Users\Peter\Documents\GitHub\kalshi-trading-bot\BacklashPatterns\BacklashPatterns.csproj]
c:\Users\Peter\Documents\GitHub\kalshi-trading-bot\BacklashPatterns\PatternSearch.cs(115,40): error CS1591: Missing XML comment for publicly visible type or member 'PatternDetectionMetricsSummary.PatternCounts' [c:\Users\Peter\Documents\GitHub\kalshi-trading-bot\BacklashPatterns\BacklashPatterns.csproj]
c:\Users\Peter\Documents\GitHub\kalshi-trading-bot\BacklashPatterns\PatternDefinitions\DarkCloudCoverPattern.cs(54,25): error CS1591: Missing XML comment for publicly visible type or member 'DarkCloudCoverPattern2.BaseName' [c:\Users\Peter\Documents\GitHub\kalshi-trading-bot\BacklashPatterns\BacklashPatterns.csproj]
c:\Users\Peter\Documents\GitHub\kalshi-trading-bot\BacklashPatterns\PatternDefinitions\DarkCloudCoverPattern.cs(55,28): error CS1591: Missing XML comment for publicly visible type or member 'DarkCloudCoverPattern2.Name' [c:\Users\Peter\Documents\GitHub\kalshi-trading-bot\BacklashPatterns\BacklashPatterns.csproj]
c:\Users\Peter\Documents\GitHub\kalshi-trading-bot\BacklashPatterns\PatternDefinitions\DarkCloudCoverPattern.cs(56,28): error CS1591: Missing XML comment for publicly visible type or member 'DarkCloudCoverPattern2.Strength' [c:\Users\Peter\Documents\GitHub\kalshi-trading-bot\BacklashPatterns\BacklashPatterns.csproj]
c:\Users\Peter\Documents\GitHub\kalshi-trading-bot\BacklashPatterns\PatternDefinitions\DarkCloudCoverPattern.cs(57,28): error CS1591: Missing XML comment for publicly visible type or member 'DarkCloudCoverPattern2.Certainty' [c:\Users\Peter\Documents\GitHub\kalshi-trading-bot\BacklashPatterns\BacklashPatterns.csproj]
c:\Users\Peter\Documents\GitHub\kalshi-trading-bot\BacklashPatterns\PatternDefinitions\DarkCloudCoverPattern.cs(58,28): error CS1591: Missing XML comment for publicly visible type or member 'DarkCloudCoverPattern2.Uncertainty' [c:\Users\Peter\Documents\GitHub\kalshi-trading-bot\BacklashPatterns\BacklashPatterns.csproj]
c:\Users\Peter\Documents\GitHub\kalshi-trading-bot\BacklashPatterns\PatternDefinitions\DarkCloudCoverPattern.cs(60,12): error CS1591: Missing XML comment for publicly visible type or member 'DarkCloudCoverPattern2.DarkCloudCoverPattern2(List<int>)' [c:\Users\Peter\Documents\GitHub\kalshi-trading-bot\BacklashPatterns\BacklashPatterns.csproj]
c:\Users\Peter\Documents\GitHub\kalshi-trading-bot\BacklashPatterns\PatternDefinitions\DarkCloudCoverPattern.cs(64,54): error CS1591: Missing XML comment for publicly visible type or member 'DarkCloudCoverPattern2.IsPatternAsync(int, CandleMids[], int, Dictionary<int, CandleMetrics>)' [c:\Users\Peter\Documents\GitHub\kalshi-trading-bot\BacklashPatterns\BacklashPatterns.csproj]
c:\Users\Peter\Documents\GitHub\kalshi-trading-bot\BacklashPatterns\PatternDefinitions\DojiStarPattern.cs(6,14): error CS1591: Missing XML comment for publicly visible type or member 'DojiStarPattern' [c:\Users\Peter\Documents\GitHub\kalshi-trading-bot\BacklashPatterns\BacklashPatterns.csproj]
c:\Users\Peter\Documents\GitHub\kalshi-trading-bot\BacklashPatterns\PatternDefinitions\DojiStarPattern.cs(37,25): error CS1591: Missing XML comment for publicly visible type or member 'DojiStarPattern.BaseName' [c:\Users\Peter\Documents\GitHub\kalshi-trading-bot\BacklashPatterns\BacklashPatterns.csproj]
c:\Users\Peter\Documents\GitHub\kalshi-trading-bot\BacklashPatterns\PatternDefinitions\DojiStarPattern.cs(38,28): error CS1591: Missing XML comment for publicly visible type or member 'DojiStarPattern.Name' [c:\Users\Peter\Documents\GitHub\kalshi-trading-bot\BacklashPatterns\BacklashPatterns.csproj]
c:\Users\Peter\Documents\GitHub\kalshi-trading-bot\BacklashPatterns\PatternDefinitions\DojiStarPattern.cs(40,28): error CS1591: Missing XML comment for publicly visible type or member 'DojiStarPattern.Strength' [c:\Users\Peter\Documents\GitHub\kalshi-trading-bot\BacklashPatterns\BacklashPatterns.csproj]
c:\Users\Peter\Documents\GitHub\kalshi-trading-bot\BacklashPatterns\PatternDefinitions\DojiStarPattern.cs(41,28): error CS1591: Missing XML comment for publicly visible type or member 'DojiStarPattern.Certainty' [c:\Users\Peter\Documents\GitHub\kalshi-trading-bot\BacklashPatterns\BacklashPatterns.csproj]
c:\Users\Peter\Documents\GitHub\kalshi-trading-bot\BacklashPatterns\PatternDefinitions\DojiStarPattern.cs(42,28): error CS1591: Missing XML comment for publicly visible type or member 'DojiStarPattern.Uncertainty' [c:\Users\Peter\Documents\GitHub\kalshi-trading-bot\BacklashPatterns\BacklashPatterns.csproj]
c:\Users\Peter\Documents\GitHub\kalshi-trading-bot\BacklashPatterns\PatternDefinitions\DojiStarPattern.cs(43,12): error CS1591: Missing XML comment for publicly visible type or member 'DojiStarPattern.DojiStarPattern(List<int>, bool)' [c:\Users\Peter\Documents\GitHub\kalshi-trading-bot\BacklashPatterns\BacklashPatterns.csproj]
c:\Users\Peter\Documents\GitHub\kalshi-trading-bot\BacklashPatterns\PatternDefinitions\DojiStarPattern.cs(48,48): error CS1591: Missing XML comment for publicly visible type or member 'DojiStarPattern.IsPatternAsync(int, int, CandleMids[], Dictionary<int, CandleMetrics>)' [c:\Users\Peter\Documents\GitHub\kalshi-trading-bot\BacklashPatterns\BacklashPatterns.csproj]
c:\Users\Peter\Documents\GitHub\kalshi-trading-bot\BacklashPatterns\PatternDefinitions\DownsideGapThreeMethodsPattern.cs(6,14): error CS1591: Missing XML comment for publicly visible type or member 'DownsideGapThreeMethodsPattern' [c:\Users\Peter\Documents\GitHub\kalshi-trading-bot\BacklashPatterns\BacklashPatterns.csproj]
c:\Users\Peter\Documents\GitHub\kalshi-trading-bot\BacklashPatterns\PatternDefinitions\DownsideGapThreeMethodsPattern.cs(25,25): error CS1591: Missing XML comment for publicly visible type or member 'DownsideGapThreeMethodsPattern.BaseName' [c:\Users\Peter\Documents\GitHub\kalshi-trading-bot\BacklashPatterns\BacklashPatterns.csproj]
c:\Users\Peter\Documents\GitHub\kalshi-trading-bot\BacklashPatterns\PatternDefinitions\DownsideGapThreeMethodsPattern.cs(26,28): error CS1591: Missing XML comment for publicly visible type or member 'DownsideGapThreeMethodsPattern.Name' [c:\Users\Peter\Documents\GitHub\kalshi-trading-bot\BacklashPatterns\BacklashPatterns.csproj]
c:\Users\Peter\Documents\GitHub\kalshi-trading-bot\BacklashPatterns\PatternDefinitions\DownsideGapThreeMethodsPattern.cs(27,28): error CS1591: Missing XML comment for publicly visible type or member 'DownsideGapThreeMethodsPattern.Strength' [c:\Users\Peter\Documents\GitHub\kalshi-trading-bot\BacklashPatterns\BacklashPatterns.csproj]
c:\Users\Peter\Documents\GitHub\kalshi-trading-bot\BacklashPatterns\PatternDefinitions\DownsideGapThreeMethodsPattern.cs(28,28): error CS1591: Missing XML comment for publicly visible type or member 'DownsideGapThreeMethodsPattern.Certainty' [c:\Users\Peter\Documents\GitHub\kalshi-trading-bot\BacklashPatterns\BacklashPatterns.csproj]
c:\Users\Peter\Documents\GitHub\kalshi-trading-bot\BacklashPatterns\PatternDefinitions\DownsideGapThreeMethodsPattern.cs(29,28): error CS1591: Missing XML comment for publicly visible type or member 'DownsideGapThreeMethodsPattern.Uncertainty' [c:\Users\Peter\Documents\GitHub\kalshi-trading-bot\BacklashPatterns\BacklashPatterns.csproj]
c:\Users\Peter\Documents\GitHub\kalshi-trading-bot\BacklashPatterns\PatternDefinitions\DownsideGapThreeMethodsPattern.cs(30,12): error CS1591: Missing XML comment for publicly visible type or member 'DownsideGapThreeMethodsPattern.DownsideGapThreeMethodsPattern(List<int>)' [c:\Users\Peter\Documents\GitHub\kalshi-trading-bot\BacklashPatterns\BacklashPatterns.csproj]
c:\Users\Peter\Documents\GitHub\kalshi-trading-bot\BacklashPatterns\PatternDefinitions\DownsideGapThreeMethodsPattern.cs(34,63): error CS1591: Missing XML comment for publicly visible type or member 'DownsideGapThreeMethodsPattern.IsPatternAsync(int, CandleMids[], int, Dictionary<int, CandleMetrics>)' [c:\Users\Peter\Documents\GitHub\kalshi-trading-bot\BacklashPatterns\BacklashPatterns.csproj]
c:\Users\Peter\Documents\GitHub\kalshi-trading-bot\BacklashPatterns\PatternDefinitions\DragonflyDojiPattern.cs(6,14): error CS1591: Missing XML comment for publicly visible type or member 'DragonflyDojiPattern' [c:\Users\Peter\Documents\GitHub\kalshi-trading-bot\BacklashPatterns\BacklashPatterns.csproj]
c:\Users\Peter\Documents\GitHub\kalshi-trading-bot\BacklashPatterns\PatternDefinitions\DragonflyDojiPattern.cs(38,25): error CS1591: Missing XML comment for publicly visible type or member 'DragonflyDojiPattern.BaseName' [c:\Users\Peter\Documents\GitHub\kalshi-trading-bot\BacklashPatterns\BacklashPatterns.csproj]
c:\Users\Peter\Documents\GitHub\kalshi-trading-bot\BacklashPatterns\PatternDefinitions\DragonflyDojiPattern.cs(39,28): error CS1591: Missing XML comment for publicly visible type or member 'DragonflyDojiPattern.Name' [c:\Users\Peter\Documents\GitHub\kalshi-trading-bot\BacklashPatterns\BacklashPatterns.csproj]
c:\Users\Peter\Documents\GitHub\kalshi-trading-bot\BacklashPatterns\PatternDefinitions\DragonflyDojiPattern.cs(40,28): error CS1591: Missing XML comment for publicly visible type or member 'DragonflyDojiPattern.Strength' [c:\Users\Peter\Documents\GitHub\kalshi-trading-bot\BacklashPatterns\BacklashPatterns.csproj]
c:\Users\Peter\Documents\GitHub\kalshi-trading-bot\BacklashPatterns\PatternDefinitions\DragonflyDojiPattern.cs(41,28): error CS1591: Missing XML comment for publicly visible type or member 'DragonflyDojiPattern.Certainty' [c:\Users\Peter\Documents\GitHub\kalshi-trading-bot\BacklashPatterns\BacklashPatterns.csproj]
c:\Users\Peter\Documents\GitHub\kalshi-trading-bot\BacklashPatterns\PatternDefinitions\DragonflyDojiPattern.cs(42,28): error CS1591: Missing XML comment for publicly visible type or member 'DragonflyDojiPattern.Uncertainty' [c:\Users\Peter\Documents\GitHub\kalshi-trading-bot\BacklashPatterns\BacklashPatterns.csproj]
c:\Users\Peter\Documents\GitHub\kalshi-trading-bot\BacklashPatterns\PatternDefinitions\DragonflyDojiPattern.cs(43,12): error CS1591: Missing XML comment for publicly visible type or member 'DragonflyDojiPattern.DragonflyDojiPattern(List<int>)' [c:\Users\Peter\Documents\GitHub\kalshi-trading-bot\BacklashPatterns\BacklashPatterns.csproj]
c:\Users\Peter\Documents\GitHub\kalshi-trading-bot\BacklashPatterns\PatternDefinitions\DragonflyDojiPattern.cs(47,53): error CS1591: Missing XML comment for publicly visible type or member 'DragonflyDojiPattern.IsPatternAsync(Dictionary<int, CandleMetrics>, int, int, CandleMids[])' [c:\Users\Peter\Documents\GitHub\kalshi-trading-bot\BacklashPatterns\BacklashPatterns.csproj]
c:\Users\Peter\Documents\GitHub\kalshi-trading-bot\BacklashPatterns\PatternDefinitions\EngulfingPattern.cs(6,14): error CS1591: Missing XML comment for publicly visible type or member 'EngulfingPattern' [c:\Users\Peter\Documents\GitHub\kalshi-trading-bot\BacklashPatterns\BacklashPatterns.csproj]
c:\Users\Peter\Documents\GitHub\kalshi-trading-bot\BacklashPatterns\PatternDefinitions\EngulfingPattern.cs(19,25): error CS1591: Missing XML comment for publicly visible type or member 'EngulfingPattern.BaseName' [c:\Users\Peter\Documents\GitHub\kalshi-trading-bot\BacklashPatterns\BacklashPatterns.csproj]
c:\Users\Peter\Documents\GitHub\kalshi-trading-bot\BacklashPatterns\PatternDefinitions\EngulfingPattern.cs(20,28): error CS1591: Missing XML comment for publicly visible type or member 'EngulfingPattern.Name' [c:\Users\Peter\Documents\GitHub\kalshi-trading-bot\BacklashPatterns\BacklashPatterns.csproj]
c:\Users\Peter\Documents\GitHub\kalshi-trading-bot\BacklashPatterns\PatternDefinitions\EngulfingPattern.cs(22,28): error CS1591: Missing XML comment for publicly visible type or member 'EngulfingPattern.Strength' [c:\Users\Peter\Documents\GitHub\kalshi-trading-bot\BacklashPatterns\BacklashPatterns.csproj]
c:\Users\Peter\Documents\GitHub\kalshi-trading-bot\BacklashPatterns\PatternDefinitions\EngulfingPattern.cs(23,28): error CS1591: Missing XML comment for publicly visible type or member 'EngulfingPattern.Certainty' [c:\Users\Peter\Documents\GitHub\kalshi-trading-bot\BacklashPatterns\BacklashPatterns.csproj]
c:\Users\Peter\Documents\GitHub\kalshi-trading-bot\BacklashPatterns\PatternDefinitions\EngulfingPattern.cs(24,28): error CS1591: Missing XML comment for publicly visible type or member 'EngulfingPattern.Uncertainty' [c:\Users\Peter\Documents\GitHub\kalshi-trading-bot\BacklashPatterns\BacklashPatterns.csproj]
c:\Users\Peter\Documents\GitHub\kalshi-trading-bot\BacklashPatterns\PatternDefinitions\EngulfingPattern.cs(25,12): error CS1591: Missing XML comment for publicly visible type or member 'EngulfingPattern.EngulfingPattern(List<int>, bool)' [c:\Users\Peter\Documents\GitHub\kalshi-trading-bot\BacklashPatterns\BacklashPatterns.csproj]
c:\Users\Peter\Documents\GitHub\kalshi-trading-bot\BacklashPatterns\PatternDefinitions\EngulfingPattern.cs(30,49): error CS1591: Missing XML comment for publicly visible type or member 'EngulfingPattern.IsPatternAsync(int, Dictionary<int, CandleMetrics>, CandleMids[], double, bool)' [c:\Users\Peter\Documents\GitHub\kalshi-trading-bot\BacklashPatterns\BacklashPatterns.csproj]
c:\Users\Peter\Documents\GitHub\kalshi-trading-bot\BacklashPatterns\PatternDefinitions\EveningStarPattern.cs(6,14): error CS1591: Missing XML comment for publicly visible type or member 'EveningStarPattern' [c:\Users\Peter\Documents\GitHub\kalshi-trading-bot\BacklashPatterns\BacklashPatterns.csproj]
c:\Users\Peter\Documents\GitHub\kalshi-trading-bot\BacklashPatterns\PatternDefinitions\EveningStarPattern.cs(37,25): error CS1591: Missing XML comment for publicly visible type or member 'EveningStarPattern.BaseName' [c:\Users\Peter\Documents\GitHub\kalshi-trading-bot\BacklashPatterns\BacklashPatterns.csproj]
c:\Users\Peter\Documents\GitHub\kalshi-trading-bot\BacklashPatterns\PatternDefinitions\EveningStarPattern.cs(38,28): error CS1591: Missing XML comment for publicly visible type or member 'EveningStarPattern.Name' [c:\Users\Peter\Documents\GitHub\kalshi-trading-bot\BacklashPatterns\BacklashPatterns.csproj]
c:\Users\Peter\Documents\GitHub\kalshi-trading-bot\BacklashPatterns\PatternDefinitions\EveningStarPattern.cs(39,28): error CS1591: Missing XML comment for publicly visible type or member 'EveningStarPattern.Strength' [c:\Users\Peter\Documents\GitHub\kalshi-trading-bot\BacklashPatterns\BacklashPatterns.csproj]
c:\Users\Peter\Documents\GitHub\kalshi-trading-bot\BacklashPatterns\PatternDefinitions\EveningStarPattern.cs(40,28): error CS1591: Missing XML comment for publicly visible type or member 'EveningStarPattern.Certainty' [c:\Users\Peter\Documents\GitHub\kalshi-trading-bot\BacklashPatterns\BacklashPatterns.csproj]
c:\Users\Peter\Documents\GitHub\kalshi-trading-bot\BacklashPatterns\PatternDefinitions\EveningStarPattern.cs(41,28): error CS1591: Missing XML comment for publicly visible type or member 'EveningStarPattern.Uncertainty' [c:\Users\Peter\Documents\GitHub\kalshi-trading-bot\BacklashPatterns\BacklashPatterns.csproj]
c:\Users\Peter\Documents\GitHub\kalshi-trading-bot\BacklashPatterns\PatternDefinitions\EveningStarPattern.cs(42,12): error CS1591: Missing XML comment for publicly visible type or member 'EveningStarPattern.EveningStarPattern(List<int>)' [c:\Users\Peter\Documents\GitHub\kalshi-trading-bot\BacklashPatterns\BacklashPatterns.csproj]
c:\Users\Peter\Documents\GitHub\kalshi-trading-bot\BacklashPatterns\PatternDefinitions\EveningStarPattern.cs(46,51): error CS1591: Missing XML comment for publicly visible type or member 'EveningStarPattern.IsPatternAsync(int, CandleMids[], int, Dictionary<int, CandleMetrics>)' [c:\Users\Peter\Documents\GitHub\kalshi-trading-bot\BacklashPatterns\BacklashPatterns.csproj]
c:\Users\Peter\Documents\GitHub\kalshi-trading-bot\BacklashPatterns\PatternDefinitions\GravestoneDojiPattern.cs(6,14): error CS1591: Missing XML comment for publicly visible type or member 'GravestoneDojiPattern' [c:\Users\Peter\Documents\GitHub\kalshi-trading-bot\BacklashPatterns\BacklashPatterns.csproj]
c:\Users\Peter\Documents\GitHub\kalshi-trading-bot\BacklashPatterns\PatternDefinitions\GravestoneDojiPattern.cs(56,25): error CS1591: Missing XML comment for publicly visible type or member 'GravestoneDojiPattern.BaseName' [c:\Users\Peter\Documents\GitHub\kalshi-trading-bot\BacklashPatterns\BacklashPatterns.csproj]
c:\Users\Peter\Documents\GitHub\kalshi-trading-bot\BacklashPatterns\PatternDefinitions\GravestoneDojiPattern.cs(57,28): error CS1591: Missing XML comment for publicly visible type or member 'GravestoneDojiPattern.Name' [c:\Users\Peter\Documents\GitHub\kalshi-trading-bot\BacklashPatterns\BacklashPatterns.csproj]
c:\Users\Peter\Documents\GitHub\kalshi-trading-bot\BacklashPatterns\PatternDefinitions\GravestoneDojiPattern.cs(58,28): error CS1591: Missing XML comment for publicly visible type or member 'GravestoneDojiPattern.Strength' [c:\Users\Peter\Documents\GitHub\kalshi-trading-bot\BacklashPatterns\BacklashPatterns.csproj]
c:\Users\Peter\Documents\GitHub\kalshi-trading-bot\BacklashPatterns\PatternDefinitions\GravestoneDojiPattern.cs(59,28): error CS1591: Missing XML comment for publicly visible type or member 'GravestoneDojiPattern.Certainty' [c:\Users\Peter\Documents\GitHub\kalshi-trading-bot\BacklashPatterns\BacklashPatterns.csproj]
c:\Users\Peter\Documents\GitHub\kalshi-trading-bot\BacklashPatterns\PatternDefinitions\GravestoneDojiPattern.cs(60,28): error CS1591: Missing XML comment for publicly visible type or member 'GravestoneDojiPattern.Uncertainty' [c:\Users\Peter\Documents\GitHub\kalshi-trading-bot\BacklashPatterns\BacklashPatterns.csproj]
c:\Users\Peter\Documents\GitHub\kalshi-trading-bot\BacklashPatterns\PatternDefinitions\GravestoneDojiPattern.cs(61,12): error CS1591: Missing XML comment for publicly visible type or member 'GravestoneDojiPattern.GravestoneDojiPattern(List<int>)' [c:\Users\Peter\Documents\GitHub\kalshi-trading-bot\BacklashPatterns\BacklashPatterns.csproj]
c:\Users\Peter\Documents\GitHub\kalshi-trading-bot\BacklashPatterns\PatternDefinitions\GravestoneDojiPattern.cs(65,54): error CS1591: Missing XML comment for publicly visible type or member 'GravestoneDojiPattern.IsPatternAsync(Dictionary<int, CandleMetrics>, int, int, CandleMids[])' [c:\Users\Peter\Documents\GitHub\kalshi-trading-bot\BacklashPatterns\BacklashPatterns.csproj]
c:\Users\Peter\Documents\GitHub\kalshi-trading-bot\BacklashPatterns\PatternDefinitions\HammerPattern.cs(6,14): error CS1591: Missing XML comment for publicly visible type or member 'HammerPattern' [c:\Users\Peter\Documents\GitHub\kalshi-trading-bot\BacklashPatterns\BacklashPatterns.csproj]
c:\Users\Peter\Documents\GitHub\kalshi-trading-bot\BacklashPatterns\PatternDefinitions\HammerPattern.cs(37,25): error CS1591: Missing XML comment for publicly visible type or member 'HammerPattern.BaseName' [c:\Users\Peter\Documents\GitHub\kalshi-trading-bot\BacklashPatterns\BacklashPatterns.csproj]
c:\Users\Peter\Documents\GitHub\kalshi-trading-bot\BacklashPatterns\PatternDefinitions\HammerPattern.cs(38,28): error CS1591: Missing XML comment for publicly visible type or member 'HammerPattern.Name' [c:\Users\Peter\Documents\GitHub\kalshi-trading-bot\BacklashPatterns\BacklashPatterns.csproj]
c:\Users\Peter\Documents\GitHub\kalshi-trading-bot\BacklashPatterns\PatternDefinitions\HammerPattern.cs(39,28): error CS1591: Missing XML comment for publicly visible type or member 'HammerPattern.Strength' [c:\Users\Peter\Documents\GitHub\kalshi-trading-bot\BacklashPatterns\BacklashPatterns.csproj]
c:\Users\Peter\Documents\GitHub\kalshi-trading-bot\BacklashPatterns\PatternDefinitions\HammerPattern.cs(40,28): error CS1591: Missing XML comment for publicly visible type or member 'HammerPattern.Certainty' [c:\Users\Peter\Documents\GitHub\kalshi-trading-bot\BacklashPatterns\BacklashPatterns.csproj]
c:\Users\Peter\Documents\GitHub\kalshi-trading-bot\BacklashPatterns\PatternDefinitions\HammerPattern.cs(41,28): error CS1591: Missing XML comment for publicly visible type or member 'HammerPattern.Uncertainty' [c:\Users\Peter\Documents\GitHub\kalshi-trading-bot\BacklashPatterns\BacklashPatterns.csproj]
c:\Users\Peter\Documents\GitHub\kalshi-trading-bot\BacklashPatterns\PatternDefinitions\HammerPattern.cs(42,12): error CS1591: Missing XML comment for publicly visible type or member 'HammerPattern.HammerPattern(List<int>)' [c:\Users\Peter\Documents\GitHub\kalshi-trading-bot\BacklashPatterns\BacklashPatterns.csproj]
c:\Users\Peter\Documents\GitHub\kalshi-trading-bot\BacklashPatterns\PatternDefinitions\HammerPattern.cs(46,46): error CS1591: Missing XML comment for publicly visible type or member 'HammerPattern.IsPatternAsync(Dictionary<int, CandleMetrics>, int, int, CandleMids[])' [c:\Users\Peter\Documents\GitHub\kalshi-trading-bot\BacklashPatterns\BacklashPatterns.csproj]
c:\Users\Peter\Documents\GitHub\kalshi-trading-bot\BacklashPatterns\PatternDefinitions\UpsideDownsideGapThreeMethodsPattern.cs(6,14): error CS1591: Missing XML comment for publicly visible type or member 'UpsideDownsideGapThreeMethodsPattern' [c:\Users\Peter\Documents\GitHub\kalshi-trading-bot\BacklashPatterns\BacklashPatterns.csproj]
c:\Users\Peter\Documents\GitHub\kalshi-trading-bot\BacklashPatterns\PatternDefinitions\UpsideDownsideGapThreeMethodsPattern.cs(21,25): error CS1591: Missing XML comment for publicly visible type or member 'UpsideDownsideGapThreeMethodsPattern.BaseName' [c:\Users\Peter\Documents\GitHub\kalshi-trading-bot\BacklashPatterns\BacklashPatterns.csproj]
c:\Users\Peter\Documents\GitHub\kalshi-trading-bot\BacklashPatterns\PatternDefinitions\UpsideDownsideGapThreeMethodsPattern.cs(22,28): error CS1591: Missing XML comment for publicly visible type or member 'UpsideDownsideGapThreeMethodsPattern.Name' [c:\Users\Peter\Documents\GitHub\kalshi-trading-bot\BacklashPatterns\BacklashPatterns.csproj]
c:\Users\Peter\Documents\GitHub\kalshi-trading-bot\BacklashPatterns\PatternDefinitions\UpsideDownsideGapThreeMethodsPattern.cs(23,28): error CS1591: Missing XML comment for publicly visible type or member 'UpsideDownsideGapThreeMethodsPattern.Strength' [c:\Users\Peter\Documents\GitHub\kalshi-trading-bot\BacklashPatterns\BacklashPatterns.csproj]
c:\Users\Peter\Documents\GitHub\kalshi-trading-bot\BacklashPatterns\PatternDefinitions\UpsideDownsideGapThreeMethodsPattern.cs(24,28): error CS1591: Missing XML comment for publicly visible type or member 'UpsideDownsideGapThreeMethodsPattern.Certainty' [c:\Users\Peter\Documents\GitHub\kalshi-trading-bot\BacklashPatterns\BacklashPatterns.csproj]
c:\Users\Peter\Documents\GitHub\kalshi-trading-bot\BacklashPatterns\PatternDefinitions\UpsideDownsideGapThreeMethodsPattern.cs(25,28): error CS1591: Missing XML comment for publicly visible type or member 'UpsideDownsideGapThreeMethodsPattern.Uncertainty' [c:\Users\Peter\Documents\GitHub\kalshi-trading-bot\BacklashPatterns\BacklashPatterns.csproj]
c:\Users\Peter\Documents\GitHub\kalshi-trading-bot\BacklashPatterns\PatternDefinitions\UpsideDownsideGapThreeMethodsPattern.cs(26,12): error CS1591: Missing XML comment for publicly visible type or member 'UpsideDownsideGapThreeMethodsPattern.UpsideDownsideGapThreeMethodsPattern(List<int>)' [c:\Users\Peter\Documents\GitHub\kalshi-trading-bot\BacklashPatterns\BacklashPatterns.csproj]
c:\Users\Peter\Documents\GitHub\kalshi-trading-bot\BacklashPatterns\PatternDefinitions\UpsideDownsideGapThreeMethodsPattern.cs(30,69): error CS1591: Missing XML comment for publicly visible type or member 'UpsideDownsideGapThreeMethodsPattern.IsPatternAsync(int, int, bool, CandleMids[], Dictionary<int, CandleMetrics>)' [c:\Users\Peter\Documents\GitHub\kalshi-trading-bot\BacklashPatterns\BacklashPatterns.csproj]
c:\Users\Peter\Documents\GitHub\kalshi-trading-bot\KalshiBotAPI\Websockets\Interfaces\IMessageProcessor.cs(6,22): error CS1591: Missing XML comment for publicly visible type or member 'IMessageProcessor' [c:\Users\Peter\Documents\GitHub\kalshi-trading-bot\KalshiBotAPI\KalshiBotAPI.csproj]
c:\Users\Peter\Documents\GitHub\kalshi-trading-bot\KalshiBotAPI\Websockets\Interfaces\IMessageProcessor.cs(8,48): error CS1591: Missing XML comment for publicly visible type or member 'IMessageProcessor.OrderBookReceived' [c:\Users\Peter\Documents\GitHub\kalshi-trading-bot\KalshiBotAPI\KalshiBotAPI.csproj]
c:\Users\Peter\Documents\GitHub\kalshi-trading-bot\KalshiBotAPI\Websockets\Interfaces\IMessageProcessor.cs(9,45): error CS1591: Missing XML comment for publicly visible type or member 'IMessageProcessor.TickerReceived' [c:\Users\Peter\Documents\GitHub\kalshi-trading-bot\KalshiBotAPI\KalshiBotAPI.csproj]
c:\Users\Peter\Documents\GitHub\kalshi-trading-bot\KalshiBotAPI\Websockets\Interfaces\IMessageProcessor.cs(10,44): error CS1591: Missing XML comment for publicly visible type or member 'IMessageProcessor.TradeReceived' [c:\Users\Peter\Documents\GitHub\kalshi-trading-bot\KalshiBotAPI\KalshiBotAPI.csproj]
c:\Users\Peter\Documents\GitHub\kalshi-trading-bot\KalshiBotAPI\Websockets\Interfaces\IMessageProcessor.cs(11,43): error CS1591: Missing XML comment for publicly visible type or member 'IMessageProcessor.FillReceived' [c:\Users\Peter\Documents\GitHub\kalshi-trading-bot\KalshiBotAPI\KalshiBotAPI.csproj]
c:\Users\Peter\Documents\GitHub\kalshi-trading-bot\KalshiBotAPI\Websockets\Interfaces\IMessageProcessor.cs(12,54): error CS1591: Missing XML comment for publicly visible type or member 'IMessageProcessor.MarketLifecycleReceived' [c:\Users\Peter\Documents\GitHub\kalshi-trading-bot\KalshiBotAPI\KalshiBotAPI.csproj]
c:\Users\Peter\Documents\GitHub\kalshi-trading-bot\KalshiBotAPI\Websockets\Interfaces\IMessageProcessor.cs(13,53): error CS1591: Missing XML comment for publicly visible type or member 'IMessageProcessor.EventLifecycleReceived' [c:\Users\Peter\Documents\GitHub\kalshi-trading-bot\KalshiBotAPI\KalshiBotAPI.csproj]
c:\Users\Peter\Documents\GitHub\kalshi-trading-bot\KalshiBotAPI\Websockets\Interfaces\IMessageProcessor.cs(14,38): error CS1591: Missing XML comment for publicly visible type or member 'IMessageProcessor.MessageReceived' [c:\Users\Peter\Documents\GitHub\kalshi-trading-bot\KalshiBotAPI\KalshiBotAPI.csproj]
c:\Users\Peter\Documents\GitHub\kalshi-trading-bot\KalshiBotAPI\Websockets\Interfaces\IMessageProcessor.cs(16,14): error CS1591: Missing XML comment for publicly visible type or member 'IMessageProcessor.ProcessMessageAsync(string)' [c:\Users\Peter\Documents\GitHub\kalshi-trading-bot\KalshiBotAPI\KalshiBotAPI.csproj]
c:\Users\Peter\Documents\GitHub\kalshi-trading-bot\KalshiBotAPI\Websockets\Interfaces\IMessageProcessor.cs(17,14): error CS1591: Missing XML comment for publicly visible type or member 'IMessageProcessor.StartProcessingAsync()' [c:\Users\Peter\Documents\GitHub\kalshi-trading-bot\KalshiBotAPI\KalshiBotAPI.csproj]
c:\Users\Peter\Documents\GitHub\kalshi-trading-bot\KalshiBotAPI\Websockets\Interfaces\IMessageProcessor.cs(18,14): error CS1591: Missing XML comment for publicly visible type or member 'IMessageProcessor.StopProcessingAsync()' [c:\Users\Peter\Documents\GitHub\kalshi-trading-bot\KalshiBotAPI\KalshiBotAPI.csproj]
c:\Users\Peter\Documents\GitHub\kalshi-trading-bot\KalshiBotAPI\Websockets\Interfaces\IMessageProcessor.cs(19,13): error CS1591: Missing XML comment for publicly visible type or member 'IMessageProcessor.OrderBookMessageQueueCount' [c:\Users\Peter\Documents\GitHub\kalshi-trading-bot\KalshiBotAPI\KalshiBotAPI.csproj]
c:\Users\Peter\Documents\GitHub\kalshi-trading-bot\KalshiBotAPI\Websockets\Interfaces\IMessageProcessor.cs(20,13): error CS1591: Missing XML comment for publicly visible type or member 'IMessageProcessor.PendingConfirmsCount' [c:\Users\Peter\Documents\GitHub\kalshi-trading-bot\KalshiBotAPI\KalshiBotAPI.csproj]
c:\Users\Peter\Documents\GitHub\kalshi-trading-bot\KalshiBotAPI\Websockets\Interfaces\IMessageProcessor.cs(21,14): error CS1591: Missing XML comment for publicly visible type or member 'IMessageProcessor.LastSequenceNumber' [c:\Users\Peter\Documents\GitHub\kalshi-trading-bot\KalshiBotAPI\KalshiBotAPI.csproj]
c:\Users\Peter\Documents\GitHub\kalshi-trading-bot\KalshiBotAPI\Websockets\Interfaces\IMessageProcessor.cs(22,14): error CS1591: Missing XML comment for publicly visible type or member 'IMessageProcessor.ResetEventCounts()' [c:\Users\Peter\Documents\GitHub\kalshi-trading-bot\KalshiBotAPI\KalshiBotAPI.csproj]
c:\Users\Peter\Documents\GitHub\kalshi-trading-bot\KalshiBotAPI\Websockets\Interfaces\IMessageProcessor.cs(23,14): error CS1591: Missing XML comment for publicly visible type or member 'IMessageProcessor.ClearOrderBookQueue(string)' [c:\Users\Peter\Documents\GitHub\kalshi-trading-bot\KalshiBotAPI\KalshiBotAPI.csproj]
c:\Users\Peter\Documents\GitHub\kalshi-trading-bot\KalshiBotAPI\Websockets\Interfaces\IMessageProcessor.cs(24,14): error CS1591: Missing XML comment for publicly visible type or member 'IMessageProcessor.WaitForEmptyOrderBookQueueAsync(string, TimeSpan)' [c:\Users\Peter\Documents\GitHub\kalshi-trading-bot\KalshiBotAPI\KalshiBotAPI.csproj]
c:\Users\Peter\Documents\GitHub\kalshi-trading-bot\KalshiBotAPI\Websockets\Interfaces\IMessageProcessor.cs(25,66): error CS1591: Missing XML comment for publicly visible type or member 'IMessageProcessor.GetEventCountsByMarket(string)' [c:\Users\Peter\Documents\GitHub\kalshi-trading-bot\KalshiBotAPI\KalshiBotAPI.csproj]
c:\Users\Peter\Documents\GitHub\kalshi-trading-bot\KalshiBotAPI\Websockets\Interfaces\IMessageProcessor.cs(26,14): error CS1591: Missing XML comment for publicly visible type or member 'IMessageProcessor.SetWriteToSql(bool)' [c:\Users\Peter\Documents\GitHub\kalshi-trading-bot\KalshiBotAPI\KalshiBotAPI.csproj]
c:\Users\Peter\Documents\GitHub\kalshi-trading-bot\KalshiBotAPI\Websockets\Interfaces\ISubscriptionManager.cs(6,22): error CS1591: Missing XML comment for publicly visible type or member 'ISubscriptionManager' [c:\Users\Peter\Documents\GitHub\kalshi-trading-bot\KalshiBotAPI\KalshiBotAPI.csproj]
c:\Users\Peter\Documents\GitHub\kalshi-trading-bot\KalshiBotAPI\Websockets\Interfaces\ISubscriptionManager.cs(8,14): error CS1591: Missing XML comment for publicly visible type or member 'ISubscriptionManager.StartAsync()' [c:\Users\Peter\Documents\GitHub\kalshi-trading-bot\KalshiBotAPI\KalshiBotAPI.csproj]
c:\Users\Peter\Documents\GitHub\kalshi-trading-bot\KalshiBotAPI\Websockets\Interfaces\ISubscriptionManager.cs(9,14): error CS1591: Missing XML comment for publicly visible type or member 'ISubscriptionManager.SubscribeToChannelAsync(string, string[])' [c:\Users\Peter\Documents\GitHub\kalshi-trading-bot\KalshiBotAPI\KalshiBotAPI.csproj]
c:\Users\Peter\Documents\GitHub\kalshi-trading-bot\KalshiBotAPI\Websockets\Interfaces\ISubscriptionManager.cs(10,14): error CS1591: Missing XML comment for publicly visible type or member 'ISubscriptionManager.SubscribeToWatchedMarketsAsync()' [c:\Users\Peter\Documents\GitHub\kalshi-trading-bot\KalshiBotAPI\KalshiBotAPI.csproj]
c:\Users\Peter\Documents\GitHub\kalshi-trading-bot\KalshiBotAPI\Websockets\Interfaces\ISubscriptionManager.cs(11,14): error CS1591: Missing XML comment for publicly visible type or member 'ISubscriptionManager.UpdateSubscriptionAsync(string, string[], string)' [c:\Users\Peter\Documents\GitHub\kalshi-trading-bot\KalshiBotAPI\KalshiBotAPI.csproj]
c:\Users\Peter\Documents\GitHub\kalshi-trading-bot\KalshiBotAPI\Websockets\Interfaces\ISubscriptionManager.cs(12,14): error CS1591: Missing XML comment for publicly visible type or member 'ISubscriptionManager.UnsubscribeFromChannelAsync(string)' [c:\Users\Peter\Documents\GitHub\kalshi-trading-bot\KalshiBotAPI\KalshiBotAPI.csproj]
c:\Users\Peter\Documents\GitHub\kalshi-trading-bot\KalshiBotAPI\Websockets\Interfaces\ISubscriptionManager.cs(13,14): error CS1591: Missing XML comment for publicly visible type or member 'ISubscriptionManager.UnsubscribeFromAllAsync()' [c:\Users\Peter\Documents\GitHub\kalshi-trading-bot\KalshiBotAPI\KalshiBotAPI.csproj]
c:\Users\Peter\Documents\GitHub\kalshi-trading-bot\KalshiBotAPI\Websockets\Interfaces\ISubscriptionManager.cs(14,14): error CS1591: Missing XML comment for publicly visible type or member 'ISubscriptionManager.ResubscribeAsync(bool)' [c:\Users\Peter\Documents\GitHub\kalshi-trading-bot\KalshiBotAPI\KalshiBotAPI.csproj]
c:\Users\Peter\Documents\GitHub\kalshi-trading-bot\KalshiBotAPI\Websockets\Interfaces\ISubscriptionManager.cs(15,16): error CS1591: Missing XML comment for publicly visible type or member 'ISubscriptionManager.GetChannelName(string)' [c:\Users\Peter\Documents\GitHub\kalshi-trading-bot\KalshiBotAPI\KalshiBotAPI.csproj]
c:\Users\Peter\Documents\GitHub\kalshi-trading-bot\KalshiBotAPI\Websockets\Interfaces\ISubscriptionManager.cs(16,13): error CS1591: Missing XML comment for publicly visible type or member 'ISubscriptionManager.GenerateNextMessageId()' [c:\Users\Peter\Documents\GitHub\kalshi-trading-bot\KalshiBotAPI\KalshiBotAPI.csproj]
c:\Users\Peter\Documents\GitHub\kalshi-trading-bot\KalshiBotAPI\Websockets\Interfaces\ISubscriptionManager.cs(17,14): error CS1591: Missing XML comment for publicly visible type or member 'ISubscriptionManager.IsSubscribed(string, string)' [c:\Users\Peter\Documents\GitHub\kalshi-trading-bot\KalshiBotAPI\KalshiBotAPI.csproj]
c:\Users\Peter\Documents\GitHub\kalshi-trading-bot\KalshiBotAPI\Websockets\Interfaces\ISubscriptionManager.cs(18,14): error CS1591: Missing XML comment for publicly visible type or member 'ISubscriptionManager.CanSubscribeToMarket(string, string)' [c:\Users\Peter\Documents\GitHub\kalshi-trading-bot\KalshiBotAPI\KalshiBotAPI.csproj]
c:\Users\Peter\Documents\GitHub\kalshi-trading-bot\KalshiBotAPI\Websockets\Interfaces\ISubscriptionManager.cs(19,14): error CS1591: Missing XML comment for publicly visible type or member 'ISubscriptionManager.SetSubscriptionState(string, string, SubscriptionState)' [c:\Users\Peter\Documents\GitHub\kalshi-trading-bot\KalshiBotAPI\KalshiBotAPI.csproj]
c:\Users\Peter\Documents\GitHub\kalshi-trading-bot\KalshiBotAPI\Websockets\Interfaces\ISubscriptionManager.cs(20,14): error CS1591: Missing XML comment for publicly visible type or member 'ISubscriptionManager.ClearOrderBookQueue(string)' [c:\Users\Peter\Documents\GitHub\kalshi-trading-bot\KalshiBotAPI\KalshiBotAPI.csproj]
c:\Users\Peter\Documents\GitHub\kalshi-trading-bot\KalshiBotAPI\Websockets\Interfaces\ISubscriptionManager.cs(21,14): error CS1591: Missing XML comment for publicly visible type or member 'ISubscriptionManager.WaitForEmptyOrderBookQueueAsync(string, TimeSpan)' [c:\Users\Peter\Documents\GitHub\kalshi-trading-bot\KalshiBotAPI\KalshiBotAPI.csproj]
c:\Users\Peter\Documents\GitHub\kalshi-trading-bot\KalshiBotAPI\Websockets\Interfaces\ISubscriptionManager.cs(22,25): error CS1591: Missing XML comment for publicly visible type or member 'ISubscriptionManager.WatchedMarkets' [c:\Users\Peter\Documents\GitHub\kalshi-trading-bot\KalshiBotAPI\KalshiBotAPI.csproj]
c:\Users\Peter\Documents\GitHub\kalshi-trading-bot\KalshiBotAPI\Websockets\Interfaces\ISubscriptionManager.cs(23,44): error CS1591: Missing XML comment for publicly visible type or member 'ISubscriptionManager.EventCounts' [c:\Users\Peter\Documents\GitHub\kalshi-trading-bot\KalshiBotAPI\KalshiBotAPI.csproj]
c:\Users\Peter\Documents\GitHub\kalshi-trading-bot\KalshiBotAPI\Websockets\Interfaces\ISubscriptionManager.cs(24,13): error CS1591: Missing XML comment for publicly visible type or member 'ISubscriptionManager.SubscriptionUpdateSemaphoreCount' [c:\Users\Peter\Documents\GitHub\kalshi-trading-bot\KalshiBotAPI\KalshiBotAPI.csproj]
c:\Users\Peter\Documents\GitHub\kalshi-trading-bot\KalshiBotAPI\Websockets\Interfaces\ISubscriptionManager.cs(25,13): error CS1591: Missing XML comment for publicly visible type or member 'ISubscriptionManager.ChannelSubscriptionSemaphoreCount' [c:\Users\Peter\Documents\GitHub\kalshi-trading-bot\KalshiBotAPI\KalshiBotAPI.csproj]
c:\Users\Peter\Documents\GitHub\kalshi-trading-bot\KalshiBotAPI\Websockets\Interfaces\ISubscriptionManager.cs(26,13): error CS1591: Missing XML comment for publicly visible type or member 'ISubscriptionManager.QueuedSubscriptionUpdatesCount' [c:\Users\Peter\Documents\GitHub\kalshi-trading-bot\KalshiBotAPI\KalshiBotAPI.csproj]
c:\Users\Peter\Documents\GitHub\kalshi-trading-bot\KalshiBotAPI\Websockets\Interfaces\ISubscriptionManager.cs(27,14): error CS1591: Missing XML comment for publicly visible type or member 'ISubscriptionManager.ResetEventCounts()' [c:\Users\Peter\Documents\GitHub\kalshi-trading-bot\KalshiBotAPI\KalshiBotAPI.csproj]
c:\Users\Peter\Documents\GitHub\kalshi-trading-bot\KalshiBotAPI\Websockets\Interfaces\ISubscriptionManager.cs(28,66): error CS1591: Missing XML comment for publicly visible type or member 'ISubscriptionManager.GetEventCountsByMarket(string)' [c:\Users\Peter\Documents\GitHub\kalshi-trading-bot\KalshiBotAPI\KalshiBotAPI.csproj]
c:\Users\Peter\Documents\GitHub\kalshi-trading-bot\KalshiBotAPI\Websockets\Interfaces\ISubscriptionManager.cs(29,14): error CS1591: Missing XML comment for publicly visible type or member 'ISubscriptionManager.UpdateSubscriptionStateFromConfirmationAsync(int, string)' [c:\Users\Peter\Documents\GitHub\kalshi-trading-bot\KalshiBotAPI\KalshiBotAPI.csproj]
c:\Users\Peter\Documents\GitHub\kalshi-trading-bot\KalshiBotAPI\Websockets\Interfaces\ISubscriptionManager.cs(30,14): error CS1591: Missing XML comment for publicly visible type or member 'ISubscriptionManager.RemovePendingConfirmation(int)' [c:\Users\Peter\Documents\GitHub\kalshi-trading-bot\KalshiBotAPI\KalshiBotAPI.csproj]
c:\Users\Peter\Documents\GitHub\kalshi-trading-bot\KalshiBotAPI\Websockets\Interfaces\ISubscriptionManager.cs(31,51): error CS1591: Missing XML comment for publicly visible type or member 'ISubscriptionManager.GetPendingConfirm(int)' [c:\Users\Peter\Documents\GitHub\kalshi-trading-bot\KalshiBotAPI\KalshiBotAPI.csproj]
c:\Users\Peter\Documents\GitHub\kalshi-trading-bot\KalshiBotAPI\Websockets\Interfaces\IWebSocketConnectionManager.cs(5,22): error CS1591: Missing XML comment for publicly visible type or member 'IWebSocketConnectionManager' [c:\Users\Peter\Documents\GitHub\kalshi-trading-bot\KalshiBotAPI\KalshiBotAPI.csproj]
c:\Users\Peter\Documents\GitHub\kalshi-trading-bot\KalshiBotAPI\Websockets\Interfaces\IWebSocketConnectionManager.cs(7,14): error CS1591: Missing XML comment for publicly visible type or member 'IWebSocketConnectionManager.ConnectAsync(int)' [c:\Users\Peter\Documents\GitHub\kalshi-trading-bot\KalshiBotAPI\KalshiBotAPI.csproj]
c:\Users\Peter\Documents\GitHub\kalshi-trading-bot\KalshiBotAPI\Websockets\Interfaces\IWebSocketConnectionManager.cs(8,14): error CS1591: Missing XML comment for publicly visible type or member 'IWebSocketConnectionManager.ResetConnectionAsync()' [c:\Users\Peter\Documents\GitHub\kalshi-trading-bot\KalshiBotAPI\KalshiBotAPI.csproj]
c:\Users\Peter\Documents\GitHub\kalshi-trading-bot\KalshiBotAPI\Websockets\Interfaces\IWebSocketConnectionManager.cs(9,14): error CS1591: Missing XML comment for publicly visible type or member 'IWebSocketConnectionManager.SendMessageAsync(string)' [c:\Users\Peter\Documents\GitHub\kalshi-trading-bot\KalshiBotAPI\KalshiBotAPI.csproj]
c:\Users\Peter\Documents\GitHub\kalshi-trading-bot\KalshiBotAPI\Websockets\Interfaces\IWebSocketConnectionManager.cs(10,14): error CS1591: Missing XML comment for publicly visible type or member 'IWebSocketConnectionManager.ReceiveAsync()' [c:\Users\Peter\Documents\GitHub\kalshi-trading-bot\KalshiBotAPI\KalshiBotAPI.csproj]
c:\Users\Peter\Documents\GitHub\kalshi-trading-bot\KalshiBotAPI\Websockets\Interfaces\IWebSocketConnectionManager.cs(11,14): error CS1591: Missing XML comment for publicly visible type or member 'IWebSocketConnectionManager.IsConnected()' [c:\Users\Peter\Documents\GitHub\kalshi-trading-bot\KalshiBotAPI\KalshiBotAPI.csproj]
c:\Users\Peter\Documents\GitHub\kalshi-trading-bot\KalshiBotAPI\Websockets\Interfaces\IWebSocketConnectionManager.cs(12,14): error CS1591: Missing XML comment for publicly visible type or member 'IWebSocketConnectionManager.DisableReconnect()' [c:\Users\Peter\Documents\GitHub\kalshi-trading-bot\KalshiBotAPI\KalshiBotAPI.csproj]
c:\Users\Peter\Documents\GitHub\kalshi-trading-bot\KalshiBotAPI\Websockets\Interfaces\IWebSocketConnectionManager.cs(13,14): error CS1591: Missing XML comment for publicly visible type or member 'IWebSocketConnectionManager.EnableReconnect()' [c:\Users\Peter\Documents\GitHub\kalshi-trading-bot\KalshiBotAPI\KalshiBotAPI.csproj]
c:\Users\Peter\Documents\GitHub\kalshi-trading-bot\KalshiBotAPI\Websockets\Interfaces\IWebSocketConnectionManager.cs(14,14): error CS1591: Missing XML comment for publicly visible type or member 'IWebSocketConnectionManager.StopAsync()' [c:\Users\Peter\Documents\GitHub\kalshi-trading-bot\KalshiBotAPI\KalshiBotAPI.csproj]
c:\Users\Peter\Documents\GitHub\kalshi-trading-bot\KalshiBotAPI\Websockets\Interfaces\IWebSocketConnectionManager.cs(15,26): error CS1591: Missing XML comment for publicly visible type or member 'IWebSocketConnectionManager.GetWebSocket()' [c:\Users\Peter\Documents\GitHub\kalshi-trading-bot\KalshiBotAPI\KalshiBotAPI.csproj]
c:\Users\Peter\Documents\GitHub\kalshi-trading-bot\KalshiBotAPI\Websockets\Interfaces\IWebSocketConnectionManager.cs(16,13): error CS1591: Missing XML comment for publicly visible type or member 'IWebSocketConnectionManager.ConnectSemaphoreCount' [c:\Users\Peter\Documents\GitHub\kalshi-trading-bot\KalshiBotAPI\KalshiBotAPI.csproj]
c:\Users\Peter\Documents\GitHub\kalshi-trading-bot\KalshiBotAPI\Websockets\KalshiWebSocketClient.cs(336,27): error CS1591: Missing XML comment for publicly visible type or member 'KalshiWebSocketClient.UpdateSubscriptionAsync(string, string[], string)' [c:\Users\Peter\Documents\GitHub\kalshi-trading-bot\KalshiBotAPI\KalshiBotAPI.csproj]
c:\Users\Peter\Documents\GitHub\kalshi-trading-bot\KalshiBotAPI\Websockets\KalshiWebSocketClient.cs(350,21): error CS1591: Missing XML comment for publicly visible type or member 'KalshiWebSocketClient.ResetEventCounts()' [c:\Users\Peter\Documents\GitHub\kalshi-trading-bot\KalshiBotAPI\KalshiBotAPI.csproj]
c:\Users\Peter\Documents\GitHub\kalshi-trading-bot\KalshiBotAPI\Websockets\KalshiWebSocketClient.cs(355,21): error CS1591: Missing XML comment for publicly visible type or member 'KalshiWebSocketClient.ClearOrderBookQueue(string)' [c:\Users\Peter\Documents\GitHub\kalshi-trading-bot\KalshiBotAPI\KalshiBotAPI.csproj]
c:\Users\Peter\Documents\GitHub\kalshi-trading-bot\KalshiBotAPI\Websockets\KalshiWebSocketClient.cs(361,27): error CS1591: Missing XML comment for publicly visible type or member 'KalshiWebSocketClient.ConnectAsync(int)' [c:\Users\Peter\Documents\GitHub\kalshi-trading-bot\KalshiBotAPI\KalshiBotAPI.csproj]
c:\Users\Peter\Documents\GitHub\kalshi-trading-bot\KalshiBotAPI\Websockets\KalshiWebSocketClient.cs(400,73): error CS1591: Missing XML comment for publicly visible type or member 'KalshiWebSocketClient.GetEventCountsByMarket(string)' [c:\Users\Peter\Documents\GitHub\kalshi-trading-bot\KalshiBotAPI\KalshiBotAPI.csproj]
c:\Users\Peter\Documents\GitHub\kalshi-trading-bot\KalshiBotAPI\Websockets\KalshiWebSocketClient.cs(405,27): error CS1591: Missing XML comment for publicly visible type or member 'KalshiWebSocketClient.SubscribeToWatchedMarketsAsync()' [c:\Users\Peter\Documents\GitHub\kalshi-trading-bot\KalshiBotAPI\KalshiBotAPI.csproj]
c:\Users\Peter\Documents\GitHub\kalshi-trading-bot\KalshiBotAPI\Websockets\KalshiWebSocketClient.cs(442,21): error CS1591: Missing XML comment for publicly visible type or member 'KalshiWebSocketClient.DisableReconnect()' [c:\Users\Peter\Documents\GitHub\kalshi-trading-bot\KalshiBotAPI\KalshiBotAPI.csproj]
c:\Users\Peter\Documents\GitHub\kalshi-trading-bot\KalshiBotAPI\Websockets\KalshiWebSocketClient.cs(448,21): error CS1591: Missing XML comment for publicly visible type or member 'KalshiWebSocketClient.EnableReconnect()' [c:\Users\Peter\Documents\GitHub\kalshi-trading-bot\KalshiBotAPI\KalshiBotAPI.csproj]
c:\Users\Peter\Documents\GitHub\kalshi-trading-bot\KalshiBotAPI\Websockets\KalshiWebSocketClient.cs(454,27): error CS1591: Missing XML comment for publicly visible type or member 'KalshiWebSocketClient.WaitForEmptyOrderBookQueueAsync(string, TimeSpan)' [c:\Users\Peter\Documents\GitHub\kalshi-trading-bot\KalshiBotAPI\KalshiBotAPI.csproj]
c:\Users\Peter\Documents\GitHub\kalshi-trading-bot\KalshiBotAPI\Websockets\KalshiWebSocketClient.cs(459,27): error CS1591: Missing XML comment for publicly visible type or member 'KalshiWebSocketClient.ResetConnectionAsync()' [c:\Users\Peter\Documents\GitHub\kalshi-trading-bot\KalshiBotAPI\KalshiBotAPI.csproj]
c:\Users\Peter\Documents\GitHub\kalshi-trading-bot\KalshiBotAPI\Websockets\KalshiWebSocketClient.cs(464,21): error CS1591: Missing XML comment for publicly visible type or member 'KalshiWebSocketClient.IsConnected()' [c:\Users\Peter\Documents\GitHub\kalshi-trading-bot\KalshiBotAPI\KalshiBotAPI.csproj]
c:\Users\Peter\Documents\GitHub\kalshi-trading-bot\KalshiBotAPI\Websockets\KalshiWebSocketClient.cs(466,27): error CS1591: Missing XML comment for publicly visible type or member 'KalshiWebSocketClient.ResubscribeAsync(bool)' [c:\Users\Peter\Documents\GitHub\kalshi-trading-bot\KalshiBotAPI\KalshiBotAPI.csproj]
c:\Users\Peter\Documents\GitHub\kalshi-trading-bot\KalshiBotAPI\Websockets\KalshiWebSocketClient.cs(471,23): error CS1591: Missing XML comment for publicly visible type or member 'KalshiWebSocketClient.GetChannelName(string)' [c:\Users\Peter\Documents\GitHub\kalshi-trading-bot\KalshiBotAPI\KalshiBotAPI.csproj]
c:\Users\Peter\Documents\GitHub\kalshi-trading-bot\KalshiBotAPI\Websockets\KalshiWebSocketClient.cs(473,27): error CS1591: Missing XML comment for publicly visible type or member 'KalshiWebSocketClient.SendMessageAsync(string)' [c:\Users\Peter\Documents\GitHub\kalshi-trading-bot\KalshiBotAPI\KalshiBotAPI.csproj]
c:\Users\Peter\Documents\GitHub\kalshi-trading-bot\KalshiBotAPI\Websockets\KalshiWebSocketClient.cs(478,27): error CS1591: Missing XML comment for publicly visible type or member 'KalshiWebSocketClient.UnsubscribeFromAllAsync()' [c:\Users\Peter\Documents\GitHub\kalshi-trading-bot\KalshiBotAPI\KalshiBotAPI.csproj]
c:\Users\Peter\Documents\GitHub\kalshi-trading-bot\KalshiBotAPI\Websockets\KalshiWebSocketClient.cs(492,27): error CS1591: Missing XML comment for publicly visible type or member 'KalshiWebSocketClient.SubscribeToChannelAsync(string, string[])' [c:\Users\Peter\Documents\GitHub\kalshi-trading-bot\KalshiBotAPI\KalshiBotAPI.csproj]
c:\Users\Peter\Documents\GitHub\kalshi-trading-bot\KalshiBotAPI\Websockets\KalshiWebSocketClient.cs(504,20): error CS1591: Missing XML comment for publicly visible type or member 'KalshiWebSocketClient.GenerateNextMessageId()' [c:\Users\Peter\Documents\GitHub\kalshi-trading-bot\KalshiBotAPI\KalshiBotAPI.csproj]
c:\Users\Peter\Documents\GitHub\kalshi-trading-bot\KalshiBotAPI\Websockets\KalshiWebSocketClient.cs(597,27): error CS1591: Missing XML comment for publicly visible type or member 'KalshiWebSocketClient.StartReceivingAsync()' [c:\Users\Peter\Documents\GitHub\kalshi-trading-bot\KalshiBotAPI\KalshiBotAPI.csproj]
c:\Users\Peter\Documents\GitHub\kalshi-trading-bot\KalshiBotAPI\Websockets\MessageProcessor.cs(117,56): error CS1591: Missing XML comment for publicly visible type or member 'MessageProcessor.OrderBookReceived' [c:\Users\Peter\Documents\GitHub\kalshi-trading-bot\KalshiBotAPI\KalshiBotAPI.csproj]
c:\Users\Peter\Documents\GitHub\kalshi-trading-bot\KalshiBotAPI\Websockets\MessageProcessor.cs(118,53): error CS1591: Missing XML comment for publicly visible type or member 'MessageProcessor.TickerReceived' [c:\Users\Peter\Documents\GitHub\kalshi-trading-bot\KalshiBotAPI\KalshiBotAPI.csproj]
c:\Users\Peter\Documents\GitHub\kalshi-trading-bot\KalshiBotAPI\Websockets\MessageProcessor.cs(119,52): error CS1591: Missing XML comment for publicly visible type or member 'MessageProcessor.TradeReceived' [c:\Users\Peter\Documents\GitHub\kalshi-trading-bot\KalshiBotAPI\KalshiBotAPI.csproj]
c:\Users\Peter\Documents\GitHub\kalshi-trading-bot\KalshiBotAPI\Websockets\MessageProcessor.cs(120,51): error CS1591: Missing XML comment for publicly visible type or member 'MessageProcessor.FillReceived' [c:\Users\Peter\Documents\GitHub\kalshi-trading-bot\KalshiBotAPI\KalshiBotAPI.csproj]
c:\Users\Peter\Documents\GitHub\kalshi-trading-bot\KalshiBotAPI\Websockets\MessageProcessor.cs(121,62): error CS1591: Missing XML comment for publicly visible type or member 'MessageProcessor.MarketLifecycleReceived' [c:\Users\Peter\Documents\GitHub\kalshi-trading-bot\KalshiBotAPI\KalshiBotAPI.csproj]
c:\Users\Peter\Documents\GitHub\kalshi-trading-bot\KalshiBotAPI\Websockets\MessageProcessor.cs(122,61): error CS1591: Missing XML comment for publicly visible type or member 'MessageProcessor.EventLifecycleReceived' [c:\Users\Peter\Documents\GitHub\kalshi-trading-bot\KalshiBotAPI\KalshiBotAPI.csproj]
c:\Users\Peter\Documents\GitHub\kalshi-trading-bot\KalshiBotAPI\Websockets\MessageProcessor.cs(123,46): error CS1591: Missing XML comment for publicly visible type or member 'MessageProcessor.MessageReceived' [c:\Users\Peter\Documents\GitHub\kalshi-trading-bot\KalshiBotAPI\KalshiBotAPI.csproj]
c:\Users\Peter\Documents\GitHub\kalshi-trading-bot\BacklashDTOs\MarketSnapshot.cs(2054,30): warning CS1591: Missing XML comment for publicly visible type or member 'BollingerBandsConverter.Write(Utf8JsonWriter, (double? Lower, double? Middle, double? Upper), JsonSerializerOptions)' [c:\Users\Peter\Documents\GitHub\kalshi-trading-bot\BacklashDTOs\BacklashDTOs.csproj]
c:\Users\Peter\Documents\GitHub\kalshi-trading-bot\BacklashDTOs\MarketSnapshot.cs(2108,30): warning CS1591: Missing XML comment for publicly visible type or member 'StochasticOscillatorConverter.Write(Utf8JsonWriter, (double? K, double? D), JsonSerializerOptions)' [c:\Users\Peter\Documents\GitHub\kalshi-trading-bot\BacklashDTOs\BacklashDTOs.csproj]
c:\Users\Peter\Documents\GitHub\kalshi-trading-bot\BacklashDTOs\MarketSnapshotDeltas.cs(5,25): warning CS1591: Missing XML comment for publicly visible type or member 'MarketSnapshotDelta' [c:\Users\Peter\Documents\GitHub\kalshi-trading-bot\BacklashDTOs\BacklashDTOs.csproj]
c:\Users\Peter\Documents\GitHub\kalshi-trading-bot\BacklashDTOs\MarketSnapshotDeltas.cs(11,16): warning CS1591: Missing XML comment for publicly visible type or member 'MarketSnapshotDelta.MarketSnapshotDelta(MarketSnapshot, MarketSnapshot)' [c:\Users\Peter\Documents\GitHub\kalshi-trading-bot\BacklashDTOs\BacklashDTOs.csproj]
c:\Users\Peter\Documents\GitHub\kalshi-trading-bot\BacklashDTOs\MarketSnapshotDeltas.cs(38,26): warning CS1591: Missing XML comment for publicly visible type or member 'MarketSnapshotDelta.Timestamp()' [c:\Users\Peter\Documents\GitHub\kalshi-trading-bot\BacklashDTOs\BacklashDTOs.csproj]
c:\Users\Peter\Documents\GitHub\kalshi-trading-bot\BacklashDTOs\MarketSnapshotDeltas.cs(39,24): warning CS1591: Missing XML comment for publicly visible type or member 'MarketSnapshotDelta.MarketTicker()' [c:\Users\Peter\Documents\GitHub\kalshi-trading-bot\BacklashDTOs\BacklashDTOs.csproj]
c:\Users\Peter\Documents\GitHub\kalshi-trading-bot\BacklashDTOs\MarketSnapshotDeltas.cs(40,24): warning CS1591: Missing XML comment for publicly visible type or member 'MarketSnapshotDelta.MarketCategory()' [c:\Users\Peter\Documents\GitHub\kalshi-trading-bot\BacklashDTOs\BacklashDTOs.csproj]
c:\Users\Peter\Documents\GitHub\kalshi-trading-bot\BacklashDTOs\MarketSnapshotDeltas.cs(41,24): warning CS1591: Missing XML comment for publicly visible type or member 'MarketSnapshotDelta.MarketStatus()' [c:\Users\Peter\Documents\GitHub\kalshi-trading-bot\BacklashDTOs\BacklashDTOs.csproj]
c:\Users\Peter\Documents\GitHub\kalshi-trading-bot\BacklashDTOs\MarketSnapshotDeltas.cs(42,24): warning CS1591: Missing XML comment for publicly visible type or member 'MarketSnapshotDelta.MarketType()' [c:\Users\Peter\Documents\GitHub\kalshi-trading-bot\BacklashDTOs\BacklashDTOs.csproj]
c:\Users\Peter\Documents\GitHub\kalshi-trading-bot\BacklashDTOs\MarketSnapshotDeltas.cs(43,21): warning CS1591: Missing XML comment for publicly visible type or member 'MarketSnapshotDelta.SnapshotSchemaVersion()' [c:\Users\Peter\Documents\GitHub\kalshi-trading-bot\BacklashDTOs\BacklashDTOs.csproj]
c:\Users\Peter\Documents\GitHub\kalshi-trading-bot\BacklashDTOs\MarketSnapshotDeltas.cs(45,24): warning CS1591: Missing XML comment for publicly visible type or member 'MarketSnapshotDelta.YesBidSlopePerMinute_Short()' [c:\Users\Peter\Documents\GitHub\kalshi-trading-bot\BacklashDTOs\BacklashDTOs.csproj]
c:\Users\Peter\Documents\GitHub\kalshi-trading-bot\BacklashDTOs\MarketSnapshotDeltas.cs(46,24): warning CS1591: Missing XML comment for publicly visible type or member 'MarketSnapshotDelta.NoBidSlopePerMinute_Short()' [c:\Users\Peter\Documents\GitHub\kalshi-trading-bot\BacklashDTOs\BacklashDTOs.csproj]
c:\Users\Peter\Documents\GitHub\kalshi-trading-bot\BacklashDTOs\MarketSnapshotDeltas.cs(48,24): warning CS1591: Missing XML comment for publicly visible type or member 'MarketSnapshotDelta.YesBidSlopePerMinute_Medium()' [c:\Users\Peter\Documents\GitHub\kalshi-trading-bot\BacklashDTOs\BacklashDTOs.csproj]
c:\Users\Peter\Documents\GitHub\kalshi-trading-bot\BacklashDTOs\MarketSnapshotDeltas.cs(49,24): warning CS1591: Missing XML comment for publicly visible type or member 'MarketSnapshotDelta.NoBidSlopePerMinute_Medium()' [c:\Users\Peter\Documents\GitHub\kalshi-trading-bot\BacklashDTOs\BacklashDTOs.csproj]
c:\Users\Peter\Documents\GitHub\kalshi-trading-bot\BacklashDTOs\MarketSnapshotDeltas.cs(50,22): warning CS1591: Missing XML comment for publicly visible type or member 'MarketSnapshotDelta.TotalOrderbookDepth_Yes()' [c:\Users\Peter\Documents\GitHub\kalshi-trading-bot\BacklashDTOs\BacklashDTOs.csproj]
c:\Users\Peter\Documents\GitHub\kalshi-trading-bot\BacklashDTOs\MarketSnapshotDeltas.cs(51,22): warning CS1591: Missing XML comment for publicly visible type or member 'MarketSnapshotDelta.TotalOrderbookDepth_No()' [c:\Users\Peter\Documents\GitHub\kalshi-trading-bot\BacklashDTOs\BacklashDTOs.csproj]
c:\Users\Peter\Documents\GitHub\kalshi-trading-bot\BacklashDTOs\MarketSnapshotDeltas.cs(53,21): warning CS1591: Missing XML comment for publicly visible type or member 'MarketSnapshotDelta.PositionSize()' [c:\Users\Peter\Documents\GitHub\kalshi-trading-bot\BacklashDTOs\BacklashDTOs.csproj]
c:\Users\Peter\Documents\GitHub\kalshi-trading-bot\BacklashDTOs\MarketSnapshotDeltas.cs(54,24): warning CS1591: Missing XML comment for publicly visible type or member 'MarketSnapshotDelta.MarketExposure()' [c:\Users\Peter\Documents\GitHub\kalshi-trading-bot\BacklashDTOs\BacklashDTOs.csproj]
c:\Users\Peter\Documents\GitHub\kalshi-trading-bot\BacklashDTOs\MarketSnapshotDeltas.cs(55,24): warning CS1591: Missing XML comment for publicly visible type or member 'MarketSnapshotDelta.BuyinPrice()' [c:\Users\Peter\Documents\GitHub\kalshi-trading-bot\BacklashDTOs\BacklashDTOs.csproj]
c:\Users\Peter\Documents\GitHub\kalshi-trading-bot\BacklashDTOs\MarketSnapshotDeltas.cs(56,24): warning CS1591: Missing XML comment for publicly visible type or member 'MarketSnapshotDelta.PositionUpside()' [c:\Users\Peter\Documents\GitHub\kalshi-trading-bot\BacklashDTOs\BacklashDTOs.csproj]
c:\Users\Peter\Documents\GitHub\kalshi-trading-bot\BacklashDTOs\MarketSnapshotDeltas.cs(57,24): warning CS1591: Missing XML comment for publicly visible type or member 'MarketSnapshotDelta.PositionDownside()' [c:\Users\Peter\Documents\GitHub\kalshi-trading-bot\BacklashDTOs\BacklashDTOs.csproj]
c:\Users\Peter\Documents\GitHub\kalshi-trading-bot\BacklashDTOs\MarketSnapshotDeltas.cs(58,22): warning CS1591: Missing XML comment for publicly visible type or member 'MarketSnapshotDelta.TotalTraded()' [c:\Users\Peter\Documents\GitHub\kalshi-trading-bot\BacklashDTOs\BacklashDTOs.csproj]
c:\Users\Peter\Documents\GitHub\kalshi-trading-bot\BacklashDTOs\MarketSnapshotDeltas.cs(59,24): warning CS1591: Missing XML comment for publicly visible type or member 'MarketSnapshotDelta.RealizedPnl()' [c:\Users\Peter\Documents\GitHub\kalshi-trading-bot\BacklashDTOs\BacklashDTOs.csproj]
c:\Users\Peter\Documents\GitHub\kalshi-trading-bot\BacklashDTOs\MarketSnapshotDeltas.cs(60,24): warning CS1591: Missing XML comment for publicly visible type or member 'MarketSnapshotDelta.FeesPaid()' [c:\Users\Peter\Documents\GitHub\kalshi-trading-bot\BacklashDTOs\BacklashDTOs.csproj]
c:\Users\Peter\Documents\GitHub\kalshi-trading-bot\BacklashDTOs\MarketSnapshotDeltas.cs(61,24): warning CS1591: Missing XML comment for publicly visible type or member 'MarketSnapshotDelta.PositionROI()' [c:\Users\Peter\Documents\GitHub\kalshi-trading-bot\BacklashDTOs\BacklashDTOs.csproj]
c:\Users\Peter\Documents\GitHub\kalshi-trading-bot\BacklashDTOs\MarketSnapshotDeltas.cs(62,24): warning CS1591: Missing XML comment for publicly visible type or member 'MarketSnapshotDelta.PositionROIAmt()' [c:\Users\Peter\Documents\GitHub\kalshi-trading-bot\BacklashDTOs\BacklashDTOs.csproj]
c:\Users\Peter\Documents\GitHub\kalshi-trading-bot\BacklashDTOs\MarketSnapshotDeltas.cs(63,24): warning CS1591: Missing XML comment for publicly visible type or member 'MarketSnapshotDelta.ExpectedFees()' [c:\Users\Peter\Documents\GitHub\kalshi-trading-bot\BacklashDTOs\BacklashDTOs.csproj]
c:\Users\Peter\Documents\GitHub\kalshi-trading-bot\BacklashDTOs\MarketSnapshotDeltas.cs(65,24): warning CS1591: Missing XML comment for publicly visible type or member 'MarketSnapshotDelta.ADX()' [c:\Users\Peter\Documents\GitHub\kalshi-trading-bot\BacklashDTOs\BacklashDTOs.csproj]
c:\Users\Peter\Documents\GitHub\kalshi-trading-bot\BacklashDTOs\MarketSnapshotDeltas.cs(66,24): warning CS1591: Missing XML comment for publicly visible type or member 'MarketSnapshotDelta.PlusDI()' [c:\Users\Peter\Documents\GitHub\kalshi-trading-bot\BacklashDTOs\BacklashDTOs.csproj]
c:\Users\Peter\Documents\GitHub\kalshi-trading-bot\BacklashDTOs\MarketSnapshotDeltas.cs(67,24): warning CS1591: Missing XML comment for publicly visible type or member 'MarketSnapshotDelta.MinusDI()' [c:\Users\Peter\Documents\GitHub\kalshi-trading-bot\BacklashDTOs\BacklashDTOs.csproj]
c:\Users\Peter\Documents\GitHub\kalshi-trading-bot\BacklashDTOs\MarketSnapshotDeltas.cs(68,24): warning CS1591: Missing XML comment for publicly visible type or member 'MarketSnapshotDelta.PSAR()' [c:\Users\Peter\Documents\GitHub\kalshi-trading-bot\BacklashDTOs\BacklashDTOs.csproj]
c:\Users\Peter\Documents\GitHub\kalshi-trading-bot\BacklashDTOs\MarketSnapshotDeltas.cs(70,24): warning CS1591: Missing XML comment for publicly visible type or member 'MarketSnapshotDelta.TradeRatePerMinute_Yes()' [c:\Users\Peter\Documents\GitHub\kalshi-trading-bot\BacklashDTOs\BacklashDTOs.csproj]
c:\Users\Peter\Documents\GitHub\kalshi-trading-bot\BacklashDTOs\MarketSnapshotDeltas.cs(71,24): warning CS1591: Missing XML comment for publicly visible type or member 'MarketSnapshotDelta.TradeRatePerMinute_No()' [c:\Users\Peter\Documents\GitHub\kalshi-trading-bot\BacklashDTOs\BacklashDTOs.csproj]
c:\Users\Peter\Documents\GitHub\kalshi-trading-bot\BacklashDTOs\MarketSnapshotDeltas.cs(72,24): warning CS1591: Missing XML comment for publicly visible type or member 'MarketSnapshotDelta.TradeVolumePerMinute_Yes()' [c:\Users\Peter\Documents\GitHub\kalshi-trading-bot\BacklashDTOs\BacklashDTOs.csproj]
c:\Users\Peter\Documents\GitHub\kalshi-trading-bot\BacklashDTOs\MarketSnapshotDeltas.cs(73,24): warning CS1591: Missing XML comment for publicly visible type or member 'MarketSnapshotDelta.TradeVolumePerMinute_No()' [c:\Users\Peter\Documents\GitHub\kalshi-trading-bot\BacklashDTOs\BacklashDTOs.csproj]
c:\Users\Peter\Documents\GitHub\kalshi-trading-bot\BacklashDTOs\MarketSnapshotDeltas.cs(75,24): warning CS1591: Missing XML comment for publicly visible type or member 'MarketSnapshotDelta.AverageTradeSize_Yes()' [c:\Users\Peter\Documents\GitHub\kalshi-trading-bot\BacklashDTOs\BacklashDTOs.csproj]
c:\Users\Peter\Documents\GitHub\kalshi-trading-bot\BacklashDTOs\MarketSnapshotDeltas.cs(76,24): warning CS1591: Missing XML comment for publicly visible type or member 'MarketSnapshotDelta.AverageTradeSize_No()' [c:\Users\Peter\Documents\GitHub\kalshi-trading-bot\BacklashDTOs\BacklashDTOs.csproj]
c:\Users\Peter\Documents\GitHub\kalshi-trading-bot\BacklashDTOs\MarketSnapshotDeltas.cs(78,21): warning CS1591: Missing XML comment for publicly visible type or member 'MarketSnapshotDelta.TradeCount_Yes()' [c:\Users\Peter\Documents\GitHub\kalshi-trading-bot\BacklashDTOs\BacklashDTOs.csproj]
c:\Users\Peter\Documents\GitHub\kalshi-trading-bot\BacklashDTOs\MarketSnapshotDeltas.cs(79,21): warning CS1591: Missing XML comment for publicly visible type or member 'MarketSnapshotDelta.TradeCount_No()' [c:\Users\Peter\Documents\GitHub\kalshi-trading-bot\BacklashDTOs\BacklashDTOs.csproj]
c:\Users\Peter\Documents\GitHub\kalshi-trading-bot\BacklashDTOs\MarketSnapshotDeltas.cs(81,21): warning CS1591: Missing XML comment for publicly visible type or member 'MarketSnapshotDelta.NonTradeRelatedOrderCount_Yes()' [c:\Users\Peter\Documents\GitHub\kalshi-trading-bot\BacklashDTOs\BacklashDTOs.csproj]
c:\Users\Peter\Documents\GitHub\kalshi-trading-bot\BacklashDTOs\MarketSnapshotDeltas.cs(82,21): warning CS1591: Missing XML comment for publicly visible type or member 'MarketSnapshotDelta.NonTradeRelatedOrderCount_No()' [c:\Users\Peter\Documents\GitHub\kalshi-trading-bot\BacklashDTOs\BacklashDTOs.csproj]
c:\Users\Peter\Documents\GitHub\kalshi-trading-bot\BacklashDTOs\MarketSnapshotDeltas.cs(84,24): warning CS1591: Missing XML comment for publicly visible type or member 'MarketSnapshotDelta.HighestVolume_Day()' [c:\Users\Peter\Documents\GitHub\kalshi-trading-bot\BacklashDTOs\BacklashDTOs.csproj]
c:\Users\Peter\Documents\GitHub\kalshi-trading-bot\BacklashDTOs\MarketSnapshotDeltas.cs(85,24): warning CS1591: Missing XML comment for publicly visible type or member 'MarketSnapshotDelta.HighestVolume_Hour()' [c:\Users\Peter\Documents\GitHub\kalshi-trading-bot\BacklashDTOs\BacklashDTOs.csproj]
c:\Users\Peter\Documents\GitHub\kalshi-trading-bot\BacklashDTOs\MarketSnapshotDeltas.cs(86,24): warning CS1591: Missing XML comment for publicly visible type or member 'MarketSnapshotDelta.HighestVolume_Minute()' [c:\Users\Peter\Documents\GitHub\kalshi-trading-bot\BacklashDTOs\BacklashDTOs.csproj]
c:\Users\Peter\Documents\GitHub\kalshi-trading-bot\BacklashDTOs\MarketSnapshotDeltas.cs(88,24): warning CS1591: Missing XML comment for publicly visible type or member 'MarketSnapshotDelta.RecentVolume_LastHour()' [c:\Users\Peter\Documents\GitHub\kalshi-trading-bot\BacklashDTOs\BacklashDTOs.csproj]
c:\Users\Peter\Documents\GitHub\kalshi-trading-bot\BacklashDTOs\MarketSnapshotDeltas.cs(89,24): warning CS1591: Missing XML comment for publicly visible type or member 'MarketSnapshotDelta.RecentVolume_LastThreeHours()' [c:\Users\Peter\Documents\GitHub\kalshi-trading-bot\BacklashDTOs\BacklashDTOs.csproj]
c:\Users\Peter\Documents\GitHub\kalshi-trading-bot\BacklashDTOs\MarketSnapshotDeltas.cs(90,24): warning CS1591: Missing XML comment for publicly visible type or member 'MarketSnapshotDelta.RecentVolume_LastMonth()' [c:\Users\Peter\Documents\GitHub\kalshi-trading-bot\BacklashDTOs\BacklashDTOs.csproj]
c:\Users\Peter\Documents\GitHub\kalshi-trading-bot\BacklashDTOs\MarketSnapshotDeltas.cs(92,24): warning CS1591: Missing XML comment for publicly visible type or member 'MarketSnapshotDelta.VelocityPerMinute_Bottom_Yes_Bid()' [c:\Users\Peter\Documents\GitHub\kalshi-trading-bot\BacklashDTOs\BacklashDTOs.csproj]
c:\Users\Peter\Documents\GitHub\kalshi-trading-bot\BacklashDTOs\MarketSnapshotDeltas.cs(93,21): warning CS1591: Missing XML comment for publicly visible type or member 'MarketSnapshotDelta.LevelCount_Bottom_Yes_Bid()' [c:\Users\Peter\Documents\GitHub\kalshi-trading-bot\BacklashDTOs\BacklashDTOs.csproj]
c:\Users\Peter\Documents\GitHub\kalshi-trading-bot\BacklashDTOs\MarketSnapshotDeltas.cs(94,24): warning CS1591: Missing XML comment for publicly visible type or member 'MarketSnapshotDelta.VelocityPerMinute_Bottom_No_Bid()' [c:\Users\Peter\Documents\GitHub\kalshi-trading-bot\BacklashDTOs\BacklashDTOs.csproj]
c:\Users\Peter\Documents\GitHub\kalshi-trading-bot\BacklashDTOs\MarketSnapshotDeltas.cs(95,21): warning CS1591: Missing XML comment for publicly visible type or member 'MarketSnapshotDelta.LevelCount_Bottom_No_Bid()' [c:\Users\Peter\Documents\GitHub\kalshi-trading-bot\BacklashDTOs\BacklashDTOs.csproj]
c:\Users\Peter\Documents\GitHub\kalshi-trading-bot\BacklashDTOs\MarketSnapshotDeltas.cs(97,24): warning CS1591: Missing XML comment for publicly visible type or member 'MarketSnapshotDelta.VelocityPerMinute_Top_Yes_Bid()' [c:\Users\Peter\Documents\GitHub\kalshi-trading-bot\BacklashDTOs\BacklashDTOs.csproj]
c:\Users\Peter\Documents\GitHub\kalshi-trading-bot\BacklashDTOs\MarketSnapshotDeltas.cs(98,21): warning CS1591: Missing XML comment for publicly visible type or member 'MarketSnapshotDelta.LevelCount_Top_Yes_Bid()' [c:\Users\Peter\Documents\GitHub\kalshi-trading-bot\BacklashDTOs\BacklashDTOs.csproj]
c:\Users\Peter\Documents\GitHub\kalshi-trading-bot\BacklashDTOs\MarketSnapshotDeltas.cs(99,24): warning CS1591: Missing XML comment for publicly visible type or member 'MarketSnapshotDelta.VelocityPerMinute_Top_No_Bid()' [c:\Users\Peter\Documents\GitHub\kalshi-trading-bot\BacklashDTOs\BacklashDTOs.csproj]
c:\Users\Peter\Documents\GitHub\kalshi-trading-bot\BacklashDTOs\MarketSnapshotDeltas.cs(100,21): warning CS1591: Missing XML comment for publicly visible type or member 'MarketSnapshotDelta.LevelCount_Top_No_Bid()' [c:\Users\Peter\Documents\GitHub\kalshi-trading-bot\BacklashDTOs\BacklashDTOs.csproj]
c:\Users\Peter\Documents\GitHub\kalshi-trading-bot\BacklashDTOs\MarketSnapshotDeltas.cs(102,21): warning CS1591: Missing XML comment for publicly visible type or member 'MarketSnapshotDelta.BestYesBid()' [c:\Users\Peter\Documents\GitHub\kalshi-trading-bot\BacklashDTOs\BacklashDTOs.csproj]
c:\Users\Peter\Documents\GitHub\kalshi-trading-bot\BacklashDTOs\MarketSnapshotDeltas.cs(103,21): warning CS1591: Missing XML comment for publicly visible type or member 'MarketSnapshotDelta.BestNoBid()' [c:\Users\Peter\Documents\GitHub\kalshi-trading-bot\BacklashDTOs\BacklashDTOs.csproj]
c:\Users\Peter\Documents\GitHub\kalshi-trading-bot\BacklashDTOs\MarketSnapshotDeltas.cs(105,21): warning CS1591: Missing XML comment for publicly visible type or member 'MarketSnapshotDelta.YesSpread()' [c:\Users\Peter\Documents\GitHub\kalshi-trading-bot\BacklashDTOs\BacklashDTOs.csproj]
c:\Users\Peter\Documents\GitHub\kalshi-trading-bot\BacklashDTOs\MarketSnapshotDeltas.cs(106,21): warning CS1591: Missing XML comment for publicly visible type or member 'MarketSnapshotDelta.NoSpread()' [c:\Users\Peter\Documents\GitHub\kalshi-trading-bot\BacklashDTOs\BacklashDTOs.csproj]
c:\Users\Peter\Documents\GitHub\kalshi-trading-bot\BacklashDTOs\MarketSnapshotDeltas.cs(108,21): warning CS1591: Missing XML comment for publicly visible type or member 'MarketSnapshotDelta.DepthAtBestYesBid()' [c:\Users\Peter\Documents\GitHub\kalshi-trading-bot\BacklashDTOs\BacklashDTOs.csproj]
c:\Users\Peter\Documents\GitHub\kalshi-trading-bot\BacklashDTOs\MarketSnapshotDeltas.cs(109,21): warning CS1591: Missing XML comment for publicly visible type or member 'MarketSnapshotDelta.DepthAtBestNoBid()' [c:\Users\Peter\Documents\GitHub\kalshi-trading-bot\BacklashDTOs\BacklashDTOs.csproj]
c:\Users\Peter\Documents\GitHub\kalshi-trading-bot\BacklashDTOs\MarketSnapshotDeltas.cs(111,21): warning CS1591: Missing XML comment for publicly visible type or member 'MarketSnapshotDelta.TopTenPercentLevelDepth_Yes()' [c:\Users\Peter\Documents\GitHub\kalshi-trading-bot\BacklashDTOs\BacklashDTOs.csproj]
c:\Users\Peter\Documents\GitHub\kalshi-trading-bot\BacklashDTOs\MarketSnapshotDeltas.cs(112,21): warning CS1591: Missing XML comment for publicly visible type or member 'MarketSnapshotDelta.TopTenPercentLevelDepth_No()' [c:\Users\Peter\Documents\GitHub\kalshi-trading-bot\BacklashDTOs\BacklashDTOs.csproj]
c:\Users\Peter\Documents\GitHub\kalshi-trading-bot\BacklashDTOs\MarketSnapshotDeltas.cs(114,21): warning CS1591: Missing XML comment for publicly visible type or member 'MarketSnapshotDelta.BidRange_Yes()' [c:\Users\Peter\Documents\GitHub\kalshi-trading-bot\BacklashDTOs\BacklashDTOs.csproj]
c:\Users\Peter\Documents\GitHub\kalshi-trading-bot\BacklashDTOs\MarketSnapshotDeltas.cs(115,21): warning CS1591: Missing XML comment for publicly visible type or member 'MarketSnapshotDelta.BidRange_No()' [c:\Users\Peter\Documents\GitHub\kalshi-trading-bot\BacklashDTOs\BacklashDTOs.csproj]
c:\Users\Peter\Documents\GitHub\kalshi-trading-bot\BacklashDTOs\MarketSnapshotDeltas.cs(117,21): warning CS1591: Missing XML comment for publicly visible type or member 'MarketSnapshotDelta.TotalBidContracts_Yes()' [c:\Users\Peter\Documents\GitHub\kalshi-trading-bot\BacklashDTOs\BacklashDTOs.csproj]
c:\Users\Peter\Documents\GitHub\kalshi-trading-bot\BacklashDTOs\MarketSnapshotDeltas.cs(118,21): warning CS1591: Missing XML comment for publicly visible type or member 'MarketSnapshotDelta.TotalBidContracts_No()' [c:\Users\Peter\Documents\GitHub\kalshi-trading-bot\BacklashDTOs\BacklashDTOs.csproj]
c:\Users\Peter\Documents\GitHub\kalshi-trading-bot\BacklashDTOs\MarketSnapshotDeltas.cs(120,21): warning CS1591: Missing XML comment for publicly visible type or member 'MarketSnapshotDelta.BidCountImbalance()' [c:\Users\Peter\Documents\GitHub\kalshi-trading-bot\BacklashDTOs\BacklashDTOs.csproj]
c:\Users\Peter\Documents\GitHub\kalshi-trading-bot\BacklashDTOs\MarketSnapshotDeltas.cs(121,24): warning CS1591: Missing XML comment for publicly visible type or member 'MarketSnapshotDelta.BidVolumeImbalance()' [c:\Users\Peter\Documents\GitHub\kalshi-trading-bot\BacklashDTOs\BacklashDTOs.csproj]
c:\Users\Peter\Documents\GitHub\kalshi-trading-bot\BacklashDTOs\MarketSnapshotDeltas.cs(123,21): warning CS1591: Missing XML comment for publicly visible type or member 'MarketSnapshotDelta.DepthAtTop4YesBids()' [c:\Users\Peter\Documents\GitHub\kalshi-trading-bot\BacklashDTOs\BacklashDTOs.csproj]
c:\Users\Peter\Documents\GitHub\kalshi-trading-bot\BacklashDTOs\MarketSnapshotDeltas.cs(124,21): warning CS1591: Missing XML comment for publicly visible type or member 'MarketSnapshotDelta.DepthAtTop4NoBids()' [c:\Users\Peter\Documents\GitHub\kalshi-trading-bot\BacklashDTOs\BacklashDTOs.csproj]
c:\Users\Peter\Documents\GitHub\kalshi-trading-bot\BacklashDTOs\MarketSnapshotDeltas.cs(126,24): warning CS1591: Missing XML comment for publicly visible type or member 'MarketSnapshotDelta.TotalBidVolume_Yes()' [c:\Users\Peter\Documents\GitHub\kalshi-trading-bot\BacklashDTOs\BacklashDTOs.csproj]
c:\Users\Peter\Documents\GitHub\kalshi-trading-bot\BacklashDTOs\MarketSnapshotDeltas.cs(127,24): warning CS1591: Missing XML comment for publicly visible type or member 'MarketSnapshotDelta.TotalBidVolume_No()' [c:\Users\Peter\Documents\GitHub\kalshi-trading-bot\BacklashDTOs\BacklashDTOs.csproj]
c:\Users\Peter\Documents\GitHub\kalshi-trading-bot\BacklashDTOs\MarketSnapshotDeltas.cs(129,24): warning CS1591: Missing XML comment for publicly visible type or member 'MarketSnapshotDelta.RSI_Short()' [c:\Users\Peter\Documents\GitHub\kalshi-trading-bot\BacklashDTOs\BacklashDTOs.csproj]
c:\Users\Peter\Documents\GitHub\kalshi-trading-bot\BacklashDTOs\MarketSnapshotDeltas.cs(130,24): warning CS1591: Missing XML comment for publicly visible type or member 'MarketSnapshotDelta.RSI_Medium()' [c:\Users\Peter\Documents\GitHub\kalshi-trading-bot\BacklashDTOs\BacklashDTOs.csproj]
c:\Users\Peter\Documents\GitHub\kalshi-trading-bot\BacklashDTOs\MarketSnapshotDeltas.cs(131,24): warning CS1591: Missing XML comment for publicly visible type or member 'MarketSnapshotDelta.RSI_Long()' [c:\Users\Peter\Documents\GitHub\kalshi-trading-bot\BacklashDTOs\BacklashDTOs.csproj]
c:\Users\Peter\Documents\GitHub\kalshi-trading-bot\BacklashDTOs\MarketSnapshotDeltas.cs(134,24): warning CS1591: Missing XML comment for publicly visible type or member 'MarketSnapshotDelta.MACD_Medium_MACD()' [c:\Users\Peter\Documents\GitHub\kalshi-trading-bot\BacklashDTOs\BacklashDTOs.csproj]
c:\Users\Peter\Documents\GitHub\kalshi-trading-bot\BacklashDTOs\MarketSnapshotDeltas.cs(135,24): warning CS1591: Missing XML comment for publicly visible type or member 'MarketSnapshotDelta.MACD_Medium_Signal()' [c:\Users\Peter\Documents\GitHub\kalshi-trading-bot\BacklashDTOs\BacklashDTOs.csproj]
c:\Users\Peter\Documents\GitHub\kalshi-trading-bot\BacklashDTOs\MarketSnapshotDeltas.cs(136,24): warning CS1591: Missing XML comment for publicly visible type or member 'MarketSnapshotDelta.MACD_Medium_Histogram()' [c:\Users\Peter\Documents\GitHub\kalshi-trading-bot\BacklashDTOs\BacklashDTOs.csproj]
c:\Users\Peter\Documents\GitHub\kalshi-trading-bot\BacklashDTOs\MarketSnapshotDeltas.cs(138,24): warning CS1591: Missing XML comment for publicly visible type or member 'MarketSnapshotDelta.MACD_Long_MACD()' [c:\Users\Peter\Documents\GitHub\kalshi-trading-bot\BacklashDTOs\BacklashDTOs.csproj]
c:\Users\Peter\Documents\GitHub\kalshi-trading-bot\BacklashDTOs\MarketSnapshotDeltas.cs(139,24): warning CS1591: Missing XML comment for publicly visible type or member 'MarketSnapshotDelta.MACD_Long_Signal()' [c:\Users\Peter\Documents\GitHub\kalshi-trading-bot\BacklashDTOs\BacklashDTOs.csproj]
c:\Users\Peter\Documents\GitHub\kalshi-trading-bot\BacklashDTOs\MarketSnapshotDeltas.cs(140,24): warning CS1591: Missing XML comment for publicly visible type or member 'MarketSnapshotDelta.MACD_Long_Histogram()' [c:\Users\Peter\Documents\GitHub\kalshi-trading-bot\BacklashDTOs\BacklashDTOs.csproj]
c:\Users\Peter\Documents\GitHub\kalshi-trading-bot\BacklashDTOs\MarketSnapshotDeltas.cs(142,24): warning CS1591: Missing XML comment for publicly visible type or member 'MarketSnapshotDelta.EMA_Medium()' [c:\Users\Peter\Documents\GitHub\kalshi-trading-bot\BacklashDTOs\BacklashDTOs.csproj]
c:\Users\Peter\Documents\GitHub\kalshi-trading-bot\BacklashDTOs\MarketSnapshotDeltas.cs(143,24): warning CS1591: Missing XML comment for publicly visible type or member 'MarketSnapshotDelta.EMA_Long()' [c:\Users\Peter\Documents\GitHub\kalshi-trading-bot\BacklashDTOs\BacklashDTOs.csproj]
c:\Users\Peter\Documents\GitHub\kalshi-trading-bot\BacklashDTOs\MarketSnapshotDeltas.cs(146,24): warning CS1591: Missing XML comment for publicly visible type or member 'MarketSnapshotDelta.BollingerBands_Medium_Lower()' [c:\Users\Peter\Documents\GitHub\kalshi-trading-bot\BacklashDTOs\BacklashDTOs.csproj]
c:\Users\Peter\Documents\GitHub\kalshi-trading-bot\BacklashDTOs\MarketSnapshotDeltas.cs(147,24): warning CS1591: Missing XML comment for publicly visible type or member 'MarketSnapshotDelta.BollingerBands_Medium_Middle()' [c:\Users\Peter\Documents\GitHub\kalshi-trading-bot\BacklashDTOs\BacklashDTOs.csproj]
c:\Users\Peter\Documents\GitHub\kalshi-trading-bot\BacklashDTOs\MarketSnapshotDeltas.cs(148,24): warning CS1591: Missing XML comment for publicly visible type or member 'MarketSnapshotDelta.BollingerBands_Medium_Upper()' [c:\Users\Peter\Documents\GitHub\kalshi-trading-bot\BacklashDTOs\BacklashDTOs.csproj]
c:\Users\Peter\Documents\GitHub\kalshi-trading-bot\BacklashDTOs\MarketSnapshotDeltas.cs(150,24): warning CS1591: Missing XML comment for publicly visible type or member 'MarketSnapshotDelta.BollingerBands_Long_Lower()' [c:\Users\Peter\Documents\GitHub\kalshi-trading-bot\BacklashDTOs\BacklashDTOs.csproj]
c:\Users\Peter\Documents\GitHub\kalshi-trading-bot\BacklashDTOs\MarketSnapshotDeltas.cs(151,24): warning CS1591: Missing XML comment for publicly visible type or member 'MarketSnapshotDelta.BollingerBands_Long_Middle()' [c:\Users\Peter\Documents\GitHub\kalshi-trading-bot\BacklashDTOs\BacklashDTOs.csproj]
c:\Users\Peter\Documents\GitHub\kalshi-trading-bot\BacklashDTOs\MarketSnapshotDeltas.cs(152,24): warning CS1591: Missing XML comment for publicly visible type or member 'MarketSnapshotDelta.BollingerBands_Long_Upper()' [c:\Users\Peter\Documents\GitHub\kalshi-trading-bot\BacklashDTOs\BacklashDTOs.csproj]
c:\Users\Peter\Documents\GitHub\kalshi-trading-bot\BacklashDTOs\MarketSnapshotDeltas.cs(154,24): warning CS1591: Missing XML comment for publicly visible type or member 'MarketSnapshotDelta.ATR_Medium()' [c:\Users\Peter\Documents\GitHub\kalshi-trading-bot\BacklashDTOs\BacklashDTOs.csproj]
c:\Users\Peter\Documents\GitHub\kalshi-trading-bot\BacklashDTOs\MarketSnapshotDeltas.cs(155,24): warning CS1591: Missing XML comment for publicly visible type or member 'MarketSnapshotDelta.ATR_Long()' [c:\Users\Peter\Documents\GitHub\kalshi-trading-bot\BacklashDTOs\BacklashDTOs.csproj]
c:\Users\Peter\Documents\GitHub\kalshi-trading-bot\BacklashDTOs\MarketSnapshotDeltas.cs(157,24): warning CS1591: Missing XML comment for publicly visible type or member 'MarketSnapshotDelta.VWAP_Short()' [c:\Users\Peter\Documents\GitHub\kalshi-trading-bot\BacklashDTOs\BacklashDTOs.csproj]
c:\Users\Peter\Documents\GitHub\kalshi-trading-bot\BacklashDTOs\MarketSnapshotDeltas.cs(158,24): warning CS1591: Missing XML comment for publicly visible type or member 'MarketSnapshotDelta.VWAP_Medium()' [c:\Users\Peter\Documents\GitHub\kalshi-trading-bot\BacklashDTOs\BacklashDTOs.csproj]
c:\Users\Peter\Documents\GitHub\kalshi-trading-bot\BacklashDTOs\MarketSnapshotDeltas.cs(161,24): warning CS1591: Missing XML comment for publicly visible type or member 'MarketSnapshotDelta.StochasticOscillator_Short_K()' [c:\Users\Peter\Documents\GitHub\kalshi-trading-bot\BacklashDTOs\BacklashDTOs.csproj]
c:\Users\Peter\Documents\GitHub\kalshi-trading-bot\BacklashDTOs\MarketSnapshotDeltas.cs(162,24): warning CS1591: Missing XML comment for publicly visible type or member 'MarketSnapshotDelta.StochasticOscillator_Short_D()' [c:\Users\Peter\Documents\GitHub\kalshi-trading-bot\BacklashDTOs\BacklashDTOs.csproj]
c:\Users\Peter\Documents\GitHub\kalshi-trading-bot\BacklashDTOs\MarketSnapshotDeltas.cs(164,24): warning CS1591: Missing XML comment for publicly visible type or member 'MarketSnapshotDelta.StochasticOscillator_Medium_K()' [c:\Users\Peter\Documents\GitHub\kalshi-trading-bot\BacklashDTOs\BacklashDTOs.csproj]
c:\Users\Peter\Documents\GitHub\kalshi-trading-bot\BacklashDTOs\MarketSnapshotDeltas.cs(165,24): warning CS1591: Missing XML comment for publicly visible type or member 'MarketSnapshotDelta.StochasticOscillator_Medium_D()' [c:\Users\Peter\Documents\GitHub\kalshi-trading-bot\BacklashDTOs\BacklashDTOs.csproj]
c:\Users\Peter\Documents\GitHub\kalshi-trading-bot\BacklashDTOs\MarketSnapshotDeltas.cs(167,24): warning CS1591: Missing XML comment for publicly visible type or member 'MarketSnapshotDelta.StochasticOscillator_Long_K()' [c:\Users\Peter\Documents\GitHub\kalshi-trading-bot\BacklashDTOs\BacklashDTOs.csproj]
c:\Users\Peter\Documents\GitHub\kalshi-trading-bot\BacklashDTOs\MarketSnapshotDeltas.cs(168,24): warning CS1591: Missing XML comment for publicly visible type or member 'MarketSnapshotDelta.StochasticOscillator_Long_D()' [c:\Users\Peter\Documents\GitHub\kalshi-trading-bot\BacklashDTOs\BacklashDTOs.csproj]
c:\Users\Peter\Documents\GitHub\kalshi-trading-bot\BacklashDTOs\MarketSnapshotDeltas.cs(170,22): warning CS1591: Missing XML comment for publicly visible type or member 'MarketSnapshotDelta.OBV_Medium()' [c:\Users\Peter\Documents\GitHub\kalshi-trading-bot\BacklashDTOs\BacklashDTOs.csproj]
c:\Users\Peter\Documents\GitHub\kalshi-trading-bot\BacklashDTOs\MarketSnapshotDeltas.cs(171,22): warning CS1591: Missing XML comment for publicly visible type or member 'MarketSnapshotDelta.OBV_Long()' [c:\Users\Peter\Documents\GitHub\kalshi-trading-bot\BacklashDTOs\BacklashDTOs.csproj]
c:\Users\Peter\Documents\GitHub\kalshi-trading-bot\BacklashDTOs\MarketSnapshotDeltas.cs(173,24): warning CS1591: Missing XML comment for publicly visible type or member 'MarketSnapshotDelta.YesBidCenterOfMass()' [c:\Users\Peter\Documents\GitHub\kalshi-trading-bot\BacklashDTOs\BacklashDTOs.csproj]
c:\Users\Peter\Documents\GitHub\kalshi-trading-bot\BacklashDTOs\MarketSnapshotDeltas.cs(174,24): warning CS1591: Missing XML comment for publicly visible type or member 'MarketSnapshotDelta.NoBidCenterOfMass()' [c:\Users\Peter\Documents\GitHub\kalshi-trading-bot\BacklashDTOs\BacklashDTOs.csproj]
c:\Users\Peter\Documents\GitHub\kalshi-trading-bot\BacklashDTOs\MarketSnapshotDeltas.cs(176,26): warning CS1591: Missing XML comment for publicly visible type or member 'MarketSnapshotDelta.MarketAge()' [c:\Users\Peter\Documents\GitHub\kalshi-trading-bot\BacklashDTOs\BacklashDTOs.csproj]
c:\Users\Peter\Documents\GitHub\kalshi-trading-bot\BacklashDTOs\MarketSnapshotDeltas.cs(177,26): warning CS1591: Missing XML comment for publicly visible type or member 'MarketSnapshotDelta.TimeLeft()' [c:\Users\Peter\Documents\GitHub\kalshi-trading-bot\BacklashDTOs\BacklashDTOs.csproj]
c:\Users\Peter\Documents\GitHub\kalshi-trading-bot\BacklashDTOs\MarketSnapshotDeltas.cs(179,22): warning CS1591: Missing XML comment for publicly visible type or member 'MarketSnapshotDelta.ChangeMetricsMature()' [c:\Users\Peter\Documents\GitHub\kalshi-trading-bot\BacklashDTOs\BacklashDTOs.csproj]
c:\Users\Peter\Documents\GitHub\kalshi-trading-bot\BacklashDTOs\MarketSnapshotDeltas.cs(180,22): warning CS1591: Missing XML comment for publicly visible type or member 'MarketSnapshotDelta.CanCloseEarly()' [c:\Users\Peter\Documents\GitHub\kalshi-trading-bot\BacklashDTOs\BacklashDTOs.csproj]
c:\Users\Peter\Documents\GitHub\kalshi-trading-bot\BacklashDTOs\MarketSnapshotDeltas.cs(182,26): warning CS1591: Missing XML comment for publicly visible type or member 'MarketSnapshotDelta.LastWebSocketMessageReceived()' [c:\Users\Peter\Documents\GitHub\kalshi-trading-bot\BacklashDTOs\BacklashDTOs.csproj]
c:\Users\Peter\Documents\GitHub\kalshi-trading-bot\BacklashDTOs\MarketSnapshotDeltas.cs(184,26): warning CS1591: Missing XML comment for publicly visible type or member 'MarketSnapshotDelta.HoldTime()' [c:\Users\Peter\Documents\GitHub\kalshi-trading-bot\BacklashDTOs\BacklashDTOs.csproj]
c:\Users\Peter\Documents\GitHub\kalshi-trading-bot\BacklashDTOs\MarketSnapshotDeltas.cs(186,24): warning CS1591: Missing XML comment for publicly visible type or member 'MarketSnapshotDelta.OrderVolumePerMinute_YesBid()' [c:\Users\Peter\Documents\GitHub\kalshi-trading-bot\BacklashDTOs\BacklashDTOs.csproj]
c:\Users\Peter\Documents\GitHub\kalshi-trading-bot\BacklashDTOs\MarketSnapshotDeltas.cs(187,24): warning CS1591: Missing XML comment for publicly visible type or member 'MarketSnapshotDelta.OrderVolumePerMinute_NoBid()' [c:\Users\Peter\Documents\GitHub\kalshi-trading-bot\BacklashDTOs\BacklashDTOs.csproj]
c:\Users\Peter\Documents\GitHub\kalshi-trading-bot\BacklashDTOs\MarketSnapshotDeltas.cs(189,24): warning CS1591: Missing XML comment for publicly visible type or member 'MarketSnapshotDelta.TolerancePercentage()' [c:\Users\Peter\Documents\GitHub\kalshi-trading-bot\BacklashDTOs\BacklashDTOs.csproj]
c:\Users\Peter\Documents\GitHub\kalshi-trading-bot\BacklashDTOs\MarketSnapshotDeltas.cs(191,24): warning CS1591: Missing XML comment for publicly visible type or member 'MarketSnapshotDelta.MarketBehaviorYes()' [c:\Users\Peter\Documents\GitHub\kalshi-trading-bot\BacklashDTOs\BacklashDTOs.csproj]
c:\Users\Peter\Documents\GitHub\kalshi-trading-bot\BacklashDTOs\MarketSnapshotDeltas.cs(192,24): warning CS1591: Missing XML comment for publicly visible type or member 'MarketSnapshotDelta.MarketBehaviorNo()' [c:\Users\Peter\Documents\GitHub\kalshi-trading-bot\BacklashDTOs\BacklashDTOs.csproj]
c:\Users\Peter\Documents\GitHub\kalshi-trading-bot\BacklashDTOs\MarketSnapshotDeltas.cs(193,24): warning CS1591: Missing XML comment for publicly visible type or member 'MarketSnapshotDelta.GoodBadPriceYes()' [c:\Users\Peter\Documents\GitHub\kalshi-trading-bot\BacklashDTOs\BacklashDTOs.csproj]
c:\Users\Peter\Documents\GitHub\kalshi-trading-bot\BacklashDTOs\MarketSnapshotDeltas.cs(194,24): warning CS1591: Missing XML comment for publicly visible type or member 'MarketSnapshotDelta.GoodBadPriceNo()' [c:\Users\Peter\Documents\GitHub\kalshi-trading-bot\BacklashDTOs\BacklashDTOs.csproj]
c:\Users\Peter\Documents\GitHub\kalshi-trading-bot\BacklashDTOs\MarketSnapshotDeltas.cs(197,21): warning CS1591: Missing XML comment for publicly visible type or member 'MarketSnapshotDelta.AllTimeHighYes_Bid_Bid()' [c:\Users\Peter\Documents\GitHub\kalshi-trading-bot\BacklashDTOs\BacklashDTOs.csproj]
c:\Users\Peter\Documents\GitHub\kalshi-trading-bot\BacklashDTOs\MarketSnapshotDeltas.cs(198,26): warning CS1591: Missing XML comment for publicly visible type or member 'MarketSnapshotDelta.AllTimeHighYes_Bid_When()' [c:\Users\Peter\Documents\GitHub\kalshi-trading-bot\BacklashDTOs\BacklashDTOs.csproj]
c:\Users\Peter\Documents\GitHub\kalshi-trading-bot\BacklashDTOs\MarketSnapshotDeltas.cs(199,21): warning CS1591: Missing XML comment for publicly visible type or member 'MarketSnapshotDelta.AllTimeLowYes_Bid_Bid()' [c:\Users\Peter\Documents\GitHub\kalshi-trading-bot\BacklashDTOs\BacklashDTOs.csproj]
c:\Users\Peter\Documents\GitHub\kalshi-trading-bot\BacklashDTOs\MarketSnapshotDeltas.cs(200,26): warning CS1591: Missing XML comment for publicly visible type or member 'MarketSnapshotDelta.AllTimeLowYes_Bid_When()' [c:\Users\Peter\Documents\GitHub\kalshi-trading-bot\BacklashDTOs\BacklashDTOs.csproj]
c:\Users\Peter\Documents\GitHub\kalshi-trading-bot\BacklashDTOs\MarketSnapshotDeltas.cs(202,21): warning CS1591: Missing XML comment for publicly visible type or member 'MarketSnapshotDelta.AllTimeHighNo_Bid_Bid()' [c:\Users\Peter\Documents\GitHub\kalshi-trading-bot\BacklashDTOs\BacklashDTOs.csproj]
c:\Users\Peter\Documents\GitHub\kalshi-trading-bot\BacklashDTOs\MarketSnapshotDeltas.cs(203,26): warning CS1591: Missing XML comment for publicly visible type or member 'MarketSnapshotDelta.AllTimeHighNo_Bid_When()' [c:\Users\Peter\Documents\GitHub\kalshi-trading-bot\BacklashDTOs\BacklashDTOs.csproj]
c:\Users\Peter\Documents\GitHub\kalshi-trading-bot\BacklashDTOs\MarketSnapshotDeltas.cs(204,21): warning CS1591: Missing XML comment for publicly visible type or member 'MarketSnapshotDelta.AllTimeLowNo_Bid_Bid()' [c:\Users\Peter\Documents\GitHub\kalshi-trading-bot\BacklashDTOs\BacklashDTOs.csproj]
c:\Users\Peter\Documents\GitHub\kalshi-trading-bot\BacklashDTOs\MarketSnapshotDeltas.cs(205,26): warning CS1591: Missing XML comment for publicly visible type or member 'MarketSnapshotDelta.AllTimeLowNo_Bid_When()' [c:\Users\Peter\Documents\GitHub\kalshi-trading-bot\BacklashDTOs\BacklashDTOs.csproj]
c:\Users\Peter\Documents\GitHub\kalshi-trading-bot\BacklashDTOs\MarketSnapshotDeltas.cs(207,21): warning CS1591: Missing XML comment for publicly visible type or member 'MarketSnapshotDelta.RecentHighYes_Bid_Bid()' [c:\Users\Peter\Documents\GitHub\kalshi-trading-bot\BacklashDTOs\BacklashDTOs.csproj]
c:\Users\Peter\Documents\GitHub\kalshi-trading-bot\BacklashDTOs\MarketSnapshotDeltas.cs(208,26): warning CS1591: Missing XML comment for publicly visible type or member 'MarketSnapshotDelta.RecentHighYes_Bid_When()' [c:\Users\Peter\Documents\GitHub\kalshi-trading-bot\BacklashDTOs\BacklashDTOs.csproj]
c:\Users\Peter\Documents\GitHub\kalshi-trading-bot\BacklashDTOs\MarketSnapshotDeltas.cs(209,21): warning CS1591: Missing XML comment for publicly visible type or member 'MarketSnapshotDelta.RecentLowYes_Bid_Bid()' [c:\Users\Peter\Documents\GitHub\kalshi-trading-bot\BacklashDTOs\BacklashDTOs.csproj]
c:\Users\Peter\Documents\GitHub\kalshi-trading-bot\BacklashDTOs\MarketSnapshotDeltas.cs(210,26): warning CS1591: Missing XML comment for publicly visible type or member 'MarketSnapshotDelta.RecentLowYes_Bid_When()' [c:\Users\Peter\Documents\GitHub\kalshi-trading-bot\BacklashDTOs\BacklashDTOs.csproj]
c:\Users\Peter\Documents\GitHub\kalshi-trading-bot\BacklashDTOs\MarketSnapshotDeltas.cs(212,21): warning CS1591: Missing XML comment for publicly visible type or member 'MarketSnapshotDelta.RecentHighNo_Bid_Bid()' [c:\Users\Peter\Documents\GitHub\kalshi-trading-bot\BacklashDTOs\BacklashDTOs.csproj]
c:\Users\Peter\Documents\GitHub\kalshi-trading-bot\BacklashDTOs\MarketSnapshotDeltas.cs(213,26): warning CS1591: Missing XML comment for publicly visible type or member 'MarketSnapshotDelta.RecentHighNo_Bid_When()' [c:\Users\Peter\Documents\GitHub\kalshi-trading-bot\BacklashDTOs\BacklashDTOs.csproj]
c:\Users\Peter\Documents\GitHub\kalshi-trading-bot\BacklashDTOs\MarketSnapshotDeltas.cs(214,21): warning CS1591: Missing XML comment for publicly visible type or member 'MarketSnapshotDelta.RecentLowNo_Bid_Bid()' [c:\Users\Peter\Documents\GitHub\kalshi-trading-bot\BacklashDTOs\BacklashDTOs.csproj]
c:\Users\Peter\Documents\GitHub\kalshi-trading-bot\BacklashDTOs\MarketSnapshotDeltas.cs(215,26): warning CS1591: Missing XML comment for publicly visible type or member 'MarketSnapshotDelta.RecentLowNo_Bid_When()' [c:\Users\Peter\Documents\GitHub\kalshi-trading-bot\BacklashDTOs\BacklashDTOs.csproj]
c:\Users\Peter\Documents\GitHub\kalshi-trading-bot\BacklashInterfaces\Enums\StrategyEnums.cs(10,21): warning CS1591: Missing XML comment for publicly visible type or member 'StrategyEnums.MarketType' [c:\Users\Peter\Documents\GitHub\kalshi-trading-bot\BacklashInterfaces\BacklashInterfaces.csproj]
c:\Users\Peter\Documents\GitHub\kalshi-trading-bot\BacklashInterfaces\Enums\StrategyEnums.cs(82,21): warning CS1591: Missing XML comment for publicly visible type or member 'StrategyEnums.ActionType' [c:\Users\Peter\Documents\GitHub\kalshi-trading-bot\BacklashInterfaces\BacklashInterfaces.csproj]
c:\Users\Peter\Documents\GitHub\kalshi-trading-bot\BacklashInterfaces\Enums\StrategyEnums.cs(118,21): warning CS1591: Missing XML comment for publicly visible type or member 'StrategyEnums.ComparisonOperator' [c:\Users\Peter\Documents\GitHub\kalshi-trading-bot\BacklashInterfaces\BacklashInterfaces.csproj]
c:\Users\Peter\Documents\GitHub\kalshi-trading-bot\BacklashInterfaces\Enums\StrategyEnums.cs(150,21): warning CS1591: Missing XML comment for publicly visible type or member 'StrategyEnums.Conditions_PriceMovement' [c:\Users\Peter\Documents\GitHub\kalshi-trading-bot\BacklashInterfaces\BacklashInterfaces.csproj]
c:\Users\Peter\Documents\GitHub\kalshi-trading-bot\BacklashInterfaces\Enums\StrategyEnums.cs(170,21): warning CS1591: Missing XML comment for publicly visible type or member 'StrategyEnums.Conditions_Liquidity' [c:\Users\Peter\Documents\GitHub\kalshi-trading-bot\BacklashInterfaces\BacklashInterfaces.csproj]
c:\Users\Peter\Documents\GitHub\kalshi-trading-bot\BacklashInterfaces\Enums\StrategyEnums.cs(186,21): warning CS1591: Missing XML comment for publicly visible type or member 'StrategyEnums.Conditions_ClosingTime' [c:\Users\Peter\Documents\GitHub\kalshi-trading-bot\BacklashInterfaces\BacklashInterfaces.csproj]
c:\Users\Peter\Documents\GitHub\kalshi-trading-bot\BacklashInterfaces\Enums\StrategyEnums.cs(202,21): warning CS1591: Missing XML comment for publicly visible type or member 'StrategyEnums.Conditions_ActivityLevel' [c:\Users\Peter\Documents\GitHub\kalshi-trading-bot\BacklashInterfaces\BacklashInterfaces.csproj]
c:\Users\Peter\Documents\GitHub\kalshi-trading-bot\BacklashInterfaces\Enums\StrategyEnums.cs(218,21): warning CS1591: Missing XML comment for publicly visible type or member 'StrategyEnums.Conditions_UncertaintySignal' [c:\Users\Peter\Documents\GitHub\kalshi-trading-bot\BacklashInterfaces\BacklashInterfaces.csproj]
c:\Users\Peter\Documents\GitHub\kalshi-trading-bot\BacklashInterfaces\Enums\StrategyEnums.cs(231,21): warning CS1591: Missing XML comment for publicly visible type or member 'StrategyEnums.Conditions_MarketCategory' [c:\Users\Peter\Documents\GitHub\kalshi-trading-bot\BacklashInterfaces\BacklashInterfaces.csproj]
c:\Users\Peter\Documents\GitHub\kalshi-trading-bot\BacklashInterfaces\SmokehouseBot\Services\IOverseerClientService.cs(3,22): warning CS1591: Missing XML comment for publicly visible type or member 'IOverseerClientService' [c:\Users\Peter\Documents\GitHub\kalshi-trading-bot\BacklashInterfaces\BacklashInterfaces.csproj]
c:\Users\Peter\Documents\GitHub\kalshi-trading-bot\BacklashInterfaces\SmokehouseBot\Services\IOverseerClientService.cs(5,14): warning CS1591: Missing XML comment for publicly visible type or member 'IOverseerClientService.StartAsync()' [c:\Users\Peter\Documents\GitHub\kalshi-trading-bot\BacklashInterfaces\BacklashInterfaces.csproj]
c:\Users\Peter\Documents\GitHub\kalshi-trading-bot\BacklashInterfaces\SmokehouseBot\Services\IOverseerClientService.cs(6,14): warning CS1591: Missing XML comment for publicly visible type or member 'IOverseerClientService.StopAsync()' [c:\Users\Peter\Documents\GitHub\kalshi-trading-bot\BacklashInterfaces\BacklashInterfaces.csproj]
c:\Users\Peter\Documents\GitHub\kalshi-trading-bot\BacklashInterfaces\KalshiBotData\Data\IBacklashBotContext.cs(7,22): warning CS1591: Missing XML comment for publicly visible type or member 'IBacklashBotContext' [c:\Users\Peter\Documents\GitHub\kalshi-trading-bot\BacklashInterfaces\BacklashInterfaces.csproj]
c:\Users\Peter\Documents\GitHub\kalshi-trading-bot\BacklashInterfaces\KalshiBotData\Data\IBacklashBotContext.cs(10,26): warning CS1591: Missing XML comment for publicly visible type or member 'IBacklashBotContext.GetSeriesByTicker(string)' [c:\Users\Peter\Documents\GitHub\kalshi-trading-bot\BacklashInterfaces\BacklashInterfaces.csproj]
c:\Users\Peter\Documents\GitHub\kalshi-trading-bot\BacklashInterfaces\KalshiBotData\Data\IBacklashBotContext.cs(11,14): warning CS1591: Missing XML comment for publicly visible type or member 'IBacklashBotContext.AddOrUpdateSeries(SeriesDTO)' [c:\Users\Peter\Documents\GitHub\kalshi-trading-bot\BacklashInterfaces\BacklashInterfaces.csproj]
c:\Users\Peter\Documents\GitHub\kalshi-trading-bot\BacklashInterfaces\KalshiBotData\Data\IBacklashBotContext.cs(15,25): warning CS1591: Missing XML comment for publicly visible type or member 'IBacklashBotContext.GetEventByTicker(string)' [c:\Users\Peter\Documents\GitHub\kalshi-trading-bot\BacklashInterfaces\BacklashInterfaces.csproj]
c:\Users\Peter\Documents\GitHub\kalshi-trading-bot\BacklashInterfaces\KalshiBotData\Data\IBacklashBotContext.cs(16,14): warning CS1591: Missing XML comment for publicly visible type or member 'IBacklashBotContext.AddOrUpdateEvent(EventDTO)' [c:\Users\Peter\Documents\GitHub\kalshi-trading-bot\BacklashInterfaces\BacklashInterfaces.csproj]
c:\Users\Peter\Documents\GitHub\kalshi-trading-bot\BacklashInterfaces\KalshiBotData\Data\IBacklashBotContext.cs(17,14): warning CS1591: Missing XML comment for publicly visible type or member 'IBacklashBotContext.AddOrUpdateEvents(List<EventDTO>)' [c:\Users\Peter\Documents\GitHub\kalshi-trading-bot\BacklashInterfaces\BacklashInterfaces.csproj]
c:\Users\Peter\Documents\GitHub\kalshi-trading-bot\BacklashInterfaces\KalshiBotData\Data\IBacklashBotContext.cs(21,26): warning CS1591: Missing XML comment for publicly visible type or member 'IBacklashBotContext.GetMarketByTicker(string)' [c:\Users\Peter\Documents\GitHub\kalshi-trading-bot\BacklashInterfaces\BacklashInterfaces.csproj]
c:\Users\Peter\Documents\GitHub\kalshi-trading-bot\BacklashInterfaces\KalshiBotData\Data\IBacklashBotContext.cs(22,31): warning CS1591: Missing XML comment for publicly visible type or member 'IBacklashBotContext.GetLatestCandlestick(string, int?)' [c:\Users\Peter\Documents\GitHub\kalshi-trading-bot\BacklashInterfaces\BacklashInterfaces.csproj]
c:\Users\Peter\Documents\GitHub\kalshi-trading-bot\BacklashInterfaces\KalshiBotData\Data\IBacklashBotContext.cs(23,31): warning CS1591: Missing XML comment for publicly visible type or member 'IBacklashBotContext.GetMarketWatchByTicker(string)' [c:\Users\Peter\Documents\GitHub\kalshi-trading-bot\BacklashInterfaces\BacklashInterfaces.csproj]
c:\Users\Peter\Documents\GitHub\kalshi-trading-bot\BacklashInterfaces\KalshiBotData\Data\IBacklashBotContext.cs(24,31): warning CS1591: Missing XML comment for publicly visible type or member 'IBacklashBotContext.GetMarketsFiltered(HashSet<string>?, HashSet<string>?, HashSet<string>?, HashSet<string>?, bool?, double?, DateTime?, DateTime?)' [c:\Users\Peter\Documents\GitHub\kalshi-trading-bot\BacklashInterfaces\BacklashInterfaces.csproj]
c:\Users\Peter\Documents\GitHub\kalshi-trading-bot\BacklashInterfaces\KalshiBotData\Data\IBacklashBotContext.cs(28,39): warning CS1591: Missing XML comment for publicly visible type or member 'IBacklashBotContext.GetMarketWatchesFiltered(HashSet<string>?, HashSet<Guid>?, HashSet<Guid>?, bool?, double?, double?, DateTime?)' [c:\Users\Peter\Documents\GitHub\kalshi-trading-bot\BacklashInterfaces\BacklashInterfaces.csproj]
c:\Users\Peter\Documents\GitHub\kalshi-trading-bot\BacklashInterfaces\KalshiBotData\Data\IBacklashBotContext.cs(31,38): warning CS1591: Missing XML comment for publicly visible type or member 'IBacklashBotContext.GetSnapshotGroupsFiltered(List<string>?, int?)' [c:\Users\Peter\Documents\GitHub\kalshi-trading-bot\BacklashInterfaces\BacklashInterfaces.csproj]
c:\Users\Peter\Documents\GitHub\kalshi-trading-bot\BacklashInterfaces\KalshiBotData\Data\IBacklashBotContext.cs(32,33): warning CS1591: Missing XML comment for publicly visible type or member 'IBacklashBotContext.GetSnapshotsFiltered(string?, bool?, DateTime?, DateTime?, int?, int?)' [c:\Users\Peter\Documents\GitHub\kalshi-trading-bot\BacklashInterfaces\BacklashInterfaces.csproj]
c:\Users\Peter\Documents\GitHub\kalshi-trading-bot\BacklashInterfaces\KalshiBotData\Data\IBacklashBotContext.cs(34,36): warning CS1591: Missing XML comment for publicly visible type or member 'IBacklashBotContext.GetFinalizedMarketWatchesByBrainLock(Guid)' [c:\Users\Peter\Documents\GitHub\kalshi-trading-bot\BacklashInterfaces\BacklashInterfaces.csproj]
c:\Users\Peter\Documents\GitHub\kalshi-trading-bot\BacklashInterfaces\KalshiBotData\Data\IBacklashBotContext.cs(35,31): warning CS1591: Missing XML comment for publicly visible type or member 'IBacklashBotContext.GetMarketTickersWithSnapshots()' [c:\Users\Peter\Documents\GitHub\kalshi-trading-bot\BacklashInterfaces\BacklashInterfaces.csproj]
c:\Users\Peter\Documents\GitHub\kalshi-trading-bot\BacklashInterfaces\KalshiBotData\Data\IBacklashBotContext.cs(36,31): warning CS1591: Missing XML comment for publicly visible type or member 'IBacklashBotContext.GetMarketsWithSnapshots()' [c:\Users\Peter\Documents\GitHub\kalshi-trading-bot\BacklashInterfaces\BacklashInterfaces.csproj]
c:\Users\Peter\Documents\GitHub\kalshi-trading-bot\BacklashInterfaces\KalshiBotData\Data\IBacklashBotContext.cs(37,31): warning CS1591: Missing XML comment for publicly visible type or member 'IBacklashBotContext.GetInactiveMarketsWithNoSnapshots()' [c:\Users\Peter\Documents\GitHub\kalshi-trading-bot\BacklashInterfaces\BacklashInterfaces.csproj]
c:\Users\Peter\Documents\GitHub\kalshi-trading-bot\BacklashInterfaces\KalshiBotData\Data\IBacklashBotContext.cs(38,31): warning CS1591: Missing XML comment for publicly visible type or member 'IBacklashBotContext.GetInactiveMarketTickersWithoutSnapshots()' [c:\Users\Peter\Documents\GitHub\kalshi-trading-bot\BacklashInterfaces\BacklashInterfaces.csproj]
c:\Users\Peter\Documents\GitHub\kalshi-trading-bot\BacklashInterfaces\KalshiBotData\Data\IBacklashBotContext.cs(39,31): warning CS1591: Missing XML comment for publicly visible type or member 'IBacklashBotContext.GetProcessedMarkets()' [c:\Users\Peter\Documents\GitHub\kalshi-trading-bot\BacklashInterfaces\BacklashInterfaces.csproj]
c:\Users\Peter\Documents\GitHub\kalshi-trading-bot\BacklashInterfaces\KalshiBotData\Data\IBacklashBotContext.cs(40,14): warning CS1591: Missing XML comment for publicly visible type or member 'IBacklashBotContext.AddOrUpdateMarket(MarketDTO)' [c:\Users\Peter\Documents\GitHub\kalshi-trading-bot\BacklashInterfaces\BacklashInterfaces.csproj]
c:\Users\Peter\Documents\GitHub\kalshi-trading-bot\BacklashInterfaces\KalshiBotData\Data\IBacklashBotContext.cs(41,14): warning CS1591: Missing XML comment for publicly visible type or member 'IBacklashBotContext.DeleteMarket(string)' [c:\Users\Peter\Documents\GitHub\kalshi-trading-bot\BacklashInterfaces\BacklashInterfaces.csproj]
c:\Users\Peter\Documents\GitHub\kalshi-trading-bot\BacklashInterfaces\KalshiBotData\Data\IBacklashBotContext.cs(42,14): warning CS1591: Missing XML comment for publicly visible type or member 'IBacklashBotContext.AddOrUpdateMarkets(List<MarketDTO>)' [c:\Users\Peter\Documents\GitHub\kalshi-trading-bot\BacklashInterfaces\BacklashInterfaces.csproj]
c:\Users\Peter\Documents\GitHub\kalshi-trading-bot\BacklashInterfaces\KalshiBotData\Data\IBacklashBotContext.cs(43,31): warning CS1591: Missing XML comment for publicly visible type or member 'IBacklashBotContext.GetMarkets(HashSet<string>?, HashSet<string>?, HashSet<string>?, HashSet<string>?, bool?, double?, DateTime?, DateTime?)' [c:\Users\Peter\Documents\GitHub\kalshi-trading-bot\BacklashInterfaces\BacklashInterfaces.csproj]
c:\Users\Peter\Documents\GitHub\kalshi-trading-bot\BacklashInterfaces\KalshiBotData\Data\IBacklashBotContext.cs(46,14): warning CS1591: Missing XML comment for publicly visible type or member 'IBacklashBotContext.UpdateMarketLastCandlestick(string)' [c:\Users\Peter\Documents\GitHub\kalshi-trading-bot\BacklashInterfaces\BacklashInterfaces.csproj]
c:\Users\Peter\Documents\GitHub\kalshi-trading-bot\BacklashInterfaces\KalshiBotData\Data\IBacklashBotContext.cs(47,69): warning CS1591: Missing XML comment for publicly visible type or member 'IBacklashBotContext.GetMarketStatus(string)' [c:\Users\Peter\Documents\GitHub\kalshi-trading-bot\BacklashInterfaces\BacklashInterfaces.csproj]
c:\Users\Peter\Documents\GitHub\kalshi-trading-bot\BacklashInterfaces\KalshiBotData\Data\IBacklashBotContext.cs(51,31): warning CS1591: Missing XML comment for publicly visible type or member 'IBacklashBotContext.GetTickers(string?, DateTime?)' [c:\Users\Peter\Documents\GitHub\kalshi-trading-bot\BacklashInterfaces\BacklashInterfaces.csproj]
c:\Users\Peter\Documents\GitHub\kalshi-trading-bot\BacklashInterfaces\KalshiBotData\Data\IBacklashBotContext.cs(52,14): warning CS1591: Missing XML comment for publicly visible type or member 'IBacklashBotContext.AddOrUpdateTickers(List<TickerDTO>)' [c:\Users\Peter\Documents\GitHub\kalshi-trading-bot\BacklashInterfaces\BacklashInterfaces.csproj]
c:\Users\Peter\Documents\GitHub\kalshi-trading-bot\BacklashInterfaces\KalshiBotData\Data\IBacklashBotContext.cs(53,14): warning CS1591: Missing XML comment for publicly visible type or member 'IBacklashBotContext.AddOrUpdateTicker(TickerDTO)' [c:\Users\Peter\Documents\GitHub\kalshi-trading-bot\BacklashInterfaces\BacklashInterfaces.csproj]
c:\Users\Peter\Documents\GitHub\kalshi-trading-bot\BacklashInterfaces\KalshiBotData\Data\IBacklashBotContext.cs(57,36): warning CS1591: Missing XML comment for publicly visible type or member 'IBacklashBotContext.GetCandlesticks(string, int?)' [c:\Users\Peter\Documents\GitHub\kalshi-trading-bot\BacklashInterfaces\BacklashInterfaces.csproj]
c:\Users\Peter\Documents\GitHub\kalshi-trading-bot\BacklashInterfaces\KalshiBotData\Data\IBacklashBotContext.cs(58,31): warning CS1591: Missing XML comment for publicly visible type or member 'IBacklashBotContext.GetLastCandlestick(string, int?)' [c:\Users\Peter\Documents\GitHub\kalshi-trading-bot\BacklashInterfaces\BacklashInterfaces.csproj]
c:\Users\Peter\Documents\GitHub\kalshi-trading-bot\BacklashInterfaces\KalshiBotData\Data\IBacklashBotContext.cs(59,14): warning CS1591: Missing XML comment for publicly visible type or member 'IBacklashBotContext.AddOrUpdateCandlestick(CandlestickDTO)' [c:\Users\Peter\Documents\GitHub\kalshi-trading-bot\BacklashInterfaces\BacklashInterfaces.csproj]
c:\Users\Peter\Documents\GitHub\kalshi-trading-bot\BacklashInterfaces\KalshiBotData\Data\IBacklashBotContext.cs(60,37): warning CS1591: Missing XML comment for publicly visible type or member 'IBacklashBotContext.RetrieveCandlesticksAsync(CancellationToken, int, string, DateTime)' [c:\Users\Peter\Documents\GitHub\kalshi-trading-bot\BacklashInterfaces\BacklashInterfaces.csproj]
c:\Users\Peter\Documents\GitHub\kalshi-trading-bot\BacklashInterfaces\KalshiBotData\Data\IBacklashBotContext.cs(61,14): warning CS1591: Missing XML comment for publicly visible type or member 'IBacklashBotContext.ImportJsonCandlesticks()' [c:\Users\Peter\Documents\GitHub\kalshi-trading-bot\BacklashInterfaces\BacklashInterfaces.csproj]
c:\Users\Peter\Documents\GitHub\kalshi-trading-bot\BacklashInterfaces\KalshiBotData\Data\IBacklashBotContext.cs(65,31): warning CS1591: Missing XML comment for publicly visible type or member 'IBacklashBotContext.GetMarketWatch(string)' [c:\Users\Peter\Documents\GitHub\kalshi-trading-bot\BacklashInterfaces\BacklashInterfaces.csproj]
c:\Users\Peter\Documents\GitHub\kalshi-trading-bot\BacklashInterfaces\KalshiBotData\Data\IBacklashBotContext.cs(66,39): warning CS1591: Missing XML comment for publicly visible type or member 'IBacklashBotContext.GetMarketWatches(HashSet<string>?, HashSet<Guid>?, HashSet<Guid>?, bool?, double?, double?, DateTime?)' [c:\Users\Peter\Documents\GitHub\kalshi-trading-bot\BacklashInterfaces\BacklashInterfaces.csproj]
c:\Users\Peter\Documents\GitHub\kalshi-trading-bot\BacklashInterfaces\KalshiBotData\Data\IBacklashBotContext.cs(69,36): warning CS1591: Missing XML comment for publicly visible type or member 'IBacklashBotContext.GetFinalizedMarketWatches(Guid)' [c:\Users\Peter\Documents\GitHub\kalshi-trading-bot\BacklashInterfaces\BacklashInterfaces.csproj]
c:\Users\Peter\Documents\GitHub\kalshi-trading-bot\BacklashInterfaces\KalshiBotData\Data\IBacklashBotContext.cs(70,14): warning CS1591: Missing XML comment for publicly visible type or member 'IBacklashBotContext.AddOrUpdateMarketWatch(MarketWatchDTO)' [c:\Users\Peter\Documents\GitHub\kalshi-trading-bot\BacklashInterfaces\BacklashInterfaces.csproj]
c:\Users\Peter\Documents\GitHub\kalshi-trading-bot\BacklashInterfaces\KalshiBotData\Data\IBacklashBotContext.cs(71,14): warning CS1591: Missing XML comment for publicly visible type or member 'IBacklashBotContext.AddOrUpdateMarketWatches(List<MarketWatchDTO>)' [c:\Users\Peter\Documents\GitHub\kalshi-trading-bot\BacklashInterfaces\BacklashInterfaces.csproj]
c:\Users\Peter\Documents\GitHub\kalshi-trading-bot\BacklashInterfaces\KalshiBotData\Data\IBacklashBotContext.cs(72,14): warning CS1591: Missing XML comment for publicly visible type or member 'IBacklashBotContext.RemoveMarketWatches(List<MarketWatchDTO>)' [c:\Users\Peter\Documents\GitHub\kalshi-trading-bot\BacklashInterfaces\BacklashInterfaces.csproj]
c:\Users\Peter\Documents\GitHub\kalshi-trading-bot\BacklashInterfaces\KalshiBotData\Data\IBacklashBotContext.cs(73,14): warning CS1591: Missing XML comment for publicly visible type or member 'IBacklashBotContext.RemoveOrphanedBrainLocks()' [c:\Users\Peter\Documents\GitHub\kalshi-trading-bot\BacklashInterfaces\BacklashInterfaces.csproj]
c:\Users\Peter\Documents\GitHub\kalshi-trading-bot\BacklashInterfaces\KalshiBotData\Data\IBacklashBotContext.cs(74,14): warning CS1591: Missing XML comment for publicly visible type or member 'IBacklashBotContext.RemoveClosedWatches()' [c:\Users\Peter\Documents\GitHub\kalshi-trading-bot\BacklashInterfaces\BacklashInterfaces.csproj]
c:\Users\Peter\Documents\GitHub\kalshi-trading-bot\BacklashInterfaces\KalshiBotData\Data\IBacklashBotContext.cs(78,34): warning CS1591: Missing XML comment for publicly visible type or member 'IBacklashBotContext.GetMarketPosition(string)' [c:\Users\Peter\Documents\GitHub\kalshi-trading-bot\BacklashInterfaces\BacklashInterfaces.csproj]
c:\Users\Peter\Documents\GitHub\kalshi-trading-bot\BacklashInterfaces\KalshiBotData\Data\IBacklashBotContext.cs(79,39): warning CS1591: Missing XML comment for publicly visible type or member 'IBacklashBotContext.GetMarketPositions(HashSet<string>?, bool?, bool?)' [c:\Users\Peter\Documents\GitHub\kalshi-trading-bot\BacklashInterfaces\BacklashInterfaces.csproj]
c:\Users\Peter\Documents\GitHub\kalshi-trading-bot\BacklashInterfaces\KalshiBotData\Data\IBacklashBotContext.cs(81,14): warning CS1591: Missing XML comment for publicly visible type or member 'IBacklashBotContext.AddOrUpdateMarketPosition(MarketPositionDTO)' [c:\Users\Peter\Documents\GitHub\kalshi-trading-bot\BacklashInterfaces\BacklashInterfaces.csproj]
c:\Users\Peter\Documents\GitHub\kalshi-trading-bot\BacklashInterfaces\KalshiBotData\Data\IBacklashBotContext.cs(82,14): warning CS1591: Missing XML comment for publicly visible type or member 'IBacklashBotContext.RemoveMarketPosition(string)' [c:\Users\Peter\Documents\GitHub\kalshi-trading-bot\BacklashInterfaces\BacklashInterfaces.csproj]
c:\Users\Peter\Documents\GitHub\kalshi-trading-bot\BacklashInterfaces\KalshiBotData\Data\IBacklashBotContext.cs(86,30): warning CS1591: Missing XML comment for publicly visible type or member 'IBacklashBotContext.GetOrders(string?, string?)' [c:\Users\Peter\Documents\GitHub\kalshi-trading-bot\BacklashInterfaces\BacklashInterfaces.csproj]
c:\Users\Peter\Documents\GitHub\kalshi-trading-bot\BacklashInterfaces\KalshiBotData\Data\IBacklashBotContext.cs(87,14): warning CS1591: Missing XML comment for publicly visible type or member 'IBacklashBotContext.AddOrUpdateOrder(OrderDTO)' [c:\Users\Peter\Documents\GitHub\kalshi-trading-bot\BacklashInterfaces\BacklashInterfaces.csproj]
c:\Users\Peter\Documents\GitHub\kalshi-trading-bot\BacklashInterfaces\KalshiBotData\Data\IBacklashBotContext.cs(91,33): warning CS1591: Missing XML comment for publicly visible type or member 'IBacklashBotContext.GetSnapshots(string?, bool?, DateTime?, DateTime?, int?, int?)' [c:\Users\Peter\Documents\GitHub\kalshi-trading-bot\BacklashInterfaces\BacklashInterfaces.csproj]
c:\Users\Peter\Documents\GitHub\kalshi-trading-bot\BacklashInterfaces\KalshiBotData\Data\IBacklashBotContext.cs(93,14): warning CS1591: Missing XML comment for publicly visible type or member 'IBacklashBotContext.AddOrUpdateSnapshot(SnapshotDTO)' [c:\Users\Peter\Documents\GitHub\kalshi-trading-bot\BacklashInterfaces\BacklashInterfaces.csproj]
c:\Users\Peter\Documents\GitHub\kalshi-trading-bot\BacklashInterfaces\KalshiBotData\Data\IBacklashBotContext.cs(94,14): warning CS1591: Missing XML comment for publicly visible type or member 'IBacklashBotContext.AddOrUpdateSnapshots(List<SnapshotDTO>)' [c:\Users\Peter\Documents\GitHub\kalshi-trading-bot\BacklashInterfaces\BacklashInterfaces.csproj]
c:\Users\Peter\Documents\GitHub\kalshi-trading-bot\BacklashInterfaces\KalshiBotData\Data\IBacklashBotContext.cs(95,14): warning CS1591: Missing XML comment for publicly visible type or member 'IBacklashBotContext.AddSnapshots(List<SnapshotDTO>)' [c:\Users\Peter\Documents\GitHub\kalshi-trading-bot\BacklashInterfaces\BacklashInterfaces.csproj]
c:\Users\Peter\Documents\GitHub\kalshi-trading-bot\BacklashInterfaces\KalshiBotData\Data\IBacklashBotContext.cs(96,20): warning CS1591: Missing XML comment for publicly visible type or member 'IBacklashBotContext.GetSnapshotCount(string)' [c:\Users\Peter\Documents\GitHub\kalshi-trading-bot\BacklashInterfaces\BacklashInterfaces.csproj]
c:\Users\Peter\Documents\GitHub\kalshi-trading-bot\BacklashInterfaces\KalshiBotData\Data\IBacklashBotContext.cs(100,34): warning CS1591: Missing XML comment for publicly visible type or member 'IBacklashBotContext.GetSnapshotSchema(int)' [c:\Users\Peter\Documents\GitHub\kalshi-trading-bot\BacklashInterfaces\BacklashInterfaces.csproj]
c:\Users\Peter\Documents\GitHub\kalshi-trading-bot\BacklashInterfaces\KalshiBotData\Data\IBacklashBotContext.cs(101,39): warning CS1591: Missing XML comment for publicly visible type or member 'IBacklashBotContext.GetSnapshotSchemas()' [c:\Users\Peter\Documents\GitHub\kalshi-trading-bot\BacklashInterfaces\BacklashInterfaces.csproj]
c:\Users\Peter\Documents\GitHub\kalshi-trading-bot\BacklashInterfaces\KalshiBotData\Data\IBacklashBotContext.cs(102,33): warning CS1591: Missing XML comment for publicly visible type or member 'IBacklashBotContext.AddSnapshotSchema(SnapshotSchemaDTO)' [c:\Users\Peter\Documents\GitHub\kalshi-trading-bot\BacklashInterfaces\BacklashInterfaces.csproj]
c:\Users\Peter\Documents\GitHub\kalshi-trading-bot\BacklashInterfaces\KalshiBotData\Data\IBacklashBotContext.cs(106,33): warning CS1591: Missing XML comment for publicly visible type or member 'IBacklashBotContext.GetBrainInstanceByName(string?)' [c:\Users\Peter\Documents\GitHub\kalshi-trading-bot\BacklashInterfaces\BacklashInterfaces.csproj]
c:\Users\Peter\Documents\GitHub\kalshi-trading-bot\BacklashInterfaces\KalshiBotData\Data\IBacklashBotContext.cs(107,33): warning CS1591: Missing XML comment for publicly visible type or member 'IBacklashBotContext.GetBrainInstance(string?)' [c:\Users\Peter\Documents\GitHub\kalshi-trading-bot\BacklashInterfaces\BacklashInterfaces.csproj]
c:\Users\Peter\Documents\GitHub\kalshi-trading-bot\BacklashInterfaces\KalshiBotData\Data\IBacklashBotContext.cs(108,38): warning CS1591: Missing XML comment for publicly visible type or member 'IBacklashBotContext.GetBrainInstancesFiltered(string?, bool?)' [c:\Users\Peter\Documents\GitHub\kalshi-trading-bot\BacklashInterfaces\BacklashInterfaces.csproj]
c:\Users\Peter\Documents\GitHub\kalshi-trading-bot\BacklashInterfaces\KalshiBotData\Data\IBacklashBotContext.cs(109,38): warning CS1591: Missing XML comment for publicly visible type or member 'IBacklashBotContext.GetStaleBrains(Guid)' [c:\Users\Peter\Documents\GitHub\kalshi-trading-bot\BacklashInterfaces\BacklashInterfaces.csproj]
c:\Users\Peter\Documents\GitHub\kalshi-trading-bot\BacklashInterfaces\KalshiBotData\Data\IBacklashBotContext.cs(110,14): warning CS1591: Missing XML comment for publicly visible type or member 'IBacklashBotContext.AddOrUpdateBrainInstance(BrainInstanceDTO)' [c:\Users\Peter\Documents\GitHub\kalshi-trading-bot\BacklashInterfaces\BacklashInterfaces.csproj]
c:\Users\Peter\Documents\GitHub\kalshi-trading-bot\BacklashInterfaces\KalshiBotData\Data\IBacklashBotContext.cs(111,14): warning CS1591: Missing XML comment for publicly visible type or member 'IBacklashBotContext.SaveBrainPersistence(string, string)' [c:\Users\Peter\Documents\GitHub\kalshi-trading-bot\BacklashInterfaces\BacklashInterfaces.csproj]
c:\Users\Peter\Documents\GitHub\kalshi-trading-bot\BacklashInterfaces\KalshiBotData\Data\IBacklashBotContext.cs(112,23): warning CS1591: Missing XML comment for publicly visible type or member 'IBacklashBotContext.LoadBrainPersistence(string)' [c:\Users\Peter\Documents\GitHub\kalshi-trading-bot\BacklashInterfaces\BacklashInterfaces.csproj]
c:\Users\Peter\Documents\GitHub\kalshi-trading-bot\BacklashInterfaces\KalshiBotData\Data\IBacklashBotContext.cs(113,14): warning CS1591: Missing XML comment for publicly visible type or member 'IBacklashBotContext.DeleteBrainPersistence(string)' [c:\Users\Peter\Documents\GitHub\kalshi-trading-bot\BacklashInterfaces\BacklashInterfaces.csproj]
c:\Users\Peter\Documents\GitHub\kalshi-trading-bot\BacklashInterfaces\KalshiBotData\Data\IBacklashBotContext.cs(114,28): warning CS1591: Missing XML comment for publicly visible type or member 'IBacklashBotContext.GetAllBrainPersistenceNames()' [c:\Users\Peter\Documents\GitHub\kalshi-trading-bot\BacklashInterfaces\BacklashInterfaces.csproj]
c:\Users\Peter\Documents\GitHub\kalshi-trading-bot\BacklashInterfaces\KalshiBotData\Data\IBacklashBotContext.cs(118,38): warning CS1591: Missing XML comment for publicly visible type or member 'IBacklashBotContext.GetSnapshotGroups(List<string>?, int?)' [c:\Users\Peter\Documents\GitHub\kalshi-trading-bot\BacklashInterfaces\BacklashInterfaces.csproj]
c:\Users\Peter\Documents\GitHub\kalshi-trading-bot\BacklashInterfaces\KalshiBotData\Data\IBacklashBotContext.cs(119,31): warning CS1591: Missing XML comment for publicly visible type or member 'IBacklashBotContext.GetSnapshotGroupNames()' [c:\Users\Peter\Documents\GitHub\kalshi-trading-bot\BacklashInterfaces\BacklashInterfaces.csproj]
c:\Users\Peter\Documents\GitHub\kalshi-trading-bot\BacklashInterfaces\KalshiBotData\Data\IBacklashBotContext.cs(120,33): warning CS1591: Missing XML comment for publicly visible type or member 'IBacklashBotContext.GetUngroupedSnapshots(int)' [c:\Users\Peter\Documents\GitHub\kalshi-trading-bot\BacklashInterfaces\BacklashInterfaces.csproj]
c:\Users\Peter\Documents\GitHub\kalshi-trading-bot\BacklashInterfaces\KalshiBotData\Data\IBacklashBotContext.cs(121,14): warning CS1591: Missing XML comment for publicly visible type or member 'IBacklashBotContext.AddOrUpdateSnapshotGroups(List<SnapshotGroupDTO>)' [c:\Users\Peter\Documents\GitHub\kalshi-trading-bot\BacklashInterfaces\BacklashInterfaces.csproj]
c:\Users\Peter\Documents\GitHub\kalshi-trading-bot\BacklashInterfaces\KalshiBotData\Data\IBacklashBotContext.cs(122,14): warning CS1591: Missing XML comment for publicly visible type or member 'IBacklashBotContext.AddOrUpdateSnapshotGroup(SnapshotGroupDTO)' [c:\Users\Peter\Documents\GitHub\kalshi-trading-bot\BacklashInterfaces\BacklashInterfaces.csproj]
c:\Users\Peter\Documents\GitHub\kalshi-trading-bot\BacklashInterfaces\KalshiBotData\Data\IBacklashBotContext.cs(126,14): warning CS1591: Missing XML comment for publicly visible type or member 'IBacklashBotContext.AddLogEntry(LogEntryDTO)' [c:\Users\Peter\Documents\GitHub\kalshi-trading-bot\BacklashInterfaces\BacklashInterfaces.csproj]
c:\Users\Peter\Documents\GitHub\kalshi-trading-bot\BacklashInterfaces\KalshiBotData\Data\IBacklashBotContext.cs(127,14): warning CS1591: Missing XML comment for publicly visible type or member 'IBacklashBotContext.AddOverseerLogEntry(LogEntryDTO)' [c:\Users\Peter\Documents\GitHub\kalshi-trading-bot\BacklashInterfaces\BacklashInterfaces.csproj]
c:\Users\Peter\Documents\GitHub\kalshi-trading-bot\BacklashInterfaces\KalshiBotData\Data\IBacklashBotContext.cs(128,33): warning CS1591: Missing XML comment for publicly visible type or member 'IBacklashBotContext.GetLogEntries(string?, string?, DateTime?, DateTime?, int?)' [c:\Users\Peter\Documents\GitHub\kalshi-trading-bot\BacklashInterfaces\BacklashInterfaces.csproj]
c:\Users\Peter\Documents\GitHub\kalshi-trading-bot\BacklashInterfaces\KalshiBotData\Data\IBacklashBotContext.cs(130,33): warning CS1591: Missing XML comment for publicly visible type or member 'IBacklashBotContext.GetLogEntriesFiltered(string?, string?, DateTime?, DateTime?, int?)' [c:\Users\Peter\Documents\GitHub\kalshi-trading-bot\BacklashInterfaces\BacklashInterfaces.csproj]
c:\Users\Peter\Documents\GitHub\kalshi-trading-bot\BacklashInterfaces\KalshiBotData\Data\IBacklashBotContext.cs(135,29): warning CS1591: Missing XML comment for publicly visible type or member 'IBacklashBotContext.GetWeightSetByStrategyName(string)' [c:\Users\Peter\Documents\GitHub\kalshi-trading-bot\BacklashInterfaces\BacklashInterfaces.csproj]
c:\Users\Peter\Documents\GitHub\kalshi-trading-bot\BacklashInterfaces\KalshiBotData\Data\IBacklashBotContext.cs(136,34): warning CS1591: Missing XML comment for publicly visible type or member 'IBacklashBotContext.GetWeightSets(HashSet<string>?)' [c:\Users\Peter\Documents\GitHub\kalshi-trading-bot\BacklashInterfaces\BacklashInterfaces.csproj]
c:\Users\Peter\Documents\GitHub\kalshi-trading-bot\BacklashInterfaces\KalshiBotData\Data\IBacklashBotContext.cs(137,34): warning CS1591: Missing XML comment for publicly visible type or member 'IBacklashBotContext.GetWeightSetsByMarketTicker(string)' [c:\Users\Peter\Documents\GitHub\kalshi-trading-bot\BacklashInterfaces\BacklashInterfaces.csproj]
c:\Users\Peter\Documents\GitHub\kalshi-trading-bot\BacklashInterfaces\KalshiBotData\Data\IBacklashBotContext.cs(138,14): warning CS1591: Missing XML comment for publicly visible type or member 'IBacklashBotContext.AddOrUpdateWeightSet(WeightSetDTO)' [c:\Users\Peter\Documents\GitHub\kalshi-trading-bot\BacklashInterfaces\BacklashInterfaces.csproj]
c:\Users\Peter\Documents\GitHub\kalshi-trading-bot\BacklashInterfaces\KalshiBotData\Data\IBacklashBotContext.cs(139,14): warning CS1591: Missing XML comment for publicly visible type or member 'IBacklashBotContext.AddOrUpdateWeightSets(List<WeightSetDTO>)' [c:\Users\Peter\Documents\GitHub\kalshi-trading-bot\BacklashInterfaces\BacklashInterfaces.csproj]
c:\Users\Peter\Documents\GitHub\kalshi-trading-bot\BacklashInterfaces\KalshiBotData\Data\IBacklashBotContext.cs(140,14): warning CS1591: Missing XML comment for publicly visible type or member 'IBacklashBotContext.DeleteWeightSet(string)' [c:\Users\Peter\Documents\GitHub\kalshi-trading-bot\BacklashInterfaces\BacklashInterfaces.csproj]
c:\Users\Peter\Documents\GitHub\kalshi-trading-bot\BacklashInterfaces\KalshiBotData\Data\IBacklashBotContext.cs(144,14): warning CS1591: Missing XML comment for publicly visible type or member 'IBacklashBotContext.AddAnnouncements(List<AnnouncementDTO>)' [c:\Users\Peter\Documents\GitHub\kalshi-trading-bot\BacklashInterfaces\BacklashInterfaces.csproj]
c:\Users\Peter\Documents\GitHub\kalshi-trading-bot\BacklashInterfaces\KalshiBotData\Data\IBacklashBotContext.cs(148,14): warning CS1591: Missing XML comment for publicly visible type or member 'IBacklashBotContext.AddExchangeSchedule(ExchangeScheduleDTO)' [c:\Users\Peter\Documents\GitHub\kalshi-trading-bot\BacklashInterfaces\BacklashInterfaces.csproj]
c:\Users\Peter\Documents\GitHub\kalshi-trading-bot\BacklashInterfaces\KalshiBotData\Data\IBacklashBotContext.cs(152,45): warning CS1591: Missing XML comment for publicly visible type or member 'IBacklashBotContext.GetMarketLiquidityStates()' [c:\Users\Peter\Documents\GitHub\kalshi-trading-bot\BacklashInterfaces\BacklashInterfaces.csproj]
c:\Users\Peter\Documents\GitHub\kalshi-trading-bot\BacklashInterfaces\KalshiBotData\Data\IBacklashBotContext.cs(156,35): warning CS1591: Missing XML comment for publicly visible type or member 'IBacklashBotContext.GetSignalRClients(string?, string?, bool?)' [c:\Users\Peter\Documents\GitHub\kalshi-trading-bot\BacklashInterfaces\BacklashInterfaces.csproj]
c:\Users\Peter\Documents\GitHub\kalshi-trading-bot\BacklashInterfaces\KalshiBotData\Data\IBacklashBotContext.cs(157,30): warning CS1591: Missing XML comment for publicly visible type or member 'IBacklashBotContext.GetSignalRClientById(string)' [c:\Users\Peter\Documents\GitHub\kalshi-trading-bot\BacklashInterfaces\BacklashInterfaces.csproj]
c:\Users\Peter\Documents\GitHub\kalshi-trading-bot\BacklashInterfaces\KalshiBotData\Data\IBacklashBotContext.cs(158,30): warning CS1591: Missing XML comment for publicly visible type or member 'IBacklashBotContext.GetSignalRClient(string)' [c:\Users\Peter\Documents\GitHub\kalshi-trading-bot\BacklashInterfaces\BacklashInterfaces.csproj]
c:\Users\Peter\Documents\GitHub\kalshi-trading-bot\BacklashInterfaces\KalshiBotData\Data\IBacklashBotContext.cs(159,14): warning CS1591: Missing XML comment for publicly visible type or member 'IBacklashBotContext.AddOrUpdateSignalRClient(SignalRClient)' [c:\Users\Peter\Documents\GitHub\kalshi-trading-bot\BacklashInterfaces\BacklashInterfaces.csproj]
c:\Users\Peter\Documents\GitHub\kalshi-trading-bot\BacklashInterfaces\KalshiBotData\Data\IBacklashBotContext.cs(160,14): warning CS1591: Missing XML comment for publicly visible type or member 'IBacklashBotContext.UpdateSignalRClientConnection(string, string)' [c:\Users\Peter\Documents\GitHub\kalshi-trading-bot\BacklashInterfaces\BacklashInterfaces.csproj]
c:\Users\Peter\Documents\GitHub\kalshi-trading-bot\BacklashInterfaces\KalshiBotData\Data\IBacklashBotContext.cs(161,14): warning CS1591: Missing XML comment for publicly visible type or member 'IBacklashBotContext.UpdateSignalRClientLastSeen(string)' [c:\Users\Peter\Documents\GitHub\kalshi-trading-bot\BacklashInterfaces\BacklashInterfaces.csproj]
c:\Users\Peter\Documents\GitHub\kalshi-trading-bot\BacklashInterfaces\KalshiBotData\Data\IBacklashBotContext.cs(162,14): warning CS1591: Missing XML comment for publicly visible type or member 'IBacklashBotContext.DeactivateSignalRClient(string)' [c:\Users\Peter\Documents\GitHub\kalshi-trading-bot\BacklashInterfaces\BacklashInterfaces.csproj]
c:\Users\Peter\Documents\GitHub\kalshi-trading-bot\BacklashInterfaces\KalshiBotData\Data\IBacklashBotContext.cs(166,14): warning CS1591: Missing XML comment for publicly visible type or member 'IBacklashBotContext.AddOrUpdateOverseerInfo(OverseerInfo)' [c:\Users\Peter\Documents\GitHub\kalshi-trading-bot\BacklashInterfaces\BacklashInterfaces.csproj]
c:\Users\Peter\Documents\GitHub\kalshi-trading-bot\BacklashInterfaces\KalshiBotData\Data\IBacklashBotContext.cs(167,52): warning CS1591: Missing XML comment for publicly visible type or member 'IBacklashBotContext.GetActiveOverseerInfos()' [c:\Users\Peter\Documents\GitHub\kalshi-trading-bot\BacklashInterfaces\BacklashInterfaces.csproj]
c:\Users\Peter\Documents\GitHub\kalshi-trading-bot\BacklashInterfaces\KalshiBotData\Data\IBacklashBotContext.cs(168,47): warning CS1591: Missing XML comment for publicly visible type or member 'IBacklashBotContext.GetOverseerInfoByHostName(string)' [c:\Users\Peter\Documents\GitHub\kalshi-trading-bot\BacklashInterfaces\BacklashInterfaces.csproj]
c:\Users\Peter\Documents\GitHub\kalshi-trading-bot\BacklashInterfaces\KalshiBotData\Data\IBacklashBotContext.cs(172,117): warning CS1591: Missing XML comment for publicly visible type or member 'IBacklashBotContext.GetPerformanceMetrics()' [c:\Users\Peter\Documents\GitHub\kalshi-trading-bot\BacklashInterfaces\BacklashInterfaces.csproj]
c:\Users\Peter\Documents\GitHub\kalshi-trading-bot\BacklashInterfaces\KalshiBotData\Data\IBacklashBotContext.cs(173,14): warning CS1591: Missing XML comment for publicly visible type or member 'IBacklashBotContext.ResetPerformanceMetrics()' [c:\Users\Peter\Documents\GitHub\kalshi-trading-bot\BacklashInterfaces\BacklashInterfaces.csproj]
c:\Users\Peter\Documents\GitHub\kalshi-trading-bot\BacklashInterfaces\SmokehouseBot\KalshiAPI\IKalshiAPIService.cs(5,22): warning CS1591: Missing XML comment for publicly visible type or member 'IKalshiAPIService' [c:\Users\Peter\Documents\GitHub\kalshi-trading-bot\BacklashInterfaces\BacklashInterfaces.csproj]
c:\Users\Peter\Documents\GitHub\kalshi-trading-bot\BacklashInterfaces\SmokehouseBot\KalshiAPI\IKalshiAPIService.cs(7,52): warning CS1591: Missing XML comment for publicly visible type or member 'IKalshiAPIService.FetchMarketsAsync(string?, string?, string?, string?, string?, string[]?, bool)' [c:\Users\Peter\Documents\GitHub\kalshi-trading-bot\BacklashInterfaces\BacklashInterfaces.csproj]
c:\Users\Peter\Documents\GitHub\kalshi-trading-bot\BacklashInterfaces\SmokehouseBot\KalshiAPI\IKalshiAPIService.cs(11,31): warning CS1591: Missing XML comment for publicly visible type or member 'IKalshiAPIService.FetchSeriesAsync(string)' [c:\Users\Peter\Documents\GitHub\kalshi-trading-bot\BacklashInterfaces\BacklashInterfaces.csproj]
c:\Users\Peter\Documents\GitHub\kalshi-trading-bot\BacklashInterfaces\SmokehouseBot\KalshiAPI\IKalshiAPIService.cs(13,30): warning CS1591: Missing XML comment for publicly visible type or member 'IKalshiAPIService.FetchEventAsync(string, bool)' [c:\Users\Peter\Documents\GitHub\kalshi-trading-bot\BacklashInterfaces\BacklashInterfaces.csproj]
c:\Users\Peter\Documents\GitHub\kalshi-trading-bot\BacklashInterfaces\SmokehouseBot\KalshiAPI\IKalshiAPIService.cs(15,52): warning CS1591: Missing XML comment for publicly visible type or member 'IKalshiAPIService.FetchPositionsAsync(string?, int?, string?, string?)' [c:\Users\Peter\Documents\GitHub\kalshi-trading-bot\BacklashInterfaces\BacklashInterfaces.csproj]
c:\Users\Peter\Documents\GitHub\kalshi-trading-bot\BacklashInterfaces\SmokehouseBot\KalshiAPI\IKalshiAPIService.cs(18,52): warning CS1591: Missing XML comment for publicly visible type or member 'IKalshiAPIService.FetchCandlesticksAsync(string, string, string, long, long?, bool)' [c:\Users\Peter\Documents\GitHub\kalshi-trading-bot\BacklashInterfaces\BacklashInterfaces.csproj]
c:\Users\Peter\Documents\GitHub\kalshi-trading-bot\BacklashInterfaces\SmokehouseBot\KalshiAPI\IKalshiAPIService.cs(21,20): warning CS1591: Missing XML comment for publicly visible type or member 'IKalshiAPIService.GetBalanceAsync()' [c:\Users\Peter\Documents\GitHub\kalshi-trading-bot\BacklashInterfaces\BacklashInterfaces.csproj]
c:\Users\Peter\Documents\GitHub\kalshi-trading-bot\BacklashInterfaces\SmokehouseBot\KalshiAPI\IKalshiAPIService.cs(23,30): warning CS1591: Missing XML comment for publicly visible type or member 'IKalshiAPIService.GetExchangeStatusAsync()' [c:\Users\Peter\Documents\GitHub\kalshi-trading-bot\BacklashInterfaces\BacklashInterfaces.csproj]
c:\Users\Peter\Documents\GitHub\kalshi-trading-bot\BacklashInterfaces\SmokehouseBot\KalshiAPI\IKalshiAPIService.cs(25,40): warning CS1591: Missing XML comment for publicly visible type or member 'IKalshiAPIService.GetExchangeScheduleAsync()' [c:\Users\Peter\Documents\GitHub\kalshi-trading-bot\BacklashInterfaces\BacklashInterfaces.csproj]
c:\Users\Peter\Documents\GitHub\kalshi-trading-bot\BacklashInterfaces\SmokehouseBot\KalshiAPI\IKalshiAPIService.cs(27,52): warning CS1591: Missing XML comment for publicly visible type or member 'IKalshiAPIService.FetchOrdersAsync(string?, string?, long?, long?, string?, string?, int?)' [c:\Users\Peter\Documents\GitHub\kalshi-trading-bot\BacklashInterfaces\BacklashInterfaces.csproj]
c:\Users\Peter\Documents\GitHub\kalshi-trading-bot\BacklashInterfaces\SmokehouseBot\KalshiAPI\IKalshiAPIService.cs(31,52): warning CS1591: Missing XML comment for publicly visible type or member 'IKalshiAPIService.FetchAnnouncementsAsync()' [c:\Users\Peter\Documents\GitHub\kalshi-trading-bot\BacklashInterfaces\BacklashInterfaces.csproj]
c:\Users\Peter\Documents\GitHub\kalshi-trading-bot\BacklashInterfaces\SmokehouseBot\KalshiAPI\IKalshiAPIService.cs(33,52): warning CS1591: Missing XML comment for publicly visible type or member 'IKalshiAPIService.FetchExchangeScheduleAsync()' [c:\Users\Peter\Documents\GitHub\kalshi-trading-bot\BacklashInterfaces\BacklashInterfaces.csproj]
c:\Users\Peter\Documents\GitHub\kalshi-trading-bot\BacklashInterfaces\SmokehouseBot\Management\IBrainStatusService.cs(3,22): warning CS1591: Missing XML comment for publicly visible type or member 'IBrainStatusService' [c:\Users\Peter\Documents\GitHub\kalshi-trading-bot\BacklashInterfaces\BacklashInterfaces.csproj]
c:\Users\Peter\Documents\GitHub\kalshi-trading-bot\BacklashInterfaces\SmokehouseBot\Management\IBrainStatusService.cs(5,14): warning CS1591: Missing XML comment for publicly visible type or member 'IBrainStatusService.BrainLock' [c:\Users\Peter\Documents\GitHub\kalshi-trading-bot\BacklashInterfaces\BacklashInterfaces.csproj]
c:\Users\Peter\Documents\GitHub\kalshi-trading-bot\BacklashInterfaces\SmokehouseBot\Management\IBrainStatusService.cs(6,16): warning CS1591: Missing XML comment for publicly visible type or member 'IBrainStatusService.SessionIdentifier' [c:\Users\Peter\Documents\GitHub\kalshi-trading-bot\BacklashInterfaces\BacklashInterfaces.csproj]
c:\Users\Peter\Documents\GitHub\kalshi-trading-bot\BacklashInterfaces\SmokehouseBot\Management\IBrainStatusService.cs(7,14): warning CS1591: Missing XML comment for publicly visible type or member 'IBrainStatusService.EnsureInitializedAsync()' [c:\Users\Peter\Documents\GitHub\kalshi-trading-bot\BacklashInterfaces\BacklashInterfaces.csproj]
c:\Users\Peter\Documents\GitHub\kalshi-trading-bot\BacklashInterfaces\SmokehouseBot\Management\ICentralBrain.cs(5,22): warning CS1591: Missing XML comment for publicly visible type or member 'ICentralBrain' [c:\Users\Peter\Documents\GitHub\kalshi-trading-bot\BacklashInterfaces\BacklashInterfaces.csproj]
c:\Users\Peter\Documents\GitHub\kalshi-trading-bot\BacklashInterfaces\SmokehouseBot\Management\ICentralBrain.cs(7,14): warning CS1591: Missing XML comment for publicly visible type or member 'ICentralBrain.IsServicesStopped' [c:\Users\Peter\Documents\GitHub\kalshi-trading-bot\BacklashInterfaces\BacklashInterfaces.csproj]
c:\Users\Peter\Documents\GitHub\kalshi-trading-bot\BacklashInterfaces\SmokehouseBot\Management\ICentralBrain.cs(8,14): warning CS1591: Missing XML comment for publicly visible type or member 'ICentralBrain.IsStartingUp' [c:\Users\Peter\Documents\GitHub\kalshi-trading-bot\BacklashInterfaces\BacklashInterfaces.csproj]
c:\Users\Peter\Documents\GitHub\kalshi-trading-bot\BacklashInterfaces\SmokehouseBot\Management\ICentralBrain.cs(9,14): warning CS1591: Missing XML comment for publicly visible type or member 'ICentralBrain.IsShuttingDown' [c:\Users\Peter\Documents\GitHub\kalshi-trading-bot\BacklashInterfaces\BacklashInterfaces.csproj]
c:\Users\Peter\Documents\GitHub\kalshi-trading-bot\BacklashInterfaces\SmokehouseBot\Management\ICentralBrain.cs(11,14): warning CS1591: Missing XML comment for publicly visible type or member 'ICentralBrain.StartDashboard()' [c:\Users\Peter\Documents\GitHub\kalshi-trading-bot\BacklashInterfaces\BacklashInterfaces.csproj]
c:\Users\Peter\Documents\GitHub\kalshi-trading-bot\BacklashInterfaces\SmokehouseBot\Management\ICentralBrain.cs(12,14): warning CS1591: Missing XML comment for publicly visible type or member 'ICentralBrain.ShutdownDashboardAsync()' [c:\Users\Peter\Documents\GitHub\kalshi-trading-bot\BacklashInterfaces\BacklashInterfaces.csproj]
c:\Users\Peter\Documents\GitHub\kalshi-trading-bot\BacklashInterfaces\SmokehouseBot\Management\ICentralErrorHandler.cs(6,22): warning CS1591: Missing XML comment for publicly visible type or member 'ICentralErrorHandler' [c:\Users\Peter\Documents\GitHub\kalshi-trading-bot\BacklashInterfaces\BacklashInterfaces.csproj]
c:\Users\Peter\Documents\GitHub\kalshi-trading-bot\BacklashInterfaces\SmokehouseBot\Management\ICentralErrorHandler.cs(8,47): warning CS1591: Missing XML comment for publicly visible type or member 'ICentralErrorHandler.Warnings' [c:\Users\Peter\Documents\GitHub\kalshi-trading-bot\BacklashInterfaces\BacklashInterfaces.csproj]
c:\Users\Peter\Documents\GitHub\kalshi-trading-bot\BacklashInterfaces\SmokehouseBot\Management\ICentralErrorHandler.cs(9,47): warning CS1591: Missing XML comment for publicly visible type or member 'ICentralErrorHandler.Errors' [c:\Users\Peter\Documents\GitHub\kalshi-trading-bot\BacklashInterfaces\BacklashInterfaces.csproj]
c:\Users\Peter\Documents\GitHub\kalshi-trading-bot\BacklashInterfaces\SmokehouseBot\Management\ICentralErrorHandler.cs(10,21): warning CS1591: Missing XML comment for publicly visible type or member 'ICentralErrorHandler.CatastrophicErrorAlreadyDetected' [c:\Users\Peter\Documents\GitHub\kalshi-trading-bot\BacklashInterfaces\BacklashInterfaces.csproj]
c:\Users\Peter\Documents\GitHub\kalshi-trading-bot\BacklashInterfaces\SmokehouseBot\Management\ICentralErrorHandler.cs(11,18): warning CS1591: Missing XML comment for publicly visible type or member 'ICentralErrorHandler.LastSuccessfulSnapshot' [c:\Users\Peter\Documents\GitHub\kalshi-trading-bot\BacklashInterfaces\BacklashInterfaces.csproj]
c:\Users\Peter\Documents\GitHub\kalshi-trading-bot\BacklashInterfaces\SmokehouseBot\Management\ICentralErrorHandler.cs(12,18): warning CS1591: Missing XML comment for publicly visible type or member 'ICentralErrorHandler.LastErrorDate' [c:\Users\Peter\Documents\GitHub\kalshi-trading-bot\BacklashInterfaces\BacklashInterfaces.csproj]
c:\Users\Peter\Documents\GitHub\kalshi-trading-bot\BacklashInterfaces\SmokehouseBot\Management\ICentralErrorHandler.cs(13,20): warning CS1591: Missing XML comment for publicly visible type or member 'ICentralErrorHandler.HandleErrors()' [c:\Users\Peter\Documents\GitHub\kalshi-trading-bot\BacklashInterfaces\BacklashInterfaces.csproj]
c:\Users\Peter\Documents\GitHub\kalshi-trading-bot\BacklashInterfaces\SmokehouseBot\Management\ICentralErrorHandler.cs(14,20): warning CS1591: Missing XML comment for publicly visible type or member 'ICentralErrorHandler.CheckInternetConnection()' [c:\Users\Peter\Documents\GitHub\kalshi-trading-bot\BacklashInterfaces\BacklashInterfaces.csproj]
c:\Users\Peter\Documents\GitHub\kalshi-trading-bot\BacklashInterfaces\SmokehouseBot\Management\ICentralErrorHandler.cs(15,14): warning CS1591: Missing XML comment for publicly visible type or member 'ICentralErrorHandler.AddWarning(Exception, string, string?)' [c:\Users\Peter\Documents\GitHub\kalshi-trading-bot\BacklashInterfaces\BacklashInterfaces.csproj]
c:\Users\Peter\Documents\GitHub\kalshi-trading-bot\BacklashInterfaces\SmokehouseBot\Management\ICentralErrorHandler.cs(16,14): warning CS1591: Missing XML comment for publicly visible type or member 'ICentralErrorHandler.AddError(Exception, string, string?)' [c:\Users\Peter\Documents\GitHub\kalshi-trading-bot\BacklashInterfaces\BacklashInterfaces.csproj]
c:\Users\Peter\Documents\GitHub\kalshi-trading-bot\BacklashInterfaces\SmokehouseBot\Management\ICentralErrorHandler.cs(17,14): warning CS1591: Missing XML comment for publicly visible type or member 'ICentralErrorHandler.WarningCount' [c:\Users\Peter\Documents\GitHub\kalshi-trading-bot\BacklashInterfaces\BacklashInterfaces.csproj]
c:\Users\Peter\Documents\GitHub\kalshi-trading-bot\BacklashInterfaces\SmokehouseBot\Management\ICentralErrorHandler.cs(18,14): warning CS1591: Missing XML comment for publicly visible type or member 'ICentralErrorHandler.ErrorCount' [c:\Users\Peter\Documents\GitHub\kalshi-trading-bot\BacklashInterfaces\BacklashInterfaces.csproj]
c:\Users\Peter\Documents\GitHub\kalshi-trading-bot\BacklashInterfaces\SmokehouseBot\Management\ICentralPerformanceMonitor.cs(3,22): warning CS1591: Missing XML comment for publicly visible type or member 'ICentralPerformanceMonitor' [c:\Users\Peter\Documents\GitHub\kalshi-trading-bot\BacklashInterfaces\BacklashInterfaces.csproj]
c:\Users\Peter\Documents\GitHub\kalshi-trading-bot\BacklashInterfaces\SmokehouseBot\Management\ICentralPerformanceMonitor.cs(5,14): warning CS1591: Missing XML comment for publicly visible type or member 'ICentralPerformanceMonitor.RecordExecutionTime(string, long)' [c:\Users\Peter\Documents\GitHub\kalshi-trading-bot\BacklashInterfaces\BacklashInterfaces.csproj]
c:\Users\Peter\Documents\GitHub\kalshi-trading-bot\BacklashInterfaces\SmokehouseBot\Management\ICentralPerformanceMonitor.cs(6,14): warning CS1591: Missing XML comment for publicly visible type or member 'ICentralPerformanceMonitor.StartTimer()' [c:\Users\Peter\Documents\GitHub\kalshi-trading-bot\BacklashInterfaces\BacklashInterfaces.csproj]
c:\Users\Peter\Documents\GitHub\kalshi-trading-bot\BacklashInterfaces\SmokehouseBot\Management\ICentralPerformanceMonitor.cs(7,110): warning CS1591: Missing XML comment for publicly visible type or member 'ICentralPerformanceMonitor.GetQueueCountRollingAverages()' [c:\Users\Peter\Documents\GitHub\kalshi-trading-bot\BacklashInterfaces\BacklashInterfaces.csproj]
c:\Users\Peter\Documents\GitHub\kalshi-trading-bot\BacklashInterfaces\SmokehouseBot\Management\ICentralPerformanceMonitor.cs(8,16): warning CS1591: Missing XML comment for publicly visible type or member 'ICentralPerformanceMonitor.CalculateAverageWebsocketEventsReceived(string)' [c:\Users\Peter\Documents\GitHub\kalshi-trading-bot\BacklashInterfaces\BacklashInterfaces.csproj]
c:\Users\Peter\Documents\GitHub\kalshi-trading-bot\BacklashInterfaces\SmokehouseBot\Management\ICentralPerformanceMonitor.cs(9,16): warning CS1591: Missing XML comment for publicly visible type or member 'ICentralPerformanceMonitor.GetQueueHighCountPercentage()' [c:\Users\Peter\Documents\GitHub\kalshi-trading-bot\BacklashInterfaces\BacklashInterfaces.csproj]
c:\Users\Peter\Documents\GitHub\kalshi-trading-bot\BacklashInterfaces\SmokehouseBot\Management\ICentralPerformanceMonitor.cs(11,16): warning CS1591: Missing XML comment for publicly visible type or member 'ICentralPerformanceMonitor.LastRefreshCycleSeconds' [c:\Users\Peter\Documents\GitHub\kalshi-trading-bot\BacklashInterfaces\BacklashInterfaces.csproj]
c:\Users\Peter\Documents\GitHub\kalshi-trading-bot\BacklashInterfaces\SmokehouseBot\Management\ICentralPerformanceMonitor.cs(12,16): warning CS1591: Missing XML comment for publicly visible type or member 'ICentralPerformanceMonitor.LastRefreshCycleInterval' [c:\Users\Peter\Documents\GitHub\kalshi-trading-bot\BacklashInterfaces\BacklashInterfaces.csproj]
c:\Users\Peter\Documents\GitHub\kalshi-trading-bot\BacklashInterfaces\SmokehouseBot\Management\ICentralPerformanceMonitor.cs(13,13): warning CS1591: Missing XML comment for publicly visible type or member 'ICentralPerformanceMonitor.LastRefreshMarketCount' [c:\Users\Peter\Documents\GitHub\kalshi-trading-bot\BacklashInterfaces\BacklashInterfaces.csproj]
c:\Users\Peter\Documents\GitHub\kalshi-trading-bot\BacklashInterfaces\SmokehouseBot\Management\ICentralPerformanceMonitor.cs(14,16): warning CS1591: Missing XML comment for publicly visible type or member 'ICentralPerformanceMonitor.LastRefreshUsagePercentage' [c:\Users\Peter\Documents\GitHub\kalshi-trading-bot\BacklashInterfaces\BacklashInterfaces.csproj]
c:\Users\Peter\Documents\GitHub\kalshi-trading-bot\BacklashInterfaces\SmokehouseBot\Management\ICentralPerformanceMonitor.cs(15,14): warning CS1591: Missing XML comment for publicly visible type or member 'ICentralPerformanceMonitor.LastRefreshTimeAcceptable' [c:\Users\Peter\Documents\GitHub\kalshi-trading-bot\BacklashInterfaces\BacklashInterfaces.csproj]
c:\Users\Peter\Documents\GitHub\kalshi-trading-bot\BacklashInterfaces\SmokehouseBot\Management\ICentralPerformanceMonitor.cs(16,14): warning CS1591: Missing XML comment for publicly visible type or member 'ICentralPerformanceMonitor.IsStartingUp' [c:\Users\Peter\Documents\GitHub\kalshi-trading-bot\BacklashInterfaces\BacklashInterfaces.csproj]
c:\Users\Peter\Documents\GitHub\kalshi-trading-bot\BacklashInterfaces\SmokehouseBot\Management\ICentralPerformanceMonitor.cs(17,14): warning CS1591: Missing XML comment for publicly visible type or member 'ICentralPerformanceMonitor.IsShuttingDown' [c:\Users\Peter\Documents\GitHub\kalshi-trading-bot\BacklashInterfaces\BacklashInterfaces.csproj]
c:\Users\Peter\Documents\GitHub\kalshi-trading-bot\BacklashInterfaces\SmokehouseBot\Management\ICentralPerformanceMonitor.cs(18,19): warning CS1591: Missing XML comment for publicly visible type or member 'ICentralPerformanceMonitor.LastPerformanceSampleDate' [c:\Users\Peter\Documents\GitHub\kalshi-trading-bot\BacklashInterfaces\BacklashInterfaces.csproj]
c:\Users\Peter\Documents\GitHub\kalshi-trading-bot\BacklashInterfaces\SmokehouseBot\Management\ICentralPerformanceMonitor.cs(19,16): warning CS1591: Missing XML comment for publicly visible type or member 'ICentralPerformanceMonitor.BrainInstance' [c:\Users\Peter\Documents\GitHub\kalshi-trading-bot\BacklashInterfaces\BacklashInterfaces.csproj]
c:\Users\Peter\Documents\GitHub\kalshi-trading-bot\BacklashInterfaces\SmokehouseBot\Management\IInterestScoreService.cs(6,22): warning CS1591: Missing XML comment for publicly visible type or member 'IInterestScoreService' [c:\Users\Peter\Documents\GitHub\kalshi-trading-bot\BacklashInterfaces\BacklashInterfaces.csproj]
c:\Users\Peter\Documents\GitHub\kalshi-trading-bot\BacklashInterfaces\SmokehouseBot\Management\IInterestScoreService.cs(8,51): warning CS1591: Missing XML comment for publicly visible type or member 'IInterestScoreService.GetMarketInterestScores(IServiceScopeFactory, IEnumerable<string>, double, double, double, double, double, double)' [c:\Users\Peter\Documents\GitHub\kalshi-trading-bot\BacklashInterfaces\BacklashInterfaces.csproj]
c:\Users\Peter\Documents\GitHub\kalshi-trading-bot\BacklashInterfaces\SmokehouseBot\Management\IInterestScoreService.cs(20,9): warning CS1591: Missing XML comment for publicly visible type or member 'IInterestScoreService.CalculateMarketInterestScoreAsync(IBacklashBotContext, string, double, double, double, double, double, double, double)' [c:\Users\Peter\Documents\GitHub\kalshi-trading-bot\BacklashInterfaces\BacklashInterfaces.csproj]
c:\Users\Peter\Documents\GitHub\kalshi-trading-bot\BacklashInterfaces\SmokehouseBot\Management\IMarketAnalysisHelper.cs(3,22): warning CS1591: Missing XML comment for publicly visible type or member 'IMarketAnalysisHelper' [c:\Users\Peter\Documents\GitHub\kalshi-trading-bot\BacklashInterfaces\BacklashInterfaces.csproj]
c:\Users\Peter\Documents\GitHub\kalshi-trading-bot\BacklashInterfaces\SmokehouseBot\Management\IMarketAnalysisHelper.cs(5,14): warning CS1591: Missing XML comment for publicly visible type or member 'IMarketAnalysisHelper.GenerateSnapshotGroups()' [c:\Users\Peter\Documents\GitHub\kalshi-trading-bot\BacklashInterfaces\BacklashInterfaces.csproj]
c:\Users\Peter\Documents\GitHub\kalshi-trading-bot\BacklashInterfaces\SmokehouseBot\Management\IMarketManagerService.cs(6,22): warning CS1591: Missing XML comment for publicly visible type or member 'IMarketManagerService' [c:\Users\Peter\Documents\GitHub\kalshi-trading-bot\BacklashInterfaces\BacklashInterfaces.csproj]
c:\Users\Peter\Documents\GitHub\kalshi-trading-bot\BacklashInterfaces\SmokehouseBot\Management\IMarketManagerService.cs(8,14): warning CS1591: Missing XML comment for publicly visible type or member 'IMarketManagerService.ClearMarketsToReset()' [c:\Users\Peter\Documents\GitHub\kalshi-trading-bot\BacklashInterfaces\BacklashInterfaces.csproj]
c:\Users\Peter\Documents\GitHub\kalshi-trading-bot\BacklashInterfaces\SmokehouseBot\Management\IMarketManagerService.cs(9,14): warning CS1591: Missing XML comment for publicly visible type or member 'IMarketManagerService.HandleMarketResets()' [c:\Users\Peter\Documents\GitHub\kalshi-trading-bot\BacklashInterfaces\BacklashInterfaces.csproj]
c:\Users\Peter\Documents\GitHub\kalshi-trading-bot\BacklashInterfaces\SmokehouseBot\Management\IMarketManagerService.cs(10,14): warning CS1591: Missing XML comment for publicly visible type or member 'IMarketManagerService.TriggerMarketReset(string)' [c:\Users\Peter\Documents\GitHub\kalshi-trading-bot\BacklashInterfaces\BacklashInterfaces.csproj]
c:\Users\Peter\Documents\GitHub\kalshi-trading-bot\BacklashInterfaces\SmokehouseBot\Management\IMarketManagerService.cs(11,14): warning CS1591: Missing XML comment for publicly visible type or member 'IMarketManagerService.MonitorWatchList(BrainInstanceDTO, PerformanceMetrics)' [c:\Users\Peter\Documents\GitHub\kalshi-trading-bot\BacklashInterfaces\BacklashInterfaces.csproj]
c:\Users\Peter\Documents\GitHub\kalshi-trading-bot\BacklashInterfaces\SmokehouseBot\Management\IOvernightActivitiesHelper.cs(5,22): warning CS1591: Missing XML comment for publicly visible type or member 'IOvernightActivitiesHelper' [c:\Users\Peter\Documents\GitHub\kalshi-trading-bot\BacklashInterfaces\BacklashInterfaces.csproj]
c:\Users\Peter\Documents\GitHub\kalshi-trading-bot\BacklashInterfaces\SmokehouseBot\Management\IOvernightActivitiesHelper.cs(7,14): warning CS1591: Missing XML comment for publicly visible type or member 'IOvernightActivitiesHelper.RunOvernightTasks(IServiceScopeFactory, CancellationToken)' [c:\Users\Peter\Documents\GitHub\kalshi-trading-bot\BacklashInterfaces\BacklashInterfaces.csproj]
c:\Users\Peter\Documents\GitHub\kalshi-trading-bot\BacklashInterfaces\SmokehouseBot\Management\IOvernightActivitiesHelper.cs(8,14): warning CS1591: Missing XML comment for publicly visible type or member 'IOvernightActivitiesHelper.DeleteUnrecordedMarkets(IServiceScopeFactory, CancellationToken)' [c:\Users\Peter\Documents\GitHub\kalshi-trading-bot\BacklashInterfaces\BacklashInterfaces.csproj]
c:\Users\Peter\Documents\GitHub\kalshi-trading-bot\BacklashInterfaces\SmokehouseBot\Management\IOvernightActivitiesHelper.cs(9,14): warning CS1591: Missing XML comment for publicly visible type or member 'IOvernightActivitiesHelper.DeleteProcessedSnapshots(IServiceScopeFactory, CancellationToken)' [c:\Users\Peter\Documents\GitHub\kalshi-trading-bot\BacklashInterfaces\BacklashInterfaces.csproj]
c:\Users\Peter\Documents\GitHub\kalshi-trading-bot\BacklashInterfaces\SmokehouseBot\Services\IBroadcastService.cs(3,22): warning CS1591: Missing XML comment for publicly visible type or member 'IBroadcastService' [c:\Users\Peter\Documents\GitHub\kalshi-trading-bot\BacklashInterfaces\BacklashInterfaces.csproj]
c:\Users\Peter\Documents\GitHub\kalshi-trading-bot\BacklashInterfaces\SmokehouseBot\Services\IBroadcastService.cs(5,14): warning CS1591: Missing XML comment for publicly visible type or member 'IBroadcastService.StartServicesAsync()' [c:\Users\Peter\Documents\GitHub\kalshi-trading-bot\BacklashInterfaces\BacklashInterfaces.csproj]
c:\Users\Peter\Documents\GitHub\kalshi-trading-bot\BacklashInterfaces\SmokehouseBot\Services\IBroadcastService.cs(6,14): warning CS1591: Missing XML comment for publicly visible type or member 'IBroadcastService.StopServicesAsync()' [c:\Users\Peter\Documents\GitHub\kalshi-trading-bot\BacklashInterfaces\BacklashInterfaces.csproj]
c:\Users\Peter\Documents\GitHub\kalshi-trading-bot\BacklashInterfaces\SmokehouseBot\Services\ICandlestickService.cs(5,22): warning CS1591: Missing XML comment for publicly visible type or member 'ICandlestickService' [c:\Users\Peter\Documents\GitHub\kalshi-trading-bot\BacklashInterfaces\BacklashInterfaces.csproj]
c:\Users\Peter\Documents\GitHub\kalshi-trading-bot\BacklashInterfaces\SmokehouseBot\Services\ICandlestickService.cs(7,14): warning CS1591: Missing XML comment for publicly visible type or member 'ICandlestickService.UpdateCandlesticksAsync(string)' [c:\Users\Peter\Documents\GitHub\kalshi-trading-bot\BacklashInterfaces\BacklashInterfaces.csproj]
c:\Users\Peter\Documents\GitHub\kalshi-trading-bot\BacklashInterfaces\SmokehouseBot\Services\ICandlestickService.cs(8,14): warning CS1591: Missing XML comment for publicly visible type or member 'ICandlestickService.PopulateMarketDataAsync(string)' [c:\Users\Peter\Documents\GitHub\kalshi-trading-bot\BacklashInterfaces\BacklashInterfaces.csproj]
c:\Users\Peter\Documents\GitHub\kalshi-trading-bot\BacklashInterfaces\SmokehouseBot\Services\ICandlestickService.cs(9,31): warning CS1591: Missing XML comment for publicly visible type or member 'ICandlestickService.RetrieveHistoricalCandlesticksAsync(string, string)' [c:\Users\Peter\Documents\GitHub\kalshi-trading-bot\BacklashInterfaces\BacklashInterfaces.csproj]
c:\Users\Peter\Documents\GitHub\kalshi-trading-bot\BacklashInterfaces\SmokehouseBot\Services\IMarketDataInitializer.cs(4,22): warning CS1591: Missing XML comment for publicly visible type or member 'IMarketDataInitializer' [c:\Users\Peter\Documents\GitHub\kalshi-trading-bot\BacklashInterfaces\BacklashInterfaces.csproj]
c:\Users\Peter\Documents\GitHub\kalshi-trading-bot\BacklashInterfaces\SmokehouseBot\Services\IMarketDataInitializer.cs(6,14): warning CS1591: Missing XML comment for publicly visible type or member 'IMarketDataInitializer.SetupAsync()' [c:\Users\Peter\Documents\GitHub\kalshi-trading-bot\BacklashInterfaces\BacklashInterfaces.csproj]
c:\Users\Peter\Documents\GitHub\kalshi-trading-bot\BacklashInterfaces\SmokehouseBot\Services\IMarketDataService.cs(8,22): warning CS1591: Missing XML comment for publicly visible type or member 'IMarketDataService' [c:\Users\Peter\Documents\GitHub\kalshi-trading-bot\BacklashInterfaces\BacklashInterfaces.csproj]
c:\Users\Peter\Documents\GitHub\kalshi-trading-bot\BacklashInterfaces\SmokehouseBot\Services\IMarketDataService.cs(10,36): warning CS1591: Missing XML comment for publicly visible type or member 'IMarketDataService.MarketDataUpdated' [c:\Users\Peter\Documents\GitHub\kalshi-trading-bot\BacklashInterfaces\BacklashInterfaces.csproj]
c:\Users\Peter\Documents\GitHub\kalshi-trading-bot\BacklashInterfaces\SmokehouseBot\Services\IMarketDataService.cs(11,36): warning CS1591: Missing XML comment for publicly visible type or member 'IMarketDataService.PositionDataUpdated' [c:\Users\Peter\Documents\GitHub\kalshi-trading-bot\BacklashInterfaces\BacklashInterfaces.csproj]
c:\Users\Peter\Documents\GitHub\kalshi-trading-bot\BacklashInterfaces\SmokehouseBot\Services\IMarketDataService.cs(12,28): warning CS1591: Missing XML comment for publicly visible type or member 'IMarketDataService.WatchListChanged' [c:\Users\Peter\Documents\GitHub\kalshi-trading-bot\BacklashInterfaces\BacklashInterfaces.csproj]
c:\Users\Peter\Documents\GitHub\kalshi-trading-bot\BacklashInterfaces\SmokehouseBot\Services\IMarketDataService.cs(13,36): warning CS1591: Missing XML comment for publicly visible type or member 'IMarketDataService.TickerAdded' [c:\Users\Peter\Documents\GitHub\kalshi-trading-bot\BacklashInterfaces\BacklashInterfaces.csproj]
c:\Users\Peter\Documents\GitHub\kalshi-trading-bot\BacklashInterfaces\SmokehouseBot\Services\IMarketDataService.cs(14,36): warning CS1591: Missing XML comment for publicly visible type or member 'IMarketDataService.AccountBalanceUpdated' [c:\Users\Peter\Documents\GitHub\kalshi-trading-bot\BacklashInterfaces\BacklashInterfaces.csproj]
c:\Users\Peter\Documents\GitHub\kalshi-trading-bot\BacklashInterfaces\SmokehouseBot\Services\IMarketDataService.cs(16,22): warning CS1591: Missing XML comment for publicly visible type or member 'IMarketDataService.MarketsToRefresh' [c:\Users\Peter\Documents\GitHub\kalshi-trading-bot\BacklashInterfaces\BacklashInterfaces.csproj]
c:\Users\Peter\Documents\GitHub\kalshi-trading-bot\BacklashInterfaces\SmokehouseBot\Services\IMarketDataService.cs(17,14): warning CS1591: Missing XML comment for publicly visible type or member 'IMarketDataService.AddMarketToWatchList(string, double?)' [c:\Users\Peter\Documents\GitHub\kalshi-trading-bot\BacklashInterfaces\BacklashInterfaces.csproj]
c:\Users\Peter\Documents\GitHub\kalshi-trading-bot\BacklashInterfaces\SmokehouseBot\Services\IMarketDataService.cs(18,19): warning CS1591: Missing XML comment for publicly visible type or member 'IMarketDataService.GetLatestOrderbookTimestamp(string)' [c:\Users\Peter\Documents\GitHub\kalshi-trading-bot\BacklashInterfaces\BacklashInterfaces.csproj]
c:\Users\Peter\Documents\GitHub\kalshi-trading-bot\BacklashInterfaces\SmokehouseBot\Services\IMarketDataService.cs(19,14): warning CS1591: Missing XML comment for publicly visible type or member 'IMarketDataService.GetExchangeStatus()' [c:\Users\Peter\Documents\GitHub\kalshi-trading-bot\BacklashInterfaces\BacklashInterfaces.csproj]
c:\Users\Peter\Documents\GitHub\kalshi-trading-bot\BacklashInterfaces\SmokehouseBot\Services\IMarketDataService.cs(20,14): warning CS1591: Missing XML comment for publicly visible type or member 'IMarketDataService.GetTradingStatus()' [c:\Users\Peter\Documents\GitHub\kalshi-trading-bot\BacklashInterfaces\BacklashInterfaces.csproj]
c:\Users\Peter\Documents\GitHub\kalshi-trading-bot\BacklashInterfaces\SmokehouseBot\Services\IMarketDataService.cs(21,14): warning CS1591: Missing XML comment for publicly visible type or member 'IMarketDataService.UnwatchMarket(string)' [c:\Users\Peter\Documents\GitHub\kalshi-trading-bot\BacklashInterfaces\BacklashInterfaces.csproj]
c:\Users\Peter\Documents\GitHub\kalshi-trading-bot\BacklashInterfaces\SmokehouseBot\Services\IMarketDataService.cs(22,14): warning CS1591: Missing XML comment for publicly visible type or member 'IMarketDataService.UpdateMarketSubscriptionAsync(string, string[])' [c:\Users\Peter\Documents\GitHub\kalshi-trading-bot\BacklashInterfaces\BacklashInterfaces.csproj]
c:\Users\Peter\Documents\GitHub\kalshi-trading-bot\BacklashInterfaces\SmokehouseBot\Services\IMarketDataService.cs(23,14): warning CS1591: Missing XML comment for publicly visible type or member 'IMarketDataService.StopServicesAsync()' [c:\Users\Peter\Documents\GitHub\kalshi-trading-bot\BacklashInterfaces\BacklashInterfaces.csproj]
c:\Users\Peter\Documents\GitHub\kalshi-trading-bot\BacklashInterfaces\SmokehouseBot\Services\IMarketDataService.cs(24,14): warning CS1591: Missing XML comment for publicly visible type or member 'IMarketDataService.SyncMarketDataAsync(string)' [c:\Users\Peter\Documents\GitHub\kalshi-trading-bot\BacklashInterfaces\BacklashInterfaces.csproj]
c:\Users\Peter\Documents\GitHub\kalshi-trading-bot\BacklashInterfaces\SmokehouseBot\Services\IMarketDataService.cs(25,26): warning CS1591: Missing XML comment for publicly visible type or member 'IMarketDataService.EnsureMarketDataAsync(string)' [c:\Users\Peter\Documents\GitHub\kalshi-trading-bot\BacklashInterfaces\BacklashInterfaces.csproj]
c:\Users\Peter\Documents\GitHub\kalshi-trading-bot\BacklashInterfaces\SmokehouseBot\Services\IMarketDataService.cs(26,14): warning CS1591: Missing XML comment for publicly visible type or member 'IMarketDataService.UpdateWatchedMarketsAsync()' [c:\Users\Peter\Documents\GitHub\kalshi-trading-bot\BacklashInterfaces\BacklashInterfaces.csproj]
c:\Users\Peter\Documents\GitHub\kalshi-trading-bot\BacklashInterfaces\SmokehouseBot\Services\IMarketDataService.cs(27,28): warning CS1591: Missing XML comment for publicly visible type or member 'IMarketDataService.FetchWatchedMarketsAsync()' [c:\Users\Peter\Documents\GitHub\kalshi-trading-bot\BacklashInterfaces\BacklashInterfaces.csproj]
c:\Users\Peter\Documents\GitHub\kalshi-trading-bot\BacklashInterfaces\SmokehouseBot\Services\IMarketDataService.cs(28,29): warning CS1591: Missing XML comment for publicly visible type or member 'IMarketDataService.GetCurrentOrderBook(string)' [c:\Users\Peter\Documents\GitHub\kalshi-trading-bot\BacklashInterfaces\BacklashInterfaces.csproj]
c:\Users\Peter\Documents\GitHub\kalshi-trading-bot\BacklashInterfaces\SmokehouseBot\Services\IMarketDataService.cs(29,21): warning CS1591: Missing XML comment for publicly visible type or member 'IMarketDataService.GetMarketDetails(string)' [c:\Users\Peter\Documents\GitHub\kalshi-trading-bot\BacklashInterfaces\BacklashInterfaces.csproj]
c:\Users\Peter\Documents\GitHub\kalshi-trading-bot\BacklashInterfaces\SmokehouseBot\Services\IMarketDataService.cs(30,47): warning CS1591: Missing XML comment for publicly visible type or member 'IMarketDataService.GetMarketDetailsBatchAsync(IEnumerable<string>, CancellationToken)' [c:\Users\Peter\Documents\GitHub\kalshi-trading-bot\BacklashInterfaces\BacklashInterfaces.csproj]
c:\Users\Peter\Documents\GitHub\kalshi-trading-bot\BacklashInterfaces\SmokehouseBot\Services\IMarketDataService.cs(31,16): warning CS1591: Missing XML comment for publicly visible type or member 'IMarketDataService.GetAccountBalance()' [c:\Users\Peter\Documents\GitHub\kalshi-trading-bot\BacklashInterfaces\BacklashInterfaces.csproj]
c:\Users\Peter\Documents\GitHub\kalshi-trading-bot\BacklashInterfaces\SmokehouseBot\Services\IMarketDataService.cs(32,16): warning CS1591: Missing XML comment for publicly visible type or member 'IMarketDataService.GetPortfolioValue()' [c:\Users\Peter\Documents\GitHub\kalshi-trading-bot\BacklashInterfaces\BacklashInterfaces.csproj]
c:\Users\Peter\Documents\GitHub\kalshi-trading-bot\BacklashInterfaces\SmokehouseBot\Services\IMarketDataService.cs(33,18): warning CS1591: Missing XML comment for publicly visible type or member 'IMarketDataService.GetLatestWebSocketTimestamp()' [c:\Users\Peter\Documents\GitHub\kalshi-trading-bot\BacklashInterfaces\BacklashInterfaces.csproj]
c:\Users\Peter\Documents\GitHub\kalshi-trading-bot\BacklashInterfaces\SmokehouseBot\Services\IMarketDataService.cs(34,14): warning CS1591: Missing XML comment for publicly visible type or member 'IMarketDataService.UpdateAccountBalanceAsync()' [c:\Users\Peter\Documents\GitHub\kalshi-trading-bot\BacklashInterfaces\BacklashInterfaces.csproj]
c:\Users\Peter\Documents\GitHub\kalshi-trading-bot\BacklashInterfaces\SmokehouseBot\Services\IMarketDataService.cs(35,14): warning CS1591: Missing XML comment for publicly visible type or member 'IMarketDataService.ProcessTickerUpdate(string, Guid, int, int, int, int, int, int, int, long, DateTime, DateTime?)' [c:\Users\Peter\Documents\GitHub\kalshi-trading-bot\BacklashInterfaces\BacklashInterfaces.csproj]
c:\Users\Peter\Documents\GitHub\kalshi-trading-bot\BacklashInterfaces\SmokehouseBot\Services\IMarketDataService.cs(36,14): warning CS1591: Missing XML comment for publicly visible type or member 'IMarketDataService.NotifyMarketDataUpdated(string)' [c:\Users\Peter\Documents\GitHub\kalshi-trading-bot\BacklashInterfaces\BacklashInterfaces.csproj]
c:\Users\Peter\Documents\GitHub\kalshi-trading-bot\BacklashInterfaces\SmokehouseBot\Services\IMarketDataService.cs(37,14): warning CS1591: Missing XML comment for publicly visible type or member 'IMarketDataService.NotifyPositionDataUpdated(string)' [c:\Users\Peter\Documents\GitHub\kalshi-trading-bot\BacklashInterfaces\BacklashInterfaces.csproj]
c:\Users\Peter\Documents\GitHub\kalshi-trading-bot\BacklashInterfaces\SmokehouseBot\Services\IMarketDataService.cs(38,14): warning CS1591: Missing XML comment for publicly visible type or member 'IMarketDataService.NotifyTickerAdded(string)' [c:\Users\Peter\Documents\GitHub\kalshi-trading-bot\BacklashInterfaces\BacklashInterfaces.csproj]
c:\Users\Peter\Documents\GitHub\kalshi-trading-bot\BacklashInterfaces\SmokehouseBot\Services\IMarketDataService.cs(39,14): warning CS1591: Missing XML comment for publicly visible type or member 'IMarketDataService.NotifyAccountBalanceUpdated(string)' [c:\Users\Peter\Documents\GitHub\kalshi-trading-bot\BacklashInterfaces\BacklashInterfaces.csproj]
c:\Users\Peter\Documents\GitHub\kalshi-trading-bot\BacklashInterfaces\SmokehouseBot\Services\IMarketDataService.cs(40,31): warning CS1591: Missing XML comment for publicly visible type or member 'IMarketDataService.ForwardFillCandlesticks(List<CandlestickData>, string)' [c:\Users\Peter\Documents\GitHub\kalshi-trading-bot\BacklashInterfaces\BacklashInterfaces.csproj]
c:\Users\Peter\Documents\GitHub\kalshi-trading-bot\BacklashInterfaces\SmokehouseBot\Services\IMarketDataService.cs(41,14): warning CS1591: Missing XML comment for publicly visible type or member 'IMarketDataService.ConfigureWebSocketEventHandlers()' [c:\Users\Peter\Documents\GitHub\kalshi-trading-bot\BacklashInterfaces\BacklashInterfaces.csproj]
c:\Users\Peter\Documents\GitHub\kalshi-trading-bot\BacklashInterfaces\SmokehouseBot\Services\IMarketDataService.cs(42,14): warning CS1591: Missing XML comment for publicly visible type or member 'IMarketDataService.RetrieveAndUpdatePositionsAsync()' [c:\Users\Peter\Documents\GitHub\kalshi-trading-bot\BacklashInterfaces\BacklashInterfaces.csproj]
c:\Users\Peter\Documents\GitHub\kalshi-trading-bot\BacklashInterfaces\SmokehouseBot\Services\IMarketDataService.cs(43,14): warning CS1591: Missing XML comment for publicly visible type or member 'IMarketDataService.SubscribeToMarketChannelsAsync(string)' [c:\Users\Peter\Documents\GitHub\kalshi-trading-bot\BacklashInterfaces\BacklashInterfaces.csproj]
c:\Users\Peter\Documents\GitHub\kalshi-trading-bot\BacklashInterfaces\SmokehouseBot\Services\IMarketRefreshService.cs(3,22): warning CS1591: Missing XML comment for publicly visible type or member 'IMarketRefreshService' [c:\Users\Peter\Documents\GitHub\kalshi-trading-bot\BacklashInterfaces\BacklashInterfaces.csproj]
c:\Users\Peter\Documents\GitHub\kalshi-trading-bot\BacklashInterfaces\SmokehouseBot\Services\IMarketRefreshService.cs(5,14): warning CS1591: Missing XML comment for publicly visible type or member 'IMarketRefreshService.ExecuteServicesAsync(CancellationToken)' [c:\Users\Peter\Documents\GitHub\kalshi-trading-bot\BacklashInterfaces\BacklashInterfaces.csproj]
c:\Users\Peter\Documents\GitHub\kalshi-trading-bot\BacklashInterfaces\SmokehouseBot\Services\IMarketRefreshService.cs(6,14): warning CS1591: Missing XML comment for publicly visible type or member 'IMarketRefreshService.TriggerImmediateRefreshAsync(string)' [c:\Users\Peter\Documents\GitHub\kalshi-trading-bot\BacklashInterfaces\BacklashInterfaces.csproj]
c:\Users\Peter\Documents\GitHub\kalshi-trading-bot\BacklashInterfaces\SmokehouseBot\Services\IMarketRefreshService.cs(7,14): warning CS1591: Missing XML comment for publicly visible type or member 'IMarketRefreshService.IsRunning()' [c:\Users\Peter\Documents\GitHub\kalshi-trading-bot\BacklashInterfaces\BacklashInterfaces.csproj]
c:\Users\Peter\Documents\GitHub\kalshi-trading-bot\BacklashInterfaces\SmokehouseBot\Services\IMarketRefreshService.cs(8,14): warning CS1591: Missing XML comment for publicly visible type or member 'IMarketRefreshService.StopAsync(CancellationToken)' [c:\Users\Peter\Documents\GitHub\kalshi-trading-bot\BacklashInterfaces\BacklashInterfaces.csproj]
c:\Users\Peter\Documents\GitHub\kalshi-trading-bot\BacklashInterfaces\SmokehouseBot\Services\IMarketRefreshService.cs(10,18): warning CS1591: Missing XML comment for publicly visible type or member 'IMarketRefreshService.LastWorkDuration' [c:\Users\Peter\Documents\GitHub\kalshi-trading-bot\BacklashInterfaces\BacklashInterfaces.csproj]
c:\Users\Peter\Documents\GitHub\kalshi-trading-bot\BacklashInterfaces\SmokehouseBot\Services\IMarketRefreshService.cs(11,13): warning CS1591: Missing XML comment for publicly visible type or member 'IMarketRefreshService.LastWorkMarketCount' [c:\Users\Peter\Documents\GitHub\kalshi-trading-bot\BacklashInterfaces\BacklashInterfaces.csproj]
c:\Users\Peter\Documents\GitHub\kalshi-trading-bot\BacklashInterfaces\SmokehouseBot\Services\IMarketRefreshService.cs(12,14): warning CS1591: Missing XML comment for publicly visible type or member 'IMarketRefreshService.TotalRefreshOperations' [c:\Users\Peter\Documents\GitHub\kalshi-trading-bot\BacklashInterfaces\BacklashInterfaces.csproj]
c:\Users\Peter\Documents\GitHub\kalshi-trading-bot\BacklashInterfaces\SmokehouseBot\Services\IMarketRefreshService.cs(13,18): warning CS1591: Missing XML comment for publicly visible type or member 'IMarketRefreshService.AverageRefreshTimePerMarket' [c:\Users\Peter\Documents\GitHub\kalshi-trading-bot\BacklashInterfaces\BacklashInterfaces.csproj]
c:\Users\Peter\Documents\GitHub\kalshi-trading-bot\BacklashInterfaces\SmokehouseBot\Services\IMarketRefreshService.cs(14,13): warning CS1591: Missing XML comment for publicly visible type or member 'IMarketRefreshService.LastRefreshCount' [c:\Users\Peter\Documents\GitHub\kalshi-trading-bot\BacklashInterfaces\BacklashInterfaces.csproj]
c:\Users\Peter\Documents\GitHub\kalshi-trading-bot\BacklashInterfaces\SmokehouseBot\Services\IMarketRefreshService.cs(15,18): warning CS1591: Missing XML comment for publicly visible type or member 'IMarketRefreshService.LastCpuTime' [c:\Users\Peter\Documents\GitHub\kalshi-trading-bot\BacklashInterfaces\BacklashInterfaces.csproj]
c:\Users\Peter\Documents\GitHub\kalshi-trading-bot\BacklashInterfaces\SmokehouseBot\Services\IMarketRefreshService.cs(16,14): warning CS1591: Missing XML comment for publicly visible type or member 'IMarketRefreshService.LastMemoryUsage' [c:\Users\Peter\Documents\GitHub\kalshi-trading-bot\BacklashInterfaces\BacklashInterfaces.csproj]
c:\Users\Peter\Documents\GitHub\kalshi-trading-bot\BacklashInterfaces\SmokehouseBot\Services\IMarketRefreshService.cs(17,16): warning CS1591: Missing XML comment for publicly visible type or member 'IMarketRefreshService.RefreshThroughput' [c:\Users\Peter\Documents\GitHub\kalshi-trading-bot\BacklashInterfaces\BacklashInterfaces.csproj]
c:\Users\Peter\Documents\GitHub\kalshi-trading-bot\BacklashInterfaces\SmokehouseBot\Services\IOrderbookChangeTracker.cs(6,22): warning CS1591: Missing XML comment for publicly visible type or member 'IOrderbookChangeTracker' [c:\Users\Peter\Documents\GitHub\kalshi-trading-bot\BacklashInterfaces\BacklashInterfaces.csproj]
c:\Users\Peter\Documents\GitHub\kalshi-trading-bot\BacklashInterfaces\SmokehouseBot\Services\IOrderbookChangeTracker.cs(8,21): warning CS1591: Missing XML comment for publicly visible type or member 'IOrderbookChangeTracker.Market' [c:\Users\Peter\Documents\GitHub\kalshi-trading-bot\BacklashInterfaces\BacklashInterfaces.csproj]
c:\Users\Peter\Documents\GitHub\kalshi-trading-bot\BacklashInterfaces\SmokehouseBot\Services\IOrderbookChangeTracker.cs(9,14): warning CS1591: Missing XML comment for publicly visible type or member 'IOrderbookChangeTracker.IsMature' [c:\Users\Peter\Documents\GitHub\kalshi-trading-bot\BacklashInterfaces\BacklashInterfaces.csproj]
c:\Users\Peter\Documents\GitHub\kalshi-trading-bot\BacklashInterfaces\SmokehouseBot\Services\IOrderbookChangeTracker.cs(10,18): warning CS1591: Missing XML comment for publicly visible type or member 'IOrderbookChangeTracker.ChangeWindowDuration' [c:\Users\Peter\Documents\GitHub\kalshi-trading-bot\BacklashInterfaces\BacklashInterfaces.csproj]
c:\Users\Peter\Documents\GitHub\kalshi-trading-bot\BacklashInterfaces\SmokehouseBot\Services\IOrderbookChangeTracker.cs(11,18): warning CS1591: Missing XML comment for publicly visible type or member 'IOrderbookChangeTracker.TradeMatchingWindow' [c:\Users\Peter\Documents\GitHub\kalshi-trading-bot\BacklashInterfaces\BacklashInterfaces.csproj]
c:\Users\Peter\Documents\GitHub\kalshi-trading-bot\BacklashInterfaces\SmokehouseBot\Services\IOrderbookChangeTracker.cs(12,18): warning CS1591: Missing XML comment for publicly visible type or member 'IOrderbookChangeTracker.OrderbookCancelWindow' [c:\Users\Peter\Documents\GitHub\kalshi-trading-bot\BacklashInterfaces\BacklashInterfaces.csproj]
c:\Users\Peter\Documents\GitHub\kalshi-trading-bot\BacklashInterfaces\SmokehouseBot\Services\IOrderbookChangeTracker.cs(13,18): warning CS1591: Missing XML comment for publicly visible type or member 'IOrderbookChangeTracker.LastMarketOpenTime' [c:\Users\Peter\Documents\GitHub\kalshi-trading-bot\BacklashInterfaces\BacklashInterfaces.csproj]
c:\Users\Peter\Documents\GitHub\kalshi-trading-bot\BacklashInterfaces\SmokehouseBot\Services\IOrderbookChangeTracker.cs(14,14): warning CS1591: Missing XML comment for publicly visible type or member 'IOrderbookChangeTracker.UpdateMarketStatus(bool, bool)' [c:\Users\Peter\Documents\GitHub\kalshi-trading-bot\BacklashInterfaces\BacklashInterfaces.csproj]
c:\Users\Peter\Documents\GitHub\kalshi-trading-bot\BacklashInterfaces\SmokehouseBot\Services\IOrderbookChangeTracker.cs(15,14): warning CS1591: Missing XML comment for publicly visible type or member 'IOrderbookChangeTracker.Stop()' [c:\Users\Peter\Documents\GitHub\kalshi-trading-bot\BacklashInterfaces\BacklashInterfaces.csproj]
c:\Users\Peter\Documents\GitHub\kalshi-trading-bot\BacklashInterfaces\SmokehouseBot\Services\IOrderbookChangeTracker.cs(16,14): warning CS1591: Missing XML comment for publicly visible type or member 'IOrderbookChangeTracker.ProcessOrderbookSnapshot(List<OrderbookData>, List<OrderbookData>)' [c:\Users\Peter\Documents\GitHub\kalshi-trading-bot\BacklashInterfaces\BacklashInterfaces.csproj]
c:\Users\Peter\Documents\GitHub\kalshi-trading-bot\BacklashInterfaces\SmokehouseBot\Services\IOrderbookChangeTracker.cs(17,14): warning CS1591: Missing XML comment for publicly visible type or member 'IOrderbookChangeTracker.RecordOrderbookChange(string, int, int)' [c:\Users\Peter\Documents\GitHub\kalshi-trading-bot\BacklashInterfaces\BacklashInterfaces.csproj]
c:\Users\Peter\Documents\GitHub\kalshi-trading-bot\BacklashInterfaces\SmokehouseBot\Services\IOrderbookChangeTracker.cs(18,14): warning CS1591: Missing XML comment for publicly visible type or member 'IOrderbookChangeTracker.RecordTrade(string, int, int, int, DateTime)' [c:\Users\Peter\Documents\GitHub\kalshi-trading-bot\BacklashInterfaces\BacklashInterfaces.csproj]
c:\Users\Peter\Documents\GitHub\kalshi-trading-bot\BacklashInterfaces\SmokehouseBot\Services\IOrderbookChangeTracker.cs(19,37): warning CS1591: Missing XML comment for publicly visible type or member 'IOrderbookChangeTracker.GetBottomNoVelocityPerMinute(List<OrderbookData>, List<OrderbookChange>, int)' [c:\Users\Peter\Documents\GitHub\kalshi-trading-bot\BacklashInterfaces\BacklashInterfaces.csproj]
c:\Users\Peter\Documents\GitHub\kalshi-trading-bot\BacklashInterfaces\SmokehouseBot\Services\IOrderbookChangeTracker.cs(20,37): warning CS1591: Missing XML comment for publicly visible type or member 'IOrderbookChangeTracker.GetBottomYesVelocityPerMinute(List<OrderbookData>, List<OrderbookChange>, int)' [c:\Users\Peter\Documents\GitHub\kalshi-trading-bot\BacklashInterfaces\BacklashInterfaces.csproj]
c:\Users\Peter\Documents\GitHub\kalshi-trading-bot\BacklashInterfaces\SmokehouseBot\Services\IOrderbookChangeTracker.cs(21,37): warning CS1591: Missing XML comment for publicly visible type or member 'IOrderbookChangeTracker.GetTopNoVelocityPerMinute(List<OrderbookData>, List<OrderbookChange>, int)' [c:\Users\Peter\Documents\GitHub\kalshi-trading-bot\BacklashInterfaces\BacklashInterfaces.csproj]
c:\Users\Peter\Documents\GitHub\kalshi-trading-bot\BacklashInterfaces\SmokehouseBot\Services\IOrderbookChangeTracker.cs(22,37): warning CS1591: Missing XML comment for publicly visible type or member 'IOrderbookChangeTracker.GetTopYesVelocityPerMinute(List<OrderbookData>, List<OrderbookChange>, int)' [c:\Users\Peter\Documents\GitHub\kalshi-trading-bot\BacklashInterfaces\BacklashInterfaces.csproj]
c:\Users\Peter\Documents\GitHub\kalshi-trading-bot\BacklashInterfaces\SmokehouseBot\Services\IOrderbookChangeTracker.cs(23,36): warning CS1591: Missing XML comment for publicly visible type or member 'IOrderbookChangeTracker.GetYesNetOrderVolumePerMinute(List<OrderbookChange>)' [c:\Users\Peter\Documents\GitHub\kalshi-trading-bot\BacklashInterfaces\BacklashInterfaces.csproj]
c:\Users\Peter\Documents\GitHub\kalshi-trading-bot\BacklashInterfaces\SmokehouseBot\Services\IOrderbookChangeTracker.cs(24,36): warning CS1591: Missing XML comment for publicly visible type or member 'IOrderbookChangeTracker.GetNoNetOrderVolumePerMinute(List<OrderbookChange>)' [c:\Users\Peter\Documents\GitHub\kalshi-trading-bot\BacklashInterfaces\BacklashInterfaces.csproj]
c:\Users\Peter\Documents\GitHub\kalshi-trading-bot\BacklashInterfaces\SmokehouseBot\Services\IOrderbookChangeTracker.cs(25,38): warning CS1591: Missing XML comment for publicly visible type or member 'IOrderbookChangeTracker.GetTradeRatePerMinute_MakerYes(List<OrderbookChange>)' [c:\Users\Peter\Documents\GitHub\kalshi-trading-bot\BacklashInterfaces\BacklashInterfaces.csproj]
c:\Users\Peter\Documents\GitHub\kalshi-trading-bot\BacklashInterfaces\SmokehouseBot\Services\IOrderbookChangeTracker.cs(26,38): warning CS1591: Missing XML comment for publicly visible type or member 'IOrderbookChangeTracker.GetTradeRatePerMinute_MakerNo(List<OrderbookChange>)' [c:\Users\Peter\Documents\GitHub\kalshi-trading-bot\BacklashInterfaces\BacklashInterfaces.csproj]
c:\Users\Peter\Documents\GitHub\kalshi-trading-bot\BacklashInterfaces\SmokehouseBot\Services\IOrderbookChangeTracker.cs(27,16): warning CS1591: Missing XML comment for publicly visible type or member 'IOrderbookChangeTracker.GetAverageTradeSize_MakerYes(List<OrderbookChange>)' [c:\Users\Peter\Documents\GitHub\kalshi-trading-bot\BacklashInterfaces\BacklashInterfaces.csproj]
c:\Users\Peter\Documents\GitHub\kalshi-trading-bot\BacklashInterfaces\SmokehouseBot\Services\IOrderbookChangeTracker.cs(28,16): warning CS1591: Missing XML comment for publicly visible type or member 'IOrderbookChangeTracker.GetAverageTradeSize_MakerNo(List<OrderbookChange>)' [c:\Users\Peter\Documents\GitHub\kalshi-trading-bot\BacklashInterfaces\BacklashInterfaces.csproj]
c:\Users\Peter\Documents\GitHub\kalshi-trading-bot\BacklashInterfaces\SmokehouseBot\Services\IOrderbookChangeTracker.cs(29,13): warning CS1591: Missing XML comment for publicly visible type or member 'IOrderbookChangeTracker.GetTradeCount_MakerYes()' [c:\Users\Peter\Documents\GitHub\kalshi-trading-bot\BacklashInterfaces\BacklashInterfaces.csproj]
c:\Users\Peter\Documents\GitHub\kalshi-trading-bot\BacklashInterfaces\SmokehouseBot\Services\IOrderbookChangeTracker.cs(30,13): warning CS1591: Missing XML comment for publicly visible type or member 'IOrderbookChangeTracker.GetTradeCount_MakerNo()' [c:\Users\Peter\Documents\GitHub\kalshi-trading-bot\BacklashInterfaces\BacklashInterfaces.csproj]
c:\Users\Peter\Documents\GitHub\kalshi-trading-bot\BacklashInterfaces\SmokehouseBot\Services\IOrderbookChangeTracker.cs(31,13): warning CS1591: Missing XML comment for publicly visible type or member 'IOrderbookChangeTracker.GetTopLevels(List<OrderbookData>, int)' [c:\Users\Peter\Documents\GitHub\kalshi-trading-bot\BacklashInterfaces\BacklashInterfaces.csproj]
c:\Users\Peter\Documents\GitHub\kalshi-trading-bot\BacklashInterfaces\SmokehouseBot\Services\IOrderbookChangeTracker.cs(32,13): warning CS1591: Missing XML comment for publicly visible type or member 'IOrderbookChangeTracker.GetBottomLevels(List<OrderbookData>, int)' [c:\Users\Peter\Documents\GitHub\kalshi-trading-bot\BacklashInterfaces\BacklashInterfaces.csproj]
c:\Users\Peter\Documents\GitHub\kalshi-trading-bot\BacklashInterfaces\SmokehouseBot\Services\IOrderbookChangeTracker.cs(33,14): warning CS1591: Missing XML comment for publicly visible type or member 'IOrderbookChangeTracker.RecalculateAllMetrics()' [c:\Users\Peter\Documents\GitHub\kalshi-trading-bot\BacklashInterfaces\BacklashInterfaces.csproj]
c:\Users\Peter\Documents\GitHub\kalshi-trading-bot\BacklashInterfaces\SmokehouseBot\Services\IOrderbookChangeTracker.cs(34,14): warning CS1591: Missing XML comment for publicly visible type or member 'IOrderbookChangeTracker.Shutdown()' [c:\Users\Peter\Documents\GitHub\kalshi-trading-bot\BacklashInterfaces\BacklashInterfaces.csproj]
c:\Users\Peter\Documents\GitHub\kalshi-trading-bot\BacklashInterfaces\SmokehouseBot\Services\IOrderBookService.cs(5,22): warning CS1591: Missing XML comment for publicly visible type or member 'IOrderBookService' [c:\Users\Peter\Documents\GitHub\kalshi-trading-bot\BacklashInterfaces\BacklashInterfaces.csproj]
c:\Users\Peter\Documents\GitHub\kalshi-trading-bot\BacklashInterfaces\SmokehouseBot\Services\IOrderBookService.cs(7,36): warning CS1591: Missing XML comment for publicly visible type or member 'IOrderBookService.OrderBookUpdated' [c:\Users\Peter\Documents\GitHub\kalshi-trading-bot\BacklashInterfaces\BacklashInterfaces.csproj]
c:\Users\Peter\Documents\GitHub\kalshi-trading-bot\BacklashInterfaces\SmokehouseBot\Services\IOrderBookService.cs(8,14): warning CS1591: Missing XML comment for publicly visible type or member 'IOrderBookService.ConfigureWebSocketEventHandlers()' [c:\Users\Peter\Documents\GitHub\kalshi-trading-bot\BacklashInterfaces\BacklashInterfaces.csproj]
c:\Users\Peter\Documents\GitHub\kalshi-trading-bot\BacklashInterfaces\SmokehouseBot\Services\IOrderBookService.cs(9,29): warning CS1591: Missing XML comment for publicly visible type or member 'IOrderBookService.GetCurrentOrderBook(string)' [c:\Users\Peter\Documents\GitHub\kalshi-trading-bot\BacklashInterfaces\BacklashInterfaces.csproj]
c:\Users\Peter\Documents\GitHub\kalshi-trading-bot\BacklashInterfaces\SmokehouseBot\Services\IOrderBookService.cs(10,14): warning CS1591: Missing XML comment for publicly visible type or member 'IOrderBookService.SyncOrderBookAsync(string)' [c:\Users\Peter\Documents\GitHub\kalshi-trading-bot\BacklashInterfaces\BacklashInterfaces.csproj]
c:\Users\Peter\Documents\GitHub\kalshi-trading-bot\BacklashInterfaces\SmokehouseBot\Services\IOrderBookService.cs(11,14): warning CS1591: Missing XML comment for publicly visible type or member 'IOrderBookService.ClearQueueForMarketAsync(string)' [c:\Users\Peter\Documents\GitHub\kalshi-trading-bot\BacklashInterfaces\BacklashInterfaces.csproj]
c:\Users\Peter\Documents\GitHub\kalshi-trading-bot\BacklashInterfaces\SmokehouseBot\Services\IOrderBookService.cs(12,14): warning CS1591: Missing XML comment for publicly visible type or member 'IOrderBookService.StartServicesAsync()' [c:\Users\Peter\Documents\GitHub\kalshi-trading-bot\BacklashInterfaces\BacklashInterfaces.csproj]
c:\Users\Peter\Documents\GitHub\kalshi-trading-bot\BacklashInterfaces\SmokehouseBot\Services\IOrderBookService.cs(14,14): warning CS1591: Missing XML comment for publicly visible type or member 'IOrderBookService.IsEventQueueUnderLimit(int)' [c:\Users\Peter\Documents\GitHub\kalshi-trading-bot\BacklashInterfaces\BacklashInterfaces.csproj]
c:\Users\Peter\Documents\GitHub\kalshi-trading-bot\BacklashInterfaces\SmokehouseBot\Services\IOrderBookService.cs(16,14): warning CS1591: Missing XML comment for publicly visible type or member 'IOrderBookService.StopServicesAsync()' [c:\Users\Peter\Documents\GitHub\kalshi-trading-bot\BacklashInterfaces\BacklashInterfaces.csproj]
c:\Users\Peter\Documents\GitHub\kalshi-trading-bot\BacklashInterfaces\SmokehouseBot\Services\IOrderBookService.cs(18,81): warning CS1591: Missing XML comment for publicly visible type or member 'IOrderBookService.GetQueueCounts()' [c:\Users\Peter\Documents\GitHub\kalshi-trading-bot\BacklashInterfaces\BacklashInterfaces.csproj]
c:\Users\Peter\Documents\GitHub\kalshi-trading-bot\BacklashInterfaces\SmokehouseBot\Services\IScopeManagerService.cs(5,22): warning CS1591: Missing XML comment for publicly visible type or member 'IScopeManagerService' [c:\Users\Peter\Documents\GitHub\kalshi-trading-bot\BacklashInterfaces\BacklashInterfaces.csproj]
c:\Users\Peter\Documents\GitHub\kalshi-trading-bot\BacklashInterfaces\SmokehouseBot\Services\IScopeManagerService.cs(7,14): warning CS1591: Missing XML comment for publicly visible type or member 'IScopeManagerService.InitializeScope()' [c:\Users\Peter\Documents\GitHub\kalshi-trading-bot\BacklashInterfaces\BacklashInterfaces.csproj]
c:\Users\Peter\Documents\GitHub\kalshi-trading-bot\BacklashInterfaces\SmokehouseBot\Services\IScopeManagerService.cs(8,14): warning CS1591: Missing XML comment for publicly visible type or member 'IScopeManagerService.ResetAll()' [c:\Users\Peter\Documents\GitHub\kalshi-trading-bot\BacklashInterfaces\BacklashInterfaces.csproj]
c:\Users\Peter\Documents\GitHub\kalshi-trading-bot\BacklashInterfaces\SmokehouseBot\Services\IScopeManagerService.cs(9,23): warning CS1591: Missing XML comment for publicly visible type or member 'IScopeManagerService.Scope' [c:\Users\Peter\Documents\GitHub\kalshi-trading-bot\BacklashInterfaces\BacklashInterfaces.csproj]
c:\Users\Peter\Documents\GitHub\kalshi-trading-bot\BacklashInterfaces\SmokehouseBot\Services\IScopeManagerService.cs(10,23): warning CS1591: Missing XML comment for publicly visible type or member 'IScopeManagerService.CreateScope()' [c:\Users\Peter\Documents\GitHub\kalshi-trading-bot\BacklashInterfaces\BacklashInterfaces.csproj]
c:\Users\Peter\Documents\GitHub\kalshi-trading-bot\BacklashInterfaces\SmokehouseBot\Services\IServiceFactory.cs(9,22): warning CS1591: Missing XML comment for publicly visible type or member 'IServiceFactory' [c:\Users\Peter\Documents\GitHub\kalshi-trading-bot\BacklashInterfaces\BacklashInterfaces.csproj]
c:\Users\Peter\Documents\GitHub\kalshi-trading-bot\BacklashInterfaces\SmokehouseBot\Services\IServiceFactory.cs(11,33): warning CS1591: Missing XML comment for publicly visible type or member 'IServiceFactory.GetKalshiWebSocketClient()' [c:\Users\Peter\Documents\GitHub\kalshi-trading-bot\BacklashInterfaces\BacklashInterfaces.csproj]
c:\Users\Peter\Documents\GitHub\kalshi-trading-bot\BacklashInterfaces\SmokehouseBot\Services\IServiceFactory.cs(12,32): warning CS1591: Missing XML comment for publicly visible type or member 'IServiceFactory.GetInterestScoreService()' [c:\Users\Peter\Documents\GitHub\kalshi-trading-bot\BacklashInterfaces\BacklashInterfaces.csproj]
c:\Users\Peter\Documents\GitHub\kalshi-trading-bot\BacklashInterfaces\SmokehouseBot\Services\IServiceFactory.cs(13,26): warning CS1591: Missing XML comment for publicly visible type or member 'IServiceFactory.GetSqlDataService()' [c:\Users\Peter\Documents\GitHub\kalshi-trading-bot\BacklashInterfaces\BacklashInterfaces.csproj]
c:\Users\Peter\Documents\GitHub\kalshi-trading-bot\BacklashInterfaces\SmokehouseBot\Services\IServiceFactory.cs(14,34): warning CS1591: Missing XML comment for publicly visible type or member 'IServiceFactory.GetTradingSnapshotService()' [c:\Users\Peter\Documents\GitHub\kalshi-trading-bot\BacklashInterfaces\BacklashInterfaces.csproj]
c:\Users\Peter\Documents\GitHub\kalshi-trading-bot\BacklashInterfaces\SmokehouseBot\Services\IServiceFactory.cs(15,29): warning CS1591: Missing XML comment for publicly visible type or member 'IServiceFactory.GetMarketDataService()' [c:\Users\Peter\Documents\GitHub\kalshi-trading-bot\BacklashInterfaces\BacklashInterfaces.csproj]
c:\Users\Peter\Documents\GitHub\kalshi-trading-bot\BacklashInterfaces\SmokehouseBot\Services\IServiceFactory.cs(16,29): warning CS1591: Missing XML comment for publicly visible type or member 'IServiceFactory.GetTradingCalculator()' [c:\Users\Peter\Documents\GitHub\kalshi-trading-bot\BacklashInterfaces\BacklashInterfaces.csproj]
c:\Users\Peter\Documents\GitHub\kalshi-trading-bot\BacklashInterfaces\SmokehouseBot\Services\IServiceFactory.cs(17,28): warning CS1591: Missing XML comment for publicly visible type or member 'IServiceFactory.GetOrderBookService()' [c:\Users\Peter\Documents\GitHub\kalshi-trading-bot\BacklashInterfaces\BacklashInterfaces.csproj]
c:\Users\Peter\Documents\GitHub\kalshi-trading-bot\BacklashInterfaces\SmokehouseBot\Services\IServiceFactory.cs(18,37): warning CS1591: Missing XML comment for publicly visible type or member 'IServiceFactory.GetPerformanceMonitor()' [c:\Users\Peter\Documents\GitHub\kalshi-trading-bot\BacklashInterfaces\BacklashInterfaces.csproj]
c:\Users\Peter\Documents\GitHub\kalshi-trading-bot\BacklashInterfaces\SmokehouseBot\Services\IServiceFactory.cs(19,21): warning CS1591: Missing XML comment for publicly visible type or member 'IServiceFactory.GetDataCache()' [c:\Users\Peter\Documents\GitHub\kalshi-trading-bot\BacklashInterfaces\BacklashInterfaces.csproj]
c:\Users\Peter\Documents\GitHub\kalshi-trading-bot\BacklashInterfaces\SmokehouseBot\Services\IServiceFactory.cs(20,33): warning CS1591: Missing XML comment for publicly visible type or member 'IServiceFactory.GetMarketDataInitializer()' [c:\Users\Peter\Documents\GitHub\kalshi-trading-bot\BacklashInterfaces\BacklashInterfaces.csproj]
c:\Users\Peter\Documents\GitHub\kalshi-trading-bot\BacklashInterfaces\SmokehouseBot\Services\IServiceFactory.cs(21,30): warning CS1591: Missing XML comment for publicly visible type or member 'IServiceFactory.GetCandlestickService()' [c:\Users\Peter\Documents\GitHub\kalshi-trading-bot\BacklashInterfaces\BacklashInterfaces.csproj]
c:\Users\Peter\Documents\GitHub\kalshi-trading-bot\BacklashInterfaces\SmokehouseBot\Services\IServiceFactory.cs(22,28): warning CS1591: Missing XML comment for publicly visible type or member 'IServiceFactory.GetBroadcastService()' [c:\Users\Peter\Documents\GitHub\kalshi-trading-bot\BacklashInterfaces\BacklashInterfaces.csproj]
c:\Users\Peter\Documents\GitHub\kalshi-trading-bot\BacklashInterfaces\SmokehouseBot\Services\IServiceFactory.cs(23,32): warning CS1591: Missing XML comment for publicly visible type or member 'IServiceFactory.GetMarketRefreshService()' [c:\Users\Peter\Documents\GitHub\kalshi-trading-bot\BacklashInterfaces\BacklashInterfaces.csproj]
c:\Users\Peter\Documents\GitHub\kalshi-trading-bot\BacklashInterfaces\SmokehouseBot\Services\IServiceFactory.cs(24,35): warning CS1591: Missing XML comment for publicly visible type or member 'IServiceFactory.GetWebSocketHostedService()' [c:\Users\Peter\Documents\GitHub\kalshi-trading-bot\BacklashInterfaces\BacklashInterfaces.csproj]
c:\Users\Peter\Documents\GitHub\kalshi-trading-bot\BacklashInterfaces\SmokehouseBot\Services\IServiceFactory.cs(25,31): warning CS1591: Missing XML comment for publicly visible type or member 'IServiceFactory.GetBacklashErrorHandler()' [c:\Users\Peter\Documents\GitHub\kalshi-trading-bot\BacklashInterfaces\BacklashInterfaces.csproj]
c:\Users\Peter\Documents\GitHub\kalshi-trading-bot\BacklashInterfaces\SmokehouseBot\Services\IServiceFactory.cs(26,33): warning CS1591: Missing XML comment for publicly visible type or member 'IServiceFactory.GetOverseerClientService()' [c:\Users\Peter\Documents\GitHub\kalshi-trading-bot\BacklashInterfaces\BacklashInterfaces.csproj]
c:\Users\Peter\Documents\GitHub\kalshi-trading-bot\BacklashInterfaces\SmokehouseBot\Services\IServiceFactory.cs(27,30): warning CS1591: Missing XML comment for publicly visible type or member 'IServiceFactory.GetScopeManager()' [c:\Users\Peter\Documents\GitHub\kalshi-trading-bot\BacklashInterfaces\BacklashInterfaces.csproj]
c:\Users\Peter\Documents\GitHub\kalshi-trading-bot\BacklashInterfaces\SmokehouseBot\Services\IServiceFactory.cs(28,14): warning CS1591: Missing XML comment for publicly visible type or member 'IServiceFactory.ResetAll()' [c:\Users\Peter\Documents\GitHub\kalshi-trading-bot\BacklashInterfaces\BacklashInterfaces.csproj]
c:\Users\Peter\Documents\GitHub\kalshi-trading-bot\BacklashInterfaces\SmokehouseBot\Services\IServiceFactory.cs(29,14): warning CS1591: Missing XML comment for publicly visible type or member 'IServiceFactory.InitializeServices(Guid)' [c:\Users\Peter\Documents\GitHub\kalshi-trading-bot\BacklashInterfaces\BacklashInterfaces.csproj]
c:\Users\Peter\Documents\GitHub\kalshi-trading-bot\BacklashInterfaces\SmokehouseBot\Services\ISqlDataService.cs(5,22): warning CS1591: Missing XML comment for publicly visible type or member 'ISqlDataService' [c:\Users\Peter\Documents\GitHub\kalshi-trading-bot\BacklashInterfaces\BacklashInterfaces.csproj]
c:\Users\Peter\Documents\GitHub\kalshi-trading-bot\BacklashInterfaces\SmokehouseBot\Services\ISqlDataService.cs(7,14): warning CS1591: Missing XML comment for publicly visible type or member 'ISqlDataService.StoreOrderBookAsync(JsonElement, string)' [c:\Users\Peter\Documents\GitHub\kalshi-trading-bot\BacklashInterfaces\BacklashInterfaces.csproj]
c:\Users\Peter\Documents\GitHub\kalshi-trading-bot\BacklashInterfaces\SmokehouseBot\Services\ISqlDataService.cs(8,14): warning CS1591: Missing XML comment for publicly visible type or member 'ISqlDataService.StoreTickerAsync(JsonElement)' [c:\Users\Peter\Documents\GitHub\kalshi-trading-bot\BacklashInterfaces\BacklashInterfaces.csproj]
c:\Users\Peter\Documents\GitHub\kalshi-trading-bot\BacklashInterfaces\SmokehouseBot\Services\ISqlDataService.cs(9,14): warning CS1591: Missing XML comment for publicly visible type or member 'ISqlDataService.StoreTradeAsync(JsonElement)' [c:\Users\Peter\Documents\GitHub\kalshi-trading-bot\BacklashInterfaces\BacklashInterfaces.csproj]
c:\Users\Peter\Documents\GitHub\kalshi-trading-bot\BacklashInterfaces\SmokehouseBot\Services\ISqlDataService.cs(10,14): warning CS1591: Missing XML comment for publicly visible type or member 'ISqlDataService.StoreFillAsync(JsonElement)' [c:\Users\Peter\Documents\GitHub\kalshi-trading-bot\BacklashInterfaces\BacklashInterfaces.csproj]
c:\Users\Peter\Documents\GitHub\kalshi-trading-bot\BacklashInterfaces\SmokehouseBot\Services\ISqlDataService.cs(11,14): warning CS1591: Missing XML comment for publicly visible type or member 'ISqlDataService.StoreEventLifecycleAsync(JsonElement)' [c:\Users\Peter\Documents\GitHub\kalshi-trading-bot\BacklashInterfaces\BacklashInterfaces.csproj]
c:\Users\Peter\Documents\GitHub\kalshi-trading-bot\BacklashInterfaces\SmokehouseBot\Services\ISqlDataService.cs(12,14): warning CS1591: Missing XML comment for publicly visible type or member 'ISqlDataService.StoreMarketLifecycleAsync(JsonElement)' [c:\Users\Peter\Documents\GitHub\kalshi-trading-bot\BacklashInterfaces\BacklashInterfaces.csproj]
c:\Users\Peter\Documents\GitHub\kalshi-trading-bot\BacklashInterfaces\SmokehouseBot\Services\ISqlDataService.cs(13,14): warning CS1591: Missing XML comment for publicly visible type or member 'ISqlDataService.ExecuteSnapshotImportJobAsync(CancellationToken)' [c:\Users\Peter\Documents\GitHub\kalshi-trading-bot\BacklashInterfaces\BacklashInterfaces.csproj]
c:\Users\Peter\Documents\GitHub\kalshi-trading-bot\BacklashInterfaces\SmokehouseBot\Services\ITradingSnapshotService.cs(6,22): warning CS1591: Missing XML comment for publicly visible type or member 'ITradingSnapshotService' [c:\Users\Peter\Documents\GitHub\kalshi-trading-bot\BacklashInterfaces\BacklashInterfaces.csproj]
c:\Users\Peter\Documents\GitHub\kalshi-trading-bot\BacklashInterfaces\SmokehouseBot\Services\ITradingSnapshotService.cs(8,28): warning CS1591: Missing XML comment for publicly visible type or member 'ITradingSnapshotService.SaveSnapshotAsync(string, CacheSnapshot)' [c:\Users\Peter\Documents\GitHub\kalshi-trading-bot\BacklashInterfaces\BacklashInterfaces.csproj]
c:\Users\Peter\Documents\GitHub\kalshi-trading-bot\BacklashInterfaces\SmokehouseBot\Services\ITradingSnapshotService.cs(9,56): warning CS1591: Missing XML comment for publicly visible type or member 'ITradingSnapshotService.LoadManySnapshots(List<SnapshotDTO>, bool)' [c:\Users\Peter\Documents\GitHub\kalshi-trading-bot\BacklashInterfaces\BacklashInterfaces.csproj]
c:\Users\Peter\Documents\GitHub\kalshi-trading-bot\BacklashInterfaces\SmokehouseBot\Services\ITradingSnapshotService.cs(10,14): warning CS1591: Missing XML comment for publicly visible type or member 'ITradingSnapshotService.ValidateMarketSnapshot(MarketSnapshot)' [c:\Users\Peter\Documents\GitHub\kalshi-trading-bot\BacklashInterfaces\BacklashInterfaces.csproj]
c:\Users\Peter\Documents\GitHub\kalshi-trading-bot\BacklashInterfaces\SmokehouseBot\Services\ITradingSnapshotService.cs(11,14): warning CS1591: Missing XML comment for publicly visible type or member 'ITradingSnapshotService.ResetSnapshotTracking()' [c:\Users\Peter\Documents\GitHub\kalshi-trading-bot\BacklashInterfaces\BacklashInterfaces.csproj]
c:\Users\Peter\Documents\GitHub\kalshi-trading-bot\BacklashInterfaces\SmokehouseBot\Services\ITradingSnapshotService.cs(12,20): warning CS1591: Missing XML comment for publicly visible type or member 'ITradingSnapshotService.ValidateSnapshotSchema()' [c:\Users\Peter\Documents\GitHub\kalshi-trading-bot\BacklashInterfaces\BacklashInterfaces.csproj]
c:\Users\Peter\Documents\GitHub\kalshi-trading-bot\BacklashInterfaces\SmokehouseBot\Services\ITradingSnapshotService.cs(13,16): warning CS1591: Missing XML comment for publicly visible type or member 'ITradingSnapshotService.SanitizeSnapshotJson(int, string)' [c:\Users\Peter\Documents\GitHub\kalshi-trading-bot\BacklashInterfaces\BacklashInterfaces.csproj]
c:\Users\Peter\Documents\GitHub\kalshi-trading-bot\BacklashInterfaces\SmokehouseBot\Services\ITradingSnapshotService.cs(14,26): warning CS1591: Missing XML comment for publicly visible type or member 'ITradingSnapshotService.NextExpectedSnapshotTimestamp' [c:\Users\Peter\Documents\GitHub\kalshi-trading-bot\BacklashInterfaces\BacklashInterfaces.csproj]
c:\Users\Peter\Documents\GitHub\kalshi-trading-bot\BacklashInterfaces\SmokehouseBot\Services\IWebSocketMonitorService.cs(3,22): warning CS1591: Missing XML comment for publicly visible type or member 'IWebSocketMonitorService' [c:\Users\Peter\Documents\GitHub\kalshi-trading-bot\BacklashInterfaces\BacklashInterfaces.csproj]
c:\Users\Peter\Documents\GitHub\kalshi-trading-bot\BacklashInterfaces\SmokehouseBot\Services\IWebSocketMonitorService.cs(5,14): warning CS1591: Missing XML comment for publicly visible type or member 'IWebSocketMonitorService.StartServices(CancellationToken)' [c:\Users\Peter\Documents\GitHub\kalshi-trading-bot\BacklashInterfaces\BacklashInterfaces.csproj]
c:\Users\Peter\Documents\GitHub\kalshi-trading-bot\BacklashInterfaces\SmokehouseBot\Services\IWebSocketMonitorService.cs(6,14): warning CS1591: Missing XML comment for publicly visible type or member 'IWebSocketMonitorService.ShutdownAsync(CancellationToken)' [c:\Users\Peter\Documents\GitHub\kalshi-trading-bot\BacklashInterfaces\BacklashInterfaces.csproj]
c:\Users\Peter\Documents\GitHub\kalshi-trading-bot\BacklashInterfaces\SmokehouseBot\Services\IWebSocketMonitorService.cs(7,14): warning CS1591: Missing XML comment for publicly visible type or member 'IWebSocketMonitorService.TriggerConnectionCheckAsync()' [c:\Users\Peter\Documents\GitHub\kalshi-trading-bot\BacklashInterfaces\BacklashInterfaces.csproj]
c:\Users\Peter\Documents\GitHub\kalshi-trading-bot\BacklashInterfaces\SmokehouseBot\Services\IWebSocketMonitorService.cs(8,14): warning CS1591: Missing XML comment for publicly visible type or member 'IWebSocketMonitorService.IsConnected()' [c:\Users\Peter\Documents\GitHub\kalshi-trading-bot\BacklashInterfaces\BacklashInterfaces.csproj]
c:\Users\Peter\Documents\GitHub\kalshi-trading-bot\BacklashInterfaces\SmokehouseBot\State\IBotReadyStatus.cs(3,22): warning CS1591: Missing XML comment for publicly visible type or member 'IBotReadyStatus' [c:\Users\Peter\Documents\GitHub\kalshi-trading-bot\BacklashInterfaces\BacklashInterfaces.csproj]
c:\Users\Peter\Documents\GitHub\kalshi-trading-bot\BacklashInterfaces\SmokehouseBot\State\IBotReadyStatus.cs(5,36): warning CS1591: Missing XML comment for publicly visible type or member 'IBotReadyStatus.InitializationCompleted' [c:\Users\Peter\Documents\GitHub\kalshi-trading-bot\BacklashInterfaces\BacklashInterfaces.csproj]
c:\Users\Peter\Documents\GitHub\kalshi-trading-bot\BacklashInterfaces\SmokehouseBot\State\IBotReadyStatus.cs(6,36): warning CS1591: Missing XML comment for publicly visible type or member 'IBotReadyStatus.BrowserReady' [c:\Users\Peter\Documents\GitHub\kalshi-trading-bot\BacklashInterfaces\BacklashInterfaces.csproj]
c:\Users\Peter\Documents\GitHub\kalshi-trading-bot\BacklashInterfaces\SmokehouseBot\State\IBotReadyStatus.cs(7,14): warning CS1591: Missing XML comment for publicly visible type or member 'IBotReadyStatus.ResetAll()' [c:\Users\Peter\Documents\GitHub\kalshi-trading-bot\BacklashInterfaces\BacklashInterfaces.csproj]
c:\Users\Peter\Documents\GitHub\kalshi-trading-bot\BacklashInterfaces\SmokehouseBot\State\IDataCache.cs(6,22): warning CS1591: Missing XML comment for publicly visible type or member 'IDataCache' [c:\Users\Peter\Documents\GitHub\kalshi-trading-bot\BacklashInterfaces\BacklashInterfaces.csproj]
c:\Users\Peter\Documents\GitHub\kalshi-trading-bot\BacklashInterfaces\SmokehouseBot\State\IDataCache.cs(8,51): warning CS1591: Missing XML comment for publicly visible type or member 'IDataCache.Markets' [c:\Users\Peter\Documents\GitHub\kalshi-trading-bot\BacklashInterfaces\BacklashInterfaces.csproj]
c:\Users\Peter\Documents\GitHub\kalshi-trading-bot\BacklashInterfaces\SmokehouseBot\State\IDataCache.cs(10,25): warning CS1591: Missing XML comment for publicly visible type or member 'IDataCache.WatchedMarkets' [c:\Users\Peter\Documents\GitHub\kalshi-trading-bot\BacklashInterfaces\BacklashInterfaces.csproj]
c:\Users\Peter\Documents\GitHub\kalshi-trading-bot\BacklashInterfaces\SmokehouseBot\State\IDataCache.cs(11,16): warning CS1591: Missing XML comment for publicly visible type or member 'IDataCache.AccountBalance' [c:\Users\Peter\Documents\GitHub\kalshi-trading-bot\BacklashInterfaces\BacklashInterfaces.csproj]
c:\Users\Peter\Documents\GitHub\kalshi-trading-bot\BacklashInterfaces\SmokehouseBot\State\IDataCache.cs(12,18): warning CS1591: Missing XML comment for publicly visible type or member 'IDataCache.LastWebSocketTimestamp' [c:\Users\Peter\Documents\GitHub\kalshi-trading-bot\BacklashInterfaces\BacklashInterfaces.csproj]
c:\Users\Peter\Documents\GitHub\kalshi-trading-bot\BacklashInterfaces\SmokehouseBot\State\IDataCache.cs(13,14): warning CS1591: Missing XML comment for publicly visible type or member 'IDataCache.ExchangeStatus' [c:\Users\Peter\Documents\GitHub\kalshi-trading-bot\BacklashInterfaces\BacklashInterfaces.csproj]
c:\Users\Peter\Documents\GitHub\kalshi-trading-bot\BacklashInterfaces\SmokehouseBot\State\IDataCache.cs(14,14): warning CS1591: Missing XML comment for publicly visible type or member 'IDataCache.TradingStatus' [c:\Users\Peter\Documents\GitHub\kalshi-trading-bot\BacklashInterfaces\BacklashInterfaces.csproj]
c:\Users\Peter\Documents\GitHub\kalshi-trading-bot\BacklashInterfaces\SmokehouseBot\State\IDataCache.cs(15,16): warning CS1591: Missing XML comment for publicly visible type or member 'IDataCache.SoftwareVersion' [c:\Users\Peter\Documents\GitHub\kalshi-trading-bot\BacklashInterfaces\BacklashInterfaces.csproj]
c:\Users\Peter\Documents\GitHub\kalshi-trading-bot\BacklashInterfaces\SmokehouseBot\State\IDataCache.cs(16,52): warning CS1591: Missing XML comment for publicly visible type or member 'IDataCache.ExchangeStatusChanged' [c:\Users\Peter\Documents\GitHub\kalshi-trading-bot\BacklashInterfaces\BacklashInterfaces.csproj]
c:\Users\Peter\Documents\GitHub\kalshi-trading-bot\BacklashInterfaces\SmokehouseBot\State\IDataCache.cs(17,16): warning CS1591: Missing XML comment for publicly visible type or member 'IDataCache.PortfolioValue' [c:\Users\Peter\Documents\GitHub\kalshi-trading-bot\BacklashInterfaces\BacklashInterfaces.csproj]
c:\Users\Peter\Documents\GitHub\kalshi-trading-bot\BacklashInterfaces\SmokehouseBot\State\IDataCache.cs(18,25): warning CS1591: Missing XML comment for publicly visible type or member 'IDataCache.RecentlyRemovedMarkets' [c:\Users\Peter\Documents\GitHub\kalshi-trading-bot\BacklashInterfaces\BacklashInterfaces.csproj]
c:\Users\Peter\Documents\GitHub\kalshi-trading-bot\BacklashInterfaces\SmokehouseBot\State\IMarketData.cs(10,22): warning CS1591: Missing XML comment for publicly visible type or member 'IMarketData' [c:\Users\Peter\Documents\GitHub\kalshi-trading-bot\BacklashInterfaces\BacklashInterfaces.csproj]
c:\Users\Peter\Documents\GitHub\kalshi-trading-bot\BacklashInterfaces\SmokehouseBot\State\IMarketData.cs(12,18): warning CS1591: Missing XML comment for publicly visible type or member 'IMarketData.LastSuccessfulSync' [c:\Users\Peter\Documents\GitHub\kalshi-trading-bot\BacklashInterfaces\BacklashInterfaces.csproj]
c:\Users\Peter\Documents\GitHub\kalshi-trading-bot\BacklashInterfaces\SmokehouseBot\State\IMarketData.cs(13,16): warning CS1591: Missing XML comment for publicly visible type or member 'IMarketData.MarketTicker' [c:\Users\Peter\Documents\GitHub\kalshi-trading-bot\BacklashInterfaces\BacklashInterfaces.csproj]
c:\Users\Peter\Documents\GitHub\kalshi-trading-bot\BacklashInterfaces\SmokehouseBot\State\IMarketData.cs(14,16): warning CS1591: Missing XML comment for publicly visible type or member 'IMarketData.MarketType' [c:\Users\Peter\Documents\GitHub\kalshi-trading-bot\BacklashInterfaces\BacklashInterfaces.csproj]
c:\Users\Peter\Documents\GitHub\kalshi-trading-bot\BacklashInterfaces\SmokehouseBot\State\IMarketData.cs(15,19): warning CS1591: Missing XML comment for publicly visible type or member 'IMarketData.MarketInfo' [c:\Users\Peter\Documents\GitHub\kalshi-trading-bot\BacklashInterfaces\BacklashInterfaces.csproj]
c:\Users\Peter\Documents\GitHub\kalshi-trading-bot\BacklashInterfaces\SmokehouseBot\State\IMarketData.cs(16,51): warning CS1591: Missing XML comment for publicly visible type or member 'IMarketData.Candlesticks' [c:\Users\Peter\Documents\GitHub\kalshi-trading-bot\BacklashInterfaces\BacklashInterfaces.csproj]
c:\Users\Peter\Documents\GitHub\kalshi-trading-bot\BacklashInterfaces\SmokehouseBot\State\IMarketData.cs(17,34): warning CS1591: Missing XML comment for publicly visible type or member 'IMarketData.Tickers' [c:\Users\Peter\Documents\GitHub\kalshi-trading-bot\BacklashInterfaces\BacklashInterfaces.csproj]
c:\Users\Peter\Documents\GitHub\kalshi-trading-bot\BacklashInterfaces\SmokehouseBot\State\IMarketData.cs(18,29): warning CS1591: Missing XML comment for publicly visible type or member 'IMarketData.OrderbookData' [c:\Users\Peter\Documents\GitHub\kalshi-trading-bot\BacklashInterfaces\BacklashInterfaces.csproj]
c:\Users\Peter\Documents\GitHub\kalshi-trading-bot\BacklashInterfaces\SmokehouseBot\State\IMarketData.cs(19,18): warning CS1591: Missing XML comment for publicly visible type or member 'IMarketData.LastWebSocketMessageReceived' [c:\Users\Peter\Documents\GitHub\kalshi-trading-bot\BacklashInterfaces\BacklashInterfaces.csproj]
c:\Users\Peter\Documents\GitHub\kalshi-trading-bot\BacklashInterfaces\SmokehouseBot\State\IMarketData.cs(20,18): warning CS1591: Missing XML comment for publicly visible type or member 'IMarketData.LastOrderbookEventTimestamp' [c:\Users\Peter\Documents\GitHub\kalshi-trading-bot\BacklashInterfaces\BacklashInterfaces.csproj]
c:\Users\Peter\Documents\GitHub\kalshi-trading-bot\BacklashInterfaces\SmokehouseBot\State\IMarketData.cs(21,18): warning CS1591: Missing XML comment for publicly visible type or member 'IMarketData.LastSnapshotTaken' [c:\Users\Peter\Documents\GitHub\kalshi-trading-bot\BacklashInterfaces\BacklashInterfaces.csproj]
c:\Users\Peter\Documents\GitHub\kalshi-trading-bot\BacklashInterfaces\SmokehouseBot\State\IMarketData.cs(22,16): warning CS1591: Missing XML comment for publicly visible type or member 'IMarketData.CurrentPriceSource' [c:\Users\Peter\Documents\GitHub\kalshi-trading-bot\BacklashInterfaces\BacklashInterfaces.csproj]
c:\Users\Peter\Documents\GitHub\kalshi-trading-bot\BacklashInterfaces\SmokehouseBot\State\IMarketData.cs(23,43): warning CS1591: Missing XML comment for publicly visible type or member 'IMarketData.TickerPriceYes' [c:\Users\Peter\Documents\GitHub\kalshi-trading-bot\BacklashInterfaces\BacklashInterfaces.csproj]
c:\Users\Peter\Documents\GitHub\kalshi-trading-bot\BacklashInterfaces\SmokehouseBot\State\IMarketData.cs(24,43): warning CS1591: Missing XML comment for publicly visible type or member 'IMarketData.TickerPriceNo' [c:\Users\Peter\Documents\GitHub\kalshi-trading-bot\BacklashInterfaces\BacklashInterfaces.csproj]
c:\Users\Peter\Documents\GitHub\kalshi-trading-bot\BacklashInterfaces\SmokehouseBot\State\IMarketData.cs(25,34): warning CS1591: Missing XML comment for publicly visible type or member 'IMarketData.AllTimeHighYes_Bid' [c:\Users\Peter\Documents\GitHub\kalshi-trading-bot\BacklashInterfaces\BacklashInterfaces.csproj]
c:\Users\Peter\Documents\GitHub\kalshi-trading-bot\BacklashInterfaces\SmokehouseBot\State\IMarketData.cs(26,34): warning CS1591: Missing XML comment for publicly visible type or member 'IMarketData.AllTimeHighNo_Bid' [c:\Users\Peter\Documents\GitHub\kalshi-trading-bot\BacklashInterfaces\BacklashInterfaces.csproj]
c:\Users\Peter\Documents\GitHub\kalshi-trading-bot\BacklashInterfaces\SmokehouseBot\State\IMarketData.cs(27,34): warning CS1591: Missing XML comment for publicly visible type or member 'IMarketData.AllTimeLowYes_Bid' [c:\Users\Peter\Documents\GitHub\kalshi-trading-bot\BacklashInterfaces\BacklashInterfaces.csproj]
c:\Users\Peter\Documents\GitHub\kalshi-trading-bot\BacklashInterfaces\SmokehouseBot\State\IMarketData.cs(28,34): warning CS1591: Missing XML comment for publicly visible type or member 'IMarketData.AllTimeLowNo_Bid' [c:\Users\Peter\Documents\GitHub\kalshi-trading-bot\BacklashInterfaces\BacklashInterfaces.csproj]
c:\Users\Peter\Documents\GitHub\kalshi-trading-bot\BacklashInterfaces\SmokehouseBot\State\IMarketData.cs(29,34): warning CS1591: Missing XML comment for publicly visible type or member 'IMarketData.RecentHighYes_Bid' [c:\Users\Peter\Documents\GitHub\kalshi-trading-bot\BacklashInterfaces\BacklashInterfaces.csproj]
c:\Users\Peter\Documents\GitHub\kalshi-trading-bot\BacklashInterfaces\SmokehouseBot\State\IMarketData.cs(30,34): warning CS1591: Missing XML comment for publicly visible type or member 'IMarketData.RecentHighNo_Bid' [c:\Users\Peter\Documents\GitHub\kalshi-trading-bot\BacklashInterfaces\BacklashInterfaces.csproj]
c:\Users\Peter\Documents\GitHub\kalshi-trading-bot\BacklashInterfaces\SmokehouseBot\State\IMarketData.cs(31,34): warning CS1591: Missing XML comment for publicly visible type or member 'IMarketData.RecentLowYes_Bid' [c:\Users\Peter\Documents\GitHub\kalshi-trading-bot\BacklashInterfaces\BacklashInterfaces.csproj]
c:\Users\Peter\Documents\GitHub\kalshi-trading-bot\BacklashInterfaces\SmokehouseBot\State\IMarketData.cs(32,34): warning CS1591: Missing XML comment for publicly visible type or member 'IMarketData.RecentLowNo_Bid' [c:\Users\Peter\Documents\GitHub\kalshi-trading-bot\BacklashInterfaces\BacklashInterfaces.csproj]
c:\Users\Peter\Documents\GitHub\kalshi-trading-bot\BacklashInterfaces\SmokehouseBot\State\IMarketData.cs(33,16): warning CS1591: Missing XML comment for publicly visible type or member 'IMarketData.GoodBadPriceYes' [c:\Users\Peter\Documents\GitHub\kalshi-trading-bot\BacklashInterfaces\BacklashInterfaces.csproj]
c:\Users\Peter\Documents\GitHub\kalshi-trading-bot\BacklashInterfaces\SmokehouseBot\State\IMarketData.cs(34,16): warning CS1591: Missing XML comment for publicly visible type or member 'IMarketData.GoodBadPriceNo' [c:\Users\Peter\Documents\GitHub\kalshi-trading-bot\BacklashInterfaces\BacklashInterfaces.csproj]
c:\Users\Peter\Documents\GitHub\kalshi-trading-bot\BacklashInterfaces\SmokehouseBot\State\IMarketData.cs(35,16): warning CS1591: Missing XML comment for publicly visible type or member 'IMarketData.MarketBehaviorYes' [c:\Users\Peter\Documents\GitHub\kalshi-trading-bot\BacklashInterfaces\BacklashInterfaces.csproj]
c:\Users\Peter\Documents\GitHub\kalshi-trading-bot\BacklashInterfaces\SmokehouseBot\State\IMarketData.cs(36,16): warning CS1591: Missing XML comment for publicly visible type or member 'IMarketData.MarketBehaviorNo' [c:\Users\Peter\Documents\GitHub\kalshi-trading-bot\BacklashInterfaces\BacklashInterfaces.csproj]
c:\Users\Peter\Documents\GitHub\kalshi-trading-bot\BacklashInterfaces\SmokehouseBot\State\IMarketData.cs(37,33): warning CS1591: Missing XML comment for publicly visible type or member 'IMarketData.Positions' [c:\Users\Peter\Documents\GitHub\kalshi-trading-bot\BacklashInterfaces\BacklashInterfaces.csproj]
c:\Users\Peter\Documents\GitHub\kalshi-trading-bot\BacklashInterfaces\SmokehouseBot\State\IMarketData.cs(38,13): warning CS1591: Missing XML comment for publicly visible type or member 'IMarketData.PositionSize' [c:\Users\Peter\Documents\GitHub\kalshi-trading-bot\BacklashInterfaces\BacklashInterfaces.csproj]
c:\Users\Peter\Documents\GitHub\kalshi-trading-bot\BacklashInterfaces\SmokehouseBot\State\IMarketData.cs(39,16): warning CS1591: Missing XML comment for publicly visible type or member 'IMarketData.PositionSide' [c:\Users\Peter\Documents\GitHub\kalshi-trading-bot\BacklashInterfaces\BacklashInterfaces.csproj]
c:\Users\Peter\Documents\GitHub\kalshi-trading-bot\BacklashInterfaces\SmokehouseBot\State\IMarketData.cs(40,16): warning CS1591: Missing XML comment for publicly visible type or member 'IMarketData.MarketExposure' [c:\Users\Peter\Documents\GitHub\kalshi-trading-bot\BacklashInterfaces\BacklashInterfaces.csproj]
c:\Users\Peter\Documents\GitHub\kalshi-trading-bot\BacklashInterfaces\SmokehouseBot\State\IMarketData.cs(41,16): warning CS1591: Missing XML comment for publicly visible type or member 'IMarketData.BuyinPrice' [c:\Users\Peter\Documents\GitHub\kalshi-trading-bot\BacklashInterfaces\BacklashInterfaces.csproj]
c:\Users\Peter\Documents\GitHub\kalshi-trading-bot\BacklashInterfaces\SmokehouseBot\State\IMarketData.cs(42,16): warning CS1591: Missing XML comment for publicly visible type or member 'IMarketData.PositionUpside' [c:\Users\Peter\Documents\GitHub\kalshi-trading-bot\BacklashInterfaces\BacklashInterfaces.csproj]
c:\Users\Peter\Documents\GitHub\kalshi-trading-bot\BacklashInterfaces\SmokehouseBot\State\IMarketData.cs(43,16): warning CS1591: Missing XML comment for publicly visible type or member 'IMarketData.PositionDownside' [c:\Users\Peter\Documents\GitHub\kalshi-trading-bot\BacklashInterfaces\BacklashInterfaces.csproj]
c:\Users\Peter\Documents\GitHub\kalshi-trading-bot\BacklashInterfaces\SmokehouseBot\State\IMarketData.cs(44,16): warning CS1591: Missing XML comment for publicly visible type or member 'IMarketData.PositionROIAmt' [c:\Users\Peter\Documents\GitHub\kalshi-trading-bot\BacklashInterfaces\BacklashInterfaces.csproj]
c:\Users\Peter\Documents\GitHub\kalshi-trading-bot\BacklashInterfaces\SmokehouseBot\State\IMarketData.cs(45,14): warning CS1591: Missing XML comment for publicly visible type or member 'IMarketData.TotalPositionTraded' [c:\Users\Peter\Documents\GitHub\kalshi-trading-bot\BacklashInterfaces\BacklashInterfaces.csproj]
c:\Users\Peter\Documents\GitHub\kalshi-trading-bot\BacklashInterfaces\SmokehouseBot\State\IMarketData.cs(46,16): warning CS1591: Missing XML comment for publicly visible type or member 'IMarketData.RealizedPnl' [c:\Users\Peter\Documents\GitHub\kalshi-trading-bot\BacklashInterfaces\BacklashInterfaces.csproj]
c:\Users\Peter\Documents\GitHub\kalshi-trading-bot\BacklashInterfaces\SmokehouseBot\State\IMarketData.cs(47,16): warning CS1591: Missing XML comment for publicly visible type or member 'IMarketData.FeesPaid' [c:\Users\Peter\Documents\GitHub\kalshi-trading-bot\BacklashInterfaces\BacklashInterfaces.csproj]
c:\Users\Peter\Documents\GitHub\kalshi-trading-bot\BacklashInterfaces\SmokehouseBot\State\IMarketData.cs(48,24): warning CS1591: Missing XML comment for publicly visible type or member 'IMarketData.RestingOrders' [c:\Users\Peter\Documents\GitHub\kalshi-trading-bot\BacklashInterfaces\BacklashInterfaces.csproj]
c:\Users\Peter\Documents\GitHub\kalshi-trading-bot\BacklashInterfaces\SmokehouseBot\State\IMarketData.cs(49,16): warning CS1591: Missing XML comment for publicly visible type or member 'IMarketData.PositionROI' [c:\Users\Peter\Documents\GitHub\kalshi-trading-bot\BacklashInterfaces\BacklashInterfaces.csproj]
c:\Users\Peter\Documents\GitHub\kalshi-trading-bot\BacklashInterfaces\SmokehouseBot\State\IMarketData.cs(50,16): warning CS1591: Missing XML comment for publicly visible type or member 'IMarketData.ExpectedFees' [c:\Users\Peter\Documents\GitHub\kalshi-trading-bot\BacklashInterfaces\BacklashInterfaces.csproj]
c:\Users\Peter\Documents\GitHub\kalshi-trading-bot\BacklashInterfaces\SmokehouseBot\State\IMarketData.cs(51,16): warning CS1591: Missing XML comment for publicly visible type or member 'IMarketData.TolerancePercentage' [c:\Users\Peter\Documents\GitHub\kalshi-trading-bot\BacklashInterfaces\BacklashInterfaces.csproj]
c:\Users\Peter\Documents\GitHub\kalshi-trading-bot\BacklashInterfaces\SmokehouseBot\State\IMarketData.cs(52,33): warning CS1591: Missing XML comment for publicly visible type or member 'IMarketData.ChangeTracker' [c:\Users\Peter\Documents\GitHub\kalshi-trading-bot\BacklashInterfaces\BacklashInterfaces.csproj]
c:\Users\Peter\Documents\GitHub\kalshi-trading-bot\BacklashInterfaces\SmokehouseBot\State\IMarketData.cs(53,14): warning CS1591: Missing XML comment for publicly visible type or member 'IMarketData.ChangeMetricsMature' [c:\Users\Peter\Documents\GitHub\kalshi-trading-bot\BacklashInterfaces\BacklashInterfaces.csproj]
c:\Users\Peter\Documents\GitHub\kalshi-trading-bot\BacklashInterfaces\SmokehouseBot\State\IMarketData.cs(54,16): warning CS1591: Missing XML comment for publicly visible type or member 'IMarketData.MarketCategory' [c:\Users\Peter\Documents\GitHub\kalshi-trading-bot\BacklashInterfaces\BacklashInterfaces.csproj]
c:\Users\Peter\Documents\GitHub\kalshi-trading-bot\BacklashInterfaces\SmokehouseBot\State\IMarketData.cs(55,16): warning CS1591: Missing XML comment for publicly visible type or member 'IMarketData.MarketStatus' [c:\Users\Peter\Documents\GitHub\kalshi-trading-bot\BacklashInterfaces\BacklashInterfaces.csproj]
c:\Users\Peter\Documents\GitHub\kalshi-trading-bot\BacklashInterfaces\SmokehouseBot\State\IMarketData.cs(56,16): warning CS1591: Missing XML comment for publicly visible type or member 'IMarketData.AverageTradeSize_Yes' [c:\Users\Peter\Documents\GitHub\kalshi-trading-bot\BacklashInterfaces\BacklashInterfaces.csproj]
c:\Users\Peter\Documents\GitHub\kalshi-trading-bot\BacklashInterfaces\SmokehouseBot\State\IMarketData.cs(57,16): warning CS1591: Missing XML comment for publicly visible type or member 'IMarketData.AverageTradeSize_No' [c:\Users\Peter\Documents\GitHub\kalshi-trading-bot\BacklashInterfaces\BacklashInterfaces.csproj]
c:\Users\Peter\Documents\GitHub\kalshi-trading-bot\BacklashInterfaces\SmokehouseBot\State\IMarketData.cs(58,13): warning CS1591: Missing XML comment for publicly visible type or member 'IMarketData.TradeCount_Yes' [c:\Users\Peter\Documents\GitHub\kalshi-trading-bot\BacklashInterfaces\BacklashInterfaces.csproj]
c:\Users\Peter\Documents\GitHub\kalshi-trading-bot\BacklashInterfaces\SmokehouseBot\State\IMarketData.cs(59,13): warning CS1591: Missing XML comment for publicly visible type or member 'IMarketData.TradeCount_No' [c:\Users\Peter\Documents\GitHub\kalshi-trading-bot\BacklashInterfaces\BacklashInterfaces.csproj]
c:\Users\Peter\Documents\GitHub\kalshi-trading-bot\BacklashInterfaces\SmokehouseBot\State\IMarketData.cs(60,13): warning CS1591: Missing XML comment for publicly visible type or member 'IMarketData.NonTradeRelatedOrderCount_Yes' [c:\Users\Peter\Documents\GitHub\kalshi-trading-bot\BacklashInterfaces\BacklashInterfaces.csproj]
c:\Users\Peter\Documents\GitHub\kalshi-trading-bot\BacklashInterfaces\SmokehouseBot\State\IMarketData.cs(61,13): warning CS1591: Missing XML comment for publicly visible type or member 'IMarketData.NonTradeRelatedOrderCount_No' [c:\Users\Peter\Documents\GitHub\kalshi-trading-bot\BacklashInterfaces\BacklashInterfaces.csproj]
c:\Users\Peter\Documents\GitHub\kalshi-trading-bot\BacklashInterfaces\SmokehouseBot\State\IMarketData.cs(62,13): warning CS1591: Missing XML comment for publicly visible type or member 'IMarketData.LevelCount_Top_Yes_Bid' [c:\Users\Peter\Documents\GitHub\kalshi-trading-bot\BacklashInterfaces\BacklashInterfaces.csproj]
c:\Users\Peter\Documents\GitHub\kalshi-trading-bot\BacklashInterfaces\SmokehouseBot\State\IMarketData.cs(63,13): warning CS1591: Missing XML comment for publicly visible type or member 'IMarketData.LevelCount_Top_No_Bid' [c:\Users\Peter\Documents\GitHub\kalshi-trading-bot\BacklashInterfaces\BacklashInterfaces.csproj]
c:\Users\Peter\Documents\GitHub\kalshi-trading-bot\BacklashInterfaces\SmokehouseBot\State\IMarketData.cs(64,13): warning CS1591: Missing XML comment for publicly visible type or member 'IMarketData.LevelCount_Bottom_Yes_Bid' [c:\Users\Peter\Documents\GitHub\kalshi-trading-bot\BacklashInterfaces\BacklashInterfaces.csproj]
c:\Users\Peter\Documents\GitHub\kalshi-trading-bot\BacklashInterfaces\SmokehouseBot\State\IMarketData.cs(65,13): warning CS1591: Missing XML comment for publicly visible type or member 'IMarketData.LevelCount_Bottom_No_Bid' [c:\Users\Peter\Documents\GitHub\kalshi-trading-bot\BacklashInterfaces\BacklashInterfaces.csproj]
c:\Users\Peter\Documents\GitHub\kalshi-trading-bot\BacklashInterfaces\SmokehouseBot\State\IMarketData.cs(66,16): warning CS1591: Missing XML comment for publicly visible type or member 'IMarketData.VelocityPerMinute_Top_Yes_Bid' [c:\Users\Peter\Documents\GitHub\kalshi-trading-bot\BacklashInterfaces\BacklashInterfaces.csproj]
c:\Users\Peter\Documents\GitHub\kalshi-trading-bot\BacklashInterfaces\SmokehouseBot\State\IMarketData.cs(67,16): warning CS1591: Missing XML comment for publicly visible type or member 'IMarketData.VelocityPerMinute_Top_No_Bid' [c:\Users\Peter\Documents\GitHub\kalshi-trading-bot\BacklashInterfaces\BacklashInterfaces.csproj]
c:\Users\Peter\Documents\GitHub\kalshi-trading-bot\BacklashInterfaces\SmokehouseBot\State\IMarketData.cs(68,16): warning CS1591: Missing XML comment for publicly visible type or member 'IMarketData.VelocityPerMinute_Bottom_Yes_Bid' [c:\Users\Peter\Documents\GitHub\kalshi-trading-bot\BacklashInterfaces\BacklashInterfaces.csproj]
c:\Users\Peter\Documents\GitHub\kalshi-trading-bot\BacklashInterfaces\SmokehouseBot\State\IMarketData.cs(69,16): warning CS1591: Missing XML comment for publicly visible type or member 'IMarketData.VelocityPerMinute_Bottom_No_Bid' [c:\Users\Peter\Documents\GitHub\kalshi-trading-bot\BacklashInterfaces\BacklashInterfaces.csproj]
c:\Users\Peter\Documents\GitHub\kalshi-trading-bot\BacklashInterfaces\SmokehouseBot\State\IMarketData.cs(70,16): warning CS1591: Missing XML comment for publicly visible type or member 'IMarketData.TradeVolumePerMinute_Yes' [c:\Users\Peter\Documents\GitHub\kalshi-trading-bot\BacklashInterfaces\BacklashInterfaces.csproj]
c:\Users\Peter\Documents\GitHub\kalshi-trading-bot\BacklashInterfaces\SmokehouseBot\State\IMarketData.cs(71,16): warning CS1591: Missing XML comment for publicly visible type or member 'IMarketData.TradeVolumePerMinute_No' [c:\Users\Peter\Documents\GitHub\kalshi-trading-bot\BacklashInterfaces\BacklashInterfaces.csproj]
c:\Users\Peter\Documents\GitHub\kalshi-trading-bot\BacklashInterfaces\SmokehouseBot\State\IMarketData.cs(72,16): warning CS1591: Missing XML comment for publicly visible type or member 'IMarketData.TradeRatePerMinute_Yes' [c:\Users\Peter\Documents\GitHub\kalshi-trading-bot\BacklashInterfaces\BacklashInterfaces.csproj]
c:\Users\Peter\Documents\GitHub\kalshi-trading-bot\BacklashInterfaces\SmokehouseBot\State\IMarketData.cs(73,16): warning CS1591: Missing XML comment for publicly visible type or member 'IMarketData.TradeRatePerMinute_No' [c:\Users\Peter\Documents\GitHub\kalshi-trading-bot\BacklashInterfaces\BacklashInterfaces.csproj]
c:\Users\Peter\Documents\GitHub\kalshi-trading-bot\BacklashInterfaces\SmokehouseBot\State\IMarketData.cs(74,16): warning CS1591: Missing XML comment for publicly visible type or member 'IMarketData.OrderVolumePerMinute_YesBid' [c:\Users\Peter\Documents\GitHub\kalshi-trading-bot\BacklashInterfaces\BacklashInterfaces.csproj]
c:\Users\Peter\Documents\GitHub\kalshi-trading-bot\BacklashInterfaces\SmokehouseBot\State\IMarketData.cs(75,16): warning CS1591: Missing XML comment for publicly visible type or member 'IMarketData.OrderVolumePerMinute_NoBid' [c:\Users\Peter\Documents\GitHub\kalshi-trading-bot\BacklashInterfaces\BacklashInterfaces.csproj]
c:\Users\Peter\Documents\GitHub\kalshi-trading-bot\BacklashInterfaces\SmokehouseBot\State\IMarketData.cs(76,13): warning CS1591: Missing XML comment for publicly visible type or member 'IMarketData.BestYesBid' [c:\Users\Peter\Documents\GitHub\kalshi-trading-bot\BacklashInterfaces\BacklashInterfaces.csproj]
c:\Users\Peter\Documents\GitHub\kalshi-trading-bot\BacklashInterfaces\SmokehouseBot\State\IMarketData.cs(77,13): warning CS1591: Missing XML comment for publicly visible type or member 'IMarketData.BestNoBid' [c:\Users\Peter\Documents\GitHub\kalshi-trading-bot\BacklashInterfaces\BacklashInterfaces.csproj]
c:\Users\Peter\Documents\GitHub\kalshi-trading-bot\BacklashInterfaces\SmokehouseBot\State\IMarketData.cs(78,13): warning CS1591: Missing XML comment for publicly visible type or member 'IMarketData.BestYesAsk' [c:\Users\Peter\Documents\GitHub\kalshi-trading-bot\BacklashInterfaces\BacklashInterfaces.csproj]
c:\Users\Peter\Documents\GitHub\kalshi-trading-bot\BacklashInterfaces\SmokehouseBot\State\IMarketData.cs(79,13): warning CS1591: Missing XML comment for publicly visible type or member 'IMarketData.BestNoAsk' [c:\Users\Peter\Documents\GitHub\kalshi-trading-bot\BacklashInterfaces\BacklashInterfaces.csproj]
c:\Users\Peter\Documents\GitHub\kalshi-trading-bot\BacklashInterfaces\SmokehouseBot\State\IMarketData.cs(80,13): warning CS1591: Missing XML comment for publicly visible type or member 'IMarketData.YesSpread' [c:\Users\Peter\Documents\GitHub\kalshi-trading-bot\BacklashInterfaces\BacklashInterfaces.csproj]
c:\Users\Peter\Documents\GitHub\kalshi-trading-bot\BacklashInterfaces\SmokehouseBot\State\IMarketData.cs(81,13): warning CS1591: Missing XML comment for publicly visible type or member 'IMarketData.NoSpread' [c:\Users\Peter\Documents\GitHub\kalshi-trading-bot\BacklashInterfaces\BacklashInterfaces.csproj]
c:\Users\Peter\Documents\GitHub\kalshi-trading-bot\BacklashInterfaces\SmokehouseBot\State\IMarketData.cs(82,13): warning CS1591: Missing XML comment for publicly visible type or member 'IMarketData.DepthAtBestYesBid' [c:\Users\Peter\Documents\GitHub\kalshi-trading-bot\BacklashInterfaces\BacklashInterfaces.csproj]
c:\Users\Peter\Documents\GitHub\kalshi-trading-bot\BacklashInterfaces\SmokehouseBot\State\IMarketData.cs(83,13): warning CS1591: Missing XML comment for publicly visible type or member 'IMarketData.DepthAtBestNoBid' [c:\Users\Peter\Documents\GitHub\kalshi-trading-bot\BacklashInterfaces\BacklashInterfaces.csproj]
c:\Users\Peter\Documents\GitHub\kalshi-trading-bot\BacklashInterfaces\SmokehouseBot\State\IMarketData.cs(84,13): warning CS1591: Missing XML comment for publicly visible type or member 'IMarketData.TopTenPercentLevelDepth_Yes' [c:\Users\Peter\Documents\GitHub\kalshi-trading-bot\BacklashInterfaces\BacklashInterfaces.csproj]
c:\Users\Peter\Documents\GitHub\kalshi-trading-bot\BacklashInterfaces\SmokehouseBot\State\IMarketData.cs(85,13): warning CS1591: Missing XML comment for publicly visible type or member 'IMarketData.TopTenPercentLevelDepth_No' [c:\Users\Peter\Documents\GitHub\kalshi-trading-bot\BacklashInterfaces\BacklashInterfaces.csproj]
c:\Users\Peter\Documents\GitHub\kalshi-trading-bot\BacklashInterfaces\SmokehouseBot\State\IMarketData.cs(86,13): warning CS1591: Missing XML comment for publicly visible type or member 'IMarketData.BidRange_Yes' [c:\Users\Peter\Documents\GitHub\kalshi-trading-bot\BacklashInterfaces\BacklashInterfaces.csproj]
c:\Users\Peter\Documents\GitHub\kalshi-trading-bot\BacklashInterfaces\SmokehouseBot\State\IMarketData.cs(87,13): warning CS1591: Missing XML comment for publicly visible type or member 'IMarketData.BidRange_No' [c:\Users\Peter\Documents\GitHub\kalshi-trading-bot\BacklashInterfaces\BacklashInterfaces.csproj]
c:\Users\Peter\Documents\GitHub\kalshi-trading-bot\BacklashInterfaces\SmokehouseBot\State\IMarketData.cs(88,13): warning CS1591: Missing XML comment for publicly visible type or member 'IMarketData.TotalBidContracts_Yes' [c:\Users\Peter\Documents\GitHub\kalshi-trading-bot\BacklashInterfaces\BacklashInterfaces.csproj]
c:\Users\Peter\Documents\GitHub\kalshi-trading-bot\BacklashInterfaces\SmokehouseBot\State\IMarketData.cs(89,13): warning CS1591: Missing XML comment for publicly visible type or member 'IMarketData.TotalBidContracts_No' [c:\Users\Peter\Documents\GitHub\kalshi-trading-bot\BacklashInterfaces\BacklashInterfaces.csproj]
c:\Users\Peter\Documents\GitHub\kalshi-trading-bot\BacklashInterfaces\SmokehouseBot\State\IMarketData.cs(90,13): warning CS1591: Missing XML comment for publicly visible type or member 'IMarketData.BidCountImbalance' [c:\Users\Peter\Documents\GitHub\kalshi-trading-bot\BacklashInterfaces\BacklashInterfaces.csproj]
c:\Users\Peter\Documents\GitHub\kalshi-trading-bot\BacklashInterfaces\SmokehouseBot\State\IMarketData.cs(91,16): warning CS1591: Missing XML comment for publicly visible type or member 'IMarketData.TotalBidVolume_Yes' [c:\Users\Peter\Documents\GitHub\kalshi-trading-bot\BacklashInterfaces\BacklashInterfaces.csproj]
c:\Users\Peter\Documents\GitHub\kalshi-trading-bot\BacklashInterfaces\SmokehouseBot\State\IMarketData.cs(92,16): warning CS1591: Missing XML comment for publicly visible type or member 'IMarketData.TotalBidVolume_No' [c:\Users\Peter\Documents\GitHub\kalshi-trading-bot\BacklashInterfaces\BacklashInterfaces.csproj]
c:\Users\Peter\Documents\GitHub\kalshi-trading-bot\BacklashInterfaces\SmokehouseBot\State\IMarketData.cs(93,16): warning CS1591: Missing XML comment for publicly visible type or member 'IMarketData.BidVolumeImbalance' [c:\Users\Peter\Documents\GitHub\kalshi-trading-bot\BacklashInterfaces\BacklashInterfaces.csproj]
c:\Users\Peter\Documents\GitHub\kalshi-trading-bot\BacklashInterfaces\SmokehouseBot\State\IMarketData.cs(94,16): warning CS1591: Missing XML comment for publicly visible type or member 'IMarketData.HighestVolume_Day' [c:\Users\Peter\Documents\GitHub\kalshi-trading-bot\BacklashInterfaces\BacklashInterfaces.csproj]
c:\Users\Peter\Documents\GitHub\kalshi-trading-bot\BacklashInterfaces\SmokehouseBot\State\IMarketData.cs(95,16): warning CS1591: Missing XML comment for publicly visible type or member 'IMarketData.HighestVolume_Hour' [c:\Users\Peter\Documents\GitHub\kalshi-trading-bot\BacklashInterfaces\BacklashInterfaces.csproj]
c:\Users\Peter\Documents\GitHub\kalshi-trading-bot\BacklashInterfaces\SmokehouseBot\State\IMarketData.cs(96,16): warning CS1591: Missing XML comment for publicly visible type or member 'IMarketData.HighestVolume_Minute' [c:\Users\Peter\Documents\GitHub\kalshi-trading-bot\BacklashInterfaces\BacklashInterfaces.csproj]
c:\Users\Peter\Documents\GitHub\kalshi-trading-bot\BacklashInterfaces\SmokehouseBot\State\IMarketData.cs(97,16): warning CS1591: Missing XML comment for publicly visible type or member 'IMarketData.RecentVolume_LastHour' [c:\Users\Peter\Documents\GitHub\kalshi-trading-bot\BacklashInterfaces\BacklashInterfaces.csproj]
c:\Users\Peter\Documents\GitHub\kalshi-trading-bot\BacklashInterfaces\SmokehouseBot\State\IMarketData.cs(98,16): warning CS1591: Missing XML comment for publicly visible type or member 'IMarketData.RecentVolume_LastThreeHours' [c:\Users\Peter\Documents\GitHub\kalshi-trading-bot\BacklashInterfaces\BacklashInterfaces.csproj]
c:\Users\Peter\Documents\GitHub\kalshi-trading-bot\BacklashInterfaces\SmokehouseBot\State\IMarketData.cs(99,16): warning CS1591: Missing XML comment for publicly visible type or member 'IMarketData.RecentVolume_LastMonth' [c:\Users\Peter\Documents\GitHub\kalshi-trading-bot\BacklashInterfaces\BacklashInterfaces.csproj]
c:\Users\Peter\Documents\GitHub\kalshi-trading-bot\BacklashInterfaces\SmokehouseBot\State\IMarketData.cs(100,13): warning CS1591: Missing XML comment for publicly visible type or member 'IMarketData.DepthAtTop4YesBids' [c:\Users\Peter\Documents\GitHub\kalshi-trading-bot\BacklashInterfaces\BacklashInterfaces.csproj]
c:\Users\Peter\Documents\GitHub\kalshi-trading-bot\BacklashInterfaces\SmokehouseBot\State\IMarketData.cs(101,13): warning CS1591: Missing XML comment for publicly visible type or member 'IMarketData.DepthAtTop4NoBids' [c:\Users\Peter\Documents\GitHub\kalshi-trading-bot\BacklashInterfaces\BacklashInterfaces.csproj]
c:\Users\Peter\Documents\GitHub\kalshi-trading-bot\BacklashInterfaces\SmokehouseBot\State\IMarketData.cs(102,16): warning CS1591: Missing XML comment for publicly visible type or member 'IMarketData.YesBidCenterOfMass' [c:\Users\Peter\Documents\GitHub\kalshi-trading-bot\BacklashInterfaces\BacklashInterfaces.csproj]
c:\Users\Peter\Documents\GitHub\kalshi-trading-bot\BacklashInterfaces\SmokehouseBot\State\IMarketData.cs(103,16): warning CS1591: Missing XML comment for publicly visible type or member 'IMarketData.NoBidCenterOfMass' [c:\Users\Peter\Documents\GitHub\kalshi-trading-bot\BacklashInterfaces\BacklashInterfaces.csproj]
c:\Users\Peter\Documents\GitHub\kalshi-trading-bot\BacklashInterfaces\SmokehouseBot\State\IMarketData.cs(104,17): warning CS1591: Missing XML comment for publicly visible type or member 'IMarketData.RSI_Short' [c:\Users\Peter\Documents\GitHub\kalshi-trading-bot\BacklashInterfaces\BacklashInterfaces.csproj]
c:\Users\Peter\Documents\GitHub\kalshi-trading-bot\BacklashInterfaces\SmokehouseBot\State\IMarketData.cs(105,17): warning CS1591: Missing XML comment for publicly visible type or member 'IMarketData.RSI_Medium' [c:\Users\Peter\Documents\GitHub\kalshi-trading-bot\BacklashInterfaces\BacklashInterfaces.csproj]
c:\Users\Peter\Documents\GitHub\kalshi-trading-bot\BacklashInterfaces\SmokehouseBot\State\IMarketData.cs(106,17): warning CS1591: Missing XML comment for publicly visible type or member 'IMarketData.RSI_Long' [c:\Users\Peter\Documents\GitHub\kalshi-trading-bot\BacklashInterfaces\BacklashInterfaces.csproj]
c:\Users\Peter\Documents\GitHub\kalshi-trading-bot\BacklashInterfaces\SmokehouseBot\State\IMarketData.cs(107,59): warning CS1591: Missing XML comment for publicly visible type or member 'IMarketData.MACD_Medium' [c:\Users\Peter\Documents\GitHub\kalshi-trading-bot\BacklashInterfaces\BacklashInterfaces.csproj]
c:\Users\Peter\Documents\GitHub\kalshi-trading-bot\BacklashInterfaces\SmokehouseBot\State\IMarketData.cs(108,59): warning CS1591: Missing XML comment for publicly visible type or member 'IMarketData.MACD_Long' [c:\Users\Peter\Documents\GitHub\kalshi-trading-bot\BacklashInterfaces\BacklashInterfaces.csproj]
c:\Users\Peter\Documents\GitHub\kalshi-trading-bot\BacklashInterfaces\SmokehouseBot\State\IMarketData.cs(109,17): warning CS1591: Missing XML comment for publicly visible type or member 'IMarketData.EMA_Medium' [c:\Users\Peter\Documents\GitHub\kalshi-trading-bot\BacklashInterfaces\BacklashInterfaces.csproj]
c:\Users\Peter\Documents\GitHub\kalshi-trading-bot\BacklashInterfaces\SmokehouseBot\State\IMarketData.cs(110,17): warning CS1591: Missing XML comment for publicly visible type or member 'IMarketData.EMA_Long' [c:\Users\Peter\Documents\GitHub\kalshi-trading-bot\BacklashInterfaces\BacklashInterfaces.csproj]
c:\Users\Peter\Documents\GitHub\kalshi-trading-bot\BacklashInterfaces\SmokehouseBot\State\IMarketData.cs(111,56): warning CS1591: Missing XML comment for publicly visible type or member 'IMarketData.BollingerBands_Medium' [c:\Users\Peter\Documents\GitHub\kalshi-trading-bot\BacklashInterfaces\BacklashInterfaces.csproj]
c:\Users\Peter\Documents\GitHub\kalshi-trading-bot\BacklashInterfaces\SmokehouseBot\State\IMarketData.cs(112,56): warning CS1591: Missing XML comment for publicly visible type or member 'IMarketData.BollingerBands_Long' [c:\Users\Peter\Documents\GitHub\kalshi-trading-bot\BacklashInterfaces\BacklashInterfaces.csproj]
c:\Users\Peter\Documents\GitHub\kalshi-trading-bot\BacklashInterfaces\SmokehouseBot\State\IMarketData.cs(113,17): warning CS1591: Missing XML comment for publicly visible type or member 'IMarketData.ATR_Medium' [c:\Users\Peter\Documents\GitHub\kalshi-trading-bot\BacklashInterfaces\BacklashInterfaces.csproj]
c:\Users\Peter\Documents\GitHub\kalshi-trading-bot\BacklashInterfaces\SmokehouseBot\State\IMarketData.cs(114,17): warning CS1591: Missing XML comment for publicly visible type or member 'IMarketData.ATR_Long' [c:\Users\Peter\Documents\GitHub\kalshi-trading-bot\BacklashInterfaces\BacklashInterfaces.csproj]
c:\Users\Peter\Documents\GitHub\kalshi-trading-bot\BacklashInterfaces\SmokehouseBot\State\IMarketData.cs(115,17): warning CS1591: Missing XML comment for publicly visible type or member 'IMarketData.VWAP_Short' [c:\Users\Peter\Documents\GitHub\kalshi-trading-bot\BacklashInterfaces\BacklashInterfaces.csproj]
c:\Users\Peter\Documents\GitHub\kalshi-trading-bot\BacklashInterfaces\SmokehouseBot\State\IMarketData.cs(116,17): warning CS1591: Missing XML comment for publicly visible type or member 'IMarketData.VWAP_Medium' [c:\Users\Peter\Documents\GitHub\kalshi-trading-bot\BacklashInterfaces\BacklashInterfaces.csproj]
c:\Users\Peter\Documents\GitHub\kalshi-trading-bot\BacklashInterfaces\SmokehouseBot\State\IMarketData.cs(117,32): warning CS1591: Missing XML comment for publicly visible type or member 'IMarketData.StochasticOscillator_Short' [c:\Users\Peter\Documents\GitHub\kalshi-trading-bot\BacklashInterfaces\BacklashInterfaces.csproj]
c:\Users\Peter\Documents\GitHub\kalshi-trading-bot\BacklashInterfaces\SmokehouseBot\State\IMarketData.cs(118,32): warning CS1591: Missing XML comment for publicly visible type or member 'IMarketData.StochasticOscillator_Medium' [c:\Users\Peter\Documents\GitHub\kalshi-trading-bot\BacklashInterfaces\BacklashInterfaces.csproj]
c:\Users\Peter\Documents\GitHub\kalshi-trading-bot\BacklashInterfaces\SmokehouseBot\State\IMarketData.cs(119,32): warning CS1591: Missing XML comment for publicly visible type or member 'IMarketData.StochasticOscillator_Long' [c:\Users\Peter\Documents\GitHub\kalshi-trading-bot\BacklashInterfaces\BacklashInterfaces.csproj]
c:\Users\Peter\Documents\GitHub\kalshi-trading-bot\BacklashInterfaces\SmokehouseBot\State\IMarketData.cs(120,14): warning CS1591: Missing XML comment for publicly visible type or member 'IMarketData.OBV_Medium' [c:\Users\Peter\Documents\GitHub\kalshi-trading-bot\BacklashInterfaces\BacklashInterfaces.csproj]
c:\Users\Peter\Documents\GitHub\kalshi-trading-bot\BacklashInterfaces\SmokehouseBot\State\IMarketData.cs(121,14): warning CS1591: Missing XML comment for publicly visible type or member 'IMarketData.OBV_Long' [c:\Users\Peter\Documents\GitHub\kalshi-trading-bot\BacklashInterfaces\BacklashInterfaces.csproj]
c:\Users\Peter\Documents\GitHub\kalshi-trading-bot\BacklashInterfaces\SmokehouseBot\State\IMarketData.cs(122,14): warning CS1591: Missing XML comment for publicly visible type or member 'IMarketData.ReceivedFirstSnapshot' [c:\Users\Peter\Documents\GitHub\kalshi-trading-bot\BacklashInterfaces\BacklashInterfaces.csproj]
c:\Users\Peter\Documents\GitHub\kalshi-trading-bot\BacklashInterfaces\SmokehouseBot\State\IMarketData.cs(123,19): warning CS1591: Missing XML comment for publicly visible type or member 'IMarketData.HoldTime' [c:\Users\Peter\Documents\GitHub\kalshi-trading-bot\BacklashInterfaces\BacklashInterfaces.csproj]
c:\Users\Peter\Documents\GitHub\kalshi-trading-bot\BacklashInterfaces\SmokehouseBot\State\IMarketData.cs(124,19): warning CS1591: Missing XML comment for publicly visible type or member 'IMarketData.MarketAge' [c:\Users\Peter\Documents\GitHub\kalshi-trading-bot\BacklashInterfaces\BacklashInterfaces.csproj]
c:\Users\Peter\Documents\GitHub\kalshi-trading-bot\BacklashInterfaces\SmokehouseBot\State\IMarketData.cs(125,19): warning CS1591: Missing XML comment for publicly visible type or member 'IMarketData.TimeLeft' [c:\Users\Peter\Documents\GitHub\kalshi-trading-bot\BacklashInterfaces\BacklashInterfaces.csproj]
c:\Users\Peter\Documents\GitHub\kalshi-trading-bot\BacklashInterfaces\SmokehouseBot\State\IMarketData.cs(126,14): warning CS1591: Missing XML comment for publicly visible type or member 'IMarketData.CanCloseEarly' [c:\Users\Peter\Documents\GitHub\kalshi-trading-bot\BacklashInterfaces\BacklashInterfaces.csproj]
c:\Users\Peter\Documents\GitHub\kalshi-trading-bot\BacklashInterfaces\SmokehouseBot\State\IMarketData.cs(127,38): warning CS1591: Missing XML comment for publicly visible type or member 'IMarketData.AllSupportResistanceLevels' [c:\Users\Peter\Documents\GitHub\kalshi-trading-bot\BacklashInterfaces\BacklashInterfaces.csproj]
c:\Users\Peter\Documents\GitHub\kalshi-trading-bot\BacklashInterfaces\SmokehouseBot\State\IMarketData.cs(128,29): warning CS1591: Missing XML comment for publicly visible type or member 'IMarketData.GetBids(string)' [c:\Users\Peter\Documents\GitHub\kalshi-trading-bot\BacklashInterfaces\BacklashInterfaces.csproj]
c:\Users\Peter\Documents\GitHub\kalshi-trading-bot\BacklashInterfaces\SmokehouseBot\State\IMarketData.cs(129,14): warning CS1591: Missing XML comment for publicly visible type or member 'IMarketData.UpdateCurrentPrice(int, int, DateTime, string)' [c:\Users\Peter\Documents\GitHub\kalshi-trading-bot\BacklashInterfaces\BacklashInterfaces.csproj]
c:\Users\Peter\Documents\GitHub\kalshi-trading-bot\BacklashInterfaces\SmokehouseBot\State\IMarketData.cs(130,14): warning CS1591: Missing XML comment for publicly visible type or member 'IMarketData.RefreshAllMetadata()' [c:\Users\Peter\Documents\GitHub\kalshi-trading-bot\BacklashInterfaces\BacklashInterfaces.csproj]
c:\Users\Peter\Documents\GitHub\kalshi-trading-bot\BacklashInterfaces\SmokehouseBot\State\IMarketData.cs(131,14): warning CS1591: Missing XML comment for publicly visible type or member 'IMarketData.RefreshCandlestickMetadata()' [c:\Users\Peter\Documents\GitHub\kalshi-trading-bot\BacklashInterfaces\BacklashInterfaces.csproj]
c:\Users\Peter\Documents\GitHub\kalshi-trading-bot\BacklashInterfaces\SmokehouseBot\State\IMarketData.cs(132,14): warning CS1591: Missing XML comment for publicly visible type or member 'IMarketData.RefreshTickerMetadata()' [c:\Users\Peter\Documents\GitHub\kalshi-trading-bot\BacklashInterfaces\BacklashInterfaces.csproj]
c:\Users\Peter\Documents\GitHub\kalshi-trading-bot\BacklashInterfaces\SmokehouseBot\State\IMarketData.cs(133,14): warning CS1591: Missing XML comment for publicly visible type or member 'IMarketData.RefreshPositionMetadata()' [c:\Users\Peter\Documents\GitHub\kalshi-trading-bot\BacklashInterfaces\BacklashInterfaces.csproj]
c:\Users\Peter\Documents\GitHub\kalshi-trading-bot\BacklashInterfaces\SmokehouseBot\State\IMarketData.cs(134,14): warning CS1591: Missing XML comment for publicly visible type or member 'IMarketData.RecalculateOrderbookChangeMetrics()' [c:\Users\Peter\Documents\GitHub\kalshi-trading-bot\BacklashInterfaces\BacklashInterfaces.csproj]
c:\Users\Peter\Documents\GitHub\kalshi-trading-bot\BacklashInterfaces\SmokehouseBot\State\IMarketData.cs(135,39): warning CS1591: Missing XML comment for publicly visible type or member 'IMarketData.BuildPseudoCandlesticks(string, int)' [c:\Users\Peter\Documents\GitHub\kalshi-trading-bot\BacklashInterfaces\BacklashInterfaces.csproj]
c:\Users\Peter\Documents\GitHub\kalshi-trading-bot\BacklashInterfaces\SmokehouseBot\State\IMarketData.cs(136,38): warning CS1591: Missing XML comment for publicly visible type or member 'IMarketData.GetFilteredSupportResistanceLevels()' [c:\Users\Peter\Documents\GitHub\kalshi-trading-bot\BacklashInterfaces\BacklashInterfaces.csproj]
c:\Users\Peter\Documents\GitHub\kalshi-trading-bot\BacklashInterfaces\SmokehouseBot\State\IMarketData.cs(137,14): warning CS1591: Missing XML comment for publicly visible type or member 'IMarketData.UpdateTradingMetrics()' [c:\Users\Peter\Documents\GitHub\kalshi-trading-bot\BacklashInterfaces\BacklashInterfaces.csproj]
c:\Users\Peter\Documents\GitHub\kalshi-trading-bot\BacklashInterfaces\SmokehouseBot\State\IMarketData.cs(139,16): warning CS1591: Missing XML comment for publicly visible type or member 'IMarketData.YesBidSlopePerMinute_Short' [c:\Users\Peter\Documents\GitHub\kalshi-trading-bot\BacklashInterfaces\BacklashInterfaces.csproj]
c:\Users\Peter\Documents\GitHub\kalshi-trading-bot\BacklashInterfaces\SmokehouseBot\State\IMarketData.cs(140,16): warning CS1591: Missing XML comment for publicly visible type or member 'IMarketData.NoBidSlopePerMinute_Short' [c:\Users\Peter\Documents\GitHub\kalshi-trading-bot\BacklashInterfaces\BacklashInterfaces.csproj]
c:\Users\Peter\Documents\GitHub\kalshi-trading-bot\BacklashInterfaces\SmokehouseBot\State\IMarketData.cs(141,16): warning CS1591: Missing XML comment for publicly visible type or member 'IMarketData.YesBidSlopePerMinute_Medium' [c:\Users\Peter\Documents\GitHub\kalshi-trading-bot\BacklashInterfaces\BacklashInterfaces.csproj]
c:\Users\Peter\Documents\GitHub\kalshi-trading-bot\BacklashInterfaces\SmokehouseBot\State\IMarketData.cs(142,16): warning CS1591: Missing XML comment for publicly visible type or member 'IMarketData.NoBidSlopePerMinute_Medium' [c:\Users\Peter\Documents\GitHub\kalshi-trading-bot\BacklashInterfaces\BacklashInterfaces.csproj]
c:\Users\Peter\Documents\GitHub\kalshi-trading-bot\BacklashInterfaces\SmokehouseBot\State\IMarketData.cs(144,24): warning CS1591: Missing XML comment for publicly visible type or member 'IMarketData.PSAR' [c:\Users\Peter\Documents\GitHub\kalshi-trading-bot\BacklashInterfaces\BacklashInterfaces.csproj]
c:\Users\Peter\Documents\GitHub\kalshi-trading-bot\BacklashInterfaces\SmokehouseBot\State\IMarketData.cs(145,24): warning CS1591: Missing XML comment for publicly visible type or member 'IMarketData.ADX' [c:\Users\Peter\Documents\GitHub\kalshi-trading-bot\BacklashInterfaces\BacklashInterfaces.csproj]
c:\Users\Peter\Documents\GitHub\kalshi-trading-bot\BacklashInterfaces\SmokehouseBot\State\IMarketData.cs(146,24): warning CS1591: Missing XML comment for publicly visible type or member 'IMarketData.PlusDI' [c:\Users\Peter\Documents\GitHub\kalshi-trading-bot\BacklashInterfaces\BacklashInterfaces.csproj]
c:\Users\Peter\Documents\GitHub\kalshi-trading-bot\BacklashInterfaces\SmokehouseBot\State\IMarketData.cs(147,24): warning CS1591: Missing XML comment for publicly visible type or member 'IMarketData.MinusDI' [c:\Users\Peter\Documents\GitHub\kalshi-trading-bot\BacklashInterfaces\BacklashInterfaces.csproj]
c:\Users\Peter\Documents\GitHub\kalshi-trading-bot\BacklashInterfaces\SmokehouseBot\State\IMarketData.cs(148,16): warning CS1591: Missing XML comment for publicly visible type or member 'IMarketData.CurrentTradeRatePerMinute_Yes' [c:\Users\Peter\Documents\GitHub\kalshi-trading-bot\BacklashInterfaces\BacklashInterfaces.csproj]
c:\Users\Peter\Documents\GitHub\kalshi-trading-bot\BacklashInterfaces\SmokehouseBot\State\IMarketData.cs(149,16): warning CS1591: Missing XML comment for publicly visible type or member 'IMarketData.CurrentTradeRatePerMinute_No' [c:\Users\Peter\Documents\GitHub\kalshi-trading-bot\BacklashInterfaces\BacklashInterfaces.csproj]
c:\Users\Peter\Documents\GitHub\kalshi-trading-bot\BacklashInterfaces\SmokehouseBot\State\IMarketData.cs(150,16): warning CS1591: Missing XML comment for publicly visible type or member 'IMarketData.CurrentTradeVolumePerMinute_No' [c:\Users\Peter\Documents\GitHub\kalshi-trading-bot\BacklashInterfaces\BacklashInterfaces.csproj]
c:\Users\Peter\Documents\GitHub\kalshi-trading-bot\BacklashInterfaces\SmokehouseBot\State\IMarketData.cs(151,16): warning CS1591: Missing XML comment for publicly visible type or member 'IMarketData.CurrentTradeVolumePerMinute_Yes' [c:\Users\Peter\Documents\GitHub\kalshi-trading-bot\BacklashInterfaces\BacklashInterfaces.csproj]
c:\Users\Peter\Documents\GitHub\kalshi-trading-bot\BacklashInterfaces\SmokehouseBot\State\IMarketData.cs(152,16): warning CS1591: Missing XML comment for publicly visible type or member 'IMarketData.CurrentTradeCount_Yes' [c:\Users\Peter\Documents\GitHub\kalshi-trading-bot\BacklashInterfaces\BacklashInterfaces.csproj]
c:\Users\Peter\Documents\GitHub\kalshi-trading-bot\BacklashInterfaces\SmokehouseBot\State\IMarketData.cs(153,16): warning CS1591: Missing XML comment for publicly visible type or member 'IMarketData.CurrentTradeCount_No' [c:\Users\Peter\Documents\GitHub\kalshi-trading-bot\BacklashInterfaces\BacklashInterfaces.csproj]
c:\Users\Peter\Documents\GitHub\kalshi-trading-bot\BacklashInterfaces\SmokehouseBot\State\IMarketData.cs(154,16): warning CS1591: Missing XML comment for publicly visible type or member 'IMarketData.CurrentOrderVolumePerMinute_YesBid' [c:\Users\Peter\Documents\GitHub\kalshi-trading-bot\BacklashInterfaces\BacklashInterfaces.csproj]
c:\Users\Peter\Documents\GitHub\kalshi-trading-bot\BacklashInterfaces\SmokehouseBot\State\IMarketData.cs(155,16): warning CS1591: Missing XML comment for publicly visible type or member 'IMarketData.CurrentOrderVolumePerMinute_NoBid' [c:\Users\Peter\Documents\GitHub\kalshi-trading-bot\BacklashInterfaces\BacklashInterfaces.csproj]
c:\Users\Peter\Documents\GitHub\kalshi-trading-bot\BacklashInterfaces\SmokehouseBot\State\IMarketData.cs(156,16): warning CS1591: Missing XML comment for publicly visible type or member 'IMarketData.CurrentNonTradeRelatedOrderCount_Yes' [c:\Users\Peter\Documents\GitHub\kalshi-trading-bot\BacklashInterfaces\BacklashInterfaces.csproj]
c:\Users\Peter\Documents\GitHub\kalshi-trading-bot\BacklashInterfaces\SmokehouseBot\State\IMarketData.cs(157,16): warning CS1591: Missing XML comment for publicly visible type or member 'IMarketData.CurrentNonTradeRelatedOrderCount_No' [c:\Users\Peter\Documents\GitHub\kalshi-trading-bot\BacklashInterfaces\BacklashInterfaces.csproj]
c:\Users\Peter\Documents\GitHub\kalshi-trading-bot\BacklashInterfaces\SmokehouseBot\State\IMarketData.cs(158,16): warning CS1591: Missing XML comment for publicly visible type or member 'IMarketData.CurrentAverageTradeSize_Yes' [c:\Users\Peter\Documents\GitHub\kalshi-trading-bot\BacklashInterfaces\BacklashInterfaces.csproj]
c:\Users\Peter\Documents\GitHub\kalshi-trading-bot\BacklashInterfaces\SmokehouseBot\State\IMarketData.cs(159,16): warning CS1591: Missing XML comment for publicly visible type or member 'IMarketData.CurrentAverageTradeSize_No' [c:\Users\Peter\Documents\GitHub\kalshi-trading-bot\BacklashInterfaces\BacklashInterfaces.csproj]
c:\Users\Peter\Documents\GitHub\kalshi-trading-bot\BacklashInterfaces\SmokehouseBot\State\IMarketData.cs(160,33): warning CS1591: Missing XML comment for publicly visible type or member 'IMarketData.RecentCandlesticks' [c:\Users\Peter\Documents\GitHub\kalshi-trading-bot\BacklashInterfaces\BacklashInterfaces.csproj]
c:\Users\Peter\Documents\GitHub\kalshi-trading-bot\BacklashInterfaces\SmokehouseBot\State\IStatusTrackerService.cs(3,22): warning CS1591: Missing XML comment for publicly visible type or member 'IStatusTrackerService' [c:\Users\Peter\Documents\GitHub\kalshi-trading-bot\BacklashInterfaces\BacklashInterfaces.csproj]
c:\Users\Peter\Documents\GitHub\kalshi-trading-bot\BacklashInterfaces\SmokehouseBot\State\IStatusTrackerService.cs(5,27): warning CS1591: Missing XML comment for publicly visible type or member 'IStatusTrackerService.GetCancellationToken()' [c:\Users\Peter\Documents\GitHub\kalshi-trading-bot\BacklashInterfaces\BacklashInterfaces.csproj]
c:\Users\Peter\Documents\GitHub\kalshi-trading-bot\BacklashInterfaces\SmokehouseBot\State\IStatusTrackerService.cs(6,14): warning CS1591: Missing XML comment for publicly visible type or member 'IStatusTrackerService.CancelAll()' [c:\Users\Peter\Documents\GitHub\kalshi-trading-bot\BacklashInterfaces\BacklashInterfaces.csproj]
c:\Users\Peter\Documents\GitHub\kalshi-trading-bot\BacklashInterfaces\SmokehouseBot\State\IStatusTrackerService.cs(7,14): warning CS1591: Missing XML comment for publicly visible type or member 'IStatusTrackerService.ResetAll()' [c:\Users\Peter\Documents\GitHub\kalshi-trading-bot\BacklashInterfaces\BacklashInterfaces.csproj]
c:\Users\Peter\Documents\GitHub\kalshi-trading-bot\BacklashInterfaces\SmokehouseBot\KalshiAPI\IKalshiWebSocketClient.cs(7,22): warning CS1591: Missing XML comment for publicly visible type or member 'IKalshiWebSocketClient' [c:\Users\Peter\Documents\GitHub\kalshi-trading-bot\BacklashInterfaces\BacklashInterfaces.csproj]
c:\Users\Peter\Documents\GitHub\kalshi-trading-bot\BacklashInterfaces\SmokehouseBot\KalshiAPI\IKalshiWebSocketClient.cs(9,48): warning CS1591: Missing XML comment for publicly visible type or member 'IKalshiWebSocketClient.OrderBookReceived' [c:\Users\Peter\Documents\GitHub\kalshi-trading-bot\BacklashInterfaces\BacklashInterfaces.csproj]
c:\Users\Peter\Documents\GitHub\kalshi-trading-bot\BacklashInterfaces\SmokehouseBot\KalshiAPI\IKalshiWebSocketClient.cs(10,45): warning CS1591: Missing XML comment for publicly visible type or member 'IKalshiWebSocketClient.TickerReceived' [c:\Users\Peter\Documents\GitHub\kalshi-trading-bot\BacklashInterfaces\BacklashInterfaces.csproj]
c:\Users\Peter\Documents\GitHub\kalshi-trading-bot\BacklashInterfaces\SmokehouseBot\KalshiAPI\IKalshiWebSocketClient.cs(11,44): warning CS1591: Missing XML comment for publicly visible type or member 'IKalshiWebSocketClient.TradeReceived' [c:\Users\Peter\Documents\GitHub\kalshi-trading-bot\BacklashInterfaces\BacklashInterfaces.csproj]
c:\Users\Peter\Documents\GitHub\kalshi-trading-bot\BacklashInterfaces\SmokehouseBot\KalshiAPI\IKalshiWebSocketClient.cs(12,43): warning CS1591: Missing XML comment for publicly visible type or member 'IKalshiWebSocketClient.FillReceived' [c:\Users\Peter\Documents\GitHub\kalshi-trading-bot\BacklashInterfaces\BacklashInterfaces.csproj]
c:\Users\Peter\Documents\GitHub\kalshi-trading-bot\BacklashInterfaces\SmokehouseBot\KalshiAPI\IKalshiWebSocketClient.cs(13,54): warning CS1591: Missing XML comment for publicly visible type or member 'IKalshiWebSocketClient.MarketLifecycleReceived' [c:\Users\Peter\Documents\GitHub\kalshi-trading-bot\BacklashInterfaces\BacklashInterfaces.csproj]
c:\Users\Peter\Documents\GitHub\kalshi-trading-bot\BacklashInterfaces\SmokehouseBot\KalshiAPI\IKalshiWebSocketClient.cs(14,53): warning CS1591: Missing XML comment for publicly visible type or member 'IKalshiWebSocketClient.EventLifecycleReceived' [c:\Users\Peter\Documents\GitHub\kalshi-trading-bot\BacklashInterfaces\BacklashInterfaces.csproj]
c:\Users\Peter\Documents\GitHub\kalshi-trading-bot\BacklashInterfaces\SmokehouseBot\KalshiAPI\IKalshiWebSocketClient.cs(15,38): warning CS1591: Missing XML comment for publicly visible type or member 'IKalshiWebSocketClient.MessageReceived' [c:\Users\Peter\Documents\GitHub\kalshi-trading-bot\BacklashInterfaces\BacklashInterfaces.csproj]
c:\Users\Peter\Documents\GitHub\kalshi-trading-bot\BacklashInterfaces\SmokehouseBot\KalshiAPI\IKalshiWebSocketClient.cs(17,14): warning CS1591: Missing XML comment for publicly visible type or member 'IKalshiWebSocketClient.IsTradingActive' [c:\Users\Peter\Documents\GitHub\kalshi-trading-bot\BacklashInterfaces\BacklashInterfaces.csproj]
c:\Users\Peter\Documents\GitHub\kalshi-trading-bot\BacklashInterfaces\SmokehouseBot\KalshiAPI\IKalshiWebSocketClient.cs(18,44): warning CS1591: Missing XML comment for publicly visible type or member 'IKalshiWebSocketClient.EventCounts' [c:\Users\Peter\Documents\GitHub\kalshi-trading-bot\BacklashInterfaces\BacklashInterfaces.csproj]
c:\Users\Peter\Documents\GitHub\kalshi-trading-bot\BacklashInterfaces\SmokehouseBot\KalshiAPI\IKalshiWebSocketClient.cs(19,13): warning CS1591: Missing XML comment for publicly visible type or member 'IKalshiWebSocketClient.ConnectSemaphoreCount' [c:\Users\Peter\Documents\GitHub\kalshi-trading-bot\BacklashInterfaces\BacklashInterfaces.csproj]
c:\Users\Peter\Documents\GitHub\kalshi-trading-bot\BacklashInterfaces\SmokehouseBot\KalshiAPI\IKalshiWebSocketClient.cs(20,13): warning CS1591: Missing XML comment for publicly visible type or member 'IKalshiWebSocketClient.SubscriptionUpdateSemaphoreCount' [c:\Users\Peter\Documents\GitHub\kalshi-trading-bot\BacklashInterfaces\BacklashInterfaces.csproj]
c:\Users\Peter\Documents\GitHub\kalshi-trading-bot\BacklashInterfaces\SmokehouseBot\KalshiAPI\IKalshiWebSocketClient.cs(21,13): warning CS1591: Missing XML comment for publicly visible type or member 'IKalshiWebSocketClient.ChannelSubscriptionSemaphoreCount' [c:\Users\Peter\Documents\GitHub\kalshi-trading-bot\BacklashInterfaces\BacklashInterfaces.csproj]
c:\Users\Peter\Documents\GitHub\kalshi-trading-bot\BacklashInterfaces\SmokehouseBot\KalshiAPI\IKalshiWebSocketClient.cs(22,13): warning CS1591: Missing XML comment for publicly visible type or member 'IKalshiWebSocketClient.QueuedSubscriptionUpdatesCount' [c:\Users\Peter\Documents\GitHub\kalshi-trading-bot\BacklashInterfaces\BacklashInterfaces.csproj]
c:\Users\Peter\Documents\GitHub\kalshi-trading-bot\BacklashInterfaces\SmokehouseBot\KalshiAPI\IKalshiWebSocketClient.cs(23,13): warning CS1591: Missing XML comment for publicly visible type or member 'IKalshiWebSocketClient.OrderBookMessageQueueCount' [c:\Users\Peter\Documents\GitHub\kalshi-trading-bot\BacklashInterfaces\BacklashInterfaces.csproj]
c:\Users\Peter\Documents\GitHub\kalshi-trading-bot\BacklashInterfaces\SmokehouseBot\KalshiAPI\IKalshiWebSocketClient.cs(24,13): warning CS1591: Missing XML comment for publicly visible type or member 'IKalshiWebSocketClient.PendingConfirmsCount' [c:\Users\Peter\Documents\GitHub\kalshi-trading-bot\BacklashInterfaces\BacklashInterfaces.csproj]
c:\Users\Peter\Documents\GitHub\kalshi-trading-bot\BacklashInterfaces\SmokehouseBot\KalshiAPI\IKalshiWebSocketClient.cs(25,25): warning CS1591: Missing XML comment for publicly visible type or member 'IKalshiWebSocketClient.WatchedMarkets' [c:\Users\Peter\Documents\GitHub\kalshi-trading-bot\BacklashInterfaces\BacklashInterfaces.csproj]
c:\Users\Peter\Documents\GitHub\kalshi-trading-bot\BacklashInterfaces\SmokehouseBot\KalshiAPI\IKalshiWebSocketClient.cs(27,14): warning CS1591: Missing XML comment for publicly visible type or member 'IKalshiWebSocketClient.ConnectAsync(int)' [c:\Users\Peter\Documents\GitHub\kalshi-trading-bot\BacklashInterfaces\BacklashInterfaces.csproj]
c:\Users\Peter\Documents\GitHub\kalshi-trading-bot\BacklashInterfaces\SmokehouseBot\KalshiAPI\IKalshiWebSocketClient.cs(28,14): warning CS1591: Missing XML comment for publicly visible type or member 'IKalshiWebSocketClient.SubscribeToWatchedMarketsAsync()' [c:\Users\Peter\Documents\GitHub\kalshi-trading-bot\BacklashInterfaces\BacklashInterfaces.csproj]
c:\Users\Peter\Documents\GitHub\kalshi-trading-bot\BacklashInterfaces\SmokehouseBot\KalshiAPI\IKalshiWebSocketClient.cs(29,14): warning CS1591: Missing XML comment for publicly visible type or member 'IKalshiWebSocketClient.SubscribeToChannelAsync(string, string[])' [c:\Users\Peter\Documents\GitHub\kalshi-trading-bot\BacklashInterfaces\BacklashInterfaces.csproj]
c:\Users\Peter\Documents\GitHub\kalshi-trading-bot\BacklashInterfaces\SmokehouseBot\KalshiAPI\IKalshiWebSocketClient.cs(30,14): warning CS1591: Missing XML comment for publicly visible type or member 'IKalshiWebSocketClient.UnsubscribeFromChannelAsync(string)' [c:\Users\Peter\Documents\GitHub\kalshi-trading-bot\BacklashInterfaces\BacklashInterfaces.csproj]
c:\Users\Peter\Documents\GitHub\kalshi-trading-bot\BacklashInterfaces\SmokehouseBot\KalshiAPI\IKalshiWebSocketClient.cs(31,14): warning CS1591: Missing XML comment for publicly visible type or member 'IKalshiWebSocketClient.UnsubscribeFromAllAsync()' [c:\Users\Peter\Documents\GitHub\kalshi-trading-bot\BacklashInterfaces\BacklashInterfaces.csproj]
c:\Users\Peter\Documents\GitHub\kalshi-trading-bot\BacklashInterfaces\SmokehouseBot\KalshiAPI\IKalshiWebSocketClient.cs(32,14): warning CS1591: Missing XML comment for publicly visible type or member 'IKalshiWebSocketClient.UpdateSubscriptionAsync(string, string[], string)' [c:\Users\Peter\Documents\GitHub\kalshi-trading-bot\BacklashInterfaces\BacklashInterfaces.csproj]
c:\Users\Peter\Documents\GitHub\kalshi-trading-bot\BacklashInterfaces\SmokehouseBot\KalshiAPI\IKalshiWebSocketClient.cs(33,14): warning CS1591: Missing XML comment for publicly visible type or member 'IKalshiWebSocketClient.ResetConnectionAsync()' [c:\Users\Peter\Documents\GitHub\kalshi-trading-bot\BacklashInterfaces\BacklashInterfaces.csproj]
c:\Users\Peter\Documents\GitHub\kalshi-trading-bot\BacklashInterfaces\SmokehouseBot\KalshiAPI\IKalshiWebSocketClient.cs(34,14): warning CS1591: Missing XML comment for publicly visible type or member 'IKalshiWebSocketClient.ShutdownAsync()' [c:\Users\Peter\Documents\GitHub\kalshi-trading-bot\BacklashInterfaces\BacklashInterfaces.csproj]
c:\Users\Peter\Documents\GitHub\kalshi-trading-bot\BacklashInterfaces\SmokehouseBot\KalshiAPI\IKalshiWebSocketClient.cs(35,14): warning CS1591: Missing XML comment for publicly visible type or member 'IKalshiWebSocketClient.WaitForEmptyOrderBookQueueAsync(string, TimeSpan)' [c:\Users\Peter\Documents\GitHub\kalshi-trading-bot\BacklashInterfaces\BacklashInterfaces.csproj]
c:\Users\Peter\Documents\GitHub\kalshi-trading-bot\BacklashInterfaces\SmokehouseBot\KalshiAPI\IKalshiWebSocketClient.cs(36,14): warning CS1591: Missing XML comment for publicly visible type or member 'IKalshiWebSocketClient.IsConnected()' [c:\Users\Peter\Documents\GitHub\kalshi-trading-bot\BacklashInterfaces\BacklashInterfaces.csproj]
c:\Users\Peter\Documents\GitHub\kalshi-trading-bot\BacklashInterfaces\SmokehouseBot\KalshiAPI\IKalshiWebSocketClient.cs(37,14): warning CS1591: Missing XML comment for publicly visible type or member 'IKalshiWebSocketClient.IsSubscribed(string, string)' [c:\Users\Peter\Documents\GitHub\kalshi-trading-bot\BacklashInterfaces\BacklashInterfaces.csproj]
c:\Users\Peter\Documents\GitHub\kalshi-trading-bot\BacklashInterfaces\SmokehouseBot\KalshiAPI\IKalshiWebSocketClient.cs(38,14): warning CS1591: Missing XML comment for publicly visible type or member 'IKalshiWebSocketClient.CanSubscribeToMarket(string, string)' [c:\Users\Peter\Documents\GitHub\kalshi-trading-bot\BacklashInterfaces\BacklashInterfaces.csproj]
c:\Users\Peter\Documents\GitHub\kalshi-trading-bot\BacklashInterfaces\SmokehouseBot\KalshiAPI\IKalshiWebSocketClient.cs(39,14): warning CS1591: Missing XML comment for publicly visible type or member 'IKalshiWebSocketClient.SetSubscriptionState(string, string, SubscriptionState)' [c:\Users\Peter\Documents\GitHub\kalshi-trading-bot\BacklashInterfaces\BacklashInterfaces.csproj]
c:\Users\Peter\Documents\GitHub\kalshi-trading-bot\BacklashInterfaces\SmokehouseBot\KalshiAPI\IKalshiWebSocketClient.cs(40,14): warning CS1591: Missing XML comment for publicly visible type or member 'IKalshiWebSocketClient.ClearOrderBookQueue(string)' [c:\Users\Peter\Documents\GitHub\kalshi-trading-bot\BacklashInterfaces\BacklashInterfaces.csproj]
c:\Users\Peter\Documents\GitHub\kalshi-trading-bot\BacklashInterfaces\SmokehouseBot\KalshiAPI\IKalshiWebSocketClient.cs(41,14): warning CS1591: Missing XML comment for publicly visible type or member 'IKalshiWebSocketClient.DisableReconnect()' [c:\Users\Peter\Documents\GitHub\kalshi-trading-bot\BacklashInterfaces\BacklashInterfaces.csproj]
c:\Users\Peter\Documents\GitHub\kalshi-trading-bot\BacklashInterfaces\SmokehouseBot\KalshiAPI\IKalshiWebSocketClient.cs(42,14): warning CS1591: Missing XML comment for publicly visible type or member 'IKalshiWebSocketClient.EnableReconnect()' [c:\Users\Peter\Documents\GitHub\kalshi-trading-bot\BacklashInterfaces\BacklashInterfaces.csproj]
c:\Users\Peter\Documents\GitHub\kalshi-trading-bot\BacklashInterfaces\SmokehouseBot\KalshiAPI\IKalshiWebSocketClient.cs(43,13): warning CS1591: Missing XML comment for publicly visible type or member 'IKalshiWebSocketClient.GenerateNextMessageId()' [c:\Users\Peter\Documents\GitHub\kalshi-trading-bot\BacklashInterfaces\BacklashInterfaces.csproj]
c:\Users\Peter\Documents\GitHub\kalshi-trading-bot\BacklashInterfaces\SmokehouseBot\KalshiAPI\IKalshiWebSocketClient.cs(44,14): warning CS1591: Missing XML comment for publicly visible type or member 'IKalshiWebSocketClient.ResetEventCounts()' [c:\Users\Peter\Documents\GitHub\kalshi-trading-bot\BacklashInterfaces\BacklashInterfaces.csproj]
c:\Users\Peter\Documents\GitHub\kalshi-trading-bot\BacklashInterfaces\SmokehouseBot\KalshiAPI\IKalshiWebSocketClient.cs(45,16): warning CS1591: Missing XML comment for publicly visible type or member 'IKalshiWebSocketClient.GetChannelName(string)' [c:\Users\Peter\Documents\GitHub\kalshi-trading-bot\BacklashInterfaces\BacklashInterfaces.csproj]
c:\Users\Peter\Documents\GitHub\kalshi-trading-bot\BacklashInterfaces\SmokehouseBot\KalshiAPI\IKalshiWebSocketClient.cs(46,14): warning CS1591: Missing XML comment for publicly visible type or member 'IKalshiWebSocketClient.SendMessageAsync(string)' [c:\Users\Peter\Documents\GitHub\kalshi-trading-bot\BacklashInterfaces\BacklashInterfaces.csproj]
c:\Users\Peter\Documents\GitHub\kalshi-trading-bot\BacklashInterfaces\SmokehouseBot\KalshiAPI\IKalshiWebSocketClient.cs(47,14): warning CS1591: Missing XML comment for publicly visible type or member 'IKalshiWebSocketClient.ResubscribeAsync(bool)' [c:\Users\Peter\Documents\GitHub\kalshi-trading-bot\BacklashInterfaces\BacklashInterfaces.csproj]
c:\Users\Peter\Documents\GitHub\kalshi-trading-bot\BacklashInterfaces\SmokehouseBot\KalshiAPI\IKalshiWebSocketClient.cs(49,66): warning CS1591: Missing XML comment for publicly visible type or member 'IKalshiWebSocketClient.GetEventCountsByMarket(string)' [c:\Users\Peter\Documents\GitHub\kalshi-trading-bot\BacklashInterfaces\BacklashInterfaces.csproj]
c:\Users\Peter\Documents\GitHub\kalshi-trading-bot\BacklashInterfaces\TradingStrategies\Classification\ISnapshotPeriodHelper.cs(5,22): warning CS1591: Missing XML comment for publicly visible type or member 'ISnapshotPeriodHelper' [c:\Users\Peter\Documents\GitHub\kalshi-trading-bot\BacklashInterfaces\BacklashInterfaces.csproj]
c:\Users\Peter\Documents\GitHub\kalshi-trading-bot\BacklashInterfaces\TradingStrategies\Classification\ISnapshotPeriodHelper.cs(7,38): warning CS1591: Missing XML comment for publicly visible type or member 'ISnapshotPeriodHelper.SplitIntoValidGroups(List<SnapshotDTO>, string, IProgress<double>?)' [c:\Users\Peter\Documents\GitHub\kalshi-trading-bot\BacklashInterfaces\BacklashInterfaces.csproj]
c:\Users\Peter\Documents\GitHub\kalshi-trading-bot\BacklashInterfaces\TradingStrategies\Classification\ISnapshotPeriodHelper.cs(8,33): warning CS1591: Missing XML comment for publicly visible type or member 'ISnapshotPeriodHelper.LoadSnapshotGroup(string)' [c:\Users\Peter\Documents\GitHub\kalshi-trading-bot\BacklashInterfaces\BacklashInterfaces.csproj]
c:\Users\Peter\Documents\GitHub\kalshi-trading-bot\BacklashInterfaces\TradingStrategies\Helpers\ITradingCalculator.cs(5,22): warning CS1591: Missing XML comment for publicly visible type or member 'ITradingCalculator' [c:\Users\Peter\Documents\GitHub\kalshi-trading-bot\BacklashInterfaces\BacklashInterfaces.csproj]
c:\Users\Peter\Documents\GitHub\kalshi-trading-bot\BacklashInterfaces\TradingStrategies\Helpers\ITradingCalculator.cs(7,17): warning CS1591: Missing XML comment for publicly visible type or member 'ITradingCalculator.CalculateRSI(List<PseudoCandlestick>, int)' [c:\Users\Peter\Documents\GitHub\kalshi-trading-bot\BacklashInterfaces\BacklashInterfaces.csproj]
c:\Users\Peter\Documents\GitHub\kalshi-trading-bot\BacklashInterfaces\TradingStrategies\Helpers\ITradingCalculator.cs(8,59): warning CS1591: Missing XML comment for publicly visible type or member 'ITradingCalculator.CalculateMACD(List<PseudoCandlestick>, int, int, int)' [c:\Users\Peter\Documents\GitHub\kalshi-trading-bot\BacklashInterfaces\BacklashInterfaces.csproj]
c:\Users\Peter\Documents\GitHub\kalshi-trading-bot\BacklashInterfaces\TradingStrategies\Helpers\ITradingCalculator.cs(9,56): warning CS1591: Missing XML comment for publicly visible type or member 'ITradingCalculator.CalculateBollingerBands(List<PseudoCandlestick>, int, double)' [c:\Users\Peter\Documents\GitHub\kalshi-trading-bot\BacklashInterfaces\BacklashInterfaces.csproj]
c:\Users\Peter\Documents\GitHub\kalshi-trading-bot\BacklashInterfaces\TradingStrategies\Helpers\ITradingCalculator.cs(10,32): warning CS1591: Missing XML comment for publicly visible type or member 'ITradingCalculator.CalculateStochastic(List<PseudoCandlestick>, int, int)' [c:\Users\Peter\Documents\GitHub\kalshi-trading-bot\BacklashInterfaces\BacklashInterfaces.csproj]
c:\Users\Peter\Documents\GitHub\kalshi-trading-bot\BacklashInterfaces\TradingStrategies\Helpers\ITradingCalculator.cs(11,17): warning CS1591: Missing XML comment for publicly visible type or member 'ITradingCalculator.CalculateATR(List<PseudoCandlestick>, int)' [c:\Users\Peter\Documents\GitHub\kalshi-trading-bot\BacklashInterfaces\BacklashInterfaces.csproj]
c:\Users\Peter\Documents\GitHub\kalshi-trading-bot\BacklashInterfaces\TradingStrategies\Helpers\ITradingCalculator.cs(12,18): warning CS1591: Missing XML comment for publicly visible type or member 'ITradingCalculator.CalculateVWAP(List<PseudoCandlestick>, int)' [c:\Users\Peter\Documents\GitHub\kalshi-trading-bot\BacklashInterfaces\BacklashInterfaces.csproj]
c:\Users\Peter\Documents\GitHub\kalshi-trading-bot\BacklashInterfaces\TradingStrategies\Helpers\ITradingCalculator.cs(13,17): warning CS1591: Missing XML comment for publicly visible type or member 'ITradingCalculator.CalculateOBV(List<PseudoCandlestick>)' [c:\Users\Peter\Documents\GitHub\kalshi-trading-bot\BacklashInterfaces\BacklashInterfaces.csproj]
c:\Users\Peter\Documents\GitHub\kalshi-trading-bot\BacklashInterfaces\TradingStrategies\Helpers\ITradingCalculator.cs(14,38): warning CS1591: Missing XML comment for publicly visible type or member 'ITradingCalculator.CalculateHistoricalSupportResistance(string, List<CandlestickData>, double, int, double, int)' [c:\Users\Peter\Documents\GitHub\kalshi-trading-bot\BacklashInterfaces\BacklashInterfaces.csproj]
c:\Users\Peter\Documents\GitHub\kalshi-trading-bot\BacklashInterfaces\TradingStrategies\Helpers\ITradingCalculator.cs(22,56): warning CS1591: Missing XML comment for publicly visible type or member 'ITradingCalculator.CalculateADX(List<PseudoCandlestick>)' [c:\Users\Peter\Documents\GitHub\kalshi-trading-bot\BacklashInterfaces\BacklashInterfaces.csproj]
c:\Users\Peter\Documents\GitHub\kalshi-trading-bot\BacklashInterfaces\TradingStrategies\Helpers\ITradingCalculator.cs(23,17): warning CS1591: Missing XML comment for publicly visible type or member 'ITradingCalculator.CalculatePSAR(List<PseudoCandlestick>)' [c:\Users\Peter\Documents\GitHub\kalshi-trading-bot\BacklashInterfaces\BacklashInterfaces.csproj]
c:\Users\Peter\Documents\GitHub\kalshi-trading-bot\BacklashPatterns\CandleMetrics.cs(5,26): error CS1591: Missing XML comment for publicly visible type or member 'CandleMetrics' [c:\Users\Peter\Documents\GitHub\kalshi-trading-bot\BacklashPatterns\BacklashPatterns.csproj]
c:\Users\Peter\Documents\GitHub\kalshi-trading-bot\BacklashPatterns\CandleMetrics.cs(9,28): error CS1591: Missing XML comment for publicly visible type or member 'CandleMetrics.SetLogger(ILogger)' [c:\Users\Peter\Documents\GitHub\kalshi-trading-bot\BacklashPatterns\BacklashPatterns.csproj]
c:\Users\Peter\Documents\GitHub\kalshi-trading-bot\BacklashPatterns\CandleMetrics.cs(11,23): error CS1591: Missing XML comment for publicly visible type or member 'CandleMetrics.BodySize' [c:\Users\Peter\Documents\GitHub\kalshi-trading-bot\BacklashPatterns\BacklashPatterns.csproj]
c:\Users\Peter\Documents\GitHub\kalshi-trading-bot\BacklashPatterns\CandleMetrics.cs(12,23): error CS1591: Missing XML comment for publicly visible type or member 'CandleMetrics.UpperWick' [c:\Users\Peter\Documents\GitHub\kalshi-trading-bot\BacklashPatterns\BacklashPatterns.csproj]
c:\Users\Peter\Documents\GitHub\kalshi-trading-bot\BacklashPatterns\CandleMetrics.cs(13,23): error CS1591: Missing XML comment for publicly visible type or member 'CandleMetrics.LowerWick' [c:\Users\Peter\Documents\GitHub\kalshi-trading-bot\BacklashPatterns\BacklashPatterns.csproj]
c:\Users\Peter\Documents\GitHub\kalshi-trading-bot\BacklashPatterns\CandleMetrics.cs(14,23): error CS1591: Missing XML comment for publicly visible type or member 'CandleMetrics.TotalRange' [c:\Users\Peter\Documents\GitHub\kalshi-trading-bot\BacklashPatterns\BacklashPatterns.csproj]
c:\Users\Peter\Documents\GitHub\kalshi-trading-bot\BacklashPatterns\CandleMetrics.cs(15,21): error CS1591: Missing XML comment for publicly visible type or member 'CandleMetrics.IsBullish' [c:\Users\Peter\Documents\GitHub\kalshi-trading-bot\BacklashPatterns\BacklashPatterns.csproj]
c:\Users\Peter\Documents\GitHub\kalshi-trading-bot\BacklashPatterns\CandleMetrics.cs(16,21): error CS1591: Missing XML comment for publicly visible type or member 'CandleMetrics.IsBearish' [c:\Users\Peter\Documents\GitHub\kalshi-trading-bot\BacklashPatterns\BacklashPatterns.csproj]
c:\Users\Peter\Documents\GitHub\kalshi-trading-bot\BacklashPatterns\CandleMetrics.cs(18,23): error CS1591: Missing XML comment for publicly visible type or member 'CandleMetrics.BodyToRangeRatio' [c:\Users\Peter\Documents\GitHub\kalshi-trading-bot\BacklashPatterns\BacklashPatterns.csproj]
c:\Users\Peter\Documents\GitHub\kalshi-trading-bot\BacklashPatterns\CandleMetrics.cs(19,23): error CS1591: Missing XML comment for publicly visible type or member 'CandleMetrics.MidPoint' [c:\Users\Peter\Documents\GitHub\kalshi-trading-bot\BacklashPatterns\BacklashPatterns.csproj]
c:\Users\Peter\Documents\GitHub\kalshi-trading-bot\BacklashPatterns\CandleMetrics.cs(20,21): error CS1591: Missing XML comment for publicly visible type or member 'CandleMetrics.HasNoUpperWick' [c:\Users\Peter\Documents\GitHub\kalshi-trading-bot\BacklashPatterns\BacklashPatterns.csproj]
c:\Users\Peter\Documents\GitHub\kalshi-trading-bot\BacklashPatterns\CandleMetrics.cs(21,21): error CS1591: Missing XML comment for publicly visible type or member 'CandleMetrics.HasNoLowerWick' [c:\Users\Peter\Documents\GitHub\kalshi-trading-bot\BacklashPatterns\BacklashPatterns.csproj]
c:\Users\Peter\Documents\GitHub\kalshi-trading-bot\BacklashPatterns\CandleMetrics.cs(22,23): error CS1591: Missing XML comment for publicly visible type or member 'CandleMetrics.BodyMidPoint' [c:\Users\Peter\Documents\GitHub\kalshi-trading-bot\BacklashPatterns\BacklashPatterns.csproj]
c:\Users\Peter\Documents\GitHub\kalshi-trading-bot\BacklashPatterns\CandleMetrics.cs(27,26): error CS1591: Missing XML comment for publicly visible type or member 'CandleMetrics.LookbackTrendConsistency' [c:\Users\Peter\Documents\GitHub\kalshi-trading-bot\BacklashPatterns\BacklashPatterns.csproj]
c:\Users\Peter\Documents\GitHub\kalshi-trading-bot\BacklashPatterns\CandleMetrics.cs(28,26): error CS1591: Missing XML comment for publicly visible type or member 'CandleMetrics.AvgVolumeVsLookback' [c:\Users\Peter\Documents\GitHub\kalshi-trading-bot\BacklashPatterns\BacklashPatterns.csproj]
c:\Users\Peter\Documents\GitHub\kalshi-trading-bot\BacklashPatterns\CandleMetrics.cs(29,26): error CS1591: Missing XML comment for publicly visible type or member 'CandleMetrics.LookbackAvgRange' [c:\Users\Peter\Documents\GitHub\kalshi-trading-bot\BacklashPatterns\BacklashPatterns.csproj]
c:\Users\Peter\Documents\GitHub\kalshi-trading-bot\BacklashPatterns\CandleMetrics.cs(30,26): error CS1591: Missing XML comment for publicly visible type or member 'CandleMetrics.BullishRatio' [c:\Users\Peter\Documents\GitHub\kalshi-trading-bot\BacklashPatterns\BacklashPatterns.csproj]
c:\Users\Peter\Documents\GitHub\kalshi-trading-bot\BacklashPatterns\CandleMetrics.cs(31,26): error CS1591: Missing XML comment for publicly visible type or member 'CandleMetrics.BearishRatio' [c:\Users\Peter\Documents\GitHub\kalshi-trading-bot\BacklashPatterns\BacklashPatterns.csproj]
c:\Users\Peter\Documents\GitHub\kalshi-trading-bot\BacklashPatterns\CandleMetrics.cs(32,20): error CS1591: Missing XML comment for publicly visible type or member 'CandleMetrics.IntervalType' [c:\Users\Peter\Documents\GitHub\kalshi-trading-bot\BacklashPatterns\BacklashPatterns.csproj]
c:\Users\Peter\Documents\GitHub\kalshi-trading-bot\BacklashPatterns\CandleMetrics.cs(38,23): error CS1591: Missing XML comment for publicly visible type or member 'CandleMetrics.GetLookbackMeanTrend(int)' [c:\Users\Peter\Documents\GitHub\kalshi-trading-bot\BacklashPatterns\BacklashPatterns.csproj]
c:\Users\Peter\Documents\GitHub\kalshi-trading-bot\BacklashPatterns\CandleMetrics.cs(48,23): error CS1591: Missing XML comment for publicly visible type or member 'CandleMetrics.GetLookbackTrendConsistency(int)' [c:\Users\Peter\Documents\GitHub\kalshi-trading-bot\BacklashPatterns\BacklashPatterns.csproj]
c:\Users\Peter\Documents\GitHub\kalshi-trading-bot\BacklashPatterns\CandleMetrics.cs(58,23): error CS1591: Missing XML comment for publicly visible type or member 'CandleMetrics.GetAvgVolumeVsLookback(int)' [c:\Users\Peter\Documents\GitHub\kalshi-trading-bot\BacklashPatterns\BacklashPatterns.csproj]
c:\Users\Peter\Documents\GitHub\kalshi-trading-bot\BacklashPatterns\CandleMetrics.cs(68,23): error CS1591: Missing XML comment for publicly visible type or member 'CandleMetrics.GetLookbackAvgRange(int)' [c:\Users\Peter\Documents\GitHub\kalshi-trading-bot\BacklashPatterns\BacklashPatterns.csproj]
c:\Users\Peter\Documents\GitHub\kalshi-trading-bot\BacklashPatterns\PatternDefinitions\AbandonedBabyPattern.cs(41,29): error CS1591: Missing XML comment for publicly visible type or member 'AbandonedBabyPattern.BaseName' [c:\Users\Peter\Documents\GitHub\kalshi-trading-bot\BacklashPatterns\BacklashPatterns.csproj]
c:\Users\Peter\Documents\GitHub\kalshi-trading-bot\BacklashPatterns\PatternDefinitions\AbandonedBabyPattern.cs(43,32): error CS1591: Missing XML comment for publicly visible type or member 'AbandonedBabyPattern.Name' [c:\Users\Peter\Documents\GitHub\kalshi-trading-bot\BacklashPatterns\BacklashPatterns.csproj]
c:\Users\Peter\Documents\GitHub\kalshi-trading-bot\BacklashPatterns\PatternDefinitions\AbandonedBabyPattern.cs(44,32): error CS1591: Missing XML comment for publicly visible type or member 'AbandonedBabyPattern.Strength' [c:\Users\Peter\Documents\GitHub\kalshi-trading-bot\BacklashPatterns\BacklashPatterns.csproj]
c:\Users\Peter\Documents\GitHub\kalshi-trading-bot\BacklashPatterns\PatternDefinitions\AbandonedBabyPattern.cs(45,32): error CS1591: Missing XML comment for publicly visible type or member 'AbandonedBabyPattern.Certainty' [c:\Users\Peter\Documents\GitHub\kalshi-trading-bot\BacklashPatterns\BacklashPatterns.csproj]
c:\Users\Peter\Documents\GitHub\kalshi-trading-bot\BacklashPatterns\PatternDefinitions\AbandonedBabyPattern.cs(46,32): error CS1591: Missing XML comment for publicly visible type or member 'AbandonedBabyPattern.Uncertainty' [c:\Users\Peter\Documents\GitHub\kalshi-trading-bot\BacklashPatterns\BacklashPatterns.csproj]
c:\Users\Peter\Documents\GitHub\kalshi-trading-bot\BacklashPatterns\PatternDefinitions\AbandonedBabyPattern.cs(49,16): error CS1591: Missing XML comment for publicly visible type or member 'AbandonedBabyPattern.AbandonedBabyPattern(List<int>, CandleMids[], double, bool)' [c:\Users\Peter\Documents\GitHub\kalshi-trading-bot\BacklashPatterns\BacklashPatterns.csproj]
c:\Users\Peter\Documents\GitHub\kalshi-trading-bot\BacklashPatterns\PatternDefinitions\AbandonedBabyPattern.cs(55,57): error CS1591: Missing XML comment for publicly visible type or member 'AbandonedBabyPattern.IsPatternAsync(int, int, Dictionary<int, CandleMetrics>, CandleMids[], bool)' [c:\Users\Peter\Documents\GitHub\kalshi-trading-bot\BacklashPatterns\BacklashPatterns.csproj]
c:\Users\Peter\Documents\GitHub\kalshi-trading-bot\BacklashPatterns\PatternDefinitions\AbandonedBabyPattern.cs(114,21): error CS1591: Missing XML comment for publicly visible type or member 'AbandonedBabyPattern.CalculateStrength(Dictionary<int, CandleMetrics>, CandleMids[], double)' [c:\Users\Peter\Documents\GitHub\kalshi-trading-bot\BacklashPatterns\BacklashPatterns.csproj]
c:\Users\Peter\Documents\GitHub\kalshi-trading-bot\BacklashPatterns\PatternDefinitions\BeltHoldPattern.cs(102,29): error CS1591: Missing XML comment for publicly visible type or member 'BeltHoldPattern.BaseName' [c:\Users\Peter\Documents\GitHub\kalshi-trading-bot\BacklashPatterns\BacklashPatterns.csproj]
c:\Users\Peter\Documents\GitHub\kalshi-trading-bot\BacklashPatterns\PatternDefinitions\BeltHoldPattern_old.cs(71,29): error CS1591: Missing XML comment for publicly visible type or member 'BeltHoldPattern_old.BaseName' [c:\Users\Peter\Documents\GitHub\kalshi-trading-bot\BacklashPatterns\BacklashPatterns.csproj]
c:\Users\Peter\Documents\GitHub\kalshi-trading-bot\BacklashPatterns\PatternDefinitions\BeltHoldPattern_old.cs(72,32): error CS1591: Missing XML comment for publicly visible type or member 'BeltHoldPattern_old.Name' [c:\Users\Peter\Documents\GitHub\kalshi-trading-bot\BacklashPatterns\BacklashPatterns.csproj]
c:\Users\Peter\Documents\GitHub\kalshi-trading-bot\BacklashPatterns\PatternDefinitions\BeltHoldPattern_old.cs(74,32): error CS1591: Missing XML comment for publicly visible type or member 'BeltHoldPattern_old.Strength' [c:\Users\Peter\Documents\GitHub\kalshi-trading-bot\BacklashPatterns\BacklashPatterns.csproj]
c:\Users\Peter\Documents\GitHub\kalshi-trading-bot\BacklashPatterns\PatternDefinitions\BeltHoldPattern_old.cs(75,32): error CS1591: Missing XML comment for publicly visible type or member 'BeltHoldPattern_old.Certainty' [c:\Users\Peter\Documents\GitHub\kalshi-trading-bot\BacklashPatterns\BacklashPatterns.csproj]
c:\Users\Peter\Documents\GitHub\kalshi-trading-bot\BacklashPatterns\PatternDefinitions\BeltHoldPattern_old.cs(76,32): error CS1591: Missing XML comment for publicly visible type or member 'BeltHoldPattern_old.Uncertainty' [c:\Users\Peter\Documents\GitHub\kalshi-trading-bot\BacklashPatterns\BacklashPatterns.csproj]
c:\Users\Peter\Documents\GitHub\kalshi-trading-bot\BacklashPatterns\PatternDefinitions\BeltHoldPattern_old.cs(78,16): error CS1591: Missing XML comment for publicly visible type or member 'BeltHoldPattern_old.BeltHoldPattern_old(List<int>, bool)' [c:\Users\Peter\Documents\GitHub\kalshi-trading-bot\BacklashPatterns\BacklashPatterns.csproj]
c:\Users\Peter\Documents\GitHub\kalshi-trading-bot\BacklashPatterns\PatternDefinitions\BeltHoldPattern_old.cs(83,52): error CS1591: Missing XML comment for publicly visible type or member 'BeltHoldPattern_old.IsPatternAsync(int, int, CandleMids[], Dictionary<int, CandleMetrics>, bool)' [c:\Users\Peter\Documents\GitHub\kalshi-trading-bot\BacklashPatterns\BacklashPatterns.csproj]
c:\Users\Peter\Documents\GitHub\kalshi-trading-bot\BacklashPatterns\PatternDefinitions\BreakawayPattern.cs(66,29): error CS1591: Missing XML comment for publicly visible type or member 'BreakawayPattern.BaseName' [c:\Users\Peter\Documents\GitHub\kalshi-trading-bot\BacklashPatterns\BacklashPatterns.csproj]
c:\Users\Peter\Documents\GitHub\kalshi-trading-bot\BacklashPatterns\PatternDefinitions\BreakawayPattern.cs(67,32): error CS1591: Missing XML comment for publicly visible type or member 'BreakawayPattern.Name' [c:\Users\Peter\Documents\GitHub\kalshi-trading-bot\BacklashPatterns\BacklashPatterns.csproj]
c:\Users\Peter\Documents\GitHub\kalshi-trading-bot\BacklashPatterns\PatternDefinitions\BreakawayPattern.cs(69,32): error CS1591: Missing XML comment for publicly visible type or member 'BreakawayPattern.Strength' [c:\Users\Peter\Documents\GitHub\kalshi-trading-bot\BacklashPatterns\BacklashPatterns.csproj]
c:\Users\Peter\Documents\GitHub\kalshi-trading-bot\BacklashPatterns\PatternDefinitions\BreakawayPattern.cs(70,32): error CS1591: Missing XML comment for publicly visible type or member 'BreakawayPattern.Certainty' [c:\Users\Peter\Documents\GitHub\kalshi-trading-bot\BacklashPatterns\BacklashPatterns.csproj]
c:\Users\Peter\Documents\GitHub\kalshi-trading-bot\BacklashPatterns\PatternDefinitions\BreakawayPattern.cs(71,32): error CS1591: Missing XML comment for publicly visible type or member 'BreakawayPattern.Uncertainty' [c:\Users\Peter\Documents\GitHub\kalshi-trading-bot\BacklashPatterns\BacklashPatterns.csproj]
c:\Users\Peter\Documents\GitHub\kalshi-trading-bot\BacklashPatterns\PatternDefinitions\BreakawayPattern.cs(73,16): error CS1591: Missing XML comment for publicly visible type or member 'BreakawayPattern.BreakawayPattern(List<int>, bool)' [c:\Users\Peter\Documents\GitHub\kalshi-trading-bot\BacklashPatterns\BacklashPatterns.csproj]
c:\Users\Peter\Documents\GitHub\kalshi-trading-bot\BacklashPatterns\PatternDefinitions\BreakawayPattern_old.cs(46,29): error CS1591: Missing XML comment for publicly visible type or member 'BreakawayPattern_old.BaseName' [c:\Users\Peter\Documents\GitHub\kalshi-trading-bot\BacklashPatterns\BacklashPatterns.csproj]
c:\Users\Peter\Documents\GitHub\kalshi-trading-bot\BacklashPatterns\PatternDefinitions\BreakawayPattern_old.cs(47,32): error CS1591: Missing XML comment for publicly visible type or member 'BreakawayPattern_old.Name' [c:\Users\Peter\Documents\GitHub\kalshi-trading-bot\BacklashPatterns\BacklashPatterns.csproj]
c:\Users\Peter\Documents\GitHub\kalshi-trading-bot\BacklashPatterns\PatternDefinitions\BreakawayPattern_old.cs(49,32): error CS1591: Missing XML comment for publicly visible type or member 'BreakawayPattern_old.Strength' [c:\Users\Peter\Documents\GitHub\kalshi-trading-bot\BacklashPatterns\BacklashPatterns.csproj]
c:\Users\Peter\Documents\GitHub\kalshi-trading-bot\BacklashPatterns\PatternDefinitions\BreakawayPattern_old.cs(50,32): error CS1591: Missing XML comment for publicly visible type or member 'BreakawayPattern_old.Certainty' [c:\Users\Peter\Documents\GitHub\kalshi-trading-bot\BacklashPatterns\BacklashPatterns.csproj]
c:\Users\Peter\Documents\GitHub\kalshi-trading-bot\BacklashPatterns\PatternDefinitions\BreakawayPattern_old.cs(51,32): error CS1591: Missing XML comment for publicly visible type or member 'BreakawayPattern_old.Uncertainty' [c:\Users\Peter\Documents\GitHub\kalshi-trading-bot\BacklashPatterns\BacklashPatterns.csproj]
c:\Users\Peter\Documents\GitHub\kalshi-trading-bot\BacklashPatterns\PatternDefinitions\BreakawayPattern_old.cs(53,16): error CS1591: Missing XML comment for publicly visible type or member 'BreakawayPattern_old.BreakawayPattern_old(List<int>, bool)' [c:\Users\Peter\Documents\GitHub\kalshi-trading-bot\BacklashPatterns\BacklashPatterns.csproj]
c:\Users\Peter\Documents\GitHub\kalshi-trading-bot\BacklashPatterns\PatternDefinitions\BreakawayPattern_old.cs(58,53): error CS1591: Missing XML comment for publicly visible type or member 'BreakawayPattern_old.IsPatternAsync(int, CandleMids[], Dictionary<int, CandleMetrics>, bool, int)' [c:\Users\Peter\Documents\GitHub\kalshi-trading-bot\BacklashPatterns\BacklashPatterns.csproj]
c:\Users\Peter\Documents\GitHub\kalshi-trading-bot\BacklashPatterns\PatternDefinitions\ClosingMarubozuPattern.cs(44,29): error CS1591: Missing XML comment for publicly visible type or member 'ClosingMarubozuPattern.BaseName' [c:\Users\Peter\Documents\GitHub\kalshi-trading-bot\BacklashPatterns\BacklashPatterns.csproj]
c:\Users\Peter\Documents\GitHub\kalshi-trading-bot\BacklashPatterns\PatternDefinitions\ClosingMarubozuPattern.cs(45,32): error CS1591: Missing XML comment for publicly visible type or member 'ClosingMarubozuPattern.Name' [c:\Users\Peter\Documents\GitHub\kalshi-trading-bot\BacklashPatterns\BacklashPatterns.csproj]
c:\Users\Peter\Documents\GitHub\kalshi-trading-bot\BacklashPatterns\PatternDefinitions\ClosingMarubozuPattern.cs(48,32): error CS1591: Missing XML comment for publicly visible type or member 'ClosingMarubozuPattern.Strength' [c:\Users\Peter\Documents\GitHub\kalshi-trading-bot\BacklashPatterns\BacklashPatterns.csproj]
c:\Users\Peter\Documents\GitHub\kalshi-trading-bot\BacklashPatterns\PatternDefinitions\ClosingMarubozuPattern.cs(49,32): error CS1591: Missing XML comment for publicly visible type or member 'ClosingMarubozuPattern.Certainty' [c:\Users\Peter\Documents\GitHub\kalshi-trading-bot\BacklashPatterns\BacklashPatterns.csproj]
c:\Users\Peter\Documents\GitHub\kalshi-trading-bot\BacklashPatterns\PatternDefinitions\ClosingMarubozuPattern.cs(50,32): error CS1591: Missing XML comment for publicly visible type or member 'ClosingMarubozuPattern.Uncertainty' [c:\Users\Peter\Documents\GitHub\kalshi-trading-bot\BacklashPatterns\BacklashPatterns.csproj]
c:\Users\Peter\Documents\GitHub\kalshi-trading-bot\BacklashPatterns\PatternDefinitions\ClosingMarubozuPattern_old.cs(22,29): error CS1591: Missing XML comment for publicly visible type or member 'ClosingMarubozuPattern_old.BaseName' [c:\Users\Peter\Documents\GitHub\kalshi-trading-bot\BacklashPatterns\BacklashPatterns.csproj]
c:\Users\Peter\Documents\GitHub\kalshi-trading-bot\BacklashPatterns\PatternDefinitions\ClosingMarubozuPattern_old.cs(23,32): error CS1591: Missing XML comment for publicly visible type or member 'ClosingMarubozuPattern_old.Name' [c:\Users\Peter\Documents\GitHub\kalshi-trading-bot\BacklashPatterns\BacklashPatterns.csproj]
c:\Users\Peter\Documents\GitHub\kalshi-trading-bot\BacklashPatterns\PatternDefinitions\ClosingMarubozuPattern_old.cs(25,32): error CS1591: Missing XML comment for publicly visible type or member 'ClosingMarubozuPattern_old.Strength' [c:\Users\Peter\Documents\GitHub\kalshi-trading-bot\BacklashPatterns\BacklashPatterns.csproj]
c:\Users\Peter\Documents\GitHub\kalshi-trading-bot\BacklashPatterns\PatternDefinitions\ClosingMarubozuPattern_old.cs(26,32): error CS1591: Missing XML comment for publicly visible type or member 'ClosingMarubozuPattern_old.Certainty' [c:\Users\Peter\Documents\GitHub\kalshi-trading-bot\BacklashPatterns\BacklashPatterns.csproj]
c:\Users\Peter\Documents\GitHub\kalshi-trading-bot\BacklashPatterns\PatternDefinitions\ClosingMarubozuPattern_old.cs(27,32): error CS1591: Missing XML comment for publicly visible type or member 'ClosingMarubozuPattern_old.Uncertainty' [c:\Users\Peter\Documents\GitHub\kalshi-trading-bot\BacklashPatterns\BacklashPatterns.csproj]
c:\Users\Peter\Documents\GitHub\kalshi-trading-bot\BacklashPatterns\PatternDefinitions\ClosingMarubozuPattern_old.cs(29,16): error CS1591: Missing XML comment for publicly visible type or member 'ClosingMarubozuPattern_old.ClosingMarubozuPattern_old(List<int>, bool)' [c:\Users\Peter\Documents\GitHub\kalshi-trading-bot\BacklashPatterns\BacklashPatterns.csproj]
c:\Users\Peter\Documents\GitHub\kalshi-trading-bot\BacklashPatterns\PatternDefinitions\ClosingMarubozuPattern_old.cs(34,63): error CS1591: Missing XML comment for publicly visible type or member 'ClosingMarubozuPattern_old.IsPatternAsync(int, Dictionary<int, CandleMetrics>, CandleMids[], int, bool)' [c:\Users\Peter\Documents\GitHub\kalshi-trading-bot\BacklashPatterns\BacklashPatterns.csproj]
c:\Users\Peter\Documents\GitHub\kalshi-trading-bot\BacklashPatterns\PatternDefinitions\ConcealingBabySwallowPattern.cs(65,29): error CS1591: Missing XML comment for publicly visible type or member 'ConcealingBabySwallowPattern.BaseName' [c:\Users\Peter\Documents\GitHub\kalshi-trading-bot\BacklashPatterns\BacklashPatterns.csproj]
c:\Users\Peter\Documents\GitHub\kalshi-trading-bot\BacklashPatterns\PatternDefinitions\ConcealingBabySwallowPattern.cs(66,32): error CS1591: Missing XML comment for publicly visible type or member 'ConcealingBabySwallowPattern.Name' [c:\Users\Peter\Documents\GitHub\kalshi-trading-bot\BacklashPatterns\BacklashPatterns.csproj]
c:\Users\Peter\Documents\GitHub\kalshi-trading-bot\BacklashPatterns\PatternDefinitions\ConcealingBabySwallowPattern.cs(67,32): error CS1591: Missing XML comment for publicly visible type or member 'ConcealingBabySwallowPattern.Strength' [c:\Users\Peter\Documents\GitHub\kalshi-trading-bot\BacklashPatterns\BacklashPatterns.csproj]
c:\Users\Peter\Documents\GitHub\kalshi-trading-bot\BacklashPatterns\PatternDefinitions\ConcealingBabySwallowPattern.cs(68,32): error CS1591: Missing XML comment for publicly visible type or member 'ConcealingBabySwallowPattern.Certainty' [c:\Users\Peter\Documents\GitHub\kalshi-trading-bot\BacklashPatterns\BacklashPatterns.csproj]
c:\Users\Peter\Documents\GitHub\kalshi-trading-bot\BacklashPatterns\PatternDefinitions\ConcealingBabySwallowPattern.cs(69,32): error CS1591: Missing XML comment for publicly visible type or member 'ConcealingBabySwallowPattern.Uncertainty' [c:\Users\Peter\Documents\GitHub\kalshi-trading-bot\BacklashPatterns\BacklashPatterns.csproj]
c:\Users\Peter\Documents\GitHub\kalshi-trading-bot\BacklashPatterns\PatternDefinitions\ConcealingBabySwallowPattern.cs(71,16): error CS1591: Missing XML comment for publicly visible type or member 'ConcealingBabySwallowPattern.ConcealingBabySwallowPattern(List<int>)' [c:\Users\Peter\Documents\GitHub\kalshi-trading-bot\BacklashPatterns\BacklashPatterns.csproj]
c:\Users\Peter\Documents\GitHub\kalshi-trading-bot\BacklashPatterns\PatternDefinitions\ConcealingBabySwallowPattern_old.cs(46,29): error CS1591: Missing XML comment for publicly visible type or member 'ConcealingBabySwallowPattern_old.BaseName' [c:\Users\Peter\Documents\GitHub\kalshi-trading-bot\BacklashPatterns\BacklashPatterns.csproj]
c:\Users\Peter\Documents\GitHub\kalshi-trading-bot\BacklashPatterns\PatternDefinitions\ConcealingBabySwallowPattern_old.cs(47,32): error CS1591: Missing XML comment for publicly visible type or member 'ConcealingBabySwallowPattern_old.Name' [c:\Users\Peter\Documents\GitHub\kalshi-trading-bot\BacklashPatterns\BacklashPatterns.csproj]
c:\Users\Peter\Documents\GitHub\kalshi-trading-bot\BacklashPatterns\PatternDefinitions\ConcealingBabySwallowPattern_old.cs(48,32): error CS1591: Missing XML comment for publicly visible type or member 'ConcealingBabySwallowPattern_old.Strength' [c:\Users\Peter\Documents\GitHub\kalshi-trading-bot\BacklashPatterns\BacklashPatterns.csproj]
c:\Users\Peter\Documents\GitHub\kalshi-trading-bot\BacklashPatterns\PatternDefinitions\ConcealingBabySwallowPattern_old.cs(49,32): error CS1591: Missing XML comment for publicly visible type or member 'ConcealingBabySwallowPattern_old.Certainty' [c:\Users\Peter\Documents\GitHub\kalshi-trading-bot\BacklashPatterns\BacklashPatterns.csproj]
c:\Users\Peter\Documents\GitHub\kalshi-trading-bot\BacklashPatterns\PatternDefinitions\ConcealingBabySwallowPattern_old.cs(50,32): error CS1591: Missing XML comment for publicly visible type or member 'ConcealingBabySwallowPattern_old.Uncertainty' [c:\Users\Peter\Documents\GitHub\kalshi-trading-bot\BacklashPatterns\BacklashPatterns.csproj]
c:\Users\Peter\Documents\GitHub\kalshi-trading-bot\BacklashPatterns\PatternDefinitions\ConcealingBabySwallowPattern_old.cs(52,16): error CS1591: Missing XML comment for publicly visible type or member 'ConcealingBabySwallowPattern_old.ConcealingBabySwallowPattern_old(List<int>)' [c:\Users\Peter\Documents\GitHub\kalshi-trading-bot\BacklashPatterns\BacklashPatterns.csproj]
c:\Users\Peter\Documents\GitHub\kalshi-trading-bot\BacklashPatterns\PatternDefinitions\ConcealingBabySwallowPattern_old.cs(56,65): error CS1591: Missing XML comment for publicly visible type or member 'ConcealingBabySwallowPattern_old.IsPatternAsync(int, CandleMids[], Dictionary<int, CandleMetrics>, int)' [c:\Users\Peter\Documents\GitHub\kalshi-trading-bot\BacklashPatterns\BacklashPatterns.csproj]
c:\Users\Peter\Documents\GitHub\kalshi-trading-bot\BacklashPatterns\PatternDefinitions\CounterattackPattern.cs(120,29): error CS1591: Missing XML comment for publicly visible type or member 'CounterattackPattern2.BaseName' [c:\Users\Peter\Documents\GitHub\kalshi-trading-bot\BacklashPatterns\BacklashPatterns.csproj]
c:\Users\Peter\Documents\GitHub\kalshi-trading-bot\BacklashPatterns\PatternDefinitions\CounterattackPattern.cs(121,32): error CS1591: Missing XML comment for publicly visible type or member 'CounterattackPattern2.Name' [c:\Users\Peter\Documents\GitHub\kalshi-trading-bot\BacklashPatterns\BacklashPatterns.csproj]
c:\Users\Peter\Documents\GitHub\kalshi-trading-bot\BacklashPatterns\PatternDefinitions\CounterattackPattern.cs(123,32): error CS1591: Missing XML comment for publicly visible type or member 'CounterattackPattern2.Strength' [c:\Users\Peter\Documents\GitHub\kalshi-trading-bot\BacklashPatterns\BacklashPatterns.csproj]
c:\Users\Peter\Documents\GitHub\kalshi-trading-bot\BacklashPatterns\PatternDefinitions\CounterattackPattern.cs(124,32): error CS1591: Missing XML comment for publicly visible type or member 'CounterattackPattern2.Certainty' [c:\Users\Peter\Documents\GitHub\kalshi-trading-bot\BacklashPatterns\BacklashPatterns.csproj]
c:\Users\Peter\Documents\GitHub\kalshi-trading-bot\BacklashPatterns\PatternDefinitions\CounterattackPattern.cs(125,32): error CS1591: Missing XML comment for publicly visible type or member 'CounterattackPattern2.Uncertainty' [c:\Users\Peter\Documents\GitHub\kalshi-trading-bot\BacklashPatterns\BacklashPatterns.csproj]
c:\Users\Peter\Documents\GitHub\kalshi-trading-bot\BacklashPatterns\PatternDefinitions\CounterattackPattern.cs(127,16): error CS1591: Missing XML comment for publicly visible type or member 'CounterattackPattern2.CounterattackPattern2(List<int>, bool)' [c:\Users\Peter\Documents\GitHub\kalshi-trading-bot\BacklashPatterns\BacklashPatterns.csproj]
c:\Users\Peter\Documents\GitHub\kalshi-trading-bot\BacklashPatterns\PatternDefinitions\CounterattackPattern_old.cs(47,29): error CS1591: Missing XML comment for publicly visible type or member 'CounterattackPattern.BaseName' [c:\Users\Peter\Documents\GitHub\kalshi-trading-bot\BacklashPatterns\BacklashPatterns.csproj]
c:\Users\Peter\Documents\GitHub\kalshi-trading-bot\BacklashPatterns\PatternDefinitions\CounterattackPattern_old.cs(48,32): error CS1591: Missing XML comment for publicly visible type or member 'CounterattackPattern.Name' [c:\Users\Peter\Documents\GitHub\kalshi-trading-bot\BacklashPatterns\BacklashPatterns.csproj]
c:\Users\Peter\Documents\GitHub\kalshi-trading-bot\BacklashPatterns\PatternDefinitions\CounterattackPattern_old.cs(50,32): error CS1591: Missing XML comment for publicly visible type or member 'CounterattackPattern.Strength' [c:\Users\Peter\Documents\GitHub\kalshi-trading-bot\BacklashPatterns\BacklashPatterns.csproj]
c:\Users\Peter\Documents\GitHub\kalshi-trading-bot\BacklashPatterns\PatternDefinitions\CounterattackPattern_old.cs(51,32): error CS1591: Missing XML comment for publicly visible type or member 'CounterattackPattern.Certainty' [c:\Users\Peter\Documents\GitHub\kalshi-trading-bot\BacklashPatterns\BacklashPatterns.csproj]
c:\Users\Peter\Documents\GitHub\kalshi-trading-bot\BacklashPatterns\PatternDefinitions\CounterattackPattern_old.cs(52,32): error CS1591: Missing XML comment for publicly visible type or member 'CounterattackPattern.Uncertainty' [c:\Users\Peter\Documents\GitHub\kalshi-trading-bot\BacklashPatterns\BacklashPatterns.csproj]
c:\Users\Peter\Documents\GitHub\kalshi-trading-bot\BacklashPatterns\PatternDefinitions\CounterattackPattern_old.cs(54,16): error CS1591: Missing XML comment for publicly visible type or member 'CounterattackPattern.CounterattackPattern(List<int>, bool)' [c:\Users\Peter\Documents\GitHub\kalshi-trading-bot\BacklashPatterns\BacklashPatterns.csproj]
c:\Users\Peter\Documents\GitHub\kalshi-trading-bot\BacklashPatterns\PatternDefinitions\CounterattackPattern_old.cs(59,57): error CS1591: Missing XML comment for publicly visible type or member 'CounterattackPattern.IsPatternAsync(int, int, CandleMids[], Dictionary<int, CandleMetrics>, bool)' [c:\Users\Peter\Documents\GitHub\kalshi-trading-bot\BacklashPatterns\BacklashPatterns.csproj]
c:\Users\Peter\Documents\GitHub\kalshi-trading-bot\BacklashPatterns\PatternDefinitions\DarkCloudCoverPattern_old.cs(36,29): error CS1591: Missing XML comment for publicly visible type or member 'DarkCloudCoverPattern.BaseName' [c:\Users\Peter\Documents\GitHub\kalshi-trading-bot\BacklashPatterns\BacklashPatterns.csproj]
c:\Users\Peter\Documents\GitHub\kalshi-trading-bot\BacklashPatterns\PatternDefinitions\DarkCloudCoverPattern_old.cs(37,32): error CS1591: Missing XML comment for publicly visible type or member 'DarkCloudCoverPattern.Name' [c:\Users\Peter\Documents\GitHub\kalshi-trading-bot\BacklashPatterns\BacklashPatterns.csproj]
c:\Users\Peter\Documents\GitHub\kalshi-trading-bot\BacklashPatterns\PatternDefinitions\DarkCloudCoverPattern_old.cs(38,32): error CS1591: Missing XML comment for publicly visible type or member 'DarkCloudCoverPattern.Strength' [c:\Users\Peter\Documents\GitHub\kalshi-trading-bot\BacklashPatterns\BacklashPatterns.csproj]
c:\Users\Peter\Documents\GitHub\kalshi-trading-bot\BacklashPatterns\PatternDefinitions\DarkCloudCoverPattern_old.cs(39,32): error CS1591: Missing XML comment for publicly visible type or member 'DarkCloudCoverPattern.Certainty' [c:\Users\Peter\Documents\GitHub\kalshi-trading-bot\BacklashPatterns\BacklashPatterns.csproj]
c:\Users\Peter\Documents\GitHub\kalshi-trading-bot\BacklashPatterns\PatternDefinitions\DarkCloudCoverPattern_old.cs(40,32): error CS1591: Missing XML comment for publicly visible type or member 'DarkCloudCoverPattern.Uncertainty' [c:\Users\Peter\Documents\GitHub\kalshi-trading-bot\BacklashPatterns\BacklashPatterns.csproj]
c:\Users\Peter\Documents\GitHub\kalshi-trading-bot\BacklashPatterns\PatternDefinitions\DarkCloudCoverPattern_old.cs(42,16): error CS1591: Missing XML comment for publicly visible type or member 'DarkCloudCoverPattern.DarkCloudCoverPattern(List<int>)' [c:\Users\Peter\Documents\GitHub\kalshi-trading-bot\BacklashPatterns\BacklashPatterns.csproj]
c:\Users\Peter\Documents\GitHub\kalshi-trading-bot\BacklashPatterns\PatternDefinitions\DarkCloudCoverPattern_old.cs(46,58): error CS1591: Missing XML comment for publicly visible type or member 'DarkCloudCoverPattern.IsPatternAsync(int, CandleMids[], int, Dictionary<int, CandleMetrics>)' [c:\Users\Peter\Documents\GitHub\kalshi-trading-bot\BacklashPatterns\BacklashPatterns.csproj]
c:\Users\Peter\Documents\GitHub\kalshi-trading-bot\BacklashPatterns\PatternDefinitions\DojiPattern.cs(64,29): error CS1591: Missing XML comment for publicly visible type or member 'DojiPattern.BaseName' [c:\Users\Peter\Documents\GitHub\kalshi-trading-bot\BacklashPatterns\BacklashPatterns.csproj]
c:\Users\Peter\Documents\GitHub\kalshi-trading-bot\BacklashPatterns\PatternDefinitions\DojiPattern.cs(65,32): error CS1591: Missing XML comment for publicly visible type or member 'DojiPattern.Name' [c:\Users\Peter\Documents\GitHub\kalshi-trading-bot\BacklashPatterns\BacklashPatterns.csproj]
c:\Users\Peter\Documents\GitHub\kalshi-trading-bot\BacklashPatterns\PatternDefinitions\DojiPattern.cs(66,32): error CS1591: Missing XML comment for publicly visible type or member 'DojiPattern.Strength' [c:\Users\Peter\Documents\GitHub\kalshi-trading-bot\BacklashPatterns\BacklashPatterns.csproj]
c:\Users\Peter\Documents\GitHub\kalshi-trading-bot\BacklashPatterns\PatternDefinitions\DojiPattern.cs(67,32): error CS1591: Missing XML comment for publicly visible type or member 'DojiPattern.Certainty' [c:\Users\Peter\Documents\GitHub\kalshi-trading-bot\BacklashPatterns\BacklashPatterns.csproj]
c:\Users\Peter\Documents\GitHub\kalshi-trading-bot\BacklashPatterns\PatternDefinitions\DojiPattern.cs(68,32): error CS1591: Missing XML comment for publicly visible type or member 'DojiPattern.Uncertainty' [c:\Users\Peter\Documents\GitHub\kalshi-trading-bot\BacklashPatterns\BacklashPatterns.csproj]
c:\Users\Peter\Documents\GitHub\kalshi-trading-bot\BacklashPatterns\PatternDefinitions\EveningDojiStarPattern.cs(6,18): error CS1591: Missing XML comment for publicly visible type or member 'EveningDojiStarPattern' [c:\Users\Peter\Documents\GitHub\kalshi-trading-bot\BacklashPatterns\BacklashPatterns.csproj]
c:\Users\Peter\Documents\GitHub\kalshi-trading-bot\BacklashPatterns\PatternDefinitions\EveningDojiStarPattern.cs(35,29): error CS1591: Missing XML comment for publicly visible type or member 'EveningDojiStarPattern.BaseName' [c:\Users\Peter\Documents\GitHub\kalshi-trading-bot\BacklashPatterns\BacklashPatterns.csproj]
c:\Users\Peter\Documents\GitHub\kalshi-trading-bot\BacklashPatterns\PatternDefinitions\EveningDojiStarPattern.cs(36,32): error CS1591: Missing XML comment for publicly visible type or member 'EveningDojiStarPattern.Name' [c:\Users\Peter\Documents\GitHub\kalshi-trading-bot\BacklashPatterns\BacklashPatterns.csproj]
c:\Users\Peter\Documents\GitHub\kalshi-trading-bot\BacklashPatterns\PatternDefinitions\EveningDojiStarPattern.cs(37,32): error CS1591: Missing XML comment for publicly visible type or member 'EveningDojiStarPattern.Strength' [c:\Users\Peter\Documents\GitHub\kalshi-trading-bot\BacklashPatterns\BacklashPatterns.csproj]
c:\Users\Peter\Documents\GitHub\kalshi-trading-bot\BacklashPatterns\PatternDefinitions\EveningDojiStarPattern.cs(38,32): error CS1591: Missing XML comment for publicly visible type or member 'EveningDojiStarPattern.Certainty' [c:\Users\Peter\Documents\GitHub\kalshi-trading-bot\BacklashPatterns\BacklashPatterns.csproj]
c:\Users\Peter\Documents\GitHub\kalshi-trading-bot\BacklashPatterns\PatternDefinitions\EveningDojiStarPattern.cs(39,32): error CS1591: Missing XML comment for publicly visible type or member 'EveningDojiStarPattern.Uncertainty' [c:\Users\Peter\Documents\GitHub\kalshi-trading-bot\BacklashPatterns\BacklashPatterns.csproj]
c:\Users\Peter\Documents\GitHub\kalshi-trading-bot\BacklashPatterns\PatternDefinitions\EveningDojiStarPattern.cs(40,16): error CS1591: Missing XML comment for publicly visible type or member 'EveningDojiStarPattern.EveningDojiStarPattern(List<int>)' [c:\Users\Peter\Documents\GitHub\kalshi-trading-bot\BacklashPatterns\BacklashPatterns.csproj]
c:\Users\Peter\Documents\GitHub\kalshi-trading-bot\BacklashPatterns\PatternDefinitions\EveningDojiStarPattern.cs(44,59): error CS1591: Missing XML comment for publicly visible type or member 'EveningDojiStarPattern.IsPatternAsync(int, int, CandleMids[], Dictionary<int, CandleMetrics>)' [c:\Users\Peter\Documents\GitHub\kalshi-trading-bot\BacklashPatterns\BacklashPatterns.csproj]
c:\Users\Peter\Documents\GitHub\kalshi-trading-bot\BacklashPatterns\PatternDefinitions\HangingManPattern.cs(50,29): error CS1591: Missing XML comment for publicly visible type or member 'HangingManPattern.BaseName' [c:\Users\Peter\Documents\GitHub\kalshi-trading-bot\BacklashPatterns\BacklashPatterns.csproj]
c:\Users\Peter\Documents\GitHub\kalshi-trading-bot\BacklashPatterns\PatternDefinitions\HangingManPattern.cs(51,32): error CS1591: Missing XML comment for publicly visible type or member 'HangingManPattern.Name' [c:\Users\Peter\Documents\GitHub\kalshi-trading-bot\BacklashPatterns\BacklashPatterns.csproj]
c:\Users\Peter\Documents\GitHub\kalshi-trading-bot\BacklashPatterns\PatternDefinitions\HangingManPattern.cs(52,32): error CS1591: Missing XML comment for publicly visible type or member 'HangingManPattern.Strength' [c:\Users\Peter\Documents\GitHub\kalshi-trading-bot\BacklashPatterns\BacklashPatterns.csproj]
c:\Users\Peter\Documents\GitHub\kalshi-trading-bot\BacklashPatterns\PatternDefinitions\HangingManPattern.cs(53,32): error CS1591: Missing XML comment for publicly visible type or member 'HangingManPattern.Certainty' [c:\Users\Peter\Documents\GitHub\kalshi-trading-bot\BacklashPatterns\BacklashPatterns.csproj]
c:\Users\Peter\Documents\GitHub\kalshi-trading-bot\BacklashPatterns\PatternDefinitions\HangingManPattern.cs(54,32): error CS1591: Missing XML comment for publicly visible type or member 'HangingManPattern.Uncertainty' [c:\Users\Peter\Documents\GitHub\kalshi-trading-bot\BacklashPatterns\BacklashPatterns.csproj]
c:\Users\Peter\Documents\GitHub\kalshi-trading-bot\BacklashPatterns\PatternDefinitions\HangingManPattern.cs(56,16): error CS1591: Missing XML comment for publicly visible type or member 'HangingManPattern.HangingManPattern(List<int>)' [c:\Users\Peter\Documents\GitHub\kalshi-trading-bot\BacklashPatterns\BacklashPatterns.csproj]
c:\Users\Peter\Documents\GitHub\kalshi-trading-bot\BacklashPatterns\PatternDefinitions\HangingManPattern.cs(60,54): error CS1591: Missing XML comment for publicly visible type or member 'HangingManPattern.IsPatternAsync(Dictionary<int, CandleMetrics>, int, CandleMids[], int)' [c:\Users\Peter\Documents\GitHub\kalshi-trading-bot\BacklashPatterns\BacklashPatterns.csproj]
c:\Users\Peter\Documents\GitHub\kalshi-trading-bot\BacklashPatterns\PatternDefinitions\HaramiPattern.cs(43,29): error CS1591: Missing XML comment for publicly visible type or member 'HaramiPattern.BaseName' [c:\Users\Peter\Documents\GitHub\kalshi-trading-bot\BacklashPatterns\BacklashPatterns.csproj]
c:\Users\Peter\Documents\GitHub\kalshi-trading-bot\BacklashPatterns\PatternDefinitions\HaramiPattern.cs(44,32): error CS1591: Missing XML comment for publicly visible type or member 'HaramiPattern.Name' [c:\Users\Peter\Documents\GitHub\kalshi-trading-bot\BacklashPatterns\BacklashPatterns.csproj]
c:\Users\Peter\Documents\GitHub\kalshi-trading-bot\BacklashPatterns\PatternDefinitions\HaramiPattern.cs(46,32): error CS1591: Missing XML comment for publicly visible type or member 'HaramiPattern.Strength' [c:\Users\Peter\Documents\GitHub\kalshi-trading-bot\BacklashPatterns\BacklashPatterns.csproj]
c:\Users\Peter\Documents\GitHub\kalshi-trading-bot\BacklashPatterns\PatternDefinitions\HaramiPattern.cs(47,32): error CS1591: Missing XML comment for publicly visible type or member 'HaramiPattern.Certainty' [c:\Users\Peter\Documents\GitHub\kalshi-trading-bot\BacklashPatterns\BacklashPatterns.csproj]
c:\Users\Peter\Documents\GitHub\kalshi-trading-bot\BacklashPatterns\PatternDefinitions\HaramiPattern.cs(48,32): error CS1591: Missing XML comment for publicly visible type or member 'HaramiPattern.Uncertainty' [c:\Users\Peter\Documents\GitHub\kalshi-trading-bot\BacklashPatterns\BacklashPatterns.csproj]
c:\Users\Peter\Documents\GitHub\kalshi-trading-bot\BacklashPatterns\PatternDefinitions\HaramiPattern.cs(50,16): error CS1591: Missing XML comment for publicly visible type or member 'HaramiPattern.HaramiPattern(List<int>, bool)' [c:\Users\Peter\Documents\GitHub\kalshi-trading-bot\BacklashPatterns\BacklashPatterns.csproj]
c:\Users\Peter\Documents\GitHub\kalshi-trading-bot\BacklashPatterns\PatternDefinitions\HaramiPattern.cs(55,50): error CS1591: Missing XML comment for publicly visible type or member 'HaramiPattern.IsPatternAsync(int, int, Dictionary<int, CandleMetrics>, CandleMids[], bool)' [c:\Users\Peter\Documents\GitHub\kalshi-trading-bot\BacklashPatterns\BacklashPatterns.csproj]
c:\Users\Peter\Documents\GitHub\kalshi-trading-bot\BacklashPatterns\PatternDefinitions\HighWaveCandlePattern.cs(50,29): error CS1591: Missing XML comment for publicly visible type or member 'HighWaveCandlePattern.BaseName' [c:\Users\Peter\Documents\GitHub\kalshi-trading-bot\BacklashPatterns\BacklashPatterns.csproj]
c:\Users\Peter\Documents\GitHub\kalshi-trading-bot\BacklashPatterns\PatternDefinitions\HighWaveCandlePattern.cs(51,32): error CS1591: Missing XML comment for publicly visible type or member 'HighWaveCandlePattern.Name' [c:\Users\Peter\Documents\GitHub\kalshi-trading-bot\BacklashPatterns\BacklashPatterns.csproj]
c:\Users\Peter\Documents\GitHub\kalshi-trading-bot\BacklashPatterns\PatternDefinitions\HighWaveCandlePattern.cs(52,32): error CS1591: Missing XML comment for publicly visible type or member 'HighWaveCandlePattern.Strength' [c:\Users\Peter\Documents\GitHub\kalshi-trading-bot\BacklashPatterns\BacklashPatterns.csproj]
c:\Users\Peter\Documents\GitHub\kalshi-trading-bot\BacklashPatterns\PatternDefinitions\HighWaveCandlePattern.cs(53,32): error CS1591: Missing XML comment for publicly visible type or member 'HighWaveCandlePattern.Certainty' [c:\Users\Peter\Documents\GitHub\kalshi-trading-bot\BacklashPatterns\BacklashPatterns.csproj]
c:\Users\Peter\Documents\GitHub\kalshi-trading-bot\BacklashPatterns\PatternDefinitions\HighWaveCandlePattern.cs(54,32): error CS1591: Missing XML comment for publicly visible type or member 'HighWaveCandlePattern.Uncertainty' [c:\Users\Peter\Documents\GitHub\kalshi-trading-bot\BacklashPatterns\BacklashPatterns.csproj]
c:\Users\Peter\Documents\GitHub\kalshi-trading-bot\BacklashPatterns\PatternDefinitions\HighWaveCandlePattern.cs(56,16): error CS1591: Missing XML comment for publicly visible type or member 'HighWaveCandlePattern.HighWaveCandlePattern(List<int>)' [c:\Users\Peter\Documents\GitHub\kalshi-trading-bot\BacklashPatterns\BacklashPatterns.csproj]
c:\Users\Peter\Documents\GitHub\kalshi-trading-bot\BacklashPatterns\PatternDefinitions\HighWaveCandlePattern.cs(60,58): error CS1591: Missing XML comment for publicly visible type or member 'HighWaveCandlePattern.IsPatternAsync(int, int, CandleMids[], Dictionary<int, CandleMetrics>)' [c:\Users\Peter\Documents\GitHub\kalshi-trading-bot\BacklashPatterns\BacklashPatterns.csproj]
c:\Users\Peter\Documents\GitHub\kalshi-trading-bot\BacklashPatterns\PatternDefinitions\HikkakePattern.cs(39,29): error CS1591: Missing XML comment for publicly visible type or member 'HikkakePattern.BaseName' [c:\Users\Peter\Documents\GitHub\kalshi-trading-bot\BacklashPatterns\BacklashPatterns.csproj]
c:\Users\Peter\Documents\GitHub\kalshi-trading-bot\BacklashPatterns\PatternDefinitions\HikkakePattern.cs(40,32): error CS1591: Missing XML comment for publicly visible type or member 'HikkakePattern.Name' [c:\Users\Peter\Documents\GitHub\kalshi-trading-bot\BacklashPatterns\BacklashPatterns.csproj]
c:\Users\Peter\Documents\GitHub\kalshi-trading-bot\BacklashPatterns\PatternDefinitions\HikkakePattern.cs(42,32): error CS1591: Missing XML comment for publicly visible type or member 'HikkakePattern.Strength' [c:\Users\Peter\Documents\GitHub\kalshi-trading-bot\BacklashPatterns\BacklashPatterns.csproj]
c:\Users\Peter\Documents\GitHub\kalshi-trading-bot\BacklashPatterns\PatternDefinitions\HikkakePattern.cs(43,32): error CS1591: Missing XML comment for publicly visible type or member 'HikkakePattern.Certainty' [c:\Users\Peter\Documents\GitHub\kalshi-trading-bot\BacklashPatterns\BacklashPatterns.csproj]
c:\Users\Peter\Documents\GitHub\kalshi-trading-bot\BacklashPatterns\PatternDefinitions\HikkakePattern.cs(44,32): error CS1591: Missing XML comment for publicly visible type or member 'HikkakePattern.Uncertainty' [c:\Users\Peter\Documents\GitHub\kalshi-trading-bot\BacklashPatterns\BacklashPatterns.csproj]
c:\Users\Peter\Documents\GitHub\kalshi-trading-bot\BacklashPatterns\PatternDefinitions\HikkakePattern.cs(46,16): error CS1591: Missing XML comment for publicly visible type or member 'HikkakePattern.HikkakePattern(List<int>, bool)' [c:\Users\Peter\Documents\GitHub\kalshi-trading-bot\BacklashPatterns\BacklashPatterns.csproj]
c:\Users\Peter\Documents\GitHub\kalshi-trading-bot\BacklashPatterns\PatternDefinitions\HikkakePattern.cs(51,51): error CS1591: Missing XML comment for publicly visible type or member 'HikkakePattern.IsPatternAsync(int, int, bool, CandleMids[], Dictionary<int, CandleMetrics>)' [c:\Users\Peter\Documents\GitHub\kalshi-trading-bot\BacklashPatterns\BacklashPatterns.csproj]
c:\Users\Peter\Documents\GitHub\kalshi-trading-bot\BacklashPatterns\PatternDefinitions\HomingPigeonPattern.cs(43,29): error CS1591: Missing XML comment for publicly visible type or member 'HomingPigeonPattern.BaseName' [c:\Users\Peter\Documents\GitHub\kalshi-trading-bot\BacklashPatterns\BacklashPatterns.csproj]
c:\Users\Peter\Documents\GitHub\kalshi-trading-bot\BacklashPatterns\PatternDefinitions\HomingPigeonPattern.cs(44,32): error CS1591: Missing XML comment for publicly visible type or member 'HomingPigeonPattern.Name' [c:\Users\Peter\Documents\GitHub\kalshi-trading-bot\BacklashPatterns\BacklashPatterns.csproj]
c:\Users\Peter\Documents\GitHub\kalshi-trading-bot\BacklashPatterns\PatternDefinitions\HomingPigeonPattern.cs(45,32): error CS1591: Missing XML comment for publicly visible type or member 'HomingPigeonPattern.Strength' [c:\Users\Peter\Documents\GitHub\kalshi-trading-bot\BacklashPatterns\BacklashPatterns.csproj]
c:\Users\Peter\Documents\GitHub\kalshi-trading-bot\BacklashPatterns\PatternDefinitions\HomingPigeonPattern.cs(46,32): error CS1591: Missing XML comment for publicly visible type or member 'HomingPigeonPattern.Certainty' [c:\Users\Peter\Documents\GitHub\kalshi-trading-bot\BacklashPatterns\BacklashPatterns.csproj]
c:\Users\Peter\Documents\GitHub\kalshi-trading-bot\BacklashPatterns\PatternDefinitions\HomingPigeonPattern.cs(47,32): error CS1591: Missing XML comment for publicly visible type or member 'HomingPigeonPattern.Uncertainty' [c:\Users\Peter\Documents\GitHub\kalshi-trading-bot\BacklashPatterns\BacklashPatterns.csproj]
c:\Users\Peter\Documents\GitHub\kalshi-trading-bot\BacklashPatterns\PatternDefinitions\HomingPigeonPattern.cs(49,16): error CS1591: Missing XML comment for publicly visible type or member 'HomingPigeonPattern.HomingPigeonPattern(List<int>)' [c:\Users\Peter\Documents\GitHub\kalshi-trading-bot\BacklashPatterns\BacklashPatterns.csproj]
c:\Users\Peter\Documents\GitHub\kalshi-trading-bot\BacklashPatterns\PatternDefinitions\HomingPigeonPattern.cs(53,56): error CS1591: Missing XML comment for publicly visible type or member 'HomingPigeonPattern.IsPatternAsync(int, int, Dictionary<int, CandleMetrics>, CandleMids[])' [c:\Users\Peter\Documents\GitHub\kalshi-trading-bot\BacklashPatterns\BacklashPatterns.csproj]
c:\Users\Peter\Documents\GitHub\kalshi-trading-bot\BacklashPatterns\PatternDefinitions\IdenticalThreeCrowsPattern.cs(49,29): error CS1591: Missing XML comment for publicly visible type or member 'IdenticalThreeCrowsPattern.BaseName' [c:\Users\Peter\Documents\GitHub\kalshi-trading-bot\BacklashPatterns\BacklashPatterns.csproj]
c:\Users\Peter\Documents\GitHub\kalshi-trading-bot\BacklashPatterns\PatternDefinitions\IdenticalThreeCrowsPattern.cs(50,32): error CS1591: Missing XML comment for publicly visible type or member 'IdenticalThreeCrowsPattern.Name' [c:\Users\Peter\Documents\GitHub\kalshi-trading-bot\BacklashPatterns\BacklashPatterns.csproj]
c:\Users\Peter\Documents\GitHub\kalshi-trading-bot\BacklashPatterns\PatternDefinitions\IdenticalThreeCrowsPattern.cs(51,32): error CS1591: Missing XML comment for publicly visible type or member 'IdenticalThreeCrowsPattern.Strength' [c:\Users\Peter\Documents\GitHub\kalshi-trading-bot\BacklashPatterns\BacklashPatterns.csproj]
c:\Users\Peter\Documents\GitHub\kalshi-trading-bot\BacklashPatterns\PatternDefinitions\IdenticalThreeCrowsPattern.cs(52,32): error CS1591: Missing XML comment for publicly visible type or member 'IdenticalThreeCrowsPattern.Certainty' [c:\Users\Peter\Documents\GitHub\kalshi-trading-bot\BacklashPatterns\BacklashPatterns.csproj]
c:\Users\Peter\Documents\GitHub\kalshi-trading-bot\BacklashPatterns\PatternDefinitions\IdenticalThreeCrowsPattern.cs(53,32): error CS1591: Missing XML comment for publicly visible type or member 'IdenticalThreeCrowsPattern.Uncertainty' [c:\Users\Peter\Documents\GitHub\kalshi-trading-bot\BacklashPatterns\BacklashPatterns.csproj]
c:\Users\Peter\Documents\GitHub\kalshi-trading-bot\BacklashPatterns\PatternDefinitions\IdenticalThreeCrowsPattern.cs(55,16): error CS1591: Missing XML comment for publicly visible type or member 'IdenticalThreeCrowsPattern.IdenticalThreeCrowsPattern(List<int>)' [c:\Users\Peter\Documents\GitHub\kalshi-trading-bot\BacklashPatterns\BacklashPatterns.csproj]
c:\Users\Peter\Documents\GitHub\kalshi-trading-bot\BacklashPatterns\PatternDefinitions\IdenticalThreeCrowsPattern.cs(59,63): error CS1591: Missing XML comment for publicly visible type or member 'IdenticalThreeCrowsPattern.IsPatternAsync(int, CandleMids[], int, Dictionary<int, CandleMetrics>)' [c:\Users\Peter\Documents\GitHub\kalshi-trading-bot\BacklashPatterns\BacklashPatterns.csproj]
c:\Users\Peter\Documents\GitHub\kalshi-trading-bot\BacklashPatterns\PatternDefinitions\InNeckPattern.cs(53,29): error CS1591: Missing XML comment for publicly visible type or member 'InNeckPattern.BaseName' [c:\Users\Peter\Documents\GitHub\kalshi-trading-bot\BacklashPatterns\BacklashPatterns.csproj]
c:\Users\Peter\Documents\GitHub\kalshi-trading-bot\BacklashPatterns\PatternDefinitions\InNeckPattern.cs(54,32): error CS1591: Missing XML comment for publicly visible type or member 'InNeckPattern.Name' [c:\Users\Peter\Documents\GitHub\kalshi-trading-bot\BacklashPatterns\BacklashPatterns.csproj]
c:\Users\Peter\Documents\GitHub\kalshi-trading-bot\BacklashPatterns\PatternDefinitions\InNeckPattern.cs(55,32): error CS1591: Missing XML comment for publicly visible type or member 'InNeckPattern.Strength' [c:\Users\Peter\Documents\GitHub\kalshi-trading-bot\BacklashPatterns\BacklashPatterns.csproj]
c:\Users\Peter\Documents\GitHub\kalshi-trading-bot\BacklashPatterns\PatternDefinitions\InNeckPattern.cs(56,32): error CS1591: Missing XML comment for publicly visible type or member 'InNeckPattern.Certainty' [c:\Users\Peter\Documents\GitHub\kalshi-trading-bot\BacklashPatterns\BacklashPatterns.csproj]
c:\Users\Peter\Documents\GitHub\kalshi-trading-bot\BacklashPatterns\PatternDefinitions\InNeckPattern.cs(57,32): error CS1591: Missing XML comment for publicly visible type or member 'InNeckPattern.Uncertainty' [c:\Users\Peter\Documents\GitHub\kalshi-trading-bot\BacklashPatterns\BacklashPatterns.csproj]
c:\Users\Peter\Documents\GitHub\kalshi-trading-bot\BacklashPatterns\PatternDefinitions\InNeckPattern.cs(59,16): error CS1591: Missing XML comment for publicly visible type or member 'InNeckPattern.InNeckPattern(List<int>)' [c:\Users\Peter\Documents\GitHub\kalshi-trading-bot\BacklashPatterns\BacklashPatterns.csproj]
c:\Users\Peter\Documents\GitHub\kalshi-trading-bot\BacklashPatterns\PatternDefinitions\InNeckPattern.cs(63,50): error CS1591: Missing XML comment for publicly visible type or member 'InNeckPattern.IsPatternAsync(int, int, Dictionary<int, CandleMetrics>, CandleMids[])' [c:\Users\Peter\Documents\GitHub\kalshi-trading-bot\BacklashPatterns\BacklashPatterns.csproj]
c:\Users\Peter\Documents\GitHub\kalshi-trading-bot\BacklashPatterns\PatternDefinitions\InvertedHammerPattern.cs(61,29): error CS1591: Missing XML comment for publicly visible type or member 'InvertedHammerPattern.BaseName' [c:\Users\Peter\Documents\GitHub\kalshi-trading-bot\BacklashPatterns\BacklashPatterns.csproj]
c:\Users\Peter\Documents\GitHub\kalshi-trading-bot\BacklashPatterns\PatternDefinitions\InvertedHammerPattern.cs(62,32): error CS1591: Missing XML comment for publicly visible type or member 'InvertedHammerPattern.Name' [c:\Users\Peter\Documents\GitHub\kalshi-trading-bot\BacklashPatterns\BacklashPatterns.csproj]
c:\Users\Peter\Documents\GitHub\kalshi-trading-bot\BacklashPatterns\PatternDefinitions\InvertedHammerPattern.cs(63,32): error CS1591: Missing XML comment for publicly visible type or member 'InvertedHammerPattern.Strength' [c:\Users\Peter\Documents\GitHub\kalshi-trading-bot\BacklashPatterns\BacklashPatterns.csproj]
c:\Users\Peter\Documents\GitHub\kalshi-trading-bot\BacklashPatterns\PatternDefinitions\InvertedHammerPattern.cs(64,32): error CS1591: Missing XML comment for publicly visible type or member 'InvertedHammerPattern.Certainty' [c:\Users\Peter\Documents\GitHub\kalshi-trading-bot\BacklashPatterns\BacklashPatterns.csproj]
c:\Users\Peter\Documents\GitHub\kalshi-trading-bot\BacklashPatterns\PatternDefinitions\InvertedHammerPattern.cs(65,32): error CS1591: Missing XML comment for publicly visible type or member 'InvertedHammerPattern.Uncertainty' [c:\Users\Peter\Documents\GitHub\kalshi-trading-bot\BacklashPatterns\BacklashPatterns.csproj]
c:\Users\Peter\Documents\GitHub\kalshi-trading-bot\BacklashPatterns\PatternDefinitions\InvertedHammerPattern.cs(67,16): error CS1591: Missing XML comment for publicly visible type or member 'InvertedHammerPattern.InvertedHammerPattern(List<int>)' [c:\Users\Peter\Documents\GitHub\kalshi-trading-bot\BacklashPatterns\BacklashPatterns.csproj]
c:\Users\Peter\Documents\GitHub\kalshi-trading-bot\BacklashPatterns\PatternDefinitions\InvertedHammerPattern.cs(71,58): error CS1591: Missing XML comment for publicly visible type or member 'InvertedHammerPattern.IsPatternAsync(Dictionary<int, CandleMetrics>, int, int, CandleMids[])' [c:\Users\Peter\Documents\GitHub\kalshi-trading-bot\BacklashPatterns\BacklashPatterns.csproj]
c:\Users\Peter\Documents\GitHub\kalshi-trading-bot\BacklashPatterns\PatternDefinitions\KickingByLengthPattern.cs(6,18): error CS1591: Missing XML comment for publicly visible type or member 'KickingByLengthPattern' [c:\Users\Peter\Documents\GitHub\kalshi-trading-bot\BacklashPatterns\BacklashPatterns.csproj]
c:\Users\Peter\Documents\GitHub\kalshi-trading-bot\BacklashPatterns\PatternDefinitions\KickingByLengthPattern.cs(39,29): error CS1591: Missing XML comment for publicly visible type or member 'KickingByLengthPattern.BaseName' [c:\Users\Peter\Documents\GitHub\kalshi-trading-bot\BacklashPatterns\BacklashPatterns.csproj]
c:\Users\Peter\Documents\GitHub\kalshi-trading-bot\BacklashPatterns\PatternDefinitions\KickingByLengthPattern.cs(40,32): error CS1591: Missing XML comment for publicly visible type or member 'KickingByLengthPattern.Name' [c:\Users\Peter\Documents\GitHub\kalshi-trading-bot\BacklashPatterns\BacklashPatterns.csproj]
c:\Users\Peter\Documents\GitHub\kalshi-trading-bot\BacklashPatterns\PatternDefinitions\KickingByLengthPattern.cs(42,32): error CS1591: Missing XML comment for publicly visible type or member 'KickingByLengthPattern.Strength' [c:\Users\Peter\Documents\GitHub\kalshi-trading-bot\BacklashPatterns\BacklashPatterns.csproj]
c:\Users\Peter\Documents\GitHub\kalshi-trading-bot\BacklashPatterns\PatternDefinitions\KickingByLengthPattern.cs(43,32): error CS1591: Missing XML comment for publicly visible type or member 'KickingByLengthPattern.Certainty' [c:\Users\Peter\Documents\GitHub\kalshi-trading-bot\BacklashPatterns\BacklashPatterns.csproj]
c:\Users\Peter\Documents\GitHub\kalshi-trading-bot\BacklashPatterns\PatternDefinitions\KickingByLengthPattern.cs(44,32): error CS1591: Missing XML comment for publicly visible type or member 'KickingByLengthPattern.Uncertainty' [c:\Users\Peter\Documents\GitHub\kalshi-trading-bot\BacklashPatterns\BacklashPatterns.csproj]
c:\Users\Peter\Documents\GitHub\kalshi-trading-bot\BacklashPatterns\PatternDefinitions\KickingByLengthPattern.cs(46,16): error CS1591: Missing XML comment for publicly visible type or member 'KickingByLengthPattern.KickingByLengthPattern(List<int>, bool)' [c:\Users\Peter\Documents\GitHub\kalshi-trading-bot\BacklashPatterns\BacklashPatterns.csproj]
c:\Users\Peter\Documents\GitHub\kalshi-trading-bot\BacklashPatterns\PatternDefinitions\KickingPattern.cs(6,18): error CS1591: Missing XML comment for publicly visible type or member 'KickingPattern' [c:\Users\Peter\Documents\GitHub\kalshi-trading-bot\BacklashPatterns\BacklashPatterns.csproj]
c:\Users\Peter\Documents\GitHub\kalshi-trading-bot\BacklashPatterns\PatternDefinitions\KickingPattern.cs(39,29): error CS1591: Missing XML comment for publicly visible type or member 'KickingPattern.BaseName' [c:\Users\Peter\Documents\GitHub\kalshi-trading-bot\BacklashPatterns\BacklashPatterns.csproj]
c:\Users\Peter\Documents\GitHub\kalshi-trading-bot\BacklashPatterns\PatternDefinitions\KickingPattern.cs(40,32): error CS1591: Missing XML comment for publicly visible type or member 'KickingPattern.Name' [c:\Users\Peter\Documents\GitHub\kalshi-trading-bot\BacklashPatterns\BacklashPatterns.csproj]
c:\Users\Peter\Documents\GitHub\kalshi-trading-bot\BacklashPatterns\PatternDefinitions\KickingPattern.cs(42,32): error CS1591: Missing XML comment for publicly visible type or member 'KickingPattern.Strength' [c:\Users\Peter\Documents\GitHub\kalshi-trading-bot\BacklashPatterns\BacklashPatterns.csproj]
c:\Users\Peter\Documents\GitHub\kalshi-trading-bot\BacklashPatterns\PatternDefinitions\KickingPattern.cs(43,32): error CS1591: Missing XML comment for publicly visible type or member 'KickingPattern.Certainty' [c:\Users\Peter\Documents\GitHub\kalshi-trading-bot\BacklashPatterns\BacklashPatterns.csproj]
c:\Users\Peter\Documents\GitHub\kalshi-trading-bot\BacklashPatterns\PatternDefinitions\KickingPattern.cs(44,32): error CS1591: Missing XML comment for publicly visible type or member 'KickingPattern.Uncertainty' [c:\Users\Peter\Documents\GitHub\kalshi-trading-bot\BacklashPatterns\BacklashPatterns.csproj]
c:\Users\Peter\Documents\GitHub\kalshi-trading-bot\BacklashPatterns\PatternDefinitions\KickingPattern.cs(46,16): error CS1591: Missing XML comment for publicly visible type or member 'KickingPattern.KickingPattern(List<int>, bool)' [c:\Users\Peter\Documents\GitHub\kalshi-trading-bot\BacklashPatterns\BacklashPatterns.csproj]
c:\Users\Peter\Documents\GitHub\kalshi-trading-bot\BacklashPatterns\PatternDefinitions\LadderBottomPattern.cs(6,18): error CS1591: Missing XML comment for publicly visible type or member 'LadderBottomPattern' [c:\Users\Peter\Documents\GitHub\kalshi-trading-bot\BacklashPatterns\BacklashPatterns.csproj]
c:\Users\Peter\Documents\GitHub\kalshi-trading-bot\BacklashPatterns\PatternDefinitions\LadderBottomPattern.cs(31,29): error CS1591: Missing XML comment for publicly visible type or member 'LadderBottomPattern.BaseName' [c:\Users\Peter\Documents\GitHub\kalshi-trading-bot\BacklashPatterns\BacklashPatterns.csproj]
c:\Users\Peter\Documents\GitHub\kalshi-trading-bot\BacklashPatterns\PatternDefinitions\LadderBottomPattern.cs(32,32): error CS1591: Missing XML comment for publicly visible type or member 'LadderBottomPattern.Name' [c:\Users\Peter\Documents\GitHub\kalshi-trading-bot\BacklashPatterns\BacklashPatterns.csproj]
c:\Users\Peter\Documents\GitHub\kalshi-trading-bot\BacklashPatterns\PatternDefinitions\LadderBottomPattern.cs(33,32): error CS1591: Missing XML comment for publicly visible type or member 'LadderBottomPattern.Strength' [c:\Users\Peter\Documents\GitHub\kalshi-trading-bot\BacklashPatterns\BacklashPatterns.csproj]
c:\Users\Peter\Documents\GitHub\kalshi-trading-bot\BacklashPatterns\PatternDefinitions\LadderBottomPattern.cs(34,32): error CS1591: Missing XML comment for publicly visible type or member 'LadderBottomPattern.Certainty' [c:\Users\Peter\Documents\GitHub\kalshi-trading-bot\BacklashPatterns\BacklashPatterns.csproj]
c:\Users\Peter\Documents\GitHub\kalshi-trading-bot\BacklashPatterns\PatternDefinitions\LadderBottomPattern.cs(35,32): error CS1591: Missing XML comment for publicly visible type or member 'LadderBottomPattern.Uncertainty' [c:\Users\Peter\Documents\GitHub\kalshi-trading-bot\BacklashPatterns\BacklashPatterns.csproj]
c:\Users\Peter\Documents\GitHub\kalshi-trading-bot\BacklashPatterns\PatternDefinitions\LadderBottomPattern.cs(37,16): error CS1591: Missing XML comment for publicly visible type or member 'LadderBottomPattern.LadderBottomPattern(List<int>)' [c:\Users\Peter\Documents\GitHub\kalshi-trading-bot\BacklashPatterns\BacklashPatterns.csproj]
c:\Users\Peter\Documents\GitHub\kalshi-trading-bot\BacklashPatterns\PatternDefinitions\LongLeggedDojiPattern.cs(6,18): error CS1591: Missing XML comment for publicly visible type or member 'LongLeggedDojiPattern' [c:\Users\Peter\Documents\GitHub\kalshi-trading-bot\BacklashPatterns\BacklashPatterns.csproj]
c:\Users\Peter\Documents\GitHub\kalshi-trading-bot\BacklashPatterns\PatternDefinitions\LongLeggedDojiPattern.cs(48,29): error CS1591: Missing XML comment for publicly visible type or member 'LongLeggedDojiPattern.BaseName' [c:\Users\Peter\Documents\GitHub\kalshi-trading-bot\BacklashPatterns\BacklashPatterns.csproj]
c:\Users\Peter\Documents\GitHub\kalshi-trading-bot\BacklashPatterns\PatternDefinitions\LongLeggedDojiPattern.cs(49,32): error CS1591: Missing XML comment for publicly visible type or member 'LongLeggedDojiPattern.Name' [c:\Users\Peter\Documents\GitHub\kalshi-trading-bot\BacklashPatterns\BacklashPatterns.csproj]
c:\Users\Peter\Documents\GitHub\kalshi-trading-bot\BacklashPatterns\PatternDefinitions\LongLeggedDojiPattern.cs(50,32): error CS1591: Missing XML comment for publicly visible type or member 'LongLeggedDojiPattern.Strength' [c:\Users\Peter\Documents\GitHub\kalshi-trading-bot\BacklashPatterns\BacklashPatterns.csproj]
c:\Users\Peter\Documents\GitHub\kalshi-trading-bot\BacklashPatterns\PatternDefinitions\LongLeggedDojiPattern.cs(51,32): error CS1591: Missing XML comment for publicly visible type or member 'LongLeggedDojiPattern.Certainty' [c:\Users\Peter\Documents\GitHub\kalshi-trading-bot\BacklashPatterns\BacklashPatterns.csproj]
c:\Users\Peter\Documents\GitHub\kalshi-trading-bot\BacklashPatterns\PatternDefinitions\LongLeggedDojiPattern.cs(52,32): error CS1591: Missing XML comment for publicly visible type or member 'LongLeggedDojiPattern.Uncertainty' [c:\Users\Peter\Documents\GitHub\kalshi-trading-bot\BacklashPatterns\BacklashPatterns.csproj]
c:\Users\Peter\Documents\GitHub\kalshi-trading-bot\BacklashPatterns\PatternDefinitions\LongLeggedDojiPattern.cs(54,16): error CS1591: Missing XML comment for publicly visible type or member 'LongLeggedDojiPattern.LongLeggedDojiPattern(List<int>)' [c:\Users\Peter\Documents\GitHub\kalshi-trading-bot\BacklashPatterns\BacklashPatterns.csproj]
c:\Users\Peter\Documents\GitHub\kalshi-trading-bot\BacklashPatterns\PatternDefinitions\LongLineCandlePattern.cs(6,18): error CS1591: Missing XML comment for publicly visible type or member 'LongLineCandlePattern' [c:\Users\Peter\Documents\GitHub\kalshi-trading-bot\BacklashPatterns\BacklashPatterns.csproj]
c:\Users\Peter\Documents\GitHub\kalshi-trading-bot\BacklashPatterns\PatternDefinitions\LongLineCandlePattern.cs(37,29): error CS1591: Missing XML comment for publicly visible type or member 'LongLineCandlePattern.BaseName' [c:\Users\Peter\Documents\GitHub\kalshi-trading-bot\BacklashPatterns\BacklashPatterns.csproj]
c:\Users\Peter\Documents\GitHub\kalshi-trading-bot\BacklashPatterns\PatternDefinitions\LongLineCandlePattern.cs(38,32): error CS1591: Missing XML comment for publicly visible type or member 'LongLineCandlePattern.Name' [c:\Users\Peter\Documents\GitHub\kalshi-trading-bot\BacklashPatterns\BacklashPatterns.csproj]
c:\Users\Peter\Documents\GitHub\kalshi-trading-bot\BacklashPatterns\PatternDefinitions\LongLineCandlePattern.cs(39,32): error CS1591: Missing XML comment for publicly visible type or member 'LongLineCandlePattern.Strength' [c:\Users\Peter\Documents\GitHub\kalshi-trading-bot\BacklashPatterns\BacklashPatterns.csproj]
c:\Users\Peter\Documents\GitHub\kalshi-trading-bot\BacklashPatterns\PatternDefinitions\LongLineCandlePattern.cs(40,32): error CS1591: Missing XML comment for publicly visible type or member 'LongLineCandlePattern.Certainty' [c:\Users\Peter\Documents\GitHub\kalshi-trading-bot\BacklashPatterns\BacklashPatterns.csproj]
c:\Users\Peter\Documents\GitHub\kalshi-trading-bot\BacklashPatterns\PatternDefinitions\LongLineCandlePattern.cs(41,32): error CS1591: Missing XML comment for publicly visible type or member 'LongLineCandlePattern.Uncertainty' [c:\Users\Peter\Documents\GitHub\kalshi-trading-bot\BacklashPatterns\BacklashPatterns.csproj]
c:\Users\Peter\Documents\GitHub\kalshi-trading-bot\BacklashPatterns\PatternDefinitions\LongLineCandlePattern.cs(44,16): error CS1591: Missing XML comment for publicly visible type or member 'LongLineCandlePattern.LongLineCandlePattern(List<int>, bool)' [c:\Users\Peter\Documents\GitHub\kalshi-trading-bot\BacklashPatterns\BacklashPatterns.csproj]
c:\Users\Peter\Documents\GitHub\kalshi-trading-bot\BacklashPatterns\PatternDefinitions\MarubozuPattern.cs(6,18): error CS1591: Missing XML comment for publicly visible type or member 'MarubozuPattern' [c:\Users\Peter\Documents\GitHub\kalshi-trading-bot\BacklashPatterns\BacklashPatterns.csproj]
c:\Users\Peter\Documents\GitHub\kalshi-trading-bot\BacklashPatterns\PatternDefinitions\MarubozuPattern.cs(19,29): error CS1591: Missing XML comment for publicly visible type or member 'MarubozuPattern.BaseName' [c:\Users\Peter\Documents\GitHub\kalshi-trading-bot\BacklashPatterns\BacklashPatterns.csproj]
c:\Users\Peter\Documents\GitHub\kalshi-trading-bot\BacklashPatterns\PatternDefinitions\MarubozuPattern.cs(20,32): error CS1591: Missing XML comment for publicly visible type or member 'MarubozuPattern.Name' [c:\Users\Peter\Documents\GitHub\kalshi-trading-bot\BacklashPatterns\BacklashPatterns.csproj]
c:\Users\Peter\Documents\GitHub\kalshi-trading-bot\BacklashPatterns\PatternDefinitions\MarubozuPattern.cs(21,32): error CS1591: Missing XML comment for publicly visible type or member 'MarubozuPattern.Strength' [c:\Users\Peter\Documents\GitHub\kalshi-trading-bot\BacklashPatterns\BacklashPatterns.csproj]
c:\Users\Peter\Documents\GitHub\kalshi-trading-bot\BacklashPatterns\PatternDefinitions\MarubozuPattern.cs(22,32): error CS1591: Missing XML comment for publicly visible type or member 'MarubozuPattern.Certainty' [c:\Users\Peter\Documents\GitHub\kalshi-trading-bot\BacklashPatterns\BacklashPatterns.csproj]
c:\Users\Peter\Documents\GitHub\kalshi-trading-bot\BacklashPatterns\PatternDefinitions\MarubozuPattern.cs(23,32): error CS1591: Missing XML comment for publicly visible type or member 'MarubozuPattern.Uncertainty' [c:\Users\Peter\Documents\GitHub\kalshi-trading-bot\BacklashPatterns\BacklashPatterns.csproj]
c:\Users\Peter\Documents\GitHub\kalshi-trading-bot\BacklashPatterns\PatternDefinitions\MarubozuPattern.cs(26,16): error CS1591: Missing XML comment for publicly visible type or member 'MarubozuPattern.MarubozuPattern(List<int>, bool)' [c:\Users\Peter\Documents\GitHub\kalshi-trading-bot\BacklashPatterns\BacklashPatterns.csproj]
c:\Users\Peter\Documents\GitHub\kalshi-trading-bot\BacklashPatterns\PatternDefinitions\MatHoldPattern.cs(6,18): error CS1591: Missing XML comment for publicly visible type or member 'MatHoldPattern' [c:\Users\Peter\Documents\GitHub\kalshi-trading-bot\BacklashPatterns\BacklashPatterns.csproj]
c:\Users\Peter\Documents\GitHub\kalshi-trading-bot\BacklashPatterns\PatternDefinitions\MatHoldPattern.cs(42,29): error CS1591: Missing XML comment for publicly visible type or member 'MatHoldPattern.BaseName' [c:\Users\Peter\Documents\GitHub\kalshi-trading-bot\BacklashPatterns\BacklashPatterns.csproj]
c:\Users\Peter\Documents\GitHub\kalshi-trading-bot\BacklashPatterns\PatternDefinitions\MatHoldPattern.cs(43,32): error CS1591: Missing XML comment for publicly visible type or member 'MatHoldPattern.Name' [c:\Users\Peter\Documents\GitHub\kalshi-trading-bot\BacklashPatterns\BacklashPatterns.csproj]
c:\Users\Peter\Documents\GitHub\kalshi-trading-bot\BacklashPatterns\PatternDefinitions\MatHoldPattern.cs(44,32): error CS1591: Missing XML comment for publicly visible type or member 'MatHoldPattern.Strength' [c:\Users\Peter\Documents\GitHub\kalshi-trading-bot\BacklashPatterns\BacklashPatterns.csproj]
c:\Users\Peter\Documents\GitHub\kalshi-trading-bot\BacklashPatterns\PatternDefinitions\MatHoldPattern.cs(45,32): error CS1591: Missing XML comment for publicly visible type or member 'MatHoldPattern.Certainty' [c:\Users\Peter\Documents\GitHub\kalshi-trading-bot\BacklashPatterns\BacklashPatterns.csproj]
c:\Users\Peter\Documents\GitHub\kalshi-trading-bot\BacklashPatterns\PatternDefinitions\MatHoldPattern.cs(46,32): error CS1591: Missing XML comment for publicly visible type or member 'MatHoldPattern.Uncertainty' [c:\Users\Peter\Documents\GitHub\kalshi-trading-bot\BacklashPatterns\BacklashPatterns.csproj]
c:\Users\Peter\Documents\GitHub\kalshi-trading-bot\BacklashPatterns\PatternDefinitions\MatHoldPattern.cs(49,16): error CS1591: Missing XML comment for publicly visible type or member 'MatHoldPattern.MatHoldPattern(List<int>, bool)' [c:\Users\Peter\Documents\GitHub\kalshi-trading-bot\BacklashPatterns\BacklashPatterns.csproj]
c:\Users\Peter\Documents\GitHub\kalshi-trading-bot\BacklashPatterns\PatternDefinitions\ModifiedHikkakePattern.cs(6,18): error CS1591: Missing XML comment for publicly visible type or member 'ModifiedHikkakePattern' [c:\Users\Peter\Documents\GitHub\kalshi-trading-bot\BacklashPatterns\BacklashPatterns.csproj]
c:\Users\Peter\Documents\GitHub\kalshi-trading-bot\BacklashPatterns\PatternDefinitions\ModifiedHikkakePattern.cs(14,29): error CS1591: Missing XML comment for publicly visible type or member 'ModifiedHikkakePattern.BaseName' [c:\Users\Peter\Documents\GitHub\kalshi-trading-bot\BacklashPatterns\BacklashPatterns.csproj]
c:\Users\Peter\Documents\GitHub\kalshi-trading-bot\BacklashPatterns\PatternDefinitions\ModifiedHikkakePattern.cs(15,32): error CS1591: Missing XML comment for publicly visible type or member 'ModifiedHikkakePattern.Name' [c:\Users\Peter\Documents\GitHub\kalshi-trading-bot\BacklashPatterns\BacklashPatterns.csproj]
c:\Users\Peter\Documents\GitHub\kalshi-trading-bot\BacklashPatterns\PatternDefinitions\ModifiedHikkakePattern.cs(16,32): error CS1591: Missing XML comment for publicly visible type or member 'ModifiedHikkakePattern.Strength' [c:\Users\Peter\Documents\GitHub\kalshi-trading-bot\BacklashPatterns\BacklashPatterns.csproj]
c:\Users\Peter\Documents\GitHub\kalshi-trading-bot\BacklashPatterns\PatternDefinitions\ModifiedHikkakePattern.cs(17,32): error CS1591: Missing XML comment for publicly visible type or member 'ModifiedHikkakePattern.Certainty' [c:\Users\Peter\Documents\GitHub\kalshi-trading-bot\BacklashPatterns\BacklashPatterns.csproj]
c:\Users\Peter\Documents\GitHub\kalshi-trading-bot\BacklashPatterns\PatternDefinitions\ModifiedHikkakePattern.cs(18,32): error CS1591: Missing XML comment for publicly visible type or member 'ModifiedHikkakePattern.Uncertainty' [c:\Users\Peter\Documents\GitHub\kalshi-trading-bot\BacklashPatterns\BacklashPatterns.csproj]
c:\Users\Peter\Documents\GitHub\kalshi-trading-bot\BacklashPatterns\PatternDefinitions\ModifiedHikkakePattern.cs(21,16): error CS1591: Missing XML comment for publicly visible type or member 'ModifiedHikkakePattern.ModifiedHikkakePattern(List<int>, bool)' [c:\Users\Peter\Documents\GitHub\kalshi-trading-bot\BacklashPatterns\BacklashPatterns.csproj]
c:\Users\Peter\Documents\GitHub\kalshi-trading-bot\BacklashPatterns\PatternDefinitions\MorningDojiStarPattern.cs(17,18): error CS1591: Missing XML comment for publicly visible type or member 'MorningDojiStarPattern' [c:\Users\Peter\Documents\GitHub\kalshi-trading-bot\BacklashPatterns\BacklashPatterns.csproj]
c:\Users\Peter\Documents\GitHub\kalshi-trading-bot\BacklashPatterns\PatternDefinitions\MorningDojiStarPattern.cs(53,29): error CS1591: Missing XML comment for publicly visible type or member 'MorningDojiStarPattern.BaseName' [c:\Users\Peter\Documents\GitHub\kalshi-trading-bot\BacklashPatterns\BacklashPatterns.csproj]
c:\Users\Peter\Documents\GitHub\kalshi-trading-bot\BacklashPatterns\PatternDefinitions\MorningDojiStarPattern.cs(54,32): error CS1591: Missing XML comment for publicly visible type or member 'MorningDojiStarPattern.Name' [c:\Users\Peter\Documents\GitHub\kalshi-trading-bot\BacklashPatterns\BacklashPatterns.csproj]
c:\Users\Peter\Documents\GitHub\kalshi-trading-bot\BacklashPatterns\PatternDefinitions\MorningDojiStarPattern.cs(55,32): error CS1591: Missing XML comment for publicly visible type or member 'MorningDojiStarPattern.Strength' [c:\Users\Peter\Documents\GitHub\kalshi-trading-bot\BacklashPatterns\BacklashPatterns.csproj]
c:\Users\Peter\Documents\GitHub\kalshi-trading-bot\BacklashPatterns\PatternDefinitions\MorningDojiStarPattern.cs(56,32): error CS1591: Missing XML comment for publicly visible type or member 'MorningDojiStarPattern.Certainty' [c:\Users\Peter\Documents\GitHub\kalshi-trading-bot\BacklashPatterns\BacklashPatterns.csproj]
c:\Users\Peter\Documents\GitHub\kalshi-trading-bot\BacklashPatterns\PatternDefinitions\MorningDojiStarPattern.cs(57,32): error CS1591: Missing XML comment for publicly visible type or member 'MorningDojiStarPattern.Uncertainty' [c:\Users\Peter\Documents\GitHub\kalshi-trading-bot\BacklashPatterns\BacklashPatterns.csproj]
c:\Users\Peter\Documents\GitHub\kalshi-trading-bot\BacklashPatterns\PatternDefinitions\MorningDojiStarPattern.cs(58,16): error CS1591: Missing XML comment for publicly visible type or member 'MorningDojiStarPattern.MorningDojiStarPattern(List<int>)' [c:\Users\Peter\Documents\GitHub\kalshi-trading-bot\BacklashPatterns\BacklashPatterns.csproj]
c:\Users\Peter\Documents\GitHub\kalshi-trading-bot\BacklashPatterns\PatternDefinitions\MorningDojiStarPattern.cs(62,59): error CS1591: Missing XML comment for publicly visible type or member 'MorningDojiStarPattern.IsPatternAsync(int, int, CandleMids[], Dictionary<int, CandleMetrics>)' [c:\Users\Peter\Documents\GitHub\kalshi-trading-bot\BacklashPatterns\BacklashPatterns.csproj]
c:\Users\Peter\Documents\GitHub\kalshi-trading-bot\BacklashPatterns\PatternDefinitions\MorningStarPattern.cs(17,18): error CS1591: Missing XML comment for publicly visible type or member 'MorningStarPattern' [c:\Users\Peter\Documents\GitHub\kalshi-trading-bot\BacklashPatterns\BacklashPatterns.csproj]
c:\Users\Peter\Documents\GitHub\kalshi-trading-bot\BacklashPatterns\PatternDefinitions\MorningStarPattern.cs(60,29): error CS1591: Missing XML comment for publicly visible type or member 'MorningStarPattern.BaseName' [c:\Users\Peter\Documents\GitHub\kalshi-trading-bot\BacklashPatterns\BacklashPatterns.csproj]
c:\Users\Peter\Documents\GitHub\kalshi-trading-bot\BacklashPatterns\PatternDefinitions\MorningStarPattern.cs(61,32): error CS1591: Missing XML comment for publicly visible type or member 'MorningStarPattern.Name' [c:\Users\Peter\Documents\GitHub\kalshi-trading-bot\BacklashPatterns\BacklashPatterns.csproj]
c:\Users\Peter\Documents\GitHub\kalshi-trading-bot\BacklashPatterns\PatternDefinitions\MorningStarPattern.cs(62,32): error CS1591: Missing XML comment for publicly visible type or member 'MorningStarPattern.Strength' [c:\Users\Peter\Documents\GitHub\kalshi-trading-bot\BacklashPatterns\BacklashPatterns.csproj]
c:\Users\Peter\Documents\GitHub\kalshi-trading-bot\BacklashPatterns\PatternDefinitions\MorningStarPattern.cs(63,32): error CS1591: Missing XML comment for publicly visible type or member 'MorningStarPattern.Certainty' [c:\Users\Peter\Documents\GitHub\kalshi-trading-bot\BacklashPatterns\BacklashPatterns.csproj]
c:\Users\Peter\Documents\GitHub\kalshi-trading-bot\BacklashPatterns\PatternDefinitions\MorningStarPattern.cs(64,32): error CS1591: Missing XML comment for publicly visible type or member 'MorningStarPattern.Uncertainty' [c:\Users\Peter\Documents\GitHub\kalshi-trading-bot\BacklashPatterns\BacklashPatterns.csproj]
c:\Users\Peter\Documents\GitHub\kalshi-trading-bot\BacklashPatterns\PatternDefinitions\MorningStarPattern.cs(65,16): error CS1591: Missing XML comment for publicly visible type or member 'MorningStarPattern.MorningStarPattern(List<int>)' [c:\Users\Peter\Documents\GitHub\kalshi-trading-bot\BacklashPatterns\BacklashPatterns.csproj]
c:\Users\Peter\Documents\GitHub\kalshi-trading-bot\BacklashPatterns\PatternDefinitions\MorningStarPattern.cs(69,55): error CS1591: Missing XML comment for publicly visible type or member 'MorningStarPattern.IsPatternAsync(int, int, CandleMids[], Dictionary<int, CandleMetrics>)' [c:\Users\Peter\Documents\GitHub\kalshi-trading-bot\BacklashPatterns\BacklashPatterns.csproj]
c:\Users\Peter\Documents\GitHub\kalshi-trading-bot\BacklashPatterns\PatternDefinitions\OnNeckPattern.cs(17,18): error CS1591: Missing XML comment for publicly visible type or member 'OnNeckPattern' [c:\Users\Peter\Documents\GitHub\kalshi-trading-bot\BacklashPatterns\BacklashPatterns.csproj]
c:\Users\Peter\Documents\GitHub\kalshi-trading-bot\BacklashPatterns\PatternDefinitions\OnNeckPattern.cs(46,29): error CS1591: Missing XML comment for publicly visible type or member 'OnNeckPattern.BaseName' [c:\Users\Peter\Documents\GitHub\kalshi-trading-bot\BacklashPatterns\BacklashPatterns.csproj]
c:\Users\Peter\Documents\GitHub\kalshi-trading-bot\BacklashPatterns\PatternDefinitions\OnNeckPattern.cs(47,32): error CS1591: Missing XML comment for publicly visible type or member 'OnNeckPattern.Name' [c:\Users\Peter\Documents\GitHub\kalshi-trading-bot\BacklashPatterns\BacklashPatterns.csproj]
c:\Users\Peter\Documents\GitHub\kalshi-trading-bot\BacklashPatterns\PatternDefinitions\OnNeckPattern.cs(48,32): error CS1591: Missing XML comment for publicly visible type or member 'OnNeckPattern.Strength' [c:\Users\Peter\Documents\GitHub\kalshi-trading-bot\BacklashPatterns\BacklashPatterns.csproj]
c:\Users\Peter\Documents\GitHub\kalshi-trading-bot\BacklashPatterns\PatternDefinitions\OnNeckPattern.cs(49,32): error CS1591: Missing XML comment for publicly visible type or member 'OnNeckPattern.Certainty' [c:\Users\Peter\Documents\GitHub\kalshi-trading-bot\BacklashPatterns\BacklashPatterns.csproj]
c:\Users\Peter\Documents\GitHub\kalshi-trading-bot\BacklashPatterns\PatternDefinitions\OnNeckPattern.cs(50,32): error CS1591: Missing XML comment for publicly visible type or member 'OnNeckPattern.Uncertainty' [c:\Users\Peter\Documents\GitHub\kalshi-trading-bot\BacklashPatterns\BacklashPatterns.csproj]
c:\Users\Peter\Documents\GitHub\kalshi-trading-bot\BacklashPatterns\PatternDefinitions\OnNeckPattern.cs(51,16): error CS1591: Missing XML comment for publicly visible type or member 'OnNeckPattern.OnNeckPattern(List<int>)' [c:\Users\Peter\Documents\GitHub\kalshi-trading-bot\BacklashPatterns\BacklashPatterns.csproj]
c:\Users\Peter\Documents\GitHub\kalshi-trading-bot\BacklashPatterns\PatternDefinitions\OnNeckPattern.cs(55,50): error CS1591: Missing XML comment for publicly visible type or member 'OnNeckPattern.IsPatternAsync(int, int, Dictionary<int, CandleMetrics>, CandleMids[])' [c:\Users\Peter\Documents\GitHub\kalshi-trading-bot\BacklashPatterns\BacklashPatterns.csproj]
c:\Users\Peter\Documents\GitHub\kalshi-trading-bot\BacklashPatterns\PatternDefinitions\PatternDefinition.cs(3,27): error CS1591: Missing XML comment for publicly visible type or member 'PatternDefinition' [c:\Users\Peter\Documents\GitHub\kalshi-trading-bot\BacklashPatterns\BacklashPatterns.csproj]
c:\Users\Peter\Documents\GitHub\kalshi-trading-bot\BacklashPatterns\PatternDefinitions\PatternDefinition.cs(7,32): error CS1591: Missing XML comment for publicly visible type or member 'PatternDefinition.Name' [c:\Users\Peter\Documents\GitHub\kalshi-trading-bot\BacklashPatterns\BacklashPatterns.csproj]
c:\Users\Peter\Documents\GitHub\kalshi-trading-bot\BacklashPatterns\PatternDefinitions\PatternDefinition.cs(8,32): error CS1591: Missing XML comment for publicly visible type or member 'PatternDefinition.Strength' [c:\Users\Peter\Documents\GitHub\kalshi-trading-bot\BacklashPatterns\BacklashPatterns.csproj]
c:\Users\Peter\Documents\GitHub\kalshi-trading-bot\BacklashPatterns\PatternDefinitions\PatternDefinition.cs(9,32): error CS1591: Missing XML comment for publicly visible type or member 'PatternDefinition.Certainty' [c:\Users\Peter\Documents\GitHub\kalshi-trading-bot\BacklashPatterns\BacklashPatterns.csproj]
c:\Users\Peter\Documents\GitHub\kalshi-trading-bot\BacklashPatterns\PatternDefinitions\PatternDefinition.cs(10,32): error CS1591: Missing XML comment for publicly visible type or member 'PatternDefinition.Uncertainty' [c:\Users\Peter\Documents\GitHub\kalshi-trading-bot\BacklashPatterns\BacklashPatterns.csproj]
c:\Users\Peter\Documents\GitHub\kalshi-trading-bot\BacklashPatterns\PatternDefinitions\PatternDefinition.cs(13,26): error CS1591: Missing XML comment for publicly visible type or member 'PatternDefinition.Candles' [c:\Users\Peter\Documents\GitHub\kalshi-trading-bot\BacklashPatterns\BacklashPatterns.csproj]
c:\Users\Peter\Documents\GitHub\kalshi-trading-bot\BacklashPatterns\PatternDefinitions\PatternDefinition.cs(16,19): error CS1591: Missing XML comment for publicly visible type or member 'PatternDefinition.PatternDefinition(List<int>)' [c:\Users\Peter\Documents\GitHub\kalshi-trading-bot\BacklashPatterns\BacklashPatterns.csproj]
c:\Users\Peter\Documents\GitHub\kalshi-trading-bot\BacklashPatterns\PatternDefinitions\PiercingPattern.cs(6,18): error CS1591: Missing XML comment for publicly visible type or member 'PiercingPattern' [c:\Users\Peter\Documents\GitHub\kalshi-trading-bot\BacklashPatterns\BacklashPatterns.csproj]
c:\Users\Peter\Documents\GitHub\kalshi-trading-bot\BacklashPatterns\PatternDefinitions\PiercingPattern.cs(49,29): error CS1591: Missing XML comment for publicly visible type or member 'PiercingPattern.BaseName' [c:\Users\Peter\Documents\GitHub\kalshi-trading-bot\BacklashPatterns\BacklashPatterns.csproj]
c:\Users\Peter\Documents\GitHub\kalshi-trading-bot\BacklashPatterns\PatternDefinitions\PiercingPattern.cs(50,32): error CS1591: Missing XML comment for publicly visible type or member 'PiercingPattern.Name' [c:\Users\Peter\Documents\GitHub\kalshi-trading-bot\BacklashPatterns\BacklashPatterns.csproj]
c:\Users\Peter\Documents\GitHub\kalshi-trading-bot\BacklashPatterns\PatternDefinitions\PiercingPattern.cs(51,32): error CS1591: Missing XML comment for publicly visible type or member 'PiercingPattern.Strength' [c:\Users\Peter\Documents\GitHub\kalshi-trading-bot\BacklashPatterns\BacklashPatterns.csproj]
c:\Users\Peter\Documents\GitHub\kalshi-trading-bot\BacklashPatterns\PatternDefinitions\PiercingPattern.cs(52,32): error CS1591: Missing XML comment for publicly visible type or member 'PiercingPattern.Certainty' [c:\Users\Peter\Documents\GitHub\kalshi-trading-bot\BacklashPatterns\BacklashPatterns.csproj]
c:\Users\Peter\Documents\GitHub\kalshi-trading-bot\BacklashPatterns\PatternDefinitions\PiercingPattern.cs(53,32): error CS1591: Missing XML comment for publicly visible type or member 'PiercingPattern.Uncertainty' [c:\Users\Peter\Documents\GitHub\kalshi-trading-bot\BacklashPatterns\BacklashPatterns.csproj]
c:\Users\Peter\Documents\GitHub\kalshi-trading-bot\BacklashPatterns\PatternDefinitions\PiercingPattern.cs(55,16): error CS1591: Missing XML comment for publicly visible type or member 'PiercingPattern.PiercingPattern(List<int>)' [c:\Users\Peter\Documents\GitHub\kalshi-trading-bot\BacklashPatterns\BacklashPatterns.csproj]
c:\Users\Peter\Documents\GitHub\kalshi-trading-bot\BacklashPatterns\PatternDefinitions\RickshawManPattern.cs(6,18): error CS1591: Missing XML comment for publicly visible type or member 'RickshawManPattern' [c:\Users\Peter\Documents\GitHub\kalshi-trading-bot\BacklashPatterns\BacklashPatterns.csproj]
c:\Users\Peter\Documents\GitHub\kalshi-trading-bot\BacklashPatterns\PatternDefinitions\RickshawManPattern.cs(63,29): error CS1591: Missing XML comment for publicly visible type or member 'RickshawManPattern.BaseName' [c:\Users\Peter\Documents\GitHub\kalshi-trading-bot\BacklashPatterns\BacklashPatterns.csproj]
c:\Users\Peter\Documents\GitHub\kalshi-trading-bot\BacklashPatterns\PatternDefinitions\RickshawManPattern.cs(64,32): error CS1591: Missing XML comment for publicly visible type or member 'RickshawManPattern.Name' [c:\Users\Peter\Documents\GitHub\kalshi-trading-bot\BacklashPatterns\BacklashPatterns.csproj]
c:\Users\Peter\Documents\GitHub\kalshi-trading-bot\BacklashPatterns\PatternDefinitions\RickshawManPattern.cs(65,32): error CS1591: Missing XML comment for publicly visible type or member 'RickshawManPattern.Strength' [c:\Users\Peter\Documents\GitHub\kalshi-trading-bot\BacklashPatterns\BacklashPatterns.csproj]
c:\Users\Peter\Documents\GitHub\kalshi-trading-bot\BacklashPatterns\PatternDefinitions\RickshawManPattern.cs(66,32): error CS1591: Missing XML comment for publicly visible type or member 'RickshawManPattern.Certainty' [c:\Users\Peter\Documents\GitHub\kalshi-trading-bot\BacklashPatterns\BacklashPatterns.csproj]
c:\Users\Peter\Documents\GitHub\kalshi-trading-bot\BacklashPatterns\PatternDefinitions\RickshawManPattern.cs(67,32): error CS1591: Missing XML comment for publicly visible type or member 'RickshawManPattern.Uncertainty' [c:\Users\Peter\Documents\GitHub\kalshi-trading-bot\BacklashPatterns\BacklashPatterns.csproj]
c:\Users\Peter\Documents\GitHub\kalshi-trading-bot\BacklashPatterns\PatternDefinitions\RickshawManPattern.cs(69,16): error CS1591: Missing XML comment for publicly visible type or member 'RickshawManPattern.RickshawManPattern(List<int>)' [c:\Users\Peter\Documents\GitHub\kalshi-trading-bot\BacklashPatterns\BacklashPatterns.csproj]
c:\Users\Peter\Documents\GitHub\kalshi-trading-bot\BacklashPatterns\PatternDefinitions\RisingFallingThreeMethodsPattern.cs(6,18): error CS1591: Missing XML comment for publicly visible type or member 'RisingFallingThreeMethodsPattern' [c:\Users\Peter\Documents\GitHub\kalshi-trading-bot\BacklashPatterns\BacklashPatterns.csproj]
c:\Users\Peter\Documents\GitHub\kalshi-trading-bot\BacklashPatterns\PatternDefinitions\RisingFallingThreeMethodsPattern.cs(43,29): error CS1591: Missing XML comment for publicly visible type or member 'RisingFallingThreeMethodsPattern.BaseName' [c:\Users\Peter\Documents\GitHub\kalshi-trading-bot\BacklashPatterns\BacklashPatterns.csproj]
c:\Users\Peter\Documents\GitHub\kalshi-trading-bot\BacklashPatterns\PatternDefinitions\RisingFallingThreeMethodsPattern.cs(44,32): error CS1591: Missing XML comment for publicly visible type or member 'RisingFallingThreeMethodsPattern.Name' [c:\Users\Peter\Documents\GitHub\kalshi-trading-bot\BacklashPatterns\BacklashPatterns.csproj]
c:\Users\Peter\Documents\GitHub\kalshi-trading-bot\BacklashPatterns\PatternDefinitions\RisingFallingThreeMethodsPattern.cs(45,32): error CS1591: Missing XML comment for publicly visible type or member 'RisingFallingThreeMethodsPattern.Strength' [c:\Users\Peter\Documents\GitHub\kalshi-trading-bot\BacklashPatterns\BacklashPatterns.csproj]
c:\Users\Peter\Documents\GitHub\kalshi-trading-bot\BacklashPatterns\PatternDefinitions\RisingFallingThreeMethodsPattern.cs(46,32): error CS1591: Missing XML comment for publicly visible type or member 'RisingFallingThreeMethodsPattern.Certainty' [c:\Users\Peter\Documents\GitHub\kalshi-trading-bot\BacklashPatterns\BacklashPatterns.csproj]
c:\Users\Peter\Documents\GitHub\kalshi-trading-bot\BacklashPatterns\PatternDefinitions\RisingFallingThreeMethodsPattern.cs(47,32): error CS1591: Missing XML comment for publicly visible type or member 'RisingFallingThreeMethodsPattern.Uncertainty' [c:\Users\Peter\Documents\GitHub\kalshi-trading-bot\BacklashPatterns\BacklashPatterns.csproj]
c:\Users\Peter\Documents\GitHub\kalshi-trading-bot\BacklashPatterns\PatternDefinitions\RisingFallingThreeMethodsPattern.cs(49,16): error CS1591: Missing XML comment for publicly visible type or member 'RisingFallingThreeMethodsPattern.RisingFallingThreeMethodsPattern(List<int>)' [c:\Users\Peter\Documents\GitHub\kalshi-trading-bot\BacklashPatterns\BacklashPatterns.csproj]
c:\Users\Peter\Documents\GitHub\kalshi-trading-bot\BacklashPatterns\PatternDefinitions\SeparatingLinesPattern.cs(6,18): error CS1591: Missing XML comment for publicly visible type or member 'SeparatingLinesPattern' [c:\Users\Peter\Documents\GitHub\kalshi-trading-bot\BacklashPatterns\BacklashPatterns.csproj]
c:\Users\Peter\Documents\GitHub\kalshi-trading-bot\BacklashPatterns\PatternDefinitions\SeparatingLinesPattern.cs(26,29): error CS1591: Missing XML comment for publicly visible type or member 'SeparatingLinesPattern.BaseName' [c:\Users\Peter\Documents\GitHub\kalshi-trading-bot\BacklashPatterns\BacklashPatterns.csproj]
c:\Users\Peter\Documents\GitHub\kalshi-trading-bot\BacklashPatterns\PatternDefinitions\SeparatingLinesPattern.cs(27,32): error CS1591: Missing XML comment for publicly visible type or member 'SeparatingLinesPattern.Name' [c:\Users\Peter\Documents\GitHub\kalshi-trading-bot\BacklashPatterns\BacklashPatterns.csproj]
c:\Users\Peter\Documents\GitHub\kalshi-trading-bot\BacklashPatterns\PatternDefinitions\SeparatingLinesPattern.cs(28,32): error CS1591: Missing XML comment for publicly visible type or member 'SeparatingLinesPattern.Strength' [c:\Users\Peter\Documents\GitHub\kalshi-trading-bot\BacklashPatterns\BacklashPatterns.csproj]
c:\Users\Peter\Documents\GitHub\kalshi-trading-bot\BacklashPatterns\PatternDefinitions\SeparatingLinesPattern.cs(29,32): error CS1591: Missing XML comment for publicly visible type or member 'SeparatingLinesPattern.Certainty' [c:\Users\Peter\Documents\GitHub\kalshi-trading-bot\BacklashPatterns\BacklashPatterns.csproj]
c:\Users\Peter\Documents\GitHub\kalshi-trading-bot\BacklashPatterns\PatternDefinitions\SeparatingLinesPattern.cs(30,32): error CS1591: Missing XML comment for publicly visible type or member 'SeparatingLinesPattern.Uncertainty' [c:\Users\Peter\Documents\GitHub\kalshi-trading-bot\BacklashPatterns\BacklashPatterns.csproj]
c:\Users\Peter\Documents\GitHub\kalshi-trading-bot\BacklashPatterns\PatternDefinitions\SeparatingLinesPattern.cs(33,16): error CS1591: Missing XML comment for publicly visible type or member 'SeparatingLinesPattern.SeparatingLinesPattern(List<int>, bool)' [c:\Users\Peter\Documents\GitHub\kalshi-trading-bot\BacklashPatterns\BacklashPatterns.csproj]
c:\Users\Peter\Documents\GitHub\kalshi-trading-bot\BacklashPatterns\PatternDefinitions\ShootingStarPattern.cs(60,29): error CS1591: Missing XML comment for publicly visible type or member 'ShootingStarPattern.BaseName' [c:\Users\Peter\Documents\GitHub\kalshi-trading-bot\BacklashPatterns\BacklashPatterns.csproj]
c:\Users\Peter\Documents\GitHub\kalshi-trading-bot\BacklashPatterns\PatternDefinitions\ShootingStarPattern.cs(61,32): error CS1591: Missing XML comment for publicly visible type or member 'ShootingStarPattern.Name' [c:\Users\Peter\Documents\GitHub\kalshi-trading-bot\BacklashPatterns\BacklashPatterns.csproj]
c:\Users\Peter\Documents\GitHub\kalshi-trading-bot\BacklashPatterns\PatternDefinitions\ShootingStarPattern.cs(62,32): error CS1591: Missing XML comment for publicly visible type or member 'ShootingStarPattern.Strength' [c:\Users\Peter\Documents\GitHub\kalshi-trading-bot\BacklashPatterns\BacklashPatterns.csproj]
c:\Users\Peter\Documents\GitHub\kalshi-trading-bot\BacklashPatterns\PatternDefinitions\ShootingStarPattern.cs(63,32): error CS1591: Missing XML comment for publicly visible type or member 'ShootingStarPattern.Certainty' [c:\Users\Peter\Documents\GitHub\kalshi-trading-bot\BacklashPatterns\BacklashPatterns.csproj]
c:\Users\Peter\Documents\GitHub\kalshi-trading-bot\BacklashPatterns\PatternDefinitions\ShootingStarPattern.cs(64,32): error CS1591: Missing XML comment for publicly visible type or member 'ShootingStarPattern.Uncertainty' [c:\Users\Peter\Documents\GitHub\kalshi-trading-bot\BacklashPatterns\BacklashPatterns.csproj]
c:\Users\Peter\Documents\GitHub\kalshi-trading-bot\BacklashPatterns\PatternDefinitions\ShootingStarPattern.cs(65,16): error CS1591: Missing XML comment for publicly visible type or member 'ShootingStarPattern.ShootingStarPattern(List<int>)' [c:\Users\Peter\Documents\GitHub\kalshi-trading-bot\BacklashPatterns\BacklashPatterns.csproj]
c:\Users\Peter\Documents\GitHub\kalshi-trading-bot\BacklashPatterns\PatternDefinitions\ShootingStarPattern.cs(69,56): error CS1591: Missing XML comment for publicly visible type or member 'ShootingStarPattern.IsPatternAsync(Dictionary<int, CandleMetrics>, int, int, CandleMids[])' [c:\Users\Peter\Documents\GitHub\kalshi-trading-bot\BacklashPatterns\BacklashPatterns.csproj]
c:\Users\Peter\Documents\GitHub\kalshi-trading-bot\BacklashPatterns\PatternDefinitions\ShortLineCandlePattern.cs(41,29): error CS1591: Missing XML comment for publicly visible type or member 'ShortLineCandlePattern.BaseName' [c:\Users\Peter\Documents\GitHub\kalshi-trading-bot\BacklashPatterns\BacklashPatterns.csproj]
c:\Users\Peter\Documents\GitHub\kalshi-trading-bot\BacklashPatterns\PatternDefinitions\ShortLineCandlePattern.cs(42,32): error CS1591: Missing XML comment for publicly visible type or member 'ShortLineCandlePattern.Name' [c:\Users\Peter\Documents\GitHub\kalshi-trading-bot\BacklashPatterns\BacklashPatterns.csproj]
c:\Users\Peter\Documents\GitHub\kalshi-trading-bot\BacklashPatterns\PatternDefinitions\ShortLineCandlePattern.cs(43,32): error CS1591: Missing XML comment for publicly visible type or member 'ShortLineCandlePattern.Strength' [c:\Users\Peter\Documents\GitHub\kalshi-trading-bot\BacklashPatterns\BacklashPatterns.csproj]
c:\Users\Peter\Documents\GitHub\kalshi-trading-bot\BacklashPatterns\PatternDefinitions\ShortLineCandlePattern.cs(44,32): error CS1591: Missing XML comment for publicly visible type or member 'ShortLineCandlePattern.Certainty' [c:\Users\Peter\Documents\GitHub\kalshi-trading-bot\BacklashPatterns\BacklashPatterns.csproj]
c:\Users\Peter\Documents\GitHub\kalshi-trading-bot\BacklashPatterns\PatternDefinitions\ShortLineCandlePattern.cs(45,32): error CS1591: Missing XML comment for publicly visible type or member 'ShortLineCandlePattern.Uncertainty' [c:\Users\Peter\Documents\GitHub\kalshi-trading-bot\BacklashPatterns\BacklashPatterns.csproj]
c:\Users\Peter\Documents\GitHub\kalshi-trading-bot\BacklashPatterns\PatternDefinitions\ShortLineCandlePattern.cs(48,16): error CS1591: Missing XML comment for publicly visible type or member 'ShortLineCandlePattern.ShortLineCandlePattern(List<int>, bool)' [c:\Users\Peter\Documents\GitHub\kalshi-trading-bot\BacklashPatterns\BacklashPatterns.csproj]
c:\Users\Peter\Documents\GitHub\kalshi-trading-bot\BacklashPatterns\PatternDefinitions\ShortLineCandlePattern.cs(53,59): error CS1591: Missing XML comment for publicly visible type or member 'ShortLineCandlePattern.IsPatternAsync(int, int, bool, Dictionary<int, CandleMetrics>, CandleMids[])' [c:\Users\Peter\Documents\GitHub\kalshi-trading-bot\BacklashPatterns\BacklashPatterns.csproj]
c:\Users\Peter\Documents\GitHub\kalshi-trading-bot\BacklashPatterns\PatternDefinitions\SpinningTopPattern.cs(52,29): error CS1591: Missing XML comment for publicly visible type or member 'SpinningTopPattern.BaseName' [c:\Users\Peter\Documents\GitHub\kalshi-trading-bot\BacklashPatterns\BacklashPatterns.csproj]
c:\Users\Peter\Documents\GitHub\kalshi-trading-bot\BacklashPatterns\PatternDefinitions\SpinningTopPattern.cs(53,32): error CS1591: Missing XML comment for publicly visible type or member 'SpinningTopPattern.Name' [c:\Users\Peter\Documents\GitHub\kalshi-trading-bot\BacklashPatterns\BacklashPatterns.csproj]
c:\Users\Peter\Documents\GitHub\kalshi-trading-bot\BacklashPatterns\PatternDefinitions\SpinningTopPattern.cs(54,32): error CS1591: Missing XML comment for publicly visible type or member 'SpinningTopPattern.Strength' [c:\Users\Peter\Documents\GitHub\kalshi-trading-bot\BacklashPatterns\BacklashPatterns.csproj]
c:\Users\Peter\Documents\GitHub\kalshi-trading-bot\BacklashPatterns\PatternDefinitions\SpinningTopPattern.cs(55,32): error CS1591: Missing XML comment for publicly visible type or member 'SpinningTopPattern.Certainty' [c:\Users\Peter\Documents\GitHub\kalshi-trading-bot\BacklashPatterns\BacklashPatterns.csproj]
c:\Users\Peter\Documents\GitHub\kalshi-trading-bot\BacklashPatterns\PatternDefinitions\SpinningTopPattern.cs(56,32): error CS1591: Missing XML comment for publicly visible type or member 'SpinningTopPattern.Uncertainty' [c:\Users\Peter\Documents\GitHub\kalshi-trading-bot\BacklashPatterns\BacklashPatterns.csproj]
c:\Users\Peter\Documents\GitHub\kalshi-trading-bot\BacklashPatterns\PatternDefinitions\SpinningTopPattern.cs(57,16): error CS1591: Missing XML comment for publicly visible type or member 'SpinningTopPattern.SpinningTopPattern(List<int>)' [c:\Users\Peter\Documents\GitHub\kalshi-trading-bot\BacklashPatterns\BacklashPatterns.csproj]
c:\Users\Peter\Documents\GitHub\kalshi-trading-bot\BacklashPatterns\PatternDefinitions\SpinningTopPattern.cs(61,55): error CS1591: Missing XML comment for publicly visible type or member 'SpinningTopPattern.IsPatternAsync(Dictionary<int, CandleMetrics>, int, int, CandleMids[])' [c:\Users\Peter\Documents\GitHub\kalshi-trading-bot\BacklashPatterns\BacklashPatterns.csproj]
c:\Users\Peter\Documents\GitHub\kalshi-trading-bot\BacklashPatterns\PatternDefinitions\StalledPattern.cs(43,29): error CS1591: Missing XML comment for publicly visible type or member 'StalledPattern.BaseName' [c:\Users\Peter\Documents\GitHub\kalshi-trading-bot\BacklashPatterns\BacklashPatterns.csproj]
c:\Users\Peter\Documents\GitHub\kalshi-trading-bot\BacklashPatterns\PatternDefinitions\StalledPattern.cs(44,32): error CS1591: Missing XML comment for publicly visible type or member 'StalledPattern.Name' [c:\Users\Peter\Documents\GitHub\kalshi-trading-bot\BacklashPatterns\BacklashPatterns.csproj]
c:\Users\Peter\Documents\GitHub\kalshi-trading-bot\BacklashPatterns\PatternDefinitions\StalledPattern.cs(45,32): error CS1591: Missing XML comment for publicly visible type or member 'StalledPattern.Strength' [c:\Users\Peter\Documents\GitHub\kalshi-trading-bot\BacklashPatterns\BacklashPatterns.csproj]
c:\Users\Peter\Documents\GitHub\kalshi-trading-bot\BacklashPatterns\PatternDefinitions\StalledPattern.cs(46,32): error CS1591: Missing XML comment for publicly visible type or member 'StalledPattern.Certainty' [c:\Users\Peter\Documents\GitHub\kalshi-trading-bot\BacklashPatterns\BacklashPatterns.csproj]
c:\Users\Peter\Documents\GitHub\kalshi-trading-bot\BacklashPatterns\PatternDefinitions\StalledPattern.cs(47,32): error CS1591: Missing XML comment for publicly visible type or member 'StalledPattern.Uncertainty' [c:\Users\Peter\Documents\GitHub\kalshi-trading-bot\BacklashPatterns\BacklashPatterns.csproj]
c:\Users\Peter\Documents\GitHub\kalshi-trading-bot\BacklashPatterns\PatternDefinitions\StalledPattern.cs(48,16): error CS1591: Missing XML comment for publicly visible type or member 'StalledPattern.StalledPattern(List<int>)' [c:\Users\Peter\Documents\GitHub\kalshi-trading-bot\BacklashPatterns\BacklashPatterns.csproj]
c:\Users\Peter\Documents\GitHub\kalshi-trading-bot\BacklashPatterns\PatternDefinitions\StalledPattern.cs(52,51): error CS1591: Missing XML comment for publicly visible type or member 'StalledPattern.IsPatternAsync(int, int, CandleMids[], Dictionary<int, CandleMetrics>)' [c:\Users\Peter\Documents\GitHub\kalshi-trading-bot\BacklashPatterns\BacklashPatterns.csproj]
c:\Users\Peter\Documents\GitHub\kalshi-trading-bot\BacklashPatterns\PatternDefinitions\StickSandwichPattern.cs(6,18): error CS1591: Missing XML comment for publicly visible type or member 'StickSandwichPattern' [c:\Users\Peter\Documents\GitHub\kalshi-trading-bot\BacklashPatterns\BacklashPatterns.csproj]
c:\Users\Peter\Documents\GitHub\kalshi-trading-bot\BacklashPatterns\PatternDefinitions\StickSandwichPattern.cs(25,29): error CS1591: Missing XML comment for publicly visible type or member 'StickSandwichPattern.BaseName' [c:\Users\Peter\Documents\GitHub\kalshi-trading-bot\BacklashPatterns\BacklashPatterns.csproj]
c:\Users\Peter\Documents\GitHub\kalshi-trading-bot\BacklashPatterns\PatternDefinitions\StickSandwichPattern.cs(26,32): error CS1591: Missing XML comment for publicly visible type or member 'StickSandwichPattern.Name' [c:\Users\Peter\Documents\GitHub\kalshi-trading-bot\BacklashPatterns\BacklashPatterns.csproj]
c:\Users\Peter\Documents\GitHub\kalshi-trading-bot\BacklashPatterns\PatternDefinitions\StickSandwichPattern.cs(27,32): error CS1591: Missing XML comment for publicly visible type or member 'StickSandwichPattern.Strength' [c:\Users\Peter\Documents\GitHub\kalshi-trading-bot\BacklashPatterns\BacklashPatterns.csproj]
c:\Users\Peter\Documents\GitHub\kalshi-trading-bot\BacklashPatterns\PatternDefinitions\StickSandwichPattern.cs(28,32): error CS1591: Missing XML comment for publicly visible type or member 'StickSandwichPattern.Certainty' [c:\Users\Peter\Documents\GitHub\kalshi-trading-bot\BacklashPatterns\BacklashPatterns.csproj]
c:\Users\Peter\Documents\GitHub\kalshi-trading-bot\BacklashPatterns\PatternDefinitions\StickSandwichPattern.cs(29,32): error CS1591: Missing XML comment for publicly visible type or member 'StickSandwichPattern.Uncertainty' [c:\Users\Peter\Documents\GitHub\kalshi-trading-bot\BacklashPatterns\BacklashPatterns.csproj]
c:\Users\Peter\Documents\GitHub\kalshi-trading-bot\BacklashPatterns\PatternDefinitions\StickSandwichPattern.cs(32,16): error CS1591: Missing XML comment for publicly visible type or member 'StickSandwichPattern.StickSandwichPattern(List<int>, bool)' [c:\Users\Peter\Documents\GitHub\kalshi-trading-bot\BacklashPatterns\BacklashPatterns.csproj]
c:\Users\Peter\Documents\GitHub\kalshi-trading-bot\BacklashPatterns\PatternDefinitions\TakuriPattern.cs(6,18): error CS1591: Missing XML comment for publicly visible type or member 'TakuriPattern' [c:\Users\Peter\Documents\GitHub\kalshi-trading-bot\BacklashPatterns\BacklashPatterns.csproj]
c:\Users\Peter\Documents\GitHub\kalshi-trading-bot\BacklashPatterns\PatternDefinitions\TakuriPattern.cs(43,29): error CS1591: Missing XML comment for publicly visible type or member 'TakuriPattern.BaseName' [c:\Users\Peter\Documents\GitHub\kalshi-trading-bot\BacklashPatterns\BacklashPatterns.csproj]
c:\Users\Peter\Documents\GitHub\kalshi-trading-bot\BacklashPatterns\PatternDefinitions\TakuriPattern.cs(44,32): error CS1591: Missing XML comment for publicly visible type or member 'TakuriPattern.Name' [c:\Users\Peter\Documents\GitHub\kalshi-trading-bot\BacklashPatterns\BacklashPatterns.csproj]
c:\Users\Peter\Documents\GitHub\kalshi-trading-bot\BacklashPatterns\PatternDefinitions\TakuriPattern.cs(45,32): error CS1591: Missing XML comment for publicly visible type or member 'TakuriPattern.Strength' [c:\Users\Peter\Documents\GitHub\kalshi-trading-bot\BacklashPatterns\BacklashPatterns.csproj]
c:\Users\Peter\Documents\GitHub\kalshi-trading-bot\BacklashPatterns\PatternDefinitions\TakuriPattern.cs(46,32): error CS1591: Missing XML comment for publicly visible type or member 'TakuriPattern.Certainty' [c:\Users\Peter\Documents\GitHub\kalshi-trading-bot\BacklashPatterns\BacklashPatterns.csproj]
c:\Users\Peter\Documents\GitHub\kalshi-trading-bot\BacklashPatterns\PatternDefinitions\TakuriPattern.cs(47,32): error CS1591: Missing XML comment for publicly visible type or member 'TakuriPattern.Uncertainty' [c:\Users\Peter\Documents\GitHub\kalshi-trading-bot\BacklashPatterns\BacklashPatterns.csproj]
c:\Users\Peter\Documents\GitHub\kalshi-trading-bot\BacklashPatterns\PatternDefinitions\TakuriPattern.cs(49,16): error CS1591: Missing XML comment for publicly visible type or member 'TakuriPattern.TakuriPattern(List<int>)' [c:\Users\Peter\Documents\GitHub\kalshi-trading-bot\BacklashPatterns\BacklashPatterns.csproj]
c:\Users\Peter\Documents\GitHub\kalshi-trading-bot\BacklashPatterns\PatternDefinitions\TasukiGapPattern.cs(6,18): error CS1591: Missing XML comment for publicly visible type or member 'TasukiGapPattern' [c:\Users\Peter\Documents\GitHub\kalshi-trading-bot\BacklashPatterns\BacklashPatterns.csproj]
c:\Users\Peter\Documents\GitHub\kalshi-trading-bot\BacklashPatterns\PatternDefinitions\TasukiGapPattern.cs(19,29): error CS1591: Missing XML comment for publicly visible type or member 'TasukiGapPattern.BaseName' [c:\Users\Peter\Documents\GitHub\kalshi-trading-bot\BacklashPatterns\BacklashPatterns.csproj]
c:\Users\Peter\Documents\GitHub\kalshi-trading-bot\BacklashPatterns\PatternDefinitions\TasukiGapPattern.cs(20,32): error CS1591: Missing XML comment for publicly visible type or member 'TasukiGapPattern.Name' [c:\Users\Peter\Documents\GitHub\kalshi-trading-bot\BacklashPatterns\BacklashPatterns.csproj]
c:\Users\Peter\Documents\GitHub\kalshi-trading-bot\BacklashPatterns\PatternDefinitions\TasukiGapPattern.cs(21,32): error CS1591: Missing XML comment for publicly visible type or member 'TasukiGapPattern.Strength' [c:\Users\Peter\Documents\GitHub\kalshi-trading-bot\BacklashPatterns\BacklashPatterns.csproj]
c:\Users\Peter\Documents\GitHub\kalshi-trading-bot\BacklashPatterns\PatternDefinitions\TasukiGapPattern.cs(22,32): error CS1591: Missing XML comment for publicly visible type or member 'TasukiGapPattern.Certainty' [c:\Users\Peter\Documents\GitHub\kalshi-trading-bot\BacklashPatterns\BacklashPatterns.csproj]
c:\Users\Peter\Documents\GitHub\kalshi-trading-bot\BacklashPatterns\PatternDefinitions\TasukiGapPattern.cs(23,32): error CS1591: Missing XML comment for publicly visible type or member 'TasukiGapPattern.Uncertainty' [c:\Users\Peter\Documents\GitHub\kalshi-trading-bot\BacklashPatterns\BacklashPatterns.csproj]
c:\Users\Peter\Documents\GitHub\kalshi-trading-bot\BacklashPatterns\PatternDefinitions\TasukiGapPattern.cs(26,16): error CS1591: Missing XML comment for publicly visible type or member 'TasukiGapPattern.TasukiGapPattern(List<int>, bool)' [c:\Users\Peter\Documents\GitHub\kalshi-trading-bot\BacklashPatterns\BacklashPatterns.csproj]
c:\Users\Peter\Documents\GitHub\kalshi-trading-bot\BacklashPatterns\PatternDefinitions\ThreeAdvancingWhiteSoldiersPattern.cs(6,18): error CS1591: Missing XML comment for publicly visible type or member 'ThreeAdvancingWhiteSoldiersPattern' [c:\Users\Peter\Documents\GitHub\kalshi-trading-bot\BacklashPatterns\BacklashPatterns.csproj]
c:\Users\Peter\Documents\GitHub\kalshi-trading-bot\BacklashPatterns\PatternDefinitions\ThreeAdvancingWhiteSoldiersPattern.cs(25,29): error CS1591: Missing XML comment for publicly visible type or member 'ThreeAdvancingWhiteSoldiersPattern.BaseName' [c:\Users\Peter\Documents\GitHub\kalshi-trading-bot\BacklashPatterns\BacklashPatterns.csproj]
c:\Users\Peter\Documents\GitHub\kalshi-trading-bot\BacklashPatterns\PatternDefinitions\ThreeAdvancingWhiteSoldiersPattern.cs(26,32): error CS1591: Missing XML comment for publicly visible type or member 'ThreeAdvancingWhiteSoldiersPattern.Name' [c:\Users\Peter\Documents\GitHub\kalshi-trading-bot\BacklashPatterns\BacklashPatterns.csproj]
c:\Users\Peter\Documents\GitHub\kalshi-trading-bot\BacklashPatterns\PatternDefinitions\ThreeAdvancingWhiteSoldiersPattern.cs(27,32): error CS1591: Missing XML comment for publicly visible type or member 'ThreeAdvancingWhiteSoldiersPattern.Strength' [c:\Users\Peter\Documents\GitHub\kalshi-trading-bot\BacklashPatterns\BacklashPatterns.csproj]
c:\Users\Peter\Documents\GitHub\kalshi-trading-bot\BacklashPatterns\PatternDefinitions\ThreeAdvancingWhiteSoldiersPattern.cs(28,32): error CS1591: Missing XML comment for publicly visible type or member 'ThreeAdvancingWhiteSoldiersPattern.Certainty' [c:\Users\Peter\Documents\GitHub\kalshi-trading-bot\BacklashPatterns\BacklashPatterns.csproj]
c:\Users\Peter\Documents\GitHub\kalshi-trading-bot\BacklashPatterns\PatternDefinitions\ThreeAdvancingWhiteSoldiersPattern.cs(29,32): error CS1591: Missing XML comment for publicly visible type or member 'ThreeAdvancingWhiteSoldiersPattern.Uncertainty' [c:\Users\Peter\Documents\GitHub\kalshi-trading-bot\BacklashPatterns\BacklashPatterns.csproj]
c:\Users\Peter\Documents\GitHub\kalshi-trading-bot\BacklashPatterns\PatternDefinitions\ThreeAdvancingWhiteSoldiersPattern.cs(31,16): error CS1591: Missing XML comment for publicly visible type or member 'ThreeAdvancingWhiteSoldiersPattern.ThreeAdvancingWhiteSoldiersPattern(List<int>)' [c:\Users\Peter\Documents\GitHub\kalshi-trading-bot\BacklashPatterns\BacklashPatterns.csproj]
c:\Users\Peter\Documents\GitHub\kalshi-trading-bot\BacklashPatterns\PatternDefinitions\ThreeBlackCrowsPattern.cs(36,29): error CS1591: Missing XML comment for publicly visible type or member 'ThreeBlackCrowsPattern.BaseName' [c:\Users\Peter\Documents\GitHub\kalshi-trading-bot\BacklashPatterns\BacklashPatterns.csproj]
c:\Users\Peter\Documents\GitHub\kalshi-trading-bot\BacklashPatterns\PatternDefinitions\ThreeBlackCrowsPattern.cs(37,32): error CS1591: Missing XML comment for publicly visible type or member 'ThreeBlackCrowsPattern.Name' [c:\Users\Peter\Documents\GitHub\kalshi-trading-bot\BacklashPatterns\BacklashPatterns.csproj]
c:\Users\Peter\Documents\GitHub\kalshi-trading-bot\BacklashPatterns\PatternDefinitions\ThreeBlackCrowsPattern.cs(38,32): error CS1591: Missing XML comment for publicly visible type or member 'ThreeBlackCrowsPattern.Strength' [c:\Users\Peter\Documents\GitHub\kalshi-trading-bot\BacklashPatterns\BacklashPatterns.csproj]
c:\Users\Peter\Documents\GitHub\kalshi-trading-bot\BacklashPatterns\PatternDefinitions\ThreeBlackCrowsPattern.cs(39,32): error CS1591: Missing XML comment for publicly visible type or member 'ThreeBlackCrowsPattern.Certainty' [c:\Users\Peter\Documents\GitHub\kalshi-trading-bot\BacklashPatterns\BacklashPatterns.csproj]
c:\Users\Peter\Documents\GitHub\kalshi-trading-bot\BacklashPatterns\PatternDefinitions\ThreeBlackCrowsPattern.cs(40,32): error CS1591: Missing XML comment for publicly visible type or member 'ThreeBlackCrowsPattern.Uncertainty' [c:\Users\Peter\Documents\GitHub\kalshi-trading-bot\BacklashPatterns\BacklashPatterns.csproj]
c:\Users\Peter\Documents\GitHub\kalshi-trading-bot\BacklashPatterns\PatternDefinitions\ThreeBlackCrowsPattern.cs(41,16): error CS1591: Missing XML comment for publicly visible type or member 'ThreeBlackCrowsPattern.ThreeBlackCrowsPattern(List<int>)' [c:\Users\Peter\Documents\GitHub\kalshi-trading-bot\BacklashPatterns\BacklashPatterns.csproj]
c:\Users\Peter\Documents\GitHub\kalshi-trading-bot\BacklashPatterns\PatternDefinitions\ThreeBlackCrowsPattern.cs(45,59): error CS1591: Missing XML comment for publicly visible type or member 'ThreeBlackCrowsPattern.IsPatternAsync(int, int, CandleMids[], Dictionary<int, CandleMetrics>)' [c:\Users\Peter\Documents\GitHub\kalshi-trading-bot\BacklashPatterns\BacklashPatterns.csproj]
c:\Users\Peter\Documents\GitHub\kalshi-trading-bot\BacklashPatterns\PatternDefinitions\ThreeInsidePattern.cs(49,29): error CS1591: Missing XML comment for publicly visible type or member 'ThreeInsidePattern.BaseName' [c:\Users\Peter\Documents\GitHub\kalshi-trading-bot\BacklashPatterns\BacklashPatterns.csproj]
c:\Users\Peter\Documents\GitHub\kalshi-trading-bot\BacklashPatterns\PatternDefinitions\ThreeInsidePattern.cs(50,32): error CS1591: Missing XML comment for publicly visible type or member 'ThreeInsidePattern.Name' [c:\Users\Peter\Documents\GitHub\kalshi-trading-bot\BacklashPatterns\BacklashPatterns.csproj]
c:\Users\Peter\Documents\GitHub\kalshi-trading-bot\BacklashPatterns\PatternDefinitions\ThreeInsidePattern.cs(51,32): error CS1591: Missing XML comment for publicly visible type or member 'ThreeInsidePattern.Strength' [c:\Users\Peter\Documents\GitHub\kalshi-trading-bot\BacklashPatterns\BacklashPatterns.csproj]
c:\Users\Peter\Documents\GitHub\kalshi-trading-bot\BacklashPatterns\PatternDefinitions\ThreeInsidePattern.cs(52,32): error CS1591: Missing XML comment for publicly visible type or member 'ThreeInsidePattern.Certainty' [c:\Users\Peter\Documents\GitHub\kalshi-trading-bot\BacklashPatterns\BacklashPatterns.csproj]
c:\Users\Peter\Documents\GitHub\kalshi-trading-bot\BacklashPatterns\PatternDefinitions\ThreeInsidePattern.cs(53,32): error CS1591: Missing XML comment for publicly visible type or member 'ThreeInsidePattern.Uncertainty' [c:\Users\Peter\Documents\GitHub\kalshi-trading-bot\BacklashPatterns\BacklashPatterns.csproj]
c:\Users\Peter\Documents\GitHub\kalshi-trading-bot\BacklashPatterns\PatternDefinitions\ThreeInsidePattern.cs(54,16): error CS1591: Missing XML comment for publicly visible type or member 'ThreeInsidePattern.ThreeInsidePattern(List<int>)' [c:\Users\Peter\Documents\GitHub\kalshi-trading-bot\BacklashPatterns\BacklashPatterns.csproj]
c:\Users\Peter\Documents\GitHub\kalshi-trading-bot\BacklashPatterns\PatternDefinitions\ThreeInsidePattern.cs(58,55): error CS1591: Missing XML comment for publicly visible type or member 'ThreeInsidePattern.IsPatternAsync(int, int, bool, CandleMids[], Dictionary<int, CandleMetrics>)' [c:\Users\Peter\Documents\GitHub\kalshi-trading-bot\BacklashPatterns\BacklashPatterns.csproj]
c:\Users\Peter\Documents\GitHub\kalshi-trading-bot\BacklashPatterns\PatternDefinitions\ThreeLineStrikePattern.cs(6,18): error CS1591: Missing XML comment for publicly visible type or member 'ThreeLineStrikePattern' [c:\Users\Peter\Documents\GitHub\kalshi-trading-bot\BacklashPatterns\BacklashPatterns.csproj]
c:\Users\Peter\Documents\GitHub\kalshi-trading-bot\BacklashPatterns\PatternDefinitions\ThreeLineStrikePattern.cs(27,32): error CS1591: Missing XML comment for publicly visible type or member 'ThreeLineStrikePattern.Name' [c:\Users\Peter\Documents\GitHub\kalshi-trading-bot\BacklashPatterns\BacklashPatterns.csproj]
c:\Users\Peter\Documents\GitHub\kalshi-trading-bot\BacklashPatterns\PatternDefinitions\ThreeLineStrikePattern.cs(28,32): error CS1591: Missing XML comment for publicly visible type or member 'ThreeLineStrikePattern.Strength' [c:\Users\Peter\Documents\GitHub\kalshi-trading-bot\BacklashPatterns\BacklashPatterns.csproj]
c:\Users\Peter\Documents\GitHub\kalshi-trading-bot\BacklashPatterns\PatternDefinitions\ThreeLineStrikePattern.cs(29,32): error CS1591: Missing XML comment for publicly visible type or member 'ThreeLineStrikePattern.Certainty' [c:\Users\Peter\Documents\GitHub\kalshi-trading-bot\BacklashPatterns\BacklashPatterns.csproj]
c:\Users\Peter\Documents\GitHub\kalshi-trading-bot\BacklashPatterns\PatternDefinitions\ThreeLineStrikePattern.cs(30,32): error CS1591: Missing XML comment for publicly visible type or member 'ThreeLineStrikePattern.Uncertainty' [c:\Users\Peter\Documents\GitHub\kalshi-trading-bot\BacklashPatterns\BacklashPatterns.csproj]
c:\Users\Peter\Documents\GitHub\kalshi-trading-bot\BacklashPatterns\PatternDefinitions\ThreeLineStrikePattern.cs(32,16): error CS1591: Missing XML comment for publicly visible type or member 'ThreeLineStrikePattern.ThreeLineStrikePattern(List<int>)' [c:\Users\Peter\Documents\GitHub\kalshi-trading-bot\BacklashPatterns\BacklashPatterns.csproj]
c:\Users\Peter\Documents\GitHub\kalshi-trading-bot\BacklashPatterns\PatternDefinitions\ThreeLineStrikePattern.cs(36,59): error CS1591: Missing XML comment for publicly visible type or member 'ThreeLineStrikePattern.IsPatternAsync(int, int, bool, CandleMids[], Dictionary<int, CandleMetrics>)' [c:\Users\Peter\Documents\GitHub\kalshi-trading-bot\BacklashPatterns\BacklashPatterns.csproj]
c:\Users\Peter\Documents\GitHub\kalshi-trading-bot\BacklashPatterns\PatternDefinitions\ThreeOutsidePattern.cs(6,18): error CS1591: Missing XML comment for publicly visible type or member 'ThreeOutsidePattern' [c:\Users\Peter\Documents\GitHub\kalshi-trading-bot\BacklashPatterns\BacklashPatterns.csproj]
c:\Users\Peter\Documents\GitHub\kalshi-trading-bot\BacklashPatterns\PatternDefinitions\ThreeOutsidePattern.cs(39,32): error CS1591: Missing XML comment for publicly visible type or member 'ThreeOutsidePattern.Name' [c:\Users\Peter\Documents\GitHub\kalshi-trading-bot\BacklashPatterns\BacklashPatterns.csproj]
c:\Users\Peter\Documents\GitHub\kalshi-trading-bot\BacklashPatterns\PatternDefinitions\ThreeOutsidePattern.cs(40,32): error CS1591: Missing XML comment for publicly visible type or member 'ThreeOutsidePattern.Strength' [c:\Users\Peter\Documents\GitHub\kalshi-trading-bot\BacklashPatterns\BacklashPatterns.csproj]
c:\Users\Peter\Documents\GitHub\kalshi-trading-bot\BacklashPatterns\PatternDefinitions\ThreeOutsidePattern.cs(41,32): error CS1591: Missing XML comment for publicly visible type or member 'ThreeOutsidePattern.Certainty' [c:\Users\Peter\Documents\GitHub\kalshi-trading-bot\BacklashPatterns\BacklashPatterns.csproj]
c:\Users\Peter\Documents\GitHub\kalshi-trading-bot\BacklashPatterns\PatternDefinitions\ThreeOutsidePattern.cs(42,32): error CS1591: Missing XML comment for publicly visible type or member 'ThreeOutsidePattern.Uncertainty' [c:\Users\Peter\Documents\GitHub\kalshi-trading-bot\BacklashPatterns\BacklashPatterns.csproj]
c:\Users\Peter\Documents\GitHub\kalshi-trading-bot\BacklashPatterns\PatternDefinitions\ThreeOutsidePattern.cs(44,16): error CS1591: Missing XML comment for publicly visible type or member 'ThreeOutsidePattern.ThreeOutsidePattern(List<int>)' [c:\Users\Peter\Documents\GitHub\kalshi-trading-bot\BacklashPatterns\BacklashPatterns.csproj]
c:\Users\Peter\Documents\GitHub\kalshi-trading-bot\BacklashPatterns\PatternDefinitions\ThreeOutsidePattern.cs(48,56): error CS1591: Missing XML comment for publicly visible type or member 'ThreeOutsidePattern.IsPatternAsync(int, int, bool, CandleMids[], Dictionary<int, CandleMetrics>)' [c:\Users\Peter\Documents\GitHub\kalshi-trading-bot\BacklashPatterns\BacklashPatterns.csproj]
c:\Users\Peter\Documents\GitHub\kalshi-trading-bot\BacklashPatterns\PatternDefinitions\ThreeStarsInTheSouthPattern.cs(6,18): error CS1591: Missing XML comment for publicly visible type or member 'ThreeStarsInTheSouthPattern' [c:\Users\Peter\Documents\GitHub\kalshi-trading-bot\BacklashPatterns\BacklashPatterns.csproj]
c:\Users\Peter\Documents\GitHub\kalshi-trading-bot\BacklashPatterns\PatternDefinitions\ThreeStarsInTheSouthPattern.cs(68,32): error CS1591: Missing XML comment for publicly visible type or member 'ThreeStarsInTheSouthPattern.Name' [c:\Users\Peter\Documents\GitHub\kalshi-trading-bot\BacklashPatterns\BacklashPatterns.csproj]
c:\Users\Peter\Documents\GitHub\kalshi-trading-bot\BacklashPatterns\PatternDefinitions\ThreeStarsInTheSouthPattern.cs(69,32): error CS1591: Missing XML comment for publicly visible type or member 'ThreeStarsInTheSouthPattern.Strength' [c:\Users\Peter\Documents\GitHub\kalshi-trading-bot\BacklashPatterns\BacklashPatterns.csproj]
c:\Users\Peter\Documents\GitHub\kalshi-trading-bot\BacklashPatterns\PatternDefinitions\ThreeStarsInTheSouthPattern.cs(70,32): error CS1591: Missing XML comment for publicly visible type or member 'ThreeStarsInTheSouthPattern.Certainty' [c:\Users\Peter\Documents\GitHub\kalshi-trading-bot\BacklashPatterns\BacklashPatterns.csproj]
c:\Users\Peter\Documents\GitHub\kalshi-trading-bot\BacklashPatterns\PatternDefinitions\ThreeStarsInTheSouthPattern.cs(71,32): error CS1591: Missing XML comment for publicly visible type or member 'ThreeStarsInTheSouthPattern.Uncertainty' [c:\Users\Peter\Documents\GitHub\kalshi-trading-bot\BacklashPatterns\BacklashPatterns.csproj]
c:\Users\Peter\Documents\GitHub\kalshi-trading-bot\BacklashPatterns\PatternDefinitions\ThreeStarsInTheSouthPattern.cs(73,16): error CS1591: Missing XML comment for publicly visible type or member 'ThreeStarsInTheSouthPattern.ThreeStarsInTheSouthPattern(List<int>)' [c:\Users\Peter\Documents\GitHub\kalshi-trading-bot\BacklashPatterns\BacklashPatterns.csproj]
c:\Users\Peter\Documents\GitHub\kalshi-trading-bot\BacklashPatterns\PatternDefinitions\ThreeStarsInTheSouthPattern.cs(77,64): error CS1591: Missing XML comment for publicly visible type or member 'ThreeStarsInTheSouthPattern.IsPatternAsync(int, int, CandleMids[], Dictionary<int, CandleMetrics>)' [c:\Users\Peter\Documents\GitHub\kalshi-trading-bot\BacklashPatterns\BacklashPatterns.csproj]
c:\Users\Peter\Documents\GitHub\kalshi-trading-bot\BacklashPatterns\PatternDefinitions\ThrustingPattern.cs(6,18): error CS1591: Missing XML comment for publicly visible type or member 'ThrustingPattern' [c:\Users\Peter\Documents\GitHub\kalshi-trading-bot\BacklashPatterns\BacklashPatterns.csproj]
c:\Users\Peter\Documents\GitHub\kalshi-trading-bot\BacklashPatterns\PatternDefinitions\ThrustingPattern.cs(39,32): error CS1591: Missing XML comment for publicly visible type or member 'ThrustingPattern.Name' [c:\Users\Peter\Documents\GitHub\kalshi-trading-bot\BacklashPatterns\BacklashPatterns.csproj]
c:\Users\Peter\Documents\GitHub\kalshi-trading-bot\BacklashPatterns\PatternDefinitions\ThrustingPattern.cs(41,32): error CS1591: Missing XML comment for publicly visible type or member 'ThrustingPattern.Strength' [c:\Users\Peter\Documents\GitHub\kalshi-trading-bot\BacklashPatterns\BacklashPatterns.csproj]
c:\Users\Peter\Documents\GitHub\kalshi-trading-bot\BacklashPatterns\PatternDefinitions\ThrustingPattern.cs(42,32): error CS1591: Missing XML comment for publicly visible type or member 'ThrustingPattern.Certainty' [c:\Users\Peter\Documents\GitHub\kalshi-trading-bot\BacklashPatterns\BacklashPatterns.csproj]
c:\Users\Peter\Documents\GitHub\kalshi-trading-bot\BacklashPatterns\PatternDefinitions\ThrustingPattern.cs(43,32): error CS1591: Missing XML comment for publicly visible type or member 'ThrustingPattern.Uncertainty' [c:\Users\Peter\Documents\GitHub\kalshi-trading-bot\BacklashPatterns\BacklashPatterns.csproj]
c:\Users\Peter\Documents\GitHub\kalshi-trading-bot\BacklashPatterns\PatternDefinitions\ThrustingPattern.cs(45,16): error CS1591: Missing XML comment for publicly visible type or member 'ThrustingPattern.ThrustingPattern(List<int>, bool)' [c:\Users\Peter\Documents\GitHub\kalshi-trading-bot\BacklashPatterns\BacklashPatterns.csproj]
c:\Users\Peter\Documents\GitHub\kalshi-trading-bot\BacklashPatterns\PatternDefinitions\ThrustingPattern.cs(50,53): error CS1591: Missing XML comment for publicly visible type or member 'ThrustingPattern.IsPatternAsync(int, int, bool, CandleMids[], Dictionary<int, CandleMetrics>)' [c:\Users\Peter\Documents\GitHub\kalshi-trading-bot\BacklashPatterns\BacklashPatterns.csproj]
c:\Users\Peter\Documents\GitHub\kalshi-trading-bot\BacklashPatterns\PatternDefinitions\TristarPattern.cs(6,18): error CS1591: Missing XML comment for publicly visible type or member 'TristarPattern' [c:\Users\Peter\Documents\GitHub\kalshi-trading-bot\BacklashPatterns\BacklashPatterns.csproj]
c:\Users\Peter\Documents\GitHub\kalshi-trading-bot\BacklashPatterns\PatternDefinitions\TristarPattern.cs(49,29): error CS1591: Missing XML comment for publicly visible type or member 'TristarPattern.BaseName' [c:\Users\Peter\Documents\GitHub\kalshi-trading-bot\BacklashPatterns\BacklashPatterns.csproj]
c:\Users\Peter\Documents\GitHub\kalshi-trading-bot\BacklashPatterns\PatternDefinitions\TristarPattern.cs(50,32): error CS1591: Missing XML comment for publicly visible type or member 'TristarPattern.Name' [c:\Users\Peter\Documents\GitHub\kalshi-trading-bot\BacklashPatterns\BacklashPatterns.csproj]
c:\Users\Peter\Documents\GitHub\kalshi-trading-bot\BacklashPatterns\PatternDefinitions\TristarPattern.cs(51,32): error CS1591: Missing XML comment for publicly visible type or member 'TristarPattern.Strength' [c:\Users\Peter\Documents\GitHub\kalshi-trading-bot\BacklashPatterns\BacklashPatterns.csproj]
c:\Users\Peter\Documents\GitHub\kalshi-trading-bot\BacklashPatterns\PatternDefinitions\TristarPattern.cs(52,32): error CS1591: Missing XML comment for publicly visible type or member 'TristarPattern.Certainty' [c:\Users\Peter\Documents\GitHub\kalshi-trading-bot\BacklashPatterns\BacklashPatterns.csproj]
c:\Users\Peter\Documents\GitHub\kalshi-trading-bot\BacklashPatterns\PatternDefinitions\TristarPattern.cs(53,32): error CS1591: Missing XML comment for publicly visible type or member 'TristarPattern.Uncertainty' [c:\Users\Peter\Documents\GitHub\kalshi-trading-bot\BacklashPatterns\BacklashPatterns.csproj]
c:\Users\Peter\Documents\GitHub\kalshi-trading-bot\BacklashPatterns\PatternDefinitions\TristarPattern.cs(56,16): error CS1591: Missing XML comment for publicly visible type or member 'TristarPattern.TristarPattern(List<int>, bool)' [c:\Users\Peter\Documents\GitHub\kalshi-trading-bot\BacklashPatterns\BacklashPatterns.csproj]
c:\Users\Peter\Documents\GitHub\kalshi-trading-bot\BacklashPatterns\PatternDefinitions\TwoCrowsPattern.cs(6,18): error CS1591: Missing XML comment for publicly visible type or member 'TwoCrowsPattern' [c:\Users\Peter\Documents\GitHub\kalshi-trading-bot\BacklashPatterns\BacklashPatterns.csproj]
c:\Users\Peter\Documents\GitHub\kalshi-trading-bot\BacklashPatterns\PatternDefinitions\TwoCrowsPattern.cs(26,29): error CS1591: Missing XML comment for publicly visible type or member 'TwoCrowsPattern.BaseName' [c:\Users\Peter\Documents\GitHub\kalshi-trading-bot\BacklashPatterns\BacklashPatterns.csproj]
c:\Users\Peter\Documents\GitHub\kalshi-trading-bot\BacklashPatterns\PatternDefinitions\TwoCrowsPattern.cs(27,32): error CS1591: Missing XML comment for publicly visible type or member 'TwoCrowsPattern.Name' [c:\Users\Peter\Documents\GitHub\kalshi-trading-bot\BacklashPatterns\BacklashPatterns.csproj]
c:\Users\Peter\Documents\GitHub\kalshi-trading-bot\BacklashPatterns\PatternDefinitions\TwoCrowsPattern.cs(28,32): error CS1591: Missing XML comment for publicly visible type or member 'TwoCrowsPattern.Strength' [c:\Users\Peter\Documents\GitHub\kalshi-trading-bot\BacklashPatterns\BacklashPatterns.csproj]
c:\Users\Peter\Documents\GitHub\kalshi-trading-bot\BacklashPatterns\PatternDefinitions\TwoCrowsPattern.cs(29,32): error CS1591: Missing XML comment for publicly visible type or member 'TwoCrowsPattern.Certainty' [c:\Users\Peter\Documents\GitHub\kalshi-trading-bot\BacklashPatterns\BacklashPatterns.csproj]
c:\Users\Peter\Documents\GitHub\kalshi-trading-bot\BacklashPatterns\PatternDefinitions\TwoCrowsPattern.cs(30,32): error CS1591: Missing XML comment for publicly visible type or member 'TwoCrowsPattern.Uncertainty' [c:\Users\Peter\Documents\GitHub\kalshi-trading-bot\BacklashPatterns\BacklashPatterns.csproj]
c:\Users\Peter\Documents\GitHub\kalshi-trading-bot\BacklashPatterns\PatternDefinitions\TwoCrowsPattern.cs(31,16): error CS1591: Missing XML comment for publicly visible type or member 'TwoCrowsPattern.TwoCrowsPattern(List<int>)' [c:\Users\Peter\Documents\GitHub\kalshi-trading-bot\BacklashPatterns\BacklashPatterns.csproj]
c:\Users\Peter\Documents\GitHub\kalshi-trading-bot\BacklashPatterns\PatternDefinitions\TwoCrowsPattern.cs(45,52): error CS1591: Missing XML comment for publicly visible type or member 'TwoCrowsPattern.IsPatternAsync(int, int, CandleMids[], Dictionary<int, CandleMetrics>)' [c:\Users\Peter\Documents\GitHub\kalshi-trading-bot\BacklashPatterns\BacklashPatterns.csproj]
c:\Users\Peter\Documents\GitHub\kalshi-trading-bot\BacklashPatterns\PatternDefinitions\Unique3RiverPattern.cs(6,18): error CS1591: Missing XML comment for publicly visible type or member 'Unique3RiverPattern' [c:\Users\Peter\Documents\GitHub\kalshi-trading-bot\BacklashPatterns\BacklashPatterns.csproj]
c:\Users\Peter\Documents\GitHub\kalshi-trading-bot\BacklashPatterns\PatternDefinitions\Unique3RiverPattern.cs(31,29): error CS1591: Missing XML comment for publicly visible type or member 'Unique3RiverPattern.BaseName' [c:\Users\Peter\Documents\GitHub\kalshi-trading-bot\BacklashPatterns\BacklashPatterns.csproj]
c:\Users\Peter\Documents\GitHub\kalshi-trading-bot\BacklashPatterns\PatternDefinitions\Unique3RiverPattern.cs(32,32): error CS1591: Missing XML comment for publicly visible type or member 'Unique3RiverPattern.Name' [c:\Users\Peter\Documents\GitHub\kalshi-trading-bot\BacklashPatterns\BacklashPatterns.csproj]
c:\Users\Peter\Documents\GitHub\kalshi-trading-bot\BacklashPatterns\PatternDefinitions\Unique3RiverPattern.cs(33,32): error CS1591: Missing XML comment for publicly visible type or member 'Unique3RiverPattern.Strength' [c:\Users\Peter\Documents\GitHub\kalshi-trading-bot\BacklashPatterns\BacklashPatterns.csproj]
c:\Users\Peter\Documents\GitHub\kalshi-trading-bot\BacklashPatterns\PatternDefinitions\Unique3RiverPattern.cs(34,32): error CS1591: Missing XML comment for publicly visible type or member 'Unique3RiverPattern.Certainty' [c:\Users\Peter\Documents\GitHub\kalshi-trading-bot\BacklashPatterns\BacklashPatterns.csproj]
c:\Users\Peter\Documents\GitHub\kalshi-trading-bot\BacklashPatterns\PatternDefinitions\Unique3RiverPattern.cs(35,32): error CS1591: Missing XML comment for publicly visible type or member 'Unique3RiverPattern.Uncertainty' [c:\Users\Peter\Documents\GitHub\kalshi-trading-bot\BacklashPatterns\BacklashPatterns.csproj]
c:\Users\Peter\Documents\GitHub\kalshi-trading-bot\BacklashPatterns\PatternDefinitions\Unique3RiverPattern.cs(36,16): error CS1591: Missing XML comment for publicly visible type or member 'Unique3RiverPattern.Unique3RiverPattern(List<int>)' [c:\Users\Peter\Documents\GitHub\kalshi-trading-bot\BacklashPatterns\BacklashPatterns.csproj]
c:\Users\Peter\Documents\GitHub\kalshi-trading-bot\BacklashPatterns\PatternDefinitions\Unique3RiverPattern.cs(50,56): error CS1591: Missing XML comment for publicly visible type or member 'Unique3RiverPattern.IsPatternAsync(int, int, CandleMids[], Dictionary<int, CandleMetrics>)' [c:\Users\Peter\Documents\GitHub\kalshi-trading-bot\BacklashPatterns\BacklashPatterns.csproj]
c:\Users\Peter\Documents\GitHub\kalshi-trading-bot\BacklashPatterns\PatternDefinitions\UpDownGapSideBySideWhiteLinesPattern.cs(6,18): error CS1591: Missing XML comment for publicly visible type or member 'UpDownGapSideBySideWhiteLinesPattern' [c:\Users\Peter\Documents\GitHub\kalshi-trading-bot\BacklashPatterns\BacklashPatterns.csproj]
c:\Users\Peter\Documents\GitHub\kalshi-trading-bot\BacklashPatterns\PatternDefinitions\UpDownGapSideBySideWhiteLinesPattern.cs(43,29): error CS1591: Missing XML comment for publicly visible type or member 'UpDownGapSideBySideWhiteLinesPattern.BaseName' [c:\Users\Peter\Documents\GitHub\kalshi-trading-bot\BacklashPatterns\BacklashPatterns.csproj]
c:\Users\Peter\Documents\GitHub\kalshi-trading-bot\BacklashPatterns\PatternDefinitions\UpDownGapSideBySideWhiteLinesPattern.cs(44,32): error CS1591: Missing XML comment for publicly visible type or member 'UpDownGapSideBySideWhiteLinesPattern.Name' [c:\Users\Peter\Documents\GitHub\kalshi-trading-bot\BacklashPatterns\BacklashPatterns.csproj]
c:\Users\Peter\Documents\GitHub\kalshi-trading-bot\BacklashPatterns\PatternDefinitions\UpDownGapSideBySideWhiteLinesPattern.cs(45,32): error CS1591: Missing XML comment for publicly visible type or member 'UpDownGapSideBySideWhiteLinesPattern.Strength' [c:\Users\Peter\Documents\GitHub\kalshi-trading-bot\BacklashPatterns\BacklashPatterns.csproj]
c:\Users\Peter\Documents\GitHub\kalshi-trading-bot\BacklashPatterns\PatternDefinitions\UpDownGapSideBySideWhiteLinesPattern.cs(46,32): error CS1591: Missing XML comment for publicly visible type or member 'UpDownGapSideBySideWhiteLinesPattern.Certainty' [c:\Users\Peter\Documents\GitHub\kalshi-trading-bot\BacklashPatterns\BacklashPatterns.csproj]
c:\Users\Peter\Documents\GitHub\kalshi-trading-bot\BacklashPatterns\PatternDefinitions\UpDownGapSideBySideWhiteLinesPattern.cs(47,32): error CS1591: Missing XML comment for publicly visible type or member 'UpDownGapSideBySideWhiteLinesPattern.Uncertainty' [c:\Users\Peter\Documents\GitHub\kalshi-trading-bot\BacklashPatterns\BacklashPatterns.csproj]
c:\Users\Peter\Documents\GitHub\kalshi-trading-bot\BacklashPatterns\PatternDefinitions\UpDownGapSideBySideWhiteLinesPattern.cs(48,16): error CS1591: Missing XML comment for publicly visible type or member 'UpDownGapSideBySideWhiteLinesPattern.UpDownGapSideBySideWhiteLinesPattern(List<int>)' [c:\Users\Peter\Documents\GitHub\kalshi-trading-bot\BacklashPatterns\BacklashPatterns.csproj]
c:\Users\Peter\Documents\GitHub\kalshi-trading-bot\BacklashPatterns\PatternDefinitions\UpDownGapSideBySideWhiteLinesPattern.cs(62,73): error CS1591: Missing XML comment for publicly visible type or member 'UpDownGapSideBySideWhiteLinesPattern.IsPatternAsync(int, int, bool, CandleMids[], Dictionary<int, CandleMetrics>)' [c:\Users\Peter\Documents\GitHub\kalshi-trading-bot\BacklashPatterns\BacklashPatterns.csproj]
c:\Users\Peter\Documents\GitHub\kalshi-trading-bot\BacklashPatterns\PatternDefinitions\UpsideGapTwoCrowsPattern.cs(6,18): error CS1591: Missing XML comment for publicly visible type or member 'UpsideGapTwoCrowsPattern' [c:\Users\Peter\Documents\GitHub\kalshi-trading-bot\BacklashPatterns\BacklashPatterns.csproj]
c:\Users\Peter\Documents\GitHub\kalshi-trading-bot\BacklashPatterns\PatternDefinitions\UpsideGapTwoCrowsPattern.cs(45,32): error CS1591: Missing XML comment for publicly visible type or member 'UpsideGapTwoCrowsPattern.Name' [c:\Users\Peter\Documents\GitHub\kalshi-trading-bot\BacklashPatterns\BacklashPatterns.csproj]
c:\Users\Peter\Documents\GitHub\kalshi-trading-bot\BacklashPatterns\PatternDefinitions\UpsideGapTwoCrowsPattern.cs(46,32): error CS1591: Missing XML comment for publicly visible type or member 'UpsideGapTwoCrowsPattern.Strength' [c:\Users\Peter\Documents\GitHub\kalshi-trading-bot\BacklashPatterns\BacklashPatterns.csproj]
c:\Users\Peter\Documents\GitHub\kalshi-trading-bot\BacklashPatterns\PatternDefinitions\UpsideGapTwoCrowsPattern.cs(47,32): error CS1591: Missing XML comment for publicly visible type or member 'UpsideGapTwoCrowsPattern.Certainty' [c:\Users\Peter\Documents\GitHub\kalshi-trading-bot\BacklashPatterns\BacklashPatterns.csproj]
c:\Users\Peter\Documents\GitHub\kalshi-trading-bot\BacklashPatterns\PatternDefinitions\UpsideGapTwoCrowsPattern.cs(48,32): error CS1591: Missing XML comment for publicly visible type or member 'UpsideGapTwoCrowsPattern.Uncertainty' [c:\Users\Peter\Documents\GitHub\kalshi-trading-bot\BacklashPatterns\BacklashPatterns.csproj]
c:\Users\Peter\Documents\GitHub\kalshi-trading-bot\BacklashPatterns\PatternDefinitions\UpsideGapTwoCrowsPattern.cs(49,16): error CS1591: Missing XML comment for publicly visible type or member 'UpsideGapTwoCrowsPattern.UpsideGapTwoCrowsPattern(List<int>)' [c:\Users\Peter\Documents\GitHub\kalshi-trading-bot\BacklashPatterns\BacklashPatterns.csproj]
c:\Users\Peter\Documents\GitHub\kalshi-trading-bot\BacklashPatterns\PatternDefinitions\UpsideGapTwoCrowsPattern.cs(53,61): error CS1591: Missing XML comment for publicly visible type or member 'UpsideGapTwoCrowsPattern.IsPatternAsync(int, int, CandleMids[], Dictionary<int, CandleMetrics>)' [c:\Users\Peter\Documents\GitHub\kalshi-trading-bot\BacklashPatterns\BacklashPatterns.csproj]
c:\Users\Peter\Documents\GitHub\kalshi-trading-bot\BacklashPatterns\PatternSearch.cs(111,21): error CS1591: Missing XML comment for publicly visible type or member 'PatternDetectionMetricsSummary.TotalDetectionTimeMs' [c:\Users\Peter\Documents\GitHub\kalshi-trading-bot\BacklashPatterns\BacklashPatterns.csproj]
c:\Users\Peter\Documents\GitHub\kalshi-trading-bot\BacklashPatterns\PatternSearch.cs(112,20): error CS1591: Missing XML comment for publicly visible type or member 'PatternDetectionMetricsSummary.TotalCandlesProcessed' [c:\Users\Peter\Documents\GitHub\kalshi-trading-bot\BacklashPatterns\BacklashPatterns.csproj]
c:\Users\Peter\Documents\GitHub\kalshi-trading-bot\BacklashPatterns\PatternSearch.cs(113,20): error CS1591: Missing XML comment for publicly visible type or member 'PatternDetectionMetricsSummary.TotalPatternsFound' [c:\Users\Peter\Documents\GitHub\kalshi-trading-bot\BacklashPatterns\BacklashPatterns.csproj]
c:\Users\Peter\Documents\GitHub\kalshi-trading-bot\BacklashPatterns\PatternSearch.cs(114,41): error CS1591: Missing XML comment for publicly visible type or member 'PatternDetectionMetricsSummary.PatternCheckTimes' [c:\Users\Peter\Documents\GitHub\kalshi-trading-bot\BacklashPatterns\BacklashPatterns.csproj]
c:\Users\Peter\Documents\GitHub\kalshi-trading-bot\BacklashPatterns\PatternSearch.cs(115,40): error CS1591: Missing XML comment for publicly visible type or member 'PatternDetectionMetricsSummary.PatternCounts' [c:\Users\Peter\Documents\GitHub\kalshi-trading-bot\BacklashPatterns\BacklashPatterns.csproj]
c:\Users\Peter\Documents\GitHub\kalshi-trading-bot\BacklashPatterns\PatternDefinitions\DarkCloudCoverPattern.cs(54,25): error CS1591: Missing XML comment for publicly visible type or member 'DarkCloudCoverPattern2.BaseName' [c:\Users\Peter\Documents\GitHub\kalshi-trading-bot\BacklashPatterns\BacklashPatterns.csproj]
c:\Users\Peter\Documents\GitHub\kalshi-trading-bot\BacklashPatterns\PatternDefinitions\DarkCloudCoverPattern.cs(55,28): error CS1591: Missing XML comment for publicly visible type or member 'DarkCloudCoverPattern2.Name' [c:\Users\Peter\Documents\GitHub\kalshi-trading-bot\BacklashPatterns\BacklashPatterns.csproj]
c:\Users\Peter\Documents\GitHub\kalshi-trading-bot\BacklashPatterns\PatternDefinitions\DarkCloudCoverPattern.cs(56,28): error CS1591: Missing XML comment for publicly visible type or member 'DarkCloudCoverPattern2.Strength' [c:\Users\Peter\Documents\GitHub\kalshi-trading-bot\BacklashPatterns\BacklashPatterns.csproj]
c:\Users\Peter\Documents\GitHub\kalshi-trading-bot\BacklashPatterns\PatternDefinitions\DarkCloudCoverPattern.cs(57,28): error CS1591: Missing XML comment for publicly visible type or member 'DarkCloudCoverPattern2.Certainty' [c:\Users\Peter\Documents\GitHub\kalshi-trading-bot\BacklashPatterns\BacklashPatterns.csproj]
c:\Users\Peter\Documents\GitHub\kalshi-trading-bot\BacklashPatterns\PatternDefinitions\DarkCloudCoverPattern.cs(58,28): error CS1591: Missing XML comment for publicly visible type or member 'DarkCloudCoverPattern2.Uncertainty' [c:\Users\Peter\Documents\GitHub\kalshi-trading-bot\BacklashPatterns\BacklashPatterns.csproj]
c:\Users\Peter\Documents\GitHub\kalshi-trading-bot\BacklashPatterns\PatternDefinitions\DarkCloudCoverPattern.cs(60,12): error CS1591: Missing XML comment for publicly visible type or member 'DarkCloudCoverPattern2.DarkCloudCoverPattern2(List<int>)' [c:\Users\Peter\Documents\GitHub\kalshi-trading-bot\BacklashPatterns\BacklashPatterns.csproj]
c:\Users\Peter\Documents\GitHub\kalshi-trading-bot\BacklashPatterns\PatternDefinitions\DarkCloudCoverPattern.cs(64,54): error CS1591: Missing XML comment for publicly visible type or member 'DarkCloudCoverPattern2.IsPatternAsync(int, CandleMids[], int, Dictionary<int, CandleMetrics>)' [c:\Users\Peter\Documents\GitHub\kalshi-trading-bot\BacklashPatterns\BacklashPatterns.csproj]
c:\Users\Peter\Documents\GitHub\kalshi-trading-bot\BacklashPatterns\PatternDefinitions\DojiStarPattern.cs(6,14): error CS1591: Missing XML comment for publicly visible type or member 'DojiStarPattern' [c:\Users\Peter\Documents\GitHub\kalshi-trading-bot\BacklashPatterns\BacklashPatterns.csproj]
c:\Users\Peter\Documents\GitHub\kalshi-trading-bot\BacklashPatterns\PatternDefinitions\DojiStarPattern.cs(37,25): error CS1591: Missing XML comment for publicly visible type or member 'DojiStarPattern.BaseName' [c:\Users\Peter\Documents\GitHub\kalshi-trading-bot\BacklashPatterns\BacklashPatterns.csproj]
c:\Users\Peter\Documents\GitHub\kalshi-trading-bot\BacklashPatterns\PatternDefinitions\DojiStarPattern.cs(38,28): error CS1591: Missing XML comment for publicly visible type or member 'DojiStarPattern.Name' [c:\Users\Peter\Documents\GitHub\kalshi-trading-bot\BacklashPatterns\BacklashPatterns.csproj]
c:\Users\Peter\Documents\GitHub\kalshi-trading-bot\BacklashPatterns\PatternDefinitions\DojiStarPattern.cs(40,28): error CS1591: Missing XML comment for publicly visible type or member 'DojiStarPattern.Strength' [c:\Users\Peter\Documents\GitHub\kalshi-trading-bot\BacklashPatterns\BacklashPatterns.csproj]
c:\Users\Peter\Documents\GitHub\kalshi-trading-bot\BacklashPatterns\PatternDefinitions\DojiStarPattern.cs(41,28): error CS1591: Missing XML comment for publicly visible type or member 'DojiStarPattern.Certainty' [c:\Users\Peter\Documents\GitHub\kalshi-trading-bot\BacklashPatterns\BacklashPatterns.csproj]
c:\Users\Peter\Documents\GitHub\kalshi-trading-bot\BacklashPatterns\PatternDefinitions\DojiStarPattern.cs(42,28): error CS1591: Missing XML comment for publicly visible type or member 'DojiStarPattern.Uncertainty' [c:\Users\Peter\Documents\GitHub\kalshi-trading-bot\BacklashPatterns\BacklashPatterns.csproj]
c:\Users\Peter\Documents\GitHub\kalshi-trading-bot\BacklashPatterns\PatternDefinitions\DojiStarPattern.cs(43,12): error CS1591: Missing XML comment for publicly visible type or member 'DojiStarPattern.DojiStarPattern(List<int>, bool)' [c:\Users\Peter\Documents\GitHub\kalshi-trading-bot\BacklashPatterns\BacklashPatterns.csproj]
c:\Users\Peter\Documents\GitHub\kalshi-trading-bot\BacklashPatterns\PatternDefinitions\DojiStarPattern.cs(48,48): error CS1591: Missing XML comment for publicly visible type or member 'DojiStarPattern.IsPatternAsync(int, int, CandleMids[], Dictionary<int, CandleMetrics>)' [c:\Users\Peter\Documents\GitHub\kalshi-trading-bot\BacklashPatterns\BacklashPatterns.csproj]
c:\Users\Peter\Documents\GitHub\kalshi-trading-bot\BacklashPatterns\PatternDefinitions\DownsideGapThreeMethodsPattern.cs(6,14): error CS1591: Missing XML comment for publicly visible type or member 'DownsideGapThreeMethodsPattern' [c:\Users\Peter\Documents\GitHub\kalshi-trading-bot\BacklashPatterns\BacklashPatterns.csproj]
c:\Users\Peter\Documents\GitHub\kalshi-trading-bot\BacklashPatterns\PatternDefinitions\DownsideGapThreeMethodsPattern.cs(25,25): error CS1591: Missing XML comment for publicly visible type or member 'DownsideGapThreeMethodsPattern.BaseName' [c:\Users\Peter\Documents\GitHub\kalshi-trading-bot\BacklashPatterns\BacklashPatterns.csproj]
c:\Users\Peter\Documents\GitHub\kalshi-trading-bot\BacklashPatterns\PatternDefinitions\DownsideGapThreeMethodsPattern.cs(26,28): error CS1591: Missing XML comment for publicly visible type or member 'DownsideGapThreeMethodsPattern.Name' [c:\Users\Peter\Documents\GitHub\kalshi-trading-bot\BacklashPatterns\BacklashPatterns.csproj]
c:\Users\Peter\Documents\GitHub\kalshi-trading-bot\BacklashPatterns\PatternDefinitions\DownsideGapThreeMethodsPattern.cs(27,28): error CS1591: Missing XML comment for publicly visible type or member 'DownsideGapThreeMethodsPattern.Strength' [c:\Users\Peter\Documents\GitHub\kalshi-trading-bot\BacklashPatterns\BacklashPatterns.csproj]
c:\Users\Peter\Documents\GitHub\kalshi-trading-bot\BacklashPatterns\PatternDefinitions\DownsideGapThreeMethodsPattern.cs(28,28): error CS1591: Missing XML comment for publicly visible type or member 'DownsideGapThreeMethodsPattern.Certainty' [c:\Users\Peter\Documents\GitHub\kalshi-trading-bot\BacklashPatterns\BacklashPatterns.csproj]
c:\Users\Peter\Documents\GitHub\kalshi-trading-bot\BacklashPatterns\PatternDefinitions\DownsideGapThreeMethodsPattern.cs(29,28): error CS1591: Missing XML comment for publicly visible type or member 'DownsideGapThreeMethodsPattern.Uncertainty' [c:\Users\Peter\Documents\GitHub\kalshi-trading-bot\BacklashPatterns\BacklashPatterns.csproj]
c:\Users\Peter\Documents\GitHub\kalshi-trading-bot\BacklashPatterns\PatternDefinitions\DownsideGapThreeMethodsPattern.cs(30,12): error CS1591: Missing XML comment for publicly visible type or member 'DownsideGapThreeMethodsPattern.DownsideGapThreeMethodsPattern(List<int>)' [c:\Users\Peter\Documents\GitHub\kalshi-trading-bot\BacklashPatterns\BacklashPatterns.csproj]
c:\Users\Peter\Documents\GitHub\kalshi-trading-bot\BacklashPatterns\PatternDefinitions\DownsideGapThreeMethodsPattern.cs(34,63): error CS1591: Missing XML comment for publicly visible type or member 'DownsideGapThreeMethodsPattern.IsPatternAsync(int, CandleMids[], int, Dictionary<int, CandleMetrics>)' [c:\Users\Peter\Documents\GitHub\kalshi-trading-bot\BacklashPatterns\BacklashPatterns.csproj]
c:\Users\Peter\Documents\GitHub\kalshi-trading-bot\BacklashPatterns\PatternDefinitions\DragonflyDojiPattern.cs(6,14): error CS1591: Missing XML comment for publicly visible type or member 'DragonflyDojiPattern' [c:\Users\Peter\Documents\GitHub\kalshi-trading-bot\BacklashPatterns\BacklashPatterns.csproj]
c:\Users\Peter\Documents\GitHub\kalshi-trading-bot\BacklashPatterns\PatternDefinitions\DragonflyDojiPattern.cs(38,25): error CS1591: Missing XML comment for publicly visible type or member 'DragonflyDojiPattern.BaseName' [c:\Users\Peter\Documents\GitHub\kalshi-trading-bot\BacklashPatterns\BacklashPatterns.csproj]
c:\Users\Peter\Documents\GitHub\kalshi-trading-bot\BacklashPatterns\PatternDefinitions\DragonflyDojiPattern.cs(39,28): error CS1591: Missing XML comment for publicly visible type or member 'DragonflyDojiPattern.Name' [c:\Users\Peter\Documents\GitHub\kalshi-trading-bot\BacklashPatterns\BacklashPatterns.csproj]
c:\Users\Peter\Documents\GitHub\kalshi-trading-bot\BacklashPatterns\PatternDefinitions\DragonflyDojiPattern.cs(40,28): error CS1591: Missing XML comment for publicly visible type or member 'DragonflyDojiPattern.Strength' [c:\Users\Peter\Documents\GitHub\kalshi-trading-bot\BacklashPatterns\BacklashPatterns.csproj]
c:\Users\Peter\Documents\GitHub\kalshi-trading-bot\BacklashPatterns\PatternDefinitions\DragonflyDojiPattern.cs(41,28): error CS1591: Missing XML comment for publicly visible type or member 'DragonflyDojiPattern.Certainty' [c:\Users\Peter\Documents\GitHub\kalshi-trading-bot\BacklashPatterns\BacklashPatterns.csproj]
c:\Users\Peter\Documents\GitHub\kalshi-trading-bot\BacklashPatterns\PatternDefinitions\DragonflyDojiPattern.cs(42,28): error CS1591: Missing XML comment for publicly visible type or member 'DragonflyDojiPattern.Uncertainty' [c:\Users\Peter\Documents\GitHub\kalshi-trading-bot\BacklashPatterns\BacklashPatterns.csproj]
c:\Users\Peter\Documents\GitHub\kalshi-trading-bot\BacklashPatterns\PatternDefinitions\DragonflyDojiPattern.cs(43,12): error CS1591: Missing XML comment for publicly visible type or member 'DragonflyDojiPattern.DragonflyDojiPattern(List<int>)' [c:\Users\Peter\Documents\GitHub\kalshi-trading-bot\BacklashPatterns\BacklashPatterns.csproj]
c:\Users\Peter\Documents\GitHub\kalshi-trading-bot\BacklashPatterns\PatternDefinitions\DragonflyDojiPattern.cs(47,53): error CS1591: Missing XML comment for publicly visible type or member 'DragonflyDojiPattern.IsPatternAsync(Dictionary<int, CandleMetrics>, int, int, CandleMids[])' [c:\Users\Peter\Documents\GitHub\kalshi-trading-bot\BacklashPatterns\BacklashPatterns.csproj]
c:\Users\Peter\Documents\GitHub\kalshi-trading-bot\BacklashPatterns\PatternDefinitions\EngulfingPattern.cs(6,14): error CS1591: Missing XML comment for publicly visible type or member 'EngulfingPattern' [c:\Users\Peter\Documents\GitHub\kalshi-trading-bot\BacklashPatterns\BacklashPatterns.csproj]
c:\Users\Peter\Documents\GitHub\kalshi-trading-bot\BacklashPatterns\PatternDefinitions\EngulfingPattern.cs(19,25): error CS1591: Missing XML comment for publicly visible type or member 'EngulfingPattern.BaseName' [c:\Users\Peter\Documents\GitHub\kalshi-trading-bot\BacklashPatterns\BacklashPatterns.csproj]
c:\Users\Peter\Documents\GitHub\kalshi-trading-bot\BacklashPatterns\PatternDefinitions\EngulfingPattern.cs(20,28): error CS1591: Missing XML comment for publicly visible type or member 'EngulfingPattern.Name' [c:\Users\Peter\Documents\GitHub\kalshi-trading-bot\BacklashPatterns\BacklashPatterns.csproj]
c:\Users\Peter\Documents\GitHub\kalshi-trading-bot\BacklashPatterns\PatternDefinitions\EngulfingPattern.cs(22,28): error CS1591: Missing XML comment for publicly visible type or member 'EngulfingPattern.Strength' [c:\Users\Peter\Documents\GitHub\kalshi-trading-bot\BacklashPatterns\BacklashPatterns.csproj]
c:\Users\Peter\Documents\GitHub\kalshi-trading-bot\BacklashPatterns\PatternDefinitions\EngulfingPattern.cs(23,28): error CS1591: Missing XML comment for publicly visible type or member 'EngulfingPattern.Certainty' [c:\Users\Peter\Documents\GitHub\kalshi-trading-bot\BacklashPatterns\BacklashPatterns.csproj]
c:\Users\Peter\Documents\GitHub\kalshi-trading-bot\BacklashPatterns\PatternDefinitions\EngulfingPattern.cs(24,28): error CS1591: Missing XML comment for publicly visible type or member 'EngulfingPattern.Uncertainty' [c:\Users\Peter\Documents\GitHub\kalshi-trading-bot\BacklashPatterns\BacklashPatterns.csproj]
c:\Users\Peter\Documents\GitHub\kalshi-trading-bot\BacklashPatterns\PatternDefinitions\EngulfingPattern.cs(25,12): error CS1591: Missing XML comment for publicly visible type or member 'EngulfingPattern.EngulfingPattern(List<int>, bool)' [c:\Users\Peter\Documents\GitHub\kalshi-trading-bot\BacklashPatterns\BacklashPatterns.csproj]
c:\Users\Peter\Documents\GitHub\kalshi-trading-bot\BacklashPatterns\PatternDefinitions\EngulfingPattern.cs(30,49): error CS1591: Missing XML comment for publicly visible type or member 'EngulfingPattern.IsPatternAsync(int, Dictionary<int, CandleMetrics>, CandleMids[], double, bool)' [c:\Users\Peter\Documents\GitHub\kalshi-trading-bot\BacklashPatterns\BacklashPatterns.csproj]
c:\Users\Peter\Documents\GitHub\kalshi-trading-bot\BacklashPatterns\PatternDefinitions\EveningStarPattern.cs(6,14): error CS1591: Missing XML comment for publicly visible type or member 'EveningStarPattern' [c:\Users\Peter\Documents\GitHub\kalshi-trading-bot\BacklashPatterns\BacklashPatterns.csproj]
c:\Users\Peter\Documents\GitHub\kalshi-trading-bot\BacklashPatterns\PatternDefinitions\EveningStarPattern.cs(37,25): error CS1591: Missing XML comment for publicly visible type or member 'EveningStarPattern.BaseName' [c:\Users\Peter\Documents\GitHub\kalshi-trading-bot\BacklashPatterns\BacklashPatterns.csproj]
c:\Users\Peter\Documents\GitHub\kalshi-trading-bot\BacklashPatterns\PatternDefinitions\EveningStarPattern.cs(38,28): error CS1591: Missing XML comment for publicly visible type or member 'EveningStarPattern.Name' [c:\Users\Peter\Documents\GitHub\kalshi-trading-bot\BacklashPatterns\BacklashPatterns.csproj]
c:\Users\Peter\Documents\GitHub\kalshi-trading-bot\BacklashPatterns\PatternDefinitions\EveningStarPattern.cs(39,28): error CS1591: Missing XML comment for publicly visible type or member 'EveningStarPattern.Strength' [c:\Users\Peter\Documents\GitHub\kalshi-trading-bot\BacklashPatterns\BacklashPatterns.csproj]
c:\Users\Peter\Documents\GitHub\kalshi-trading-bot\BacklashPatterns\PatternDefinitions\EveningStarPattern.cs(40,28): error CS1591: Missing XML comment for publicly visible type or member 'EveningStarPattern.Certainty' [c:\Users\Peter\Documents\GitHub\kalshi-trading-bot\BacklashPatterns\BacklashPatterns.csproj]
c:\Users\Peter\Documents\GitHub\kalshi-trading-bot\BacklashPatterns\PatternDefinitions\EveningStarPattern.cs(41,28): error CS1591: Missing XML comment for publicly visible type or member 'EveningStarPattern.Uncertainty' [c:\Users\Peter\Documents\GitHub\kalshi-trading-bot\BacklashPatterns\BacklashPatterns.csproj]
c:\Users\Peter\Documents\GitHub\kalshi-trading-bot\BacklashPatterns\PatternDefinitions\EveningStarPattern.cs(42,12): error CS1591: Missing XML comment for publicly visible type or member 'EveningStarPattern.EveningStarPattern(List<int>)' [c:\Users\Peter\Documents\GitHub\kalshi-trading-bot\BacklashPatterns\BacklashPatterns.csproj]
c:\Users\Peter\Documents\GitHub\kalshi-trading-bot\BacklashPatterns\PatternDefinitions\EveningStarPattern.cs(46,51): error CS1591: Missing XML comment for publicly visible type or member 'EveningStarPattern.IsPatternAsync(int, CandleMids[], int, Dictionary<int, CandleMetrics>)' [c:\Users\Peter\Documents\GitHub\kalshi-trading-bot\BacklashPatterns\BacklashPatterns.csproj]
c:\Users\Peter\Documents\GitHub\kalshi-trading-bot\BacklashPatterns\PatternDefinitions\GravestoneDojiPattern.cs(6,14): error CS1591: Missing XML comment for publicly visible type or member 'GravestoneDojiPattern' [c:\Users\Peter\Documents\GitHub\kalshi-trading-bot\BacklashPatterns\BacklashPatterns.csproj]
c:\Users\Peter\Documents\GitHub\kalshi-trading-bot\BacklashPatterns\PatternDefinitions\GravestoneDojiPattern.cs(56,25): error CS1591: Missing XML comment for publicly visible type or member 'GravestoneDojiPattern.BaseName' [c:\Users\Peter\Documents\GitHub\kalshi-trading-bot\BacklashPatterns\BacklashPatterns.csproj]
c:\Users\Peter\Documents\GitHub\kalshi-trading-bot\BacklashPatterns\PatternDefinitions\GravestoneDojiPattern.cs(57,28): error CS1591: Missing XML comment for publicly visible type or member 'GravestoneDojiPattern.Name' [c:\Users\Peter\Documents\GitHub\kalshi-trading-bot\BacklashPatterns\BacklashPatterns.csproj]
c:\Users\Peter\Documents\GitHub\kalshi-trading-bot\BacklashPatterns\PatternDefinitions\GravestoneDojiPattern.cs(58,28): error CS1591: Missing XML comment for publicly visible type or member 'GravestoneDojiPattern.Strength' [c:\Users\Peter\Documents\GitHub\kalshi-trading-bot\BacklashPatterns\BacklashPatterns.csproj]
c:\Users\Peter\Documents\GitHub\kalshi-trading-bot\BacklashPatterns\PatternDefinitions\GravestoneDojiPattern.cs(59,28): error CS1591: Missing XML comment for publicly visible type or member 'GravestoneDojiPattern.Certainty' [c:\Users\Peter\Documents\GitHub\kalshi-trading-bot\BacklashPatterns\BacklashPatterns.csproj]
c:\Users\Peter\Documents\GitHub\kalshi-trading-bot\BacklashPatterns\PatternDefinitions\GravestoneDojiPattern.cs(60,28): error CS1591: Missing XML comment for publicly visible type or member 'GravestoneDojiPattern.Uncertainty' [c:\Users\Peter\Documents\GitHub\kalshi-trading-bot\BacklashPatterns\BacklashPatterns.csproj]
c:\Users\Peter\Documents\GitHub\kalshi-trading-bot\BacklashPatterns\PatternDefinitions\GravestoneDojiPattern.cs(61,12): error CS1591: Missing XML comment for publicly visible type or member 'GravestoneDojiPattern.GravestoneDojiPattern(List<int>)' [c:\Users\Peter\Documents\GitHub\kalshi-trading-bot\BacklashPatterns\BacklashPatterns.csproj]
c:\Users\Peter\Documents\GitHub\kalshi-trading-bot\BacklashPatterns\PatternDefinitions\GravestoneDojiPattern.cs(65,54): error CS1591: Missing XML comment for publicly visible type or member 'GravestoneDojiPattern.IsPatternAsync(Dictionary<int, CandleMetrics>, int, int, CandleMids[])' [c:\Users\Peter\Documents\GitHub\kalshi-trading-bot\BacklashPatterns\BacklashPatterns.csproj]
c:\Users\Peter\Documents\GitHub\kalshi-trading-bot\BacklashPatterns\PatternDefinitions\HammerPattern.cs(6,14): error CS1591: Missing XML comment for publicly visible type or member 'HammerPattern' [c:\Users\Peter\Documents\GitHub\kalshi-trading-bot\BacklashPatterns\BacklashPatterns.csproj]
c:\Users\Peter\Documents\GitHub\kalshi-trading-bot\BacklashPatterns\PatternDefinitions\HammerPattern.cs(37,25): error CS1591: Missing XML comment for publicly visible type or member 'HammerPattern.BaseName' [c:\Users\Peter\Documents\GitHub\kalshi-trading-bot\BacklashPatterns\BacklashPatterns.csproj]
c:\Users\Peter\Documents\GitHub\kalshi-trading-bot\BacklashPatterns\PatternDefinitions\HammerPattern.cs(38,28): error CS1591: Missing XML comment for publicly visible type or member 'HammerPattern.Name' [c:\Users\Peter\Documents\GitHub\kalshi-trading-bot\BacklashPatterns\BacklashPatterns.csproj]
c:\Users\Peter\Documents\GitHub\kalshi-trading-bot\BacklashPatterns\PatternDefinitions\HammerPattern.cs(39,28): error CS1591: Missing XML comment for publicly visible type or member 'HammerPattern.Strength' [c:\Users\Peter\Documents\GitHub\kalshi-trading-bot\BacklashPatterns\BacklashPatterns.csproj]
c:\Users\Peter\Documents\GitHub\kalshi-trading-bot\BacklashPatterns\PatternDefinitions\HammerPattern.cs(40,28): error CS1591: Missing XML comment for publicly visible type or member 'HammerPattern.Certainty' [c:\Users\Peter\Documents\GitHub\kalshi-trading-bot\BacklashPatterns\BacklashPatterns.csproj]
c:\Users\Peter\Documents\GitHub\kalshi-trading-bot\BacklashPatterns\PatternDefinitions\HammerPattern.cs(41,28): error CS1591: Missing XML comment for publicly visible type or member 'HammerPattern.Uncertainty' [c:\Users\Peter\Documents\GitHub\kalshi-trading-bot\BacklashPatterns\BacklashPatterns.csproj]
c:\Users\Peter\Documents\GitHub\kalshi-trading-bot\BacklashPatterns\PatternDefinitions\HammerPattern.cs(42,12): error CS1591: Missing XML comment for publicly visible type or member 'HammerPattern.HammerPattern(List<int>)' [c:\Users\Peter\Documents\GitHub\kalshi-trading-bot\BacklashPatterns\BacklashPatterns.csproj]
c:\Users\Peter\Documents\GitHub\kalshi-trading-bot\BacklashPatterns\PatternDefinitions\HammerPattern.cs(46,46): error CS1591: Missing XML comment for publicly visible type or member 'HammerPattern.IsPatternAsync(Dictionary<int, CandleMetrics>, int, int, CandleMids[])' [c:\Users\Peter\Documents\GitHub\kalshi-trading-bot\BacklashPatterns\BacklashPatterns.csproj]
c:\Users\Peter\Documents\GitHub\kalshi-trading-bot\BacklashPatterns\PatternDefinitions\UpsideDownsideGapThreeMethodsPattern.cs(6,14): error CS1591: Missing XML comment for publicly visible type or member 'UpsideDownsideGapThreeMethodsPattern' [c:\Users\Peter\Documents\GitHub\kalshi-trading-bot\BacklashPatterns\BacklashPatterns.csproj]
c:\Users\Peter\Documents\GitHub\kalshi-trading-bot\BacklashPatterns\PatternDefinitions\UpsideDownsideGapThreeMethodsPattern.cs(21,25): error CS1591: Missing XML comment for publicly visible type or member 'UpsideDownsideGapThreeMethodsPattern.BaseName' [c:\Users\Peter\Documents\GitHub\kalshi-trading-bot\BacklashPatterns\BacklashPatterns.csproj]
c:\Users\Peter\Documents\GitHub\kalshi-trading-bot\BacklashPatterns\PatternDefinitions\UpsideDownsideGapThreeMethodsPattern.cs(22,28): error CS1591: Missing XML comment for publicly visible type or member 'UpsideDownsideGapThreeMethodsPattern.Name' [c:\Users\Peter\Documents\GitHub\kalshi-trading-bot\BacklashPatterns\BacklashPatterns.csproj]
c:\Users\Peter\Documents\GitHub\kalshi-trading-bot\BacklashPatterns\PatternDefinitions\UpsideDownsideGapThreeMethodsPattern.cs(23,28): error CS1591: Missing XML comment for publicly visible type or member 'UpsideDownsideGapThreeMethodsPattern.Strength' [c:\Users\Peter\Documents\GitHub\kalshi-trading-bot\BacklashPatterns\BacklashPatterns.csproj]
c:\Users\Peter\Documents\GitHub\kalshi-trading-bot\BacklashPatterns\PatternDefinitions\UpsideDownsideGapThreeMethodsPattern.cs(24,28): error CS1591: Missing XML comment for publicly visible type or member 'UpsideDownsideGapThreeMethodsPattern.Certainty' [c:\Users\Peter\Documents\GitHub\kalshi-trading-bot\BacklashPatterns\BacklashPatterns.csproj]
c:\Users\Peter\Documents\GitHub\kalshi-trading-bot\BacklashPatterns\PatternDefinitions\UpsideDownsideGapThreeMethodsPattern.cs(25,28): error CS1591: Missing XML comment for publicly visible type or member 'UpsideDownsideGapThreeMethodsPattern.Uncertainty' [c:\Users\Peter\Documents\GitHub\kalshi-trading-bot\BacklashPatterns\BacklashPatterns.csproj]
c:\Users\Peter\Documents\GitHub\kalshi-trading-bot\BacklashPatterns\PatternDefinitions\UpsideDownsideGapThreeMethodsPattern.cs(26,12): error CS1591: Missing XML comment for publicly visible type or member 'UpsideDownsideGapThreeMethodsPattern.UpsideDownsideGapThreeMethodsPattern(List<int>)' [c:\Users\Peter\Documents\GitHub\kalshi-trading-bot\BacklashPatterns\BacklashPatterns.csproj]
c:\Users\Peter\Documents\GitHub\kalshi-trading-bot\BacklashPatterns\PatternDefinitions\UpsideDownsideGapThreeMethodsPattern.cs(30,69): error CS1591: Missing XML comment for publicly visible type or member 'UpsideDownsideGapThreeMethodsPattern.IsPatternAsync(int, int, bool, CandleMids[], Dictionary<int, CandleMetrics>)' [c:\Users\Peter\Documents\GitHub\kalshi-trading-bot\BacklashPatterns\BacklashPatterns.csproj]
c:\Users\Peter\Documents\GitHub\kalshi-trading-bot\KalshiBotAPI\Websockets\Interfaces\IMessageProcessor.cs(6,22): error CS1591: Missing XML comment for publicly visible type or member 'IMessageProcessor' [c:\Users\Peter\Documents\GitHub\kalshi-trading-bot\KalshiBotAPI\KalshiBotAPI.csproj]
c:\Users\Peter\Documents\GitHub\kalshi-trading-bot\KalshiBotAPI\Websockets\Interfaces\IMessageProcessor.cs(8,48): error CS1591: Missing XML comment for publicly visible type or member 'IMessageProcessor.OrderBookReceived' [c:\Users\Peter\Documents\GitHub\kalshi-trading-bot\KalshiBotAPI\KalshiBotAPI.csproj]
c:\Users\Peter\Documents\GitHub\kalshi-trading-bot\KalshiBotAPI\Websockets\Interfaces\IMessageProcessor.cs(9,45): error CS1591: Missing XML comment for publicly visible type or member 'IMessageProcessor.TickerReceived' [c:\Users\Peter\Documents\GitHub\kalshi-trading-bot\KalshiBotAPI\KalshiBotAPI.csproj]
c:\Users\Peter\Documents\GitHub\kalshi-trading-bot\KalshiBotAPI\Websockets\Interfaces\IMessageProcessor.cs(10,44): error CS1591: Missing XML comment for publicly visible type or member 'IMessageProcessor.TradeReceived' [c:\Users\Peter\Documents\GitHub\kalshi-trading-bot\KalshiBotAPI\KalshiBotAPI.csproj]
c:\Users\Peter\Documents\GitHub\kalshi-trading-bot\KalshiBotAPI\Websockets\Interfaces\IMessageProcessor.cs(11,43): error CS1591: Missing XML comment for publicly visible type or member 'IMessageProcessor.FillReceived' [c:\Users\Peter\Documents\GitHub\kalshi-trading-bot\KalshiBotAPI\KalshiBotAPI.csproj]
c:\Users\Peter\Documents\GitHub\kalshi-trading-bot\KalshiBotAPI\Websockets\Interfaces\IMessageProcessor.cs(12,54): error CS1591: Missing XML comment for publicly visible type or member 'IMessageProcessor.MarketLifecycleReceived' [c:\Users\Peter\Documents\GitHub\kalshi-trading-bot\KalshiBotAPI\KalshiBotAPI.csproj]
c:\Users\Peter\Documents\GitHub\kalshi-trading-bot\KalshiBotAPI\Websockets\Interfaces\IMessageProcessor.cs(13,53): error CS1591: Missing XML comment for publicly visible type or member 'IMessageProcessor.EventLifecycleReceived' [c:\Users\Peter\Documents\GitHub\kalshi-trading-bot\KalshiBotAPI\KalshiBotAPI.csproj]
c:\Users\Peter\Documents\GitHub\kalshi-trading-bot\KalshiBotAPI\Websockets\Interfaces\IMessageProcessor.cs(14,38): error CS1591: Missing XML comment for publicly visible type or member 'IMessageProcessor.MessageReceived' [c:\Users\Peter\Documents\GitHub\kalshi-trading-bot\KalshiBotAPI\KalshiBotAPI.csproj]
c:\Users\Peter\Documents\GitHub\kalshi-trading-bot\KalshiBotAPI\Websockets\Interfaces\IMessageProcessor.cs(16,14): error CS1591: Missing XML comment for publicly visible type or member 'IMessageProcessor.ProcessMessageAsync(string)' [c:\Users\Peter\Documents\GitHub\kalshi-trading-bot\KalshiBotAPI\KalshiBotAPI.csproj]
c:\Users\Peter\Documents\GitHub\kalshi-trading-bot\KalshiBotAPI\Websockets\Interfaces\IMessageProcessor.cs(17,14): error CS1591: Missing XML comment for publicly visible type or member 'IMessageProcessor.StartProcessingAsync()' [c:\Users\Peter\Documents\GitHub\kalshi-trading-bot\KalshiBotAPI\KalshiBotAPI.csproj]
c:\Users\Peter\Documents\GitHub\kalshi-trading-bot\KalshiBotAPI\Websockets\Interfaces\IMessageProcessor.cs(18,14): error CS1591: Missing XML comment for publicly visible type or member 'IMessageProcessor.StopProcessingAsync()' [c:\Users\Peter\Documents\GitHub\kalshi-trading-bot\KalshiBotAPI\KalshiBotAPI.csproj]
c:\Users\Peter\Documents\GitHub\kalshi-trading-bot\KalshiBotAPI\Websockets\Interfaces\IMessageProcessor.cs(19,13): error CS1591: Missing XML comment for publicly visible type or member 'IMessageProcessor.OrderBookMessageQueueCount' [c:\Users\Peter\Documents\GitHub\kalshi-trading-bot\KalshiBotAPI\KalshiBotAPI.csproj]
c:\Users\Peter\Documents\GitHub\kalshi-trading-bot\KalshiBotAPI\Websockets\Interfaces\IMessageProcessor.cs(20,13): error CS1591: Missing XML comment for publicly visible type or member 'IMessageProcessor.PendingConfirmsCount' [c:\Users\Peter\Documents\GitHub\kalshi-trading-bot\KalshiBotAPI\KalshiBotAPI.csproj]
c:\Users\Peter\Documents\GitHub\kalshi-trading-bot\KalshiBotAPI\Websockets\Interfaces\IMessageProcessor.cs(21,14): error CS1591: Missing XML comment for publicly visible type or member 'IMessageProcessor.LastSequenceNumber' [c:\Users\Peter\Documents\GitHub\kalshi-trading-bot\KalshiBotAPI\KalshiBotAPI.csproj]
c:\Users\Peter\Documents\GitHub\kalshi-trading-bot\KalshiBotAPI\Websockets\Interfaces\IMessageProcessor.cs(22,14): error CS1591: Missing XML comment for publicly visible type or member 'IMessageProcessor.ResetEventCounts()' [c:\Users\Peter\Documents\GitHub\kalshi-trading-bot\KalshiBotAPI\KalshiBotAPI.csproj]
c:\Users\Peter\Documents\GitHub\kalshi-trading-bot\KalshiBotAPI\Websockets\Interfaces\IMessageProcessor.cs(23,14): error CS1591: Missing XML comment for publicly visible type or member 'IMessageProcessor.ClearOrderBookQueue(string)' [c:\Users\Peter\Documents\GitHub\kalshi-trading-bot\KalshiBotAPI\KalshiBotAPI.csproj]
c:\Users\Peter\Documents\GitHub\kalshi-trading-bot\KalshiBotAPI\Websockets\Interfaces\IMessageProcessor.cs(24,14): error CS1591: Missing XML comment for publicly visible type or member 'IMessageProcessor.WaitForEmptyOrderBookQueueAsync(string, TimeSpan)' [c:\Users\Peter\Documents\GitHub\kalshi-trading-bot\KalshiBotAPI\KalshiBotAPI.csproj]
c:\Users\Peter\Documents\GitHub\kalshi-trading-bot\KalshiBotAPI\Websockets\Interfaces\IMessageProcessor.cs(25,66): error CS1591: Missing XML comment for publicly visible type or member 'IMessageProcessor.GetEventCountsByMarket(string)' [c:\Users\Peter\Documents\GitHub\kalshi-trading-bot\KalshiBotAPI\KalshiBotAPI.csproj]
c:\Users\Peter\Documents\GitHub\kalshi-trading-bot\KalshiBotAPI\Websockets\Interfaces\IMessageProcessor.cs(26,14): error CS1591: Missing XML comment for publicly visible type or member 'IMessageProcessor.SetWriteToSql(bool)' [c:\Users\Peter\Documents\GitHub\kalshi-trading-bot\KalshiBotAPI\KalshiBotAPI.csproj]
c:\Users\Peter\Documents\GitHub\kalshi-trading-bot\KalshiBotAPI\Websockets\Interfaces\ISubscriptionManager.cs(6,22): error CS1591: Missing XML comment for publicly visible type or member 'ISubscriptionManager' [c:\Users\Peter\Documents\GitHub\kalshi-trading-bot\KalshiBotAPI\KalshiBotAPI.csproj]
c:\Users\Peter\Documents\GitHub\kalshi-trading-bot\KalshiBotAPI\Websockets\Interfaces\ISubscriptionManager.cs(8,14): error CS1591: Missing XML comment for publicly visible type or member 'ISubscriptionManager.StartAsync()' [c:\Users\Peter\Documents\GitHub\kalshi-trading-bot\KalshiBotAPI\KalshiBotAPI.csproj]
c:\Users\Peter\Documents\GitHub\kalshi-trading-bot\KalshiBotAPI\Websockets\Interfaces\ISubscriptionManager.cs(9,14): error CS1591: Missing XML comment for publicly visible type or member 'ISubscriptionManager.SubscribeToChannelAsync(string, string[])' [c:\Users\Peter\Documents\GitHub\kalshi-trading-bot\KalshiBotAPI\KalshiBotAPI.csproj]
c:\Users\Peter\Documents\GitHub\kalshi-trading-bot\KalshiBotAPI\Websockets\Interfaces\ISubscriptionManager.cs(10,14): error CS1591: Missing XML comment for publicly visible type or member 'ISubscriptionManager.SubscribeToWatchedMarketsAsync()' [c:\Users\Peter\Documents\GitHub\kalshi-trading-bot\KalshiBotAPI\KalshiBotAPI.csproj]
c:\Users\Peter\Documents\GitHub\kalshi-trading-bot\KalshiBotAPI\Websockets\Interfaces\ISubscriptionManager.cs(11,14): error CS1591: Missing XML comment for publicly visible type or member 'ISubscriptionManager.UpdateSubscriptionAsync(string, string[], string)' [c:\Users\Peter\Documents\GitHub\kalshi-trading-bot\KalshiBotAPI\KalshiBotAPI.csproj]
c:\Users\Peter\Documents\GitHub\kalshi-trading-bot\KalshiBotAPI\Websockets\Interfaces\ISubscriptionManager.cs(12,14): error CS1591: Missing XML comment for publicly visible type or member 'ISubscriptionManager.UnsubscribeFromChannelAsync(string)' [c:\Users\Peter\Documents\GitHub\kalshi-trading-bot\KalshiBotAPI\KalshiBotAPI.csproj]
c:\Users\Peter\Documents\GitHub\kalshi-trading-bot\KalshiBotAPI\Websockets\Interfaces\ISubscriptionManager.cs(13,14): error CS1591: Missing XML comment for publicly visible type or member 'ISubscriptionManager.UnsubscribeFromAllAsync()' [c:\Users\Peter\Documents\GitHub\kalshi-trading-bot\KalshiBotAPI\KalshiBotAPI.csproj]
c:\Users\Peter\Documents\GitHub\kalshi-trading-bot\KalshiBotAPI\Websockets\Interfaces\ISubscriptionManager.cs(14,14): error CS1591: Missing XML comment for publicly visible type or member 'ISubscriptionManager.ResubscribeAsync(bool)' [c:\Users\Peter\Documents\GitHub\kalshi-trading-bot\KalshiBotAPI\KalshiBotAPI.csproj]
c:\Users\Peter\Documents\GitHub\kalshi-trading-bot\KalshiBotAPI\Websockets\Interfaces\ISubscriptionManager.cs(15,16): error CS1591: Missing XML comment for publicly visible type or member 'ISubscriptionManager.GetChannelName(string)' [c:\Users\Peter\Documents\GitHub\kalshi-trading-bot\KalshiBotAPI\KalshiBotAPI.csproj]
c:\Users\Peter\Documents\GitHub\kalshi-trading-bot\KalshiBotAPI\Websockets\Interfaces\ISubscriptionManager.cs(16,13): error CS1591: Missing XML comment for publicly visible type or member 'ISubscriptionManager.GenerateNextMessageId()' [c:\Users\Peter\Documents\GitHub\kalshi-trading-bot\KalshiBotAPI\KalshiBotAPI.csproj]
c:\Users\Peter\Documents\GitHub\kalshi-trading-bot\KalshiBotAPI\Websockets\Interfaces\ISubscriptionManager.cs(17,14): error CS1591: Missing XML comment for publicly visible type or member 'ISubscriptionManager.IsSubscribed(string, string)' [c:\Users\Peter\Documents\GitHub\kalshi-trading-bot\KalshiBotAPI\KalshiBotAPI.csproj]
c:\Users\Peter\Documents\GitHub\kalshi-trading-bot\KalshiBotAPI\Websockets\Interfaces\ISubscriptionManager.cs(18,14): error CS1591: Missing XML comment for publicly visible type or member 'ISubscriptionManager.CanSubscribeToMarket(string, string)' [c:\Users\Peter\Documents\GitHub\kalshi-trading-bot\KalshiBotAPI\KalshiBotAPI.csproj]
c:\Users\Peter\Documents\GitHub\kalshi-trading-bot\KalshiBotAPI\Websockets\Interfaces\ISubscriptionManager.cs(19,14): error CS1591: Missing XML comment for publicly visible type or member 'ISubscriptionManager.SetSubscriptionState(string, string, SubscriptionState)' [c:\Users\Peter\Documents\GitHub\kalshi-trading-bot\KalshiBotAPI\KalshiBotAPI.csproj]
c:\Users\Peter\Documents\GitHub\kalshi-trading-bot\KalshiBotAPI\Websockets\Interfaces\ISubscriptionManager.cs(20,14): error CS1591: Missing XML comment for publicly visible type or member 'ISubscriptionManager.ClearOrderBookQueue(string)' [c:\Users\Peter\Documents\GitHub\kalshi-trading-bot\KalshiBotAPI\KalshiBotAPI.csproj]
c:\Users\Peter\Documents\GitHub\kalshi-trading-bot\KalshiBotAPI\Websockets\Interfaces\ISubscriptionManager.cs(21,14): error CS1591: Missing XML comment for publicly visible type or member 'ISubscriptionManager.WaitForEmptyOrderBookQueueAsync(string, TimeSpan)' [c:\Users\Peter\Documents\GitHub\kalshi-trading-bot\KalshiBotAPI\KalshiBotAPI.csproj]
c:\Users\Peter\Documents\GitHub\kalshi-trading-bot\KalshiBotAPI\Websockets\Interfaces\ISubscriptionManager.cs(22,25): error CS1591: Missing XML comment for publicly visible type or member 'ISubscriptionManager.WatchedMarkets' [c:\Users\Peter\Documents\GitHub\kalshi-trading-bot\KalshiBotAPI\KalshiBotAPI.csproj]
c:\Users\Peter\Documents\GitHub\kalshi-trading-bot\KalshiBotAPI\Websockets\Interfaces\ISubscriptionManager.cs(23,44): error CS1591: Missing XML comment for publicly visible type or member 'ISubscriptionManager.EventCounts' [c:\Users\Peter\Documents\GitHub\kalshi-trading-bot\KalshiBotAPI\KalshiBotAPI.csproj]
c:\Users\Peter\Documents\GitHub\kalshi-trading-bot\KalshiBotAPI\Websockets\Interfaces\ISubscriptionManager.cs(24,13): error CS1591: Missing XML comment for publicly visible type or member 'ISubscriptionManager.SubscriptionUpdateSemaphoreCount' [c:\Users\Peter\Documents\GitHub\kalshi-trading-bot\KalshiBotAPI\KalshiBotAPI.csproj]
c:\Users\Peter\Documents\GitHub\kalshi-trading-bot\KalshiBotAPI\Websockets\Interfaces\ISubscriptionManager.cs(25,13): error CS1591: Missing XML comment for publicly visible type or member 'ISubscriptionManager.ChannelSubscriptionSemaphoreCount' [c:\Users\Peter\Documents\GitHub\kalshi-trading-bot\KalshiBotAPI\KalshiBotAPI.csproj]
c:\Users\Peter\Documents\GitHub\kalshi-trading-bot\KalshiBotAPI\Websockets\Interfaces\ISubscriptionManager.cs(26,13): error CS1591: Missing XML comment for publicly visible type or member 'ISubscriptionManager.QueuedSubscriptionUpdatesCount' [c:\Users\Peter\Documents\GitHub\kalshi-trading-bot\KalshiBotAPI\KalshiBotAPI.csproj]
c:\Users\Peter\Documents\GitHub\kalshi-trading-bot\KalshiBotAPI\Websockets\Interfaces\ISubscriptionManager.cs(27,14): error CS1591: Missing XML comment for publicly visible type or member 'ISubscriptionManager.ResetEventCounts()' [c:\Users\Peter\Documents\GitHub\kalshi-trading-bot\KalshiBotAPI\KalshiBotAPI.csproj]
c:\Users\Peter\Documents\GitHub\kalshi-trading-bot\KalshiBotAPI\Websockets\Interfaces\ISubscriptionManager.cs(28,66): error CS1591: Missing XML comment for publicly visible type or member 'ISubscriptionManager.GetEventCountsByMarket(string)' [c:\Users\Peter\Documents\GitHub\kalshi-trading-bot\KalshiBotAPI\KalshiBotAPI.csproj]
c:\Users\Peter\Documents\GitHub\kalshi-trading-bot\KalshiBotAPI\Websockets\Interfaces\ISubscriptionManager.cs(29,14): error CS1591: Missing XML comment for publicly visible type or member 'ISubscriptionManager.UpdateSubscriptionStateFromConfirmationAsync(int, string)' [c:\Users\Peter\Documents\GitHub\kalshi-trading-bot\KalshiBotAPI\KalshiBotAPI.csproj]
c:\Users\Peter\Documents\GitHub\kalshi-trading-bot\KalshiBotAPI\Websockets\Interfaces\ISubscriptionManager.cs(30,14): error CS1591: Missing XML comment for publicly visible type or member 'ISubscriptionManager.RemovePendingConfirmation(int)' [c:\Users\Peter\Documents\GitHub\kalshi-trading-bot\KalshiBotAPI\KalshiBotAPI.csproj]
c:\Users\Peter\Documents\GitHub\kalshi-trading-bot\KalshiBotAPI\Websockets\Interfaces\ISubscriptionManager.cs(31,51): error CS1591: Missing XML comment for publicly visible type or member 'ISubscriptionManager.GetPendingConfirm(int)' [c:\Users\Peter\Documents\GitHub\kalshi-trading-bot\KalshiBotAPI\KalshiBotAPI.csproj]
c:\Users\Peter\Documents\GitHub\kalshi-trading-bot\KalshiBotAPI\Websockets\Interfaces\IWebSocketConnectionManager.cs(5,22): error CS1591: Missing XML comment for publicly visible type or member 'IWebSocketConnectionManager' [c:\Users\Peter\Documents\GitHub\kalshi-trading-bot\KalshiBotAPI\KalshiBotAPI.csproj]
c:\Users\Peter\Documents\GitHub\kalshi-trading-bot\KalshiBotAPI\Websockets\Interfaces\IWebSocketConnectionManager.cs(7,14): error CS1591: Missing XML comment for publicly visible type or member 'IWebSocketConnectionManager.ConnectAsync(int)' [c:\Users\Peter\Documents\GitHub\kalshi-trading-bot\KalshiBotAPI\KalshiBotAPI.csproj]
c:\Users\Peter\Documents\GitHub\kalshi-trading-bot\KalshiBotAPI\Websockets\Interfaces\IWebSocketConnectionManager.cs(8,14): error CS1591: Missing XML comment for publicly visible type or member 'IWebSocketConnectionManager.ResetConnectionAsync()' [c:\Users\Peter\Documents\GitHub\kalshi-trading-bot\KalshiBotAPI\KalshiBotAPI.csproj]
c:\Users\Peter\Documents\GitHub\kalshi-trading-bot\KalshiBotAPI\Websockets\Interfaces\IWebSocketConnectionManager.cs(9,14): error CS1591: Missing XML comment for publicly visible type or member 'IWebSocketConnectionManager.SendMessageAsync(string)' [c:\Users\Peter\Documents\GitHub\kalshi-trading-bot\KalshiBotAPI\KalshiBotAPI.csproj]
c:\Users\Peter\Documents\GitHub\kalshi-trading-bot\KalshiBotAPI\Websockets\Interfaces\IWebSocketConnectionManager.cs(10,14): error CS1591: Missing XML comment for publicly visible type or member 'IWebSocketConnectionManager.ReceiveAsync()' [c:\Users\Peter\Documents\GitHub\kalshi-trading-bot\KalshiBotAPI\KalshiBotAPI.csproj]
c:\Users\Peter\Documents\GitHub\kalshi-trading-bot\KalshiBotAPI\Websockets\Interfaces\IWebSocketConnectionManager.cs(11,14): error CS1591: Missing XML comment for publicly visible type or member 'IWebSocketConnectionManager.IsConnected()' [c:\Users\Peter\Documents\GitHub\kalshi-trading-bot\KalshiBotAPI\KalshiBotAPI.csproj]
c:\Users\Peter\Documents\GitHub\kalshi-trading-bot\KalshiBotAPI\Websockets\Interfaces\IWebSocketConnectionManager.cs(12,14): error CS1591: Missing XML comment for publicly visible type or member 'IWebSocketConnectionManager.DisableReconnect()' [c:\Users\Peter\Documents\GitHub\kalshi-trading-bot\KalshiBotAPI\KalshiBotAPI.csproj]
c:\Users\Peter\Documents\GitHub\kalshi-trading-bot\KalshiBotAPI\Websockets\Interfaces\IWebSocketConnectionManager.cs(13,14): error CS1591: Missing XML comment for publicly visible type or member 'IWebSocketConnectionManager.EnableReconnect()' [c:\Users\Peter\Documents\GitHub\kalshi-trading-bot\KalshiBotAPI\KalshiBotAPI.csproj]
c:\Users\Peter\Documents\GitHub\kalshi-trading-bot\KalshiBotAPI\Websockets\Interfaces\IWebSocketConnectionManager.cs(14,14): error CS1591: Missing XML comment for publicly visible type or member 'IWebSocketConnectionManager.StopAsync()' [c:\Users\Peter\Documents\GitHub\kalshi-trading-bot\KalshiBotAPI\KalshiBotAPI.csproj]
c:\Users\Peter\Documents\GitHub\kalshi-trading-bot\KalshiBotAPI\Websockets\Interfaces\IWebSocketConnectionManager.cs(15,26): error CS1591: Missing XML comment for publicly visible type or member 'IWebSocketConnectionManager.GetWebSocket()' [c:\Users\Peter\Documents\GitHub\kalshi-trading-bot\KalshiBotAPI\KalshiBotAPI.csproj]
c:\Users\Peter\Documents\GitHub\kalshi-trading-bot\KalshiBotAPI\Websockets\Interfaces\IWebSocketConnectionManager.cs(16,13): error CS1591: Missing XML comment for publicly visible type or member 'IWebSocketConnectionManager.ConnectSemaphoreCount' [c:\Users\Peter\Documents\GitHub\kalshi-trading-bot\KalshiBotAPI\KalshiBotAPI.csproj]
c:\Users\Peter\Documents\GitHub\kalshi-trading-bot\KalshiBotAPI\Websockets\KalshiWebSocketClient.cs(336,27): error CS1591: Missing XML comment for publicly visible type or member 'KalshiWebSocketClient.UpdateSubscriptionAsync(string, string[], string)' [c:\Users\Peter\Documents\GitHub\kalshi-trading-bot\KalshiBotAPI\KalshiBotAPI.csproj]
c:\Users\Peter\Documents\GitHub\kalshi-trading-bot\KalshiBotAPI\Websockets\KalshiWebSocketClient.cs(350,21): error CS1591: Missing XML comment for publicly visible type or member 'KalshiWebSocketClient.ResetEventCounts()' [c:\Users\Peter\Documents\GitHub\kalshi-trading-bot\KalshiBotAPI\KalshiBotAPI.csproj]
c:\Users\Peter\Documents\GitHub\kalshi-trading-bot\KalshiBotAPI\Websockets\KalshiWebSocketClient.cs(355,21): error CS1591: Missing XML comment for publicly visible type or member 'KalshiWebSocketClient.ClearOrderBookQueue(string)' [c:\Users\Peter\Documents\GitHub\kalshi-trading-bot\KalshiBotAPI\KalshiBotAPI.csproj]
c:\Users\Peter\Documents\GitHub\kalshi-trading-bot\KalshiBotAPI\Websockets\KalshiWebSocketClient.cs(361,27): error CS1591: Missing XML comment for publicly visible type or member 'KalshiWebSocketClient.ConnectAsync(int)' [c:\Users\Peter\Documents\GitHub\kalshi-trading-bot\KalshiBotAPI\KalshiBotAPI.csproj]
c:\Users\Peter\Documents\GitHub\kalshi-trading-bot\KalshiBotAPI\Websockets\KalshiWebSocketClient.cs(400,73): error CS1591: Missing XML comment for publicly visible type or member 'KalshiWebSocketClient.GetEventCountsByMarket(string)' [c:\Users\Peter\Documents\GitHub\kalshi-trading-bot\KalshiBotAPI\KalshiBotAPI.csproj]
c:\Users\Peter\Documents\GitHub\kalshi-trading-bot\KalshiBotAPI\Websockets\KalshiWebSocketClient.cs(405,27): error CS1591: Missing XML comment for publicly visible type or member 'KalshiWebSocketClient.SubscribeToWatchedMarketsAsync()' [c:\Users\Peter\Documents\GitHub\kalshi-trading-bot\KalshiBotAPI\KalshiBotAPI.csproj]
c:\Users\Peter\Documents\GitHub\kalshi-trading-bot\KalshiBotAPI\Websockets\KalshiWebSocketClient.cs(442,21): error CS1591: Missing XML comment for publicly visible type or member 'KalshiWebSocketClient.DisableReconnect()' [c:\Users\Peter\Documents\GitHub\kalshi-trading-bot\KalshiBotAPI\KalshiBotAPI.csproj]
c:\Users\Peter\Documents\GitHub\kalshi-trading-bot\KalshiBotAPI\Websockets\KalshiWebSocketClient.cs(448,21): error CS1591: Missing XML comment for publicly visible type or member 'KalshiWebSocketClient.EnableReconnect()' [c:\Users\Peter\Documents\GitHub\kalshi-trading-bot\KalshiBotAPI\KalshiBotAPI.csproj]
c:\Users\Peter\Documents\GitHub\kalshi-trading-bot\KalshiBotAPI\Websockets\KalshiWebSocketClient.cs(454,27): error CS1591: Missing XML comment for publicly visible type or member 'KalshiWebSocketClient.WaitForEmptyOrderBookQueueAsync(string, TimeSpan)' [c:\Users\Peter\Documents\GitHub\kalshi-trading-bot\KalshiBotAPI\KalshiBotAPI.csproj]
c:\Users\Peter\Documents\GitHub\kalshi-trading-bot\KalshiBotAPI\Websockets\KalshiWebSocketClient.cs(459,27): error CS1591: Missing XML comment for publicly visible type or member 'KalshiWebSocketClient.ResetConnectionAsync()' [c:\Users\Peter\Documents\GitHub\kalshi-trading-bot\KalshiBotAPI\KalshiBotAPI.csproj]
c:\Users\Peter\Documents\GitHub\kalshi-trading-bot\KalshiBotAPI\Websockets\KalshiWebSocketClient.cs(464,21): error CS1591: Missing XML comment for publicly visible type or member 'KalshiWebSocketClient.IsConnected()' [c:\Users\Peter\Documents\GitHub\kalshi-trading-bot\KalshiBotAPI\KalshiBotAPI.csproj]
c:\Users\Peter\Documents\GitHub\kalshi-trading-bot\KalshiBotAPI\Websockets\KalshiWebSocketClient.cs(466,27): error CS1591: Missing XML comment for publicly visible type or member 'KalshiWebSocketClient.ResubscribeAsync(bool)' [c:\Users\Peter\Documents\GitHub\kalshi-trading-bot\KalshiBotAPI\KalshiBotAPI.csproj]
c:\Users\Peter\Documents\GitHub\kalshi-trading-bot\KalshiBotAPI\Websockets\KalshiWebSocketClient.cs(471,23): error CS1591: Missing XML comment for publicly visible type or member 'KalshiWebSocketClient.GetChannelName(string)' [c:\Users\Peter\Documents\GitHub\kalshi-trading-bot\KalshiBotAPI\KalshiBotAPI.csproj]
c:\Users\Peter\Documents\GitHub\kalshi-trading-bot\KalshiBotAPI\Websockets\KalshiWebSocketClient.cs(473,27): error CS1591: Missing XML comment for publicly visible type or member 'KalshiWebSocketClient.SendMessageAsync(string)' [c:\Users\Peter\Documents\GitHub\kalshi-trading-bot\KalshiBotAPI\KalshiBotAPI.csproj]
c:\Users\Peter\Documents\GitHub\kalshi-trading-bot\KalshiBotAPI\Websockets\KalshiWebSocketClient.cs(478,27): error CS1591: Missing XML comment for publicly visible type or member 'KalshiWebSocketClient.UnsubscribeFromAllAsync()' [c:\Users\Peter\Documents\GitHub\kalshi-trading-bot\KalshiBotAPI\KalshiBotAPI.csproj]
c:\Users\Peter\Documents\GitHub\kalshi-trading-bot\KalshiBotAPI\Websockets\KalshiWebSocketClient.cs(492,27): error CS1591: Missing XML comment for publicly visible type or member 'KalshiWebSocketClient.SubscribeToChannelAsync(string, string[])' [c:\Users\Peter\Documents\GitHub\kalshi-trading-bot\KalshiBotAPI\KalshiBotAPI.csproj]
c:\Users\Peter\Documents\GitHub\kalshi-trading-bot\KalshiBotAPI\Websockets\KalshiWebSocketClient.cs(504,20): error CS1591: Missing XML comment for publicly visible type or member 'KalshiWebSocketClient.GenerateNextMessageId()' [c:\Users\Peter\Documents\GitHub\kalshi-trading-bot\KalshiBotAPI\KalshiBotAPI.csproj]
c:\Users\Peter\Documents\GitHub\kalshi-trading-bot\KalshiBotAPI\Websockets\KalshiWebSocketClient.cs(597,27): error CS1591: Missing XML comment for publicly visible type or member 'KalshiWebSocketClient.StartReceivingAsync()' [c:\Users\Peter\Documents\GitHub\kalshi-trading-bot\KalshiBotAPI\KalshiBotAPI.csproj]
c:\Users\Peter\Documents\GitHub\kalshi-trading-bot\KalshiBotAPI\Websockets\MessageProcessor.cs(117,56): error CS1591: Missing XML comment for publicly visible type or member 'MessageProcessor.OrderBookReceived' [c:\Users\Peter\Documents\GitHub\kalshi-trading-bot\KalshiBotAPI\KalshiBotAPI.csproj]
c:\Users\Peter\Documents\GitHub\kalshi-trading-bot\KalshiBotAPI\Websockets\MessageProcessor.cs(118,53): error CS1591: Missing XML comment for publicly visible type or member 'MessageProcessor.TickerReceived' [c:\Users\Peter\Documents\GitHub\kalshi-trading-bot\KalshiBotAPI\KalshiBotAPI.csproj]
c:\Users\Peter\Documents\GitHub\kalshi-trading-bot\KalshiBotAPI\Websockets\MessageProcessor.cs(119,52): error CS1591: Missing XML comment for publicly visible type or member 'MessageProcessor.TradeReceived' [c:\Users\Peter\Documents\GitHub\kalshi-trading-bot\KalshiBotAPI\KalshiBotAPI.csproj]
c:\Users\Peter\Documents\GitHub\kalshi-trading-bot\KalshiBotAPI\Websockets\MessageProcessor.cs(120,51): error CS1591: Missing XML comment for publicly visible type or member 'MessageProcessor.FillReceived' [c:\Users\Peter\Documents\GitHub\kalshi-trading-bot\KalshiBotAPI\KalshiBotAPI.csproj]
c:\Users\Peter\Documents\GitHub\kalshi-trading-bot\KalshiBotAPI\Websockets\MessageProcessor.cs(121,62): error CS1591: Missing XML comment for publicly visible type or member 'MessageProcessor.MarketLifecycleReceived' [c:\Users\Peter\Documents\GitHub\kalshi-trading-bot\KalshiBotAPI\KalshiBotAPI.csproj]
c:\Users\Peter\Documents\GitHub\kalshi-trading-bot\KalshiBotAPI\Websockets\MessageProcessor.cs(122,61): error CS1591: Missing XML comment for publicly visible type or member 'MessageProcessor.EventLifecycleReceived' [c:\Users\Peter\Documents\GitHub\kalshi-trading-bot\KalshiBotAPI\KalshiBotAPI.csproj]
c:\Users\Peter\Documents\GitHub\kalshi-trading-bot\KalshiBotAPI\Websockets\MessageProcessor.cs(123,46): error CS1591: Missing XML comment for publicly visible type or member 'MessageProcessor.MessageReceived' [c:\Users\Peter\Documents\GitHub\kalshi-trading-bot\KalshiBotAPI\KalshiBotAPI.csproj]
